;\Patchwork\CodeManipulation\Stream::reinstateWrapper();PHPUnit 9.6.34 by Sebastian Bergmann and contributors.

Runtime:       PHP 8.3.30
Configuration: D:\meowseo\phpunit.xml

AIModule Autoloader (MeowSEO\Tests\AIModuleAutoloader)
 Ô£ö Ai module class can be loaded [46.17 ms]
 Ô£ö Ai module implements module interface [0.19 ms]
 Ô£ö Ai module can be instantiated [67.88 ms]
 Ô£ö Ai module has required methods [0.12 ms]
 Ô£ö Ai module get id returns correct value [1.78 ms]

Admin (MeowSEO\Tests\Admin)
 Ô£ö Instantiation [67.21 ms]
 Ô£ö Boot registers hooks [83.65 ms]
 Ô£ö Render dashboard page outputs correct html [3.07 ms]
 Ô£ö Render settings page outputs correct html [12.53 ms]
 Ô£ö Render tools page outputs correct html [5.22 ms]
 Ô£ö Render redirects page outputs correct html [0.27 ms]
 Ô£ö Render 404 monitor page outputs correct html [0.15 ms]
 Ô£ö Render search console page outputs correct html [0.15 ms]
 Ô£ö Enqueue admin assets maps hook suffixes [2.79 ms]
 Ô£ö Enqueue admin assets ignores non meowseo pages [0.34 ms]
 Ô£ö Render dashboard page checks capabilities [0.26 ms]

Breadcrumb Node (MeowSEO\Tests\BreadcrumbNode)
 Ô£ö Instantiation [9.62 ms]
 Ô£ö Is needed always returns true [0.38 ms]
 Ô£ö Generate returns valid schema [6.65 ms]
 Ô£ö Generate creates list items with position [8.18 ms]
 Ô£ö Generate includes item url when available [0.17 ms]
 Ô£ö Generate omits item url when empty [0.07 ms]
 Ô£ö Generate returns empty when no breadcrumbs [0.06 ms]
 Ô£ö Generate returns empty when invalid breadcrumbs [0.05 ms]
 Ô£ö Id url format is correct [0.06 ms]

_Breadcrumbs (MeowSEO\Tests\_Breadcrumbs)
 Ô£ö Instantiation [0.04 ms]
 Ôå® Breadcrumbs includes product cat taxonomy [2.71 ms]
   Ôöé
   Ôöé WooCommerce is not active
   Ôöé
   Ôöé D:\meowseo\tests\BreadcrumbsTest.php:67
   Ôöé

 Ôå® Breadcrumbs includes shop page for product categories [0.13 ms]
   Ôöé
   Ôöé WooCommerce is not active
   Ôöé
   Ôöé D:\meowseo\tests\BreadcrumbsTest.php:95
   Ôöé

 Ôå® Breadcrumbs includes category hierarchy [0.08 ms]
   Ôöé
   Ôöé WooCommerce is not active
   Ôöé
   Ôöé D:\meowseo\tests\BreadcrumbsTest.php:123
   Ôöé

Migration (MeowSEO\Tests\Migration)
 Ô£ö Migration version tracking [10.30 ms]
 Ô£ö Migrate old separator option [0.83 ms]
 Ô£ö Migrate old og image option [1.83 ms]
 Ô£ö Migrate initializes title patterns [0.64 ms]
 Ô£ö Migrate initializes noindex date archives [0.57 ms]
 Ô£ö Migrate initializes robots txt custom [0.53 ms]
 Ô£ö Migrate does not overwrite existing options [0.52 ms]
 Ô£ö Migrate with default values [0.58 ms]
 Ô£ö Migration runs only once [0.56 ms]
 Ô£ö Migration deletes old options [0.60 ms]
 Ô£ö Migrate 2 1 0 adds secondary keywords postmeta [0.77 ms]
 Ô£ö Migrate 2 1 0 adds keyword analysis postmeta [0.79 ms]
 Ô£ö Migrate 2 1 0 does not overwrite existing postmeta [0.76 ms]
 Ô£ö Migrate 2 1 0 processes multiple post types [0.75 ms]
 Ô£ö Migration version updated to 2 1 0 [0.76 ms]

Caching Effectiveness (MeowSEO\Tests\Admin\CachingEffectiveness)
 Ô£ö Widget data cached with 5 minute ttl [1.79 ms]
 Ô£ö Cached widget data returned without queries [0.18 ms]
 Ô£ö All widget types use caching [17.61 ms]
 Ô£ö Suggestion results cached for 10 minutes [9.01 ms]
 Ô£ö Cached suggestions returned without queries [5.36 ms]
 Ô£ö Widget cache invalidated on data change [0.31 ms]
 Ô£ö Cache keys use correct prefix [0.07 ms]
 Ô£ö Widget cache ttl is 5 minutes [0.11 ms]
 Ô£ö Suggestion cache ttl is 10 minutes [2.69 ms]
 Ô£ö Empty suggestions are cached [5.12 ms]

Dashboard Widgets (MeowSEO\Tests\Admin\DashboardWidgets)
 Ô£ö Get content health data structure [0.21 ms]
 Ô£ö Get sitemap status data structure [0.14 ms]
 Ô£ö Get top 404s data returns array [0.06 ms]
 Ô£ö Get gsc summary data structure [1.21 ms]
 Ô£ö Get discover performance data structure [0.21 ms]
 Ô£ö Get index queue data structure [0.09 ms]

Error Handling Logging (MeowSEO\Tests\Admin\ErrorHandlingLogging)
 Ô£ö Import settings returns error for missing file [8.49 ms]
 Ô£ö Import settings returns error for file too large [0.58 ms]
 Ô£ö Import settings returns error for invalid json [3.80 ms]
 Ô£ö Import redirects returns error for missing file [0.51 ms]
 Ô£ö Import redirects returns error for file too large [0.20 ms]
 Ô£ö Import redirects returns error for empty file [3.61 ms]
 Ô£ö Logger class is available [0.58 ms]
 Ô£ö Logger has info method [0.12 ms]
 Ô£ö Logger has error method [0.09 ms]
 Ô£ö Logger has warning method [0.10 ms]
 Ô£ö Error messages are user friendly [0.73 ms]
 Ô£ö File size validation error message [0.29 ms]
 Ô£ö Json format validation error message [3.50 ms]

Settings Manager Archive Patterns (MeowSEO\Tests\Admin\SettingsManagerArchivePatterns)
 Ô£ö Validate archive patterns with valid patterns [0.57 ms]
 Ô£ö Validate archive patterns with unmatched delimiters [0.27 ms]
 Ô£ö Validate archive patterns with invalid variable [0.18 ms]
 Ô£ö Validate archive patterns with empty patterns [0.15 ms]
 Ô£ö Validate all archive types [0.24 ms]
 Ô£ö Pattern conversion to internal syntax [0.15 ms]
 Ô£ö Archive patterns saved to options [0.16 ms]
 Ô£ö Multiple validation errors collected [3.65 ms]

Settings Manager Archive Robots UI (MeowSEO\Tests\Admin\SettingsManagerArchiveRobotsUI)
 Ô£ö Render advanced tab outputs archive robots section [0.42 ms]
 Ô£ö Render advanced tab outputs all archive types [0.33 ms]
 Ô£ö Render advanced tab outputs noindex and nofollow checkboxes [0.38 ms]
 Ô£ö Render advanced tab outputs help text [0.93 ms]
 Ô£ö Render advanced tab respects saved settings [2.53 ms]
 Ô£ö Render advanced tab outputs table structure [0.56 ms]
 Ô£ö Render advanced tab outputs accessibility attributes [0.32 ms]

Settings Manager (MeowSEO\Tests\Admin\SettingsManager)
 Ô£ö Instantiation [0.09 ms]
 Ô£ö Validate settings returns array for valid settings [0.09 ms]
 Ô£ö Validate settings sanitizes text fields [0.07 ms]
 Ô£ö Validate settings sanitizes textarea fields [0.18 ms]
 Ô£ö Validate settings validates separator [0.38 ms]
 Ô£ö Validate settings rejects invalid separator [0.17 ms]
 Ô£ö Sanitize social url returns sanitized url [0.17 ms]
 Ô£ö Sanitize social url rejects invalid url [0.12 ms]
 Ô£ö Sanitize social url rejects non https url [0.13 ms]
 Ô£ö Sanitize social url returns empty for empty input [0.07 ms]
 Ô£ö Validate settings handles enabled modules [1.88 ms]
 Ô£ö Validate settings handles noindex arrays [0.20 ms]
 Ô£ö Validate settings handles breadcrumbs settings [0.09 ms]
 Ô£ö Validate settings handles canonical settings [0.07 ms]
 Ô£ö Validate settings handles rss settings with html [0.07 ms]
 Ô£ö Validate settings handles delete on uninstall [0.06 ms]
 Ô£ö Render settings tabs outputs correct html [0.08 ms]
 Ô£ö Render settings tabs marks active tab [0.07 ms]
 Ô£ö Get errors returns empty array initially [0.05 ms]
 Ô£ö Validate settings handles archive robots settings [0.07 ms]
 Ô£ö Validate settings sets defaults for missing archive robots [0.06 ms]
 Ô£ö Validate settings handles archive robots with only noindex [0.07 ms]
 Ô£ö Validate settings handles archive robots with only nofollow [0.06 ms]
 Ô£ö Validate settings converts non boolean values for archive robots [0.06 ms]

Duplicate Menu Registration Bug Condition (MeowSEO\Tests\Bugfix\DuplicateMenuRegistrationBugCondition)
 Ôÿó Only admin class hooks into admin menu [17.31 ms]
   Ôöé
   Ôöé Test code or tested code printed unexpected output: 
   Ôöé === Bug Condition Exploration Results ===
   Ôöé Total MeowSEO admin_menu callbacks: 2
   Ôöé   - Class: MeowSEO\Admin, Method: register_admin_menu
   Ôöé   - Class: MeowSEO\Admin\Log_Viewer, Method: register_admin_menu
   Ôöé =========================================
   Ôöé

=== Bug Condition Exploration Results ===
Total MeowSEO admin_menu callbacks: 2
  - Class: MeowSEO\Admin, Method: register_admin_menu
  - Class: MeowSEO\Admin\Log_Viewer, Method: register_admin_menu
=========================================


Duplicate Menu Registration Preservation (MeowSEO\Tests\Bugfix\DuplicateMenuRegistrationPreservation)
 Ô£ö Csv import ajax handler is registered [0.10 ms]
 Ô£ö Csv export ajax handler is registered [0.06 ms]
 Ô£ö Create redirect ajax handler is registered [0.04 ms]
 Ô£ö Ignore url ajax handler is registered [0.04 ms]
 Ô£ö Clear all ajax handler is registered [0.04 ms]
 Ô£ö Admin scripts enqueuing hook is registered [0.04 ms]
 Ô£ö Redirects admin render page method exists [0.04 ms]
 Ô£ö Monitor 404 admin render page method exists [0.04 ms]
 Ô£ö Admin register menu method exists [0.04 ms]
 Ô£ö Admin render dashboard method exists [0.03 ms]
 Ô£ö Admin render settings method exists [0.03 ms]
 Ô£ö Admin render tools method exists [0.03 ms]

Task4_Rest Api Incompleteness (MeowSEO\Tests\Bugfix\Task4_RestApiIncompleteness)
 Ô£ö Rest endpoints verify nonce consistently [29.76 ms]
 Ô£ö Sitemap rewrite rules are complete [1.58 ms]
 Ô£ö Gsc callback has complete token exchange [6.08 ms]

Task5_Security Vulnerabilities (MeowSEO\Tests\Bugfix\Task5_SecurityVulnerabilities)
 Ô£ö Redirect type validation is strict [9.74 ms]
 Ô£ö Mutation endpoints verify nonce consistently [1.63 ms]
 Ô£ö Redirect operations log security events [0.29 ms]

Task6_Preservation Property (MeowSEO\Tests\Bugfix\Task6_PreservationProperty)
 Ô£ö Ai sidebar asset loading unchanged [0.61 ms]
 Ô£ö Admin settings asset loading unchanged [0.20 ms]
 Ô£ö Admin dashboard asset loading unchanged [0.18 ms]
 Ô£ö Postmeta registration unchanged [0.37 ms]
 Ô£ö Sidebar tabs functionality unchanged [1.44 ms]
 Ô£ö Schema module jsonld generation unchanged [0.23 ms]
 Ô£ö Sitemap module xml generation unchanged [0.20 ms]
 Ô£ö Meta module tag output unchanged [5.20 ms]
 Ô£ö Redirects module rule matching unchanged [0.31 ms]
 Ô£ö Internal links suggestion algorithm unchanged [0.26 ms]
 Ô£ö Monitor 404 logging unchanged [0.19 ms]
 Ô£ö Woocommerce module integration unchanged [0.11 ms]
 Ô£ö Social module sharing metadata unchanged [0.11 ms]
 Ô£ö Rest api input validation unchanged [0.33 ms]
 Ô£ö Plugin initialization sequence unchanged [0.30 ms]
 Ô£ö Existing error boundaries unchanged [0.26 ms]
 Ô£ö Existing nonce verification unchanged [0.31 ms]
 Ô£ö Existing input sanitization unchanged [0.25 ms]

Archive Title Patterns E2E (MeowSEO\Tests\E2E\ArchiveTitlePatternsE2E)
 Ôå® Category archive title [0.07 ms]
   Ôöé
   Ôöé WordPress test framework is not available. These tests require a full WordPress installation with the WordPress Test Suite.
   Ôöé
   Ôöé D:\meowseo\tests\e2e\ArchiveTitlePatternsE2ETest.php:74
   Ôöé

 Ôå® Tag archive title [0.05 ms]
   Ôöé
   Ôöé WordPress test framework is not available. These tests require a full WordPress installation with the WordPress Test Suite.
   Ôöé
   Ôöé D:\meowseo\tests\e2e\ArchiveTitlePatternsE2ETest.php:74
   Ôöé

 Ôå® Author page title [0.04 ms]
   Ôöé
   Ôöé WordPress test framework is not available. These tests require a full WordPress installation with the WordPress Test Suite.
   Ôöé
   Ôöé D:\meowseo\tests\e2e\ArchiveTitlePatternsE2ETest.php:74
   Ôöé

 Ôå® Search results title [0.04 ms]
   Ôöé
   Ôöé WordPress test framework is not available. These tests require a full WordPress installation with the WordPress Test Suite.
   Ôöé
   Ôöé D:\meowseo\tests\e2e\ArchiveTitlePatternsE2ETest.php:74
   Ôöé

 Ôå® Date archive title [0.04 ms]
   Ôöé
   Ôöé WordPress test framework is not available. These tests require a full WordPress installation with the WordPress Test Suite.
   Ôöé
   Ôöé D:\meowseo\tests\e2e\ArchiveTitlePatternsE2ETest.php:74
   Ôöé

 Ôå® 404 page title [0.08 ms]
   Ôöé
   Ôöé WordPress test framework is not available. These tests require a full WordPress installation with the WordPress Test Suite.
   Ôöé
   Ôöé D:\meowseo\tests\e2e\ArchiveTitlePatternsE2ETest.php:74
   Ôöé

 Ôå® Pagination variable [0.06 ms]
   Ôöé
   Ôöé WordPress test framework is not available. These tests require a full WordPress installation with the WordPress Test Suite.
   Ôöé
   Ôöé D:\meowseo\tests\e2e\ArchiveTitlePatternsE2ETest.php:74
   Ôöé

 Ôå® All variables replaced [0.04 ms]
   Ôöé
   Ôöé WordPress test framework is not available. These tests require a full WordPress installation with the WordPress Test Suite.
   Ôöé
   Ôöé D:\meowseo\tests\e2e\ArchiveTitlePatternsE2ETest.php:74
   Ôöé

 Ôå® Title output structure [0.04 ms]
   Ôöé
   Ôöé WordPress test framework is not available. These tests require a full WordPress installation with the WordPress Test Suite.
   Ôöé
   Ôöé D:\meowseo\tests\e2e\ArchiveTitlePatternsE2ETest.php:74
   Ôöé

 Ôå® Custom taxonomy archive title [0.03 ms]
   Ôöé
   Ôöé WordPress test framework is not available. These tests require a full WordPress installation with the WordPress Test Suite.
   Ôöé
   Ôöé D:\meowseo\tests\e2e\ArchiveTitlePatternsE2ETest.php:74
   Ôöé

 Ôå® Year date archive title [0.03 ms]
   Ôöé
   Ôöé WordPress test framework is not available. These tests require a full WordPress installation with the WordPress Test Suite.
   Ôöé
   Ôöé D:\meowseo\tests\e2e\ArchiveTitlePatternsE2ETest.php:74
   Ôöé

 Ôå® Day date archive title [0.04 ms]
   Ôöé
   Ôöé WordPress test framework is not available. These tests require a full WordPress installation with the WordPress Test Suite.
   Ôöé
   Ôöé D:\meowseo\tests\e2e\ArchiveTitlePatternsE2ETest.php:74
   Ôöé

 Ôå® Empty search query [0.09 ms]
   Ôöé
   Ôöé WordPress test framework is not available. These tests require a full WordPress installation with the WordPress Test Suite.
   Ôöé
   Ôöé D:\meowseo\tests\e2e\ArchiveTitlePatternsE2ETest.php:74
   Ôöé

 Ôå® Pattern with multiple variables [0.06 ms]
   Ôöé
   Ôöé WordPress test framework is not available. These tests require a full WordPress installation with the WordPress Test Suite.
   Ôöé
   Ôöé D:\meowseo\tests\e2e\ArchiveTitlePatternsE2ETest.php:74
   Ôöé

 Ôå® Homepage title [0.04 ms]
   Ôöé
   Ôöé WordPress test framework is not available. These tests require a full WordPress installation with the WordPress Test Suite.
   Ôöé
   Ôöé D:\meowseo\tests\e2e\ArchiveTitlePatternsE2ETest.php:74
   Ôöé

 Ôå® Posttype variable [0.04 ms]
   Ôöé
   Ôöé WordPress test framework is not available. These tests require a full WordPress installation with the WordPress Test Suite.
   Ôöé
   Ôöé D:\meowseo\tests\e2e\ArchiveTitlePatternsE2ETest.php:74
   Ôöé

Admin Dashboard Integration (MeowSEO\Tests\Integration\AdminDashboardIntegration)
 Ô£ö Dashboard complete workflow [3.97 ms]
 Ô£ö Settings save workflow [2.66 ms]
 Ô£ö Tools workflow [2.67 ms]
 Ô£ö Suggestion engine workflow [2.49 ms]
 Ô£ö Error handling across components [2.92 ms]
 Ô£ö Woocommerce module integration [10.48 ms]
 Ô£ö Public api endpoints [2.56 ms]
 Ô£ö Performance requirements [2.58 ms]
 Ô£ö Security requirements [2.44 ms]
 Ô£ö Accessibility requirements [3.13 ms]

Archive Robots End To End
 Ô£ö Author archive robots end to end [11.97 ms]
 Ô£ö Date archive robots end to end [0.09 ms]
 Ô£ö Category archive robots end to end [0.14 ms]
 Ô£ö Tag archive robots end to end [0.07 ms]
 Ô£ö Search results robots end to end [0.05 ms]
 Ô£ö Attachment robots end to end [0.04 ms]
 Ô£ö Term specific override takes precedence [0.04 ms]
 Ô£ö Term specific override partial settings [0.03 ms]
 Ô£ö All archive types with different configurations [0.07 ms]
 Ô£ö Meta output integration with archive robots [0.16 ms]

GSCQueue Rate Limit (MeowSEO\Tests\Integration\GSCQueueRateLimit)
 Ô£ö Enqueue 20 plus jobs [14.51 ms]
 Ôêà Duplicate job prevention [1.40 ms]
   Ôöé
   Ôöé Duplicate prevention works in production but mock DB has JSON comparison limitations
   Ôöé
   Ôöé D:\meowseo\tests\integration\GSCQueueRateLimitTest.php:195
   Ôöé

 Ô£ö Batch processing max 10 jobs [4.44 ms]
 Ô£ö Job status updated to processing [0.60 ms]
 Ô£ö Http 429 rate limit handling [1.81 ms]
 Ô£ö Exponential backoff calculation [0.25 ms]
 Ô£ö Multiple rate limit retries [0.87 ms]
 Ô£ö Successful job completion [0.49 ms]
 Ô£ö Failed job handling [0.47 ms]
 Ô£ö Batch processing with mixed results [0.95 ms]

Keyword End To End (MeowSEO\Tests\Integration\KeywordEndToEnd)
 Ô£ö Complete keyword workflow [8.84 ms]
 Ô£ö Keyword count validation [0.13 ms]
 Ô£ö Per keyword analysis execution [0.35 ms]
 Ô£ö Create post with five keywords [0.23 ms]
 Ô£ö Keyword removal [0.09 ms]
 Ô£ö Keyword reordering [0.07 ms]
 Ô£ö Validation prevents exceeding five keywords [0.08 ms]
 Ô£ö Keyword addition removal reordering with analysis [0.29 ms]

Meta Module Real Hooks (MeowSEO\Tests\Integration\MetaModuleRealHooks)
 Ôå® Wp head output contains all expected tags [0.06 ms]
   Ôöé
   Ôöé WordPress test framework is not available. These tests require a full WordPress installation with the WordPress Test Suite.
   Ôöé
   Ôöé D:\meowseo\tests\integration\MetaModuleRealHooksTest.php:33
   Ôöé

 Ôå® Document title parts filter returns empty array [0.07 ms]
   Ôöé
   Ôöé WordPress test framework is not available. These tests require a full WordPress installation with the WordPress Test Suite.
   Ôöé
   Ôöé D:\meowseo\tests\integration\MetaModuleRealHooksTest.php:33
   Ôöé

 Ôå® No duplicate title tags output [0.05 ms]
   Ôöé
   Ôöé WordPress test framework is not available. These tests require a full WordPress installation with the WordPress Test Suite.
   Ôöé
   Ôöé D:\meowseo\tests\integration\MetaModuleRealHooksTest.php:33
   Ôöé

 Ôå® Meta tag output order [0.12 ms]
   Ôöé
   Ôöé WordPress test framework is not available. These tests require a full WordPress installation with the WordPress Test Suite.
   Ôöé
   Ôöé D:\meowseo\tests\integration\MetaModuleRealHooksTest.php:33
   Ôöé

 Ôå® Title tag uses custom seo title [0.05 ms]
   Ôöé
   Ôöé WordPress test framework is not available. These tests require a full WordPress installation with the WordPress Test Suite.
   Ôöé
   Ôöé D:\meowseo\tests\integration\MetaModuleRealHooksTest.php:33
   Ôöé

 Ôå® Meta description uses custom value [0.05 ms]
   Ôöé
   Ôöé WordPress test framework is not available. These tests require a full WordPress installation with the WordPress Test Suite.
   Ôöé
   Ôöé D:\meowseo\tests\integration\MetaModuleRealHooksTest.php:33
   Ôöé

 Ôå® Canonical url is output [0.05 ms]
   Ôöé
   Ôöé WordPress test framework is not available. These tests require a full WordPress installation with the WordPress Test Suite.
   Ôöé
   Ôöé D:\meowseo\tests\integration\MetaModuleRealHooksTest.php:33
   Ôöé

 Ôå® Robots meta tag is output [0.04 ms]
   Ôöé
   Ôöé WordPress test framework is not available. These tests require a full WordPress installation with the WordPress Test Suite.
   Ôöé
   Ôöé D:\meowseo\tests\integration\MetaModuleRealHooksTest.php:33
   Ôöé

 Ôå® No duplicate meta description tags [0.04 ms]
   Ôöé
   Ôöé WordPress test framework is not available. These tests require a full WordPress installation with the WordPress Test Suite.
   Ôöé
   Ôöé D:\meowseo\tests\integration\MetaModuleRealHooksTest.php:33
   Ôöé

 Ôå® No duplicate canonical tags [0.04 ms]
   Ôöé
   Ôöé WordPress test framework is not available. These tests require a full WordPress installation with the WordPress Test Suite.
   Ôöé
   Ôöé D:\meowseo\tests\integration\MetaModuleRealHooksTest.php:33
   Ôöé

 Ôå® Theme title tag support is removed [0.04 ms]
   Ôöé
   Ôöé WordPress test framework is not available. These tests require a full WordPress installation with the WordPress Test Suite.
   Ôöé
   Ôöé D:\meowseo\tests\integration\MetaModuleRealHooksTest.php:33
   Ôöé

Performance Benchmark (MeowSEO\Tests\Integration\PerformanceBenchmark)
 Ôå® Database queries with cache [0.04 ms]
   Ôöé
   Ôöé WordPress test framework is not available. These tests require a full WordPress installation with the WordPress Test Suite.
   Ôöé
   Ôöé D:\meowseo\tests\integration\PerformanceBenchmarkTest.php:33
   Ôöé

 Ôå® Memory usage [0.07 ms]
   Ôöé
   Ôöé WordPress test framework is not available. These tests require a full WordPress installation with the WordPress Test Suite.
   Ôöé
   Ôöé D:\meowseo\tests\integration\PerformanceBenchmarkTest.php:33
   Ôöé

 Ôå® Execution time [0.05 ms]
   Ôöé
   Ôöé WordPress test framework is not available. These tests require a full WordPress installation with the WordPress Test Suite.
   Ôöé
   Ôöé D:\meowseo\tests\integration\PerformanceBenchmarkTest.php:33
   Ôöé

 Ôå® Cache hit rate [0.05 ms]
   Ôöé
   Ôöé WordPress test framework is not available. These tests require a full WordPress installation with the WordPress Test Suite.
   Ôöé
   Ôöé D:\meowseo\tests\integration\PerformanceBenchmarkTest.php:33
   Ôöé

 Ôå® Performance with large content [0.04 ms]
   Ôöé
   Ôöé WordPress test framework is not available. These tests require a full WordPress installation with the WordPress Test Suite.
   Ôöé
   Ôöé D:\meowseo\tests\integration\PerformanceBenchmarkTest.php:33
   Ôöé

 Ôå® Performance with many meta fields [0.05 ms]
   Ôöé
   Ôöé WordPress test framework is not available. These tests require a full WordPress installation with the WordPress Test Suite.
   Ôöé
   Ôöé D:\meowseo\tests\integration\PerformanceBenchmarkTest.php:33
   Ôöé

Plugin Compatibility (MeowSEO\Tests\Integration\PluginCompatibility)
 Ôå® Hreflang output with wpml [0.06 ms]
   Ôöé
   Ôöé WordPress test framework is not available. These tests require a full WordPress installation with the WordPress Test Suite.
   Ôöé
   Ôöé D:\meowseo\tests\integration\PluginCompatibilityTest.php:33
   Ôöé

 Ôå® Hreflang output with polylang [0.04 ms]
   Ôöé
   Ôöé WordPress test framework is not available. These tests require a full WordPress installation with the WordPress Test Suite.
   Ôöé
   Ôöé D:\meowseo\tests\integration\PluginCompatibilityTest.php:33
   Ôöé

 Ôå® No hreflang without multilingual plugins [0.04 ms]
   Ôöé
   Ôöé WordPress test framework is not available. These tests require a full WordPress installation with the WordPress Test Suite.
   Ôöé
   Ôöé D:\meowseo\tests\integration\PluginCompatibilityTest.php:33
   Ôöé

 Ôå® No conflicts with yoast [0.04 ms]
   Ôöé
   Ôöé WordPress test framework is not available. These tests require a full WordPress installation with the WordPress Test Suite.
   Ôöé
   Ôöé D:\meowseo\tests\integration\PluginCompatibilityTest.php:33
   Ôöé

 Ôå® No conflicts with rankmath [0.04 ms]
   Ôöé
   Ôöé WordPress test framework is not available. These tests require a full WordPress installation with the WordPress Test Suite.
   Ôöé
   Ôöé D:\meowseo\tests\integration\PluginCompatibilityTest.php:33
   Ôöé

 Ôå® Document title parts filter returns empty [0.04 ms]
   Ôöé
   Ôöé WordPress test framework is not available. These tests require a full WordPress installation with the WordPress Test Suite.
   Ôöé
   Ôöé D:\meowseo\tests\integration\PluginCompatibilityTest.php:33
   Ôöé

Redirect Performance (MeowSEO\Tests\Integration\RedirectPerformance)
 Ô£ö Exact match query structure uses index [0.07 ms]
 Ô£ö Regex fallback only loads when flag is true [0.06 ms]
 Ô£ö Regex rules caching structure [0.05 ms]
 Ô£ö Redirect matching never loads all rules [0.04 ms]
 Ô£ö Query performance characteristics [0.05 ms]
 Ô£ö Redirect matching algorithm correctness [0.05 ms]

Task37Integration (MeowSEO\Tests\Integration\Task37Integration)
 Ô£ö Complete admin workflow [3.10 ms]
 Ô£ö Dashboard performance and caching [2.49 ms]
 Ô£ö Settings management [2.55 ms]
 Ô£ö Tools operations [2.63 ms]
 Ô£ö Suggestion engine [10.95 ms]
 Ô£ö Public api endpoints [4.19 ms]
 Ô£ö Woocommerce module integration [4.45 ms]
 Ô£ö Error handling [3.16 ms]
 Ô£ö Security requirements [2.40 ms]
 Ô£ö Accessibility requirements [2.34 ms]

Theme Compatibility (MeowSEO\Tests\Integration\ThemeCompatibility)
 Ôå® No duplicate title tags twentytwentyfour [0.07 ms]
   Ôöé
   Ôöé WordPress test framework is not available. These tests require a full WordPress installation with the WordPress Test Suite.
   Ôöé
   Ôöé D:\meowseo\tests\integration\ThemeCompatibilityTest.php:45
   Ôöé

 Ôå® No duplicate meta description astra [0.06 ms]
   Ôöé
   Ôöé WordPress test framework is not available. These tests require a full WordPress installation with the WordPress Test Suite.
   Ôöé
   Ôöé D:\meowseo\tests\integration\ThemeCompatibilityTest.php:45
   Ôöé

 Ôå® Correct hook priority generatepress [0.04 ms]
   Ôöé
   Ôöé WordPress test framework is not available. These tests require a full WordPress installation with the WordPress Test Suite.
   Ôöé
   Ôöé D:\meowseo\tests\integration\ThemeCompatibilityTest.php:45
   Ôöé

 Ôå® Meta tag output order all themes [0.04 ms]
   Ôöé
   Ôöé WordPress test framework is not available. These tests require a full WordPress installation with the WordPress Test Suite.
   Ôöé
   Ôöé D:\meowseo\tests\integration\ThemeCompatibilityTest.php:45
   Ôöé

List Table Columns E2E (MeowSEO\Tests\Modules\Admin\ListTableColumnsE2E)
 Ô£ö Seo score column appears in posts list [0.14 ms]
 Ô£ö Seo score column appears in pages list [0.07 ms]
 Ô£ö Seo score column appears for custom post types [0.05 ms]
 Ô£ö Red indicator for poor scores [0.08 ms]
 Ô£ö Orange indicator for ok scores [0.07 ms]
 Ô£ö Green indicator for good scores [0.06 ms]
 Ô£ö Gray dash for no score [0.05 ms]
 Ô£ö Column is sortable [0.05 ms]
 Ô£ö Sorting descending [0.05 ms]
 Ô£ö Sorting ascending [0.05 ms]
 Ô£ö Sorting returns highest score first [0.05 ms]
 Ô£ö Sorting ignores non admin queries [0.04 ms]
 Ô£ö Sorting ignores non main queries [0.04 ms]
 Ô£ö Sorting ignores other orderby [0.04 ms]
 Ô£ö Complete e2e workflow [0.08 ms]

List Table Columns (MeowSEO\Tests\Modules\Admin\ListTableColumns)
 Ô£ö Add seo score column [0.06 ms]
 Ô£ö Register sortable column [0.05 ms]
 Ô£ö Render seo score column good score [0.05 ms]
 Ô£ö Render seo score column ok score [0.05 ms]
 Ô£ö Render seo score column poor score [0.05 ms]
 Ô£ö Render seo score column no score [0.04 ms]
 Ô£ö Render seo score column ignores other columns [0.04 ms]

AIGeneration End To End (MeowSEO\Tests\Modules\AI\AIGenerationEndToEnd)
 Ôÿó Complete generation flow to postmeta [4.11 ms]
   Ôöé
   Ôöé Test code or tested code printed unexpected output: 
   Ôöé Deprecated: Creation of dynamic property MeowSEO\Tests\Modules\AI\AIGenerationEndToEndTest::$optimizer is deprecated in D:\meowseo\tests\modules\ai\AIGenerationEndToEndTest.php on line 85
   Ôöé

Deprecated: Creation of dynamic property MeowSEO\Tests\Modules\AI\AIGenerationEndToEndTest::$optimizer is deprecated in D:\meowseo\tests\modules\ai\AIGenerationEndToEndTest.php on line 85

 Ôÿó Image download and media library integration [3.24 ms]
   Ôöé
   Ôöé Test code or tested code printed unexpected output: 
   Ôöé Deprecated: Creation of dynamic property MeowSEO\Tests\Modules\AI\AIGenerationEndToEndTest::$optimizer is deprecated in D:\meowseo\tests\modules\ai\AIGenerationEndToEndTest.php on line 85
   Ôöé

Deprecated: Creation of dynamic property MeowSEO\Tests\Modules\AI\AIGenerationEndToEndTest::$optimizer is deprecated in D:\meowseo\tests\modules\ai\AIGenerationEndToEndTest.php on line 85

 Ôÿó Cache storage and retrieval [0.99 ms]
   Ôöé
   Ôöé Test code or tested code printed unexpected output: 
   Ôöé Deprecated: Creation of dynamic property MeowSEO\Tests\Modules\AI\AIGenerationEndToEndTest::$optimizer is deprecated in D:\meowseo\tests\modules\ai\AIGenerationEndToEndTest.php on line 85
   Ôöé

Deprecated: Creation of dynamic property MeowSEO\Tests\Modules\AI\AIGenerationEndToEndTest::$optimizer is deprecated in D:\meowseo\tests\modules\ai\AIGenerationEndToEndTest.php on line 85

 Ôÿó Error handling with provider fallback [1.16 ms]
   Ôöé
   Ôöé Test code or tested code printed unexpected output: 
   Ôöé Deprecated: Creation of dynamic property MeowSEO\Tests\Modules\AI\AIGenerationEndToEndTest::$optimizer is deprecated in D:\meowseo\tests\modules\ai\AIGenerationEndToEndTest.php on line 85
   Ôöé

Deprecated: Creation of dynamic property MeowSEO\Tests\Modules\AI\AIGenerationEndToEndTest::$optimizer is deprecated in D:\meowseo\tests\modules\ai\AIGenerationEndToEndTest.php on line 85

 Ôÿó Minimum content length validation [1.05 ms]
   Ôöé
   Ôöé Test code or tested code printed unexpected output: 
   Ôöé Deprecated: Creation of dynamic property MeowSEO\Tests\Modules\AI\AIGenerationEndToEndTest::$optimizer is deprecated in D:\meowseo\tests\modules\ai\AIGenerationEndToEndTest.php on line 85
   Ôöé

Deprecated: Creation of dynamic property MeowSEO\Tests\Modules\AI\AIGenerationEndToEndTest::$optimizer is deprecated in D:\meowseo\tests\modules\ai\AIGenerationEndToEndTest.php on line 85

 Ôÿó Postmeta field mapping with overwrite [1.25 ms]
   Ôöé
   Ôöé Test code or tested code printed unexpected output: 
   Ôöé Deprecated: Creation of dynamic property MeowSEO\Tests\Modules\AI\AIGenerationEndToEndTest::$optimizer is deprecated in D:\meowseo\tests\modules\ai\AIGenerationEndToEndTest.php on line 85
   Ôöé

Deprecated: Creation of dynamic property MeowSEO\Tests\Modules\AI\AIGenerationEndToEndTest::$optimizer is deprecated in D:\meowseo\tests\modules\ai\AIGenerationEndToEndTest.php on line 85

AIGutenberg Integration (MeowSEO\Tests\Modules\AI\AIGutenbergIntegration)
 Ô£ö Sidebar panel renders [0.27 ms]
 Ô£ö Generation flow from rest endpoint [0.37 ms]
 Ô£ö Apply functionality saves to postmeta [0.41 ms]
 Ô£ö Preview panel displays generated content [0.08 ms]
 Ô£ö Error handling displays error message [0.37 ms]
 Ô£ö Partial generation text only [2.26 ms]
 Ô£ö Partial generation image only [3.68 ms]
 Ô£ö Fallback notification display [1.11 ms]
 Ô£ö Accessibility features [0.23 ms]
 Ô£ö Character count display [0.17 ms]

AIProvider Fallback Integration (MeowSEO\Tests\Modules\AI\AIProviderFallbackIntegration)
 Ô£ö Providers tried in priority order [0.11 ms]
 Ô£ö Rate limited providers are skipped [0.19 ms]
 Ô£ö Error aggregation from all providers [13.10 ms]
 Ô£ö Rate limit exception handling [0.39 ms]
 Ô£ö Authentication error handling [1.54 ms]
 Ô£ö Timeout error handling [0.44 ms]
 Ô£ö Image provider fallback [0.40 ms]
 Ô£ö All providers fail returns error [0.33 ms]

AIRest (MeowSEO\Tests\Modules\AI\AIRest)
 Ô£ö Ai rest class can be loaded [4.68 ms]
 Ô£ö Ai rest can be instantiated [0.16 ms]
 Ô£ö Register routes method exists [0.08 ms]
 Ô£ö Generate method exists [0.06 ms]
 Ô£ö Generate image method exists [0.06 ms]
 Ô£ö Get provider status method exists [0.17 ms]
 Ô£ö Apply method exists [0.08 ms]
 Ô£ö Test provider method exists [0.06 ms]
 Ô£ö Check edit posts capability method exists [0.06 ms]
 Ô£ö Check manage options capability method exists [0.06 ms]
 Ô£ö Sanitize content object method exists [0.06 ms]
 Ô£ö Sanitize image object method exists [0.06 ms]
 Ô£ö Sanitize fields array method exists [0.05 ms]
 Ô£ö Sanitize content object returns array [0.12 ms]
 Ô£ö Sanitize content object handles non array [0.20 ms]
 Ô£ö Sanitize image object returns array [0.09 ms]
 Ô£ö Sanitize image object handles non array [0.07 ms]
 Ô£ö Sanitize fields array returns array [0.06 ms]
 Ô£ö Sanitize fields array handles non array [0.06 ms]
 Ô£ö Ai rest has correct namespace [0.06 ms]
 Ô£ö Check permission and nonce method exists [0.06 ms]
 Ô£ö Check permission and nonce for settings method exists [0.06 ms]

AISettings Integration (MeowSEO\Tests\Modules\AI\AISettingsIntegration)
 Ô£ö Api key encryption decryption flow [1.37 ms]
 Ô£ö Api key encryption with various inputs [0.63 ms]
 Ô£ö Provider order persistence [0.29 ms]
 Ô£ö Auto generation on post save [0.20 ms]
 Ô£ö Auto generation respects minimum content length [0.18 ms]
 Ô£ö Auto generation with featured image [0.11 ms]
 Ô£ö Settings sanitization [0.09 ms]
 Ô£ö Provider status display [0.28 ms]
 Ô£ö Settings validation [0.13 ms]

AISettings Java Script (MeowSEO\Tests\Modules\AI\AISettingsJavaScript)
 Ô£ö Javascript file exists [0.46 ms]
 Ô£ö Css file exists [0.33 ms]
 Ô£ö Javascript contains required functions [0.40 ms]
 Ô£ö Javascript contains required configuration [0.21 ms]
 Ô£ö Css contains required styles [0.30 ms]
 Ô£ö Javascript is valid [0.37 ms]
 Ô£ö Css is valid [0.18 ms]
 Ô£ö Ai settings has enqueue method [0.49 ms]
 Ô£ö Javascript handles nonce [0.20 ms]
 Ô£ö All subtasks implemented [0.18 ms]
 Ô£ö Javascript includes error handling [0.15 ms]
 Ô£ö Javascript includes cleanup [0.41 ms]
 Ô£ö Css includes responsive design [0.18 ms]
 Ô£ö Css includes accessibility styles [0.15 ms]

Analysis Context Integration (MeowSEO\Tests\Modules\AI\AnalysisContextIntegration)
 Ô£ö Format analysis context high scores [0.12 ms]
 Ô£ö Format analysis context low scores [0.22 ms]
 Ô£ö Format analysis context moderate scores [0.10 ms]
 Ô£ö Keyword density recommendations [0.07 ms]
 Ô£ö Passive voice recommendations [0.06 ms]
 Ô£ö Transition words recommendations [0.06 ms]
 Ô£ö Analysis context includes all sections [0.06 ms]
 Ô£ö Keyword placement analysis [0.05 ms]

Generator (MeowSEO\Tests\Modules\AI\Generator)
 Ô£ö Generator class can be loaded [0.12 ms]
 Ô£ö Generator can be instantiated [0.08 ms]
 Ôå® Build text prompt includes post title [0.08 ms]
   Ôöé
   Ôöé Requires WordPress context for wp_trim_words() function.
   Ôöé
   Ôöé D:\meowseo\tests\modules\ai\GeneratorTest.php:107
   Ôöé

 Ôå® Build text prompt includes article content [0.12 ms]
   Ôöé
   Ôöé Requires WordPress context for wp_trim_words() function.
   Ôöé
   Ôöé D:\meowseo\tests\modules\ai\GeneratorTest.php:116
   Ôöé

 Ôå® Build text prompt includes json format [0.15 ms]
   Ôöé
   Ôöé Requires WordPress context for wp_trim_words() function.
   Ôöé
   Ôöé D:\meowseo\tests\modules\ai\GeneratorTest.php:125
   Ôöé

 Ôå® Build text prompt includes character limits [0.22 ms]
   Ôöé
   Ôöé Requires WordPress context for wp_trim_words() function.
   Ôöé
   Ôöé D:\meowseo\tests\modules\ai\GeneratorTest.php:134
   Ôöé

 Ô£ö Build image prompt includes seo title [0.29 ms]
 Ô£ö Build image prompt uses post title when no seo title [0.13 ms]
 Ô£ö Build image prompt includes style [0.09 ms]
 Ô£ö Build image prompt includes format requirements [0.08 ms]
 Ôå® Build text prompt includes excerpt [0.10 ms]
   Ôöé
   Ôöé Requires WordPress context for wp_trim_words() function.
   Ôöé
   Ôöé D:\meowseo\tests\modules\ai\GeneratorTest.php:202
   Ôöé

 Ôå® Build text prompt generates excerpt from content [0.29 ms]
   Ôöé
   Ôöé Requires WordPress context for wp_trim_words() function.
   Ôöé
   Ôöé D:\meowseo\tests\modules\ai\GeneratorTest.php:211
   Ôöé

 Ôå® Build text prompt includes custom instructions when set [0.37 ms]
   Ôöé
   Ôöé Requires WordPress context for wp_trim_words() function.
   Ôöé
   Ôöé D:\meowseo\tests\modules\ai\GeneratorTest.php:220
   Ôöé

 Ôå® Build text prompt includes language preference [0.25 ms]
   Ôöé
   Ôöé Requires WordPress context for wp_trim_words() function.
   Ôöé
   Ôöé D:\meowseo\tests\modules\ai\GeneratorTest.php:229
   Ôöé

 Ôå® Build text prompt does not include language for auto [0.24 ms]
   Ôöé
   Ôöé Requires WordPress context for wp_trim_words() function.
   Ôöé
   Ôöé D:\meowseo\tests\modules\ai\GeneratorTest.php:238
   Ôöé

 Ô£ö Build image prompt includes color palette when set [0.24 ms]
 Ô£ö Clear cache returns boolean [0.17 ms]
 Ô£ö Generator has correct constants [0.19 ms]
 Ôå® Build text prompt includes all required output fields [0.09 ms]
   Ôöé
   Ôöé Requires WordPress context for wp_trim_words() function.
   Ôöé
   Ôöé D:\meowseo\tests\modules\ai\GeneratorTest.php:299
   Ôöé

 Ô£ö Build image prompt includes all required elements [0.11 ms]
 Ôå® Build text prompt truncates content to max words [0.16 ms]
   Ôöé
   Ôöé Requires WordPress context for wp_trim_words() function.
   Ôöé
   Ôöé D:\meowseo\tests\modules\ai\GeneratorTest.php:327
   Ôöé

 Ôå® Build text prompt handles empty categories and tags [0.09 ms]
   Ôöé
   Ôöé Requires WordPress context for wp_trim_words() function.
   Ôöé
   Ôöé D:\meowseo\tests\modules\ai\GeneratorTest.php:336
   Ôöé

 Ôå® Save image to media library uses 60 second timeout [0.11 ms]
   Ôöé
   Ôöé Requires WordPress context for wp_remote_get() and media_handle_sideload() functions.
   Ôöé
   Ôöé D:\meowseo\tests\modules\ai\GeneratorTest.php:347
   Ôöé

 Ôå® Save image to media library saves to temp file [0.08 ms]
   Ôöé
   Ôöé Requires WordPress context for wp_tempnam() and file operations.
   Ôöé
   Ôöé D:\meowseo\tests\modules\ai\GeneratorTest.php:358
   Ôöé

 Ôå® Save image to media library uploads to media library [0.08 ms]
   Ôöé
   Ôöé Requires WordPress context for media_handle_sideload() function.
   Ôöé
   Ôöé D:\meowseo\tests\modules\ai\GeneratorTest.php:369
   Ôöé

 Ôå® Save image to media library sets featured image [0.10 ms]
   Ôöé
   Ôöé Requires WordPress context for set_post_thumbnail() function.
   Ôöé
   Ôöé D:\meowseo\tests\modules\ai\GeneratorTest.php:380
   Ôöé

 Ôå® Save image to media library sets alt text to post title [0.09 ms]
   Ôöé
   Ôöé Requires WordPress context for update_post_meta() function.
   Ôöé
   Ôöé D:\meowseo\tests\modules\ai\GeneratorTest.php:391
   Ôöé

 Ôå® Save image to media library sets image title to post title [0.07 ms]
   Ôöé
   Ôöé Requires WordPress context for media_handle_sideload() function.
   Ôöé
   Ôöé D:\meowseo\tests\modules\ai\GeneratorTest.php:402
   Ôöé

 Ôå® Save image to media library returns null on download failure [0.08 ms]
   Ôöé
   Ôöé Requires WordPress context for wp_remote_get() function.
   Ôöé
   Ôöé D:\meowseo\tests\modules\ai\GeneratorTest.php:413
   Ôöé

 Ôå® Save image to media library returns null on upload failure [0.10 ms]
   Ôöé
   Ôöé Requires WordPress context for media_handle_sideload() function.
   Ôöé
   Ôöé D:\meowseo\tests\modules\ai\GeneratorTest.php:424
   Ôöé

 Ôå® Save image to media library cleans up temp file on failure [0.09 ms]
   Ôöé
   Ôöé Requires WordPress context for file operations.
   Ôöé
   Ôöé D:\meowseo\tests\modules\ai\GeneratorTest.php:435
   Ôöé

 Ôå® Save image to media library returns attachment id on success [0.08 ms]
   Ôöé
   Ôöé Requires WordPress context for media_handle_sideload() function.
   Ôöé
   Ôöé D:\meowseo\tests\modules\ai\GeneratorTest.php:446
   Ôöé

Provider Gemini (MeowSEO\Tests\Modules\AI\ProviderGemini)
 Ô£ö Provider gemini class can be loaded [3.88 ms]
 Ô£ö Provider gemini implements ai provider interface [0.08 ms]
 Ô£ö Provider gemini can be instantiated [0.04 ms]
 Ô£ö Get slug returns correct value [0.03 ms]
 Ô£ö Get label returns correct value [0.03 ms]
 Ô£ö Supports text returns true [0.05 ms]
 Ô£ö Supports image returns false [0.13 ms]
 Ô£ö Generate image throws provider exception [2.19 ms]
 Ô£ö Generate image exception has correct provider slug [0.13 ms]
 Ô£ö Get last error returns null initially [0.08 ms]

Provider Manager Property (MeowSEO\Tests\Modules\AI\ProviderManagerProperty)
 Ô£ö Encryption round trip property [17.06 ms]
 Ô£ö Encryption produces different outputs for same input [8.47 ms]
 Ô£ö Encrypted output is base64 encoded [8.26 ms]
 Ô£ö Encryption with various key lengths [31.81 ms]
 Ô£ö Encryption with special characters [7.28 ms]

Provider Manager (MeowSEO\Tests\Modules\AI\ProviderManager)
 Ô£ö Provider manager class can be loaded [0.05 ms]
 Ô£ö Provider manager can be instantiated [0.11 ms]
 Ô£ö Get providers returns array [0.08 ms]
 Ô£ö Get provider statuses returns array [0.10 ms]
 Ô£ö Get provider statuses returns all providers [0.18 ms]
 Ô£ö Get provider statuses returns correct structure [0.13 ms]
 Ô£ö Providers without api keys show has api key false [0.12 ms]
 Ô£ö Text providers have correct supports text value [0.22 ms]
 Ô£ö Image providers have correct supports image value [0.09 ms]
 Ô£ö Generate text returns error when no providers [0.17 ms]
 Ô£ö Generate text returns correct error code when no providers [0.15 ms]
 Ô£ö Generate image returns error when no providers [0.13 ms]
 Ô£ö Generate image returns correct error code when no providers [0.13 ms]
 Ô£ö Get errors returns array [0.08 ms]
 Ô£ö Encrypt key returns string [0.11 ms]
 Ô£ö Encrypt key returns different values for same input [0.12 ms]
 Ô£ö Get provider returns null for nonexistent [0.07 ms]
 Ô£ö Provider labels are correct [0.09 ms]
 Ô£ö Rate limit cache key format [0.04 ms]
 Ô£ö Rate limit exception stores retry after [0.04 ms]
 Ô£ö Rate limit exception default retry after [0.03 ms]
 Ô£ö Rate limit cache stores expiration timestamp [0.03 ms]
 Ô£ö Multiple providers independent rate limits [0.06 ms]

Provider Verification (MeowSEO\Tests\Modules\AI\ProviderVerification)
 Ô£ö Provider class can be loaded with data set "Gemini" [0.04 ms]
 Ô£ö Provider class can be loaded with data set "OpenAI" [3.75 ms]
 Ô£ö Provider class can be loaded with data set "Anthropic" [4.16 ms]
 Ô£ö Provider class can be loaded with data set "Imagen" [3.06 ms]
 Ô£ö Provider class can be loaded with data set "DALL-E" [2.48 ms]
 Ô£ö Provider implements ai provider interface with data set "Gemini" [0.13 ms]
 Ô£ö Provider implements ai provider interface with data set "OpenAI" [0.03 ms]
 Ô£ö Provider implements ai provider interface with data set "Anthropic" [0.03 ms]
 Ô£ö Provider implements ai provider interface with data set "Imagen" [0.01 ms]
 Ô£ö Provider implements ai provider interface with data set "DALL-E" [0.01 ms]
 Ô£ö Provider can be instantiated with data set "Gemini" [0.05 ms]
 Ô£ö Provider can be instantiated with data set "OpenAI" [0.05 ms]
 Ô£ö Provider can be instantiated with data set "Anthropic" [0.02 ms]
 Ô£ö Provider can be instantiated with data set "Imagen" [0.08 ms]
 Ô£ö Provider can be instantiated with data set "DALL-E" [0.02 ms]
 Ô£ö Get slug returns correct value with data set "Gemini" [0.06 ms]
 Ô£ö Get slug returns correct value with data set "OpenAI" [0.02 ms]
 Ô£ö Get slug returns correct value with data set "Anthropic" [0.01 ms]
 Ô£ö Get slug returns correct value with data set "Imagen" [0.01 ms]
 Ô£ö Get slug returns correct value with data set "DALL-E" [0.01 ms]
 Ô£ö Get label returns correct value with data set "Gemini" [0.04 ms]
 Ô£ö Get label returns correct value with data set "OpenAI" [0.07 ms]
 Ô£ö Get label returns correct value with data set "Anthropic" [0.02 ms]
 Ô£ö Get label returns correct value with data set "Imagen" [0.02 ms]
 Ô£ö Get label returns correct value with data set "DALL-E" [0.01 ms]
 Ô£ö Supports text returns correct value with data set "Gemini" [0.05 ms]
 Ô£ö Supports text returns correct value with data set "OpenAI" [0.01 ms]
 Ô£ö Supports text returns correct value with data set "Anthropic" [0.01 ms]
 Ô£ö Supports text returns correct value with data set "Imagen" [0.01 ms]
 Ô£ö Supports text returns correct value with data set "DALL-E" [0.07 ms]
 Ô£ö Supports image returns correct value with data set "Gemini" [0.06 ms]
 Ô£ö Supports image returns correct value with data set "OpenAI" [0.02 ms]
 Ô£ö Supports image returns correct value with data set "Anthropic" [0.01 ms]
 Ô£ö Supports image returns correct value with data set "Imagen" [0.01 ms]
 Ô£ö Supports image returns correct value with data set "DALL-E" [0.01 ms]
 Ô£ö Get last error returns null initially with data set "Gemini" [0.04 ms]
 Ô£ö Get last error returns null initially with data set "OpenAI" [0.01 ms]
 Ô£ö Get last error returns null initially with data set "Anthropic" [0.09 ms]
 Ô£ö Get last error returns null initially with data set "Imagen" [0.04 ms]
 Ô£ö Get last error returns null initially with data set "DALL-E" [0.03 ms]
 Ô£ö Text only providers throw exception for generate image with data set "Gemini" [0.07 ms]
 Ô£ö Text only providers throw exception for generate image with data set "Anthropic" [0.04 ms]
 Ô£ö Text only providers exception has correct slug with data set "Gemini" [0.07 ms]
 Ô£ö Text only providers exception has correct slug with data set "Anthropic" [0.02 ms]
 Ô£ö Image only providers throw exception for generate text with data set "Imagen" [0.05 ms]
 Ô£ö Image only providers throw exception for generate text with data set "DALL-E" [0.06 ms]
 Ô£ö Image only providers exception has correct slug with data set "Imagen" [0.14 ms]
 Ô£ö Image only providers exception has correct slug with data set "DALL-E" [0.04 ms]
 Ô£ö Openai supports both text and image [0.08 ms]
 Ô£ö Exception classes can be instantiated [0.07 ms]
 Ô£ö Auth exception has correct http code [0.06 ms]
 Ô£ö Rate limit exception has correct http code [0.11 ms]
 Ô£ö Rate limit exception stores retry after [0.05 ms]
 Ô£ö Rate limit exception has default retry after [0.03 ms]
 Ô£ö All exceptions have provider slug [0.04 ms]

Analysis Engine (MeowSEO\Tests\AnalysisEngine)
 Ô£ö Instantiation [4.85 ms]
 Ô£ö Analyze returns expected structure [15.08 ms]
 Ô£ö Analyze returns arrays for results [0.40 ms]
 Ô£ö Fix explanations added for failing checks [0.27 ms]
 Ô£ö Fix explanations contain expected structure [0.24 ms]
 Ô£ö Passing checks no fix explanations [0.29 ms]
 Ô£ö Scores are numeric [0.35 ms]
 Ô£ö Colors are valid [0.22 ms]

Fix Explanation Provider (MeowSEO\Tests\FixExplanationProvider)
 Ô£ö Instantiation [0.08 ms]
 Ô£ö Get explanation returns empty for unknown analyzer [0.11 ms]
 Ô£ö Get explanation title too short [0.14 ms]
 Ô£ö Get explanation title too long [0.10 ms]
 Ô£ö Get explanation keyword missing title [0.09 ms]
 Ô£ö Get explanation keyword missing first paragraph [0.10 ms]
 Ô£ö Get explanation description missing [0.20 ms]
 Ô£ö Get explanation content too short [10.05 ms]
 Ô£ö Get explanation keyword density low [0.44 ms]
 Ô£ö Get explanation keyword density high [0.30 ms]
 Ô£ö Get explanation keyword missing headings [0.21 ms]
 Ô£ö Get explanation images missing alt [0.33 ms]
 Ô£ö Get explanation slug not optimized [0.17 ms]
 Ô£ö Get explanation includes site name [0.16 ms]
 Ô£ö Get explanation with empty context [0.16 ms]
 Ô£ö Get explanation escapes html [0.16 ms]
 Ô£ö Get explanation with special characters [0.42 ms]
 Ô£ö Get explanation consistent format [0.69 ms]

Analytics Module (MeowSEO\Tests\Modules\Analytics\AnalyticsModule)
 Ô£ö Get id [26.02 ms]
 Ô£ö Authenticate oauth returns string [0.42 ms]
 Ô£ö Authenticate oauth returns empty when no client id [0.16 ms]
 Ô£ö Is authenticated returns false when no credentials [0.11 ms]
 Ô£ö Is authenticated returns true when credentials exist [0.12 ms]
 Ô£ö Get ga4 metrics returns null when not authenticated [0.13 ms]
 Ô£ö Get gsc metrics returns null when not authenticated [0.24 ms]
 Ô£ö Get pagespeed insights returns null when no api key [0.11 ms]
 Ô£ö Identify winning content returns array [0.09 ms]
 Ô£ö Identify losing content returns array [0.16 ms]
 Ô£ö Send weekly report returns bool [0.08 ms]
 Ô£ö Boot [0.23 ms]

Bulk Editor Integration (MeowSEO\Tests\Modules\Bulk\BulkEditorIntegration)
 Ô£ö Register bulk actions without capability [11.02 ms]
 Ô£ö Export to csv structure [2.32 ms]
 Ô£ö Supported post types [0.13 ms]

Bulk Editor (MeowSEO\Tests\Modules\Bulk\BulkEditor)
 Ô£ö Get id [0.07 ms]
 Ô£ö Boot [0.06 ms]
 Ô£ö Get supported post types [0.06 ms]

CSVGenerator (MeowSEO\Tests\Modules\Bulk\CSVGenerator)
 Ô£ö Basic csv generation [0.05 ms]
 Ô£ö Csv escaping commas [0.04 ms]
 Ô£ö Csv escaping quotes [0.03 ms]
 Ô£ö Csv escaping newlines [0.03 ms]
 Ô£ö Rfc4180 compliance [0.06 ms]
 Ô£ö Empty csv [0.03 ms]
 Ô£ö Multiple rows [0.05 ms]

GSCAPI (MeowSEO\Tests\Modules\GSC\GSCAPI)
 Ô£ö Inspect url returns error when no valid token [0.28 ms]
 Ô£ö Submit for indexing returns error when no valid token [0.31 ms]
 Ô£ö Get search analytics returns error when no valid token [0.18 ms]
 Ô£ö Response format is consistent [0.30 ms]
 Ô£ö Api constants [0.05 ms]

GSCAuth (MeowSEO\Tests\Modules\GSC\GSCAuth)
 Ô£ö Get auth url structure [0.09 ms]
 Ô£ö Get auth url without client id [0.11 ms]
 Ô£ö Token encryption decryption [0.17 ms]
 Ô£ö Encrypt empty token [0.04 ms]
 Ô£ö Decrypt empty token [0.03 ms]
 Ô£ö Decrypt invalid token [0.08 ms]
 Ô£ö Store credentials [0.17 ms]
 Ô£ö Get valid token no token [0.04 ms]
 Ô£ö Get valid token not expired [0.05 ms]
 Ô£ö Encryption algorithm [0.05 ms]
 Ô£ö Store credentials partial [0.13 ms]
 Ô£ö Encryption deterministic [0.05 ms]
 Ô£ö Handle callback missing credentials [0.09 ms]

GSCLogger Integration (MeowSEO\Tests\Modules\GSC\GSCLoggerIntegration)
 Ô£ö Logger class exists [11.12 ms]
 Ô£ö Logger has required methods [0.32 ms]
 Ô£ö Oauth failure logging context [0.20 ms]
 Ô£ö Rate limit logging context [0.14 ms]
 Ô£ö Batch completion logging context [0.13 ms]
 Ô£ö Access token sanitization [0.11 ms]
 Ô£ö Exponential backoff calculation [0.28 ms]
 Ô£ö Job type values [0.21 ms]
 Ô£ö Processed count tracking [0.20 ms]

GSCModule (MeowSEO\Tests\Modules\GSC\GSCModule)
 Ô£ö Get id [0.32 ms]
 Ô£ö Implements module interface [0.19 ms]
 Ô£ö Boot registers hooks [0.20 ms]
 Ô£ö Enqueue api call structure [0.12 ms]

GSCPost Transition (MeowSEO\Tests\Modules\GSC\GSCPostTransition)
 Ô£ö Handle post transition method exists [0.18 ms]
 Ô£ö Register cron method exists [0.15 ms]
 Ô£ö Register cron interval method exists [0.13 ms]
 Ô£ö Register cron interval adds five minute schedule [0.09 ms]
 Ô£ö Process queue method exists [0.06 ms]
 Ô£ö Boot method completes without error [0.05 ms]

GSCQueue Rate Limit (MeowSEO\Tests\Modules\GSC\GSCQueueRateLimit)
 Ô£ö Enqueue 20 jobs and process batch [2.91 ms]
 Ô£ö Http 429 triggers exponential backoff [0.40 ms]
 Ô£ö Retry after calculation multiple attempts [0.51 ms]
 Ô£ö Successful response updates to done [0.18 ms]
 Ô£ö Job status transitions [0.15 ms]
 Ô£ö Rate limited jobs not processed until retry after [0.12 ms]
 Ô£ö Multiple rate limits accumulate [0.52 ms]
 Ô£ö Batch processing respects limit [0.75 ms]
 Ô£ö Error response marks failed [0.19 ms]

GSCQueue (MeowSEO\Tests\Modules\GSC\GSCQueue)
 Ô£ö Enqueue creates job [0.13 ms]
 Ô£ÿ Enqueue rejects invalid job type [1.19 ms]
   Ôöé
   Ôöé Queue storage should be empty after invalid job type
   Ôöé Failed asserting that an array is empty.
   Ôöé
   Ôöé D:\meowseo\tests\modules\gsc\GSCQueueTest.php:235
   Ôöé

 Ô£ÿ Enqueue prevents duplicates [0.20 ms]
   Ôöé
   Ôöé Failed asserting that true is false.
   Ôöé
   Ôöé D:\meowseo\tests\modules\gsc\GSCQueueTest.php:253
   Ôöé

 Ô£ÿ Check duplicate detects pending job [0.09 ms]
   Ôöé
   Ôöé Failed asserting that false is true.
   Ôöé
   Ôöé D:\meowseo\tests\modules\gsc\GSCQueueTest.php:282
   Ôöé

 Ô£ö Check duplicate ignores non pending [0.06 ms]
 Ô£ö Calculate retry delay exponential backoff [0.04 ms]
 Ô£ö Calculate retry delay zero attempts [0.09 ms]
 Ô£ö Enqueue accepts valid job types [0.14 ms]
 Ô£ö Process batch skips without api [0.09 ms]
 Ô£ö Enqueue handles json encoding failure [0.08 ms]
 Ô£ö Check duplicate different urls [0.07 ms]
 Ô£ö Check duplicate different job types [0.06 ms]

Image SEOHandler (MeowSEO\Tests\Modules\Image_SEO\ImageSEOHandler)
 Ô£ö Is enabled returns false by default [3.60 ms]
 Ô£ö Is enabled returns true when enabled [0.10 ms]
 Ô£ö Should override existing returns false by default [0.05 ms]
 Ô£ö Should override existing returns true when enabled [0.04 ms]

Import Admin (MeowSEO\Tests\Modules\Import\ImportAdmin)
 Ô£ö Can instantiate [14.78 ms]
 Ô£ö Boot does not throw [0.13 ms]

Import System End To End (MeowSEO\Tests\Modules\Import\ImportSystemEndToEnd)
 Ô£ÿ Yoast postmeta import [16.90 ms]
   Ôöé
   Ôöé Should import all 10 postmeta fields
   Ôöé Failed asserting that 1 matches expected 10.
   Ôöé
   Ôöé D:\meowseo\tests\modules\import\ImportSystemEndToEndTest.php:158
   Ôöé

 Ôå® Yoast termmeta import [0.11 ms]
   Ôöé
   Ôöé Term creation requires full WordPress environment
   Ôöé
   Ôöé D:\meowseo\tests\modules\import\ImportSystemEndToEndTest.php:183
   Ôöé

 Ô£ÿ Yoast options import [0.65 ms]
   Ôöé
   Ôöé Failed asserting that two strings are equal.
   Ôöé --- Expected
   Ôöé +++ Actual
   Ôöé @@ @@
   Ôöé -'Home Title'
   Ôöé +''
   Ôöé
   Ôöé D:\meowseo\tests\modules\import\ImportSystemEndToEndTest.php:219
   Ôöé

 Ô£ÿ Rankmath postmeta import [0.23 ms]
   Ôöé
   Ôöé Failed asserting that an array has the key 'imported'.
   Ôöé
   Ôöé D:\meowseo\tests\modules\import\ImportSystemEndToEndTest.php:261
   Ôöé

 Ô£ÿ Error handling with invalid data [0.15 ms]
   Ôöé
   Ôöé Undefined property: class@anonymous::$options
   Ôöé
   Ôöé D:\meowseo\tests\modules\import\ImportSystemEndToEndTest.php:106
   Ôöé

 Ô£ÿ Batch processing [0.98 ms]
   Ôöé
   Ôöé Undefined property: class@anonymous::$options
   Ôöé
   Ôöé D:\meowseo\tests\modules\import\ImportSystemEndToEndTest.php:106
   Ôöé

 Ô£ÿ Import manager workflow [0.19 ms]
   Ôöé
   Ôöé Undefined array key "status"
   Ôöé
   Ôöé D:\meowseo\tests\modules\import\ImportSystemEndToEndTest.php:384
   Ôöé

 Ô£ÿ Import cancellation [0.09 ms]
   Ôöé
   Ôöé Failed asserting that false is true.
   Ôöé
   Ôöé D:\meowseo\tests\modules\import\ImportSystemEndToEndTest.php:427
   Ôöé

 Ô£ÿ Plugin detection [0.08 ms]
   Ôöé
   Ôöé Undefined property: class@anonymous::$options
   Ôöé
   Ôöé D:\meowseo\tests\modules\import\ImportSystemEndToEndTest.php:106
   Ôöé

 Ô£ÿ Data validation [0.60 ms]
   Ôöé
   Ôöé Undefined property: class@anonymous::$options
   Ôöé
   Ôöé D:\meowseo\tests\modules\import\ImportSystemEndToEndTest.php:106
   Ôöé

Import (MeowSEO\Tests\Modules\Import\Import)
 Ô£ö Get id [1.59 ms]
 Ô£ö Boot [0.13 ms]
 Ô£ö Get import manager [0.07 ms]

Internal Links (MeowSEO\Tests\Modules\Internal_Links\InternalLinks)
 Ô£ö Get id [4.29 ms]
 Ô£ö Boot [0.14 ms]

Keyword Manager (MeowSEO\Tests\Modules\Keywords\KeywordManager)
 Ô£ö Get keywords empty [0.10 ms]
 Ô£ö Set primary keyword [0.06 ms]
 Ô£ö Set primary keyword trims whitespace [0.05 ms]
 Ô£ö Set primary keyword empty deletes [0.05 ms]
 Ô£ö Add secondary keyword [0.06 ms]
 Ô£ö Add secondary keyword rejects empty [0.05 ms]
 Ô£ö Add secondary keyword rejects duplicate [0.05 ms]
 Ô£ö Add secondary keyword rejects primary match [0.05 ms]
 Ô£ö Validate keyword count maximum [0.06 ms]
 Ô£ö Remove secondary keyword [0.06 ms]
 Ô£ö Remove secondary keyword nonexistent [0.04 ms]
 Ô£ö Reorder secondary keywords [0.06 ms]
 Ô£ö Reorder secondary keywords rejects invalid [0.05 ms]
 Ô£ö Get keyword count [0.05 ms]

Location CPT (MeowSEO\Tests\Modules\Locations\LocationCPT)
 Ô£ö Validator accepts valid coordinates [1.24 ms]
 Ô£ö Validator rejects invalid latitude [0.07 ms]
 Ô£ö Validator rejects invalid longitude [0.04 ms]
 Ô£ö Validator handles null coordinates [0.03 ms]
 Ô£ö Location cpt boots [6.62 ms]
 Ô£ö Schema generator requires business name [2.28 ms]

Global SEO (MeowSEO\Tests\Modules\Meta\GlobalSEO)
 Ôå® Get current page type returns string [0.06 ms]
   Ôöé
   Ôöé Global_SEO tests require WordPress test framework with query context
   Ôöé
   Ôöé D:\meowseo\tests\modules\meta\GlobalSEOTest.php:60
   Ôöé

 Ôå® Get current page type returns valid type [0.05 ms]
   Ôöé
   Ôöé Global_SEO tests require WordPress test framework with query context
   Ôöé
   Ôöé D:\meowseo\tests\modules\meta\GlobalSEOTest.php:60
   Ôöé

 Ôå® Get title returns string [0.04 ms]
   Ôöé
   Ôöé Global_SEO tests require WordPress test framework with query context
   Ôöé
   Ôöé D:\meowseo\tests\modules\meta\GlobalSEOTest.php:60
   Ôöé

 Ôå® Get description returns string [0.04 ms]
   Ôöé
   Ôöé Global_SEO tests require WordPress test framework with query context
   Ôöé
   Ôöé D:\meowseo\tests\modules\meta\GlobalSEOTest.php:60
   Ôöé

 Ôå® Get robots returns string [0.04 ms]
   Ôöé
   Ôöé Global_SEO tests require WordPress test framework with query context
   Ôöé
   Ôöé D:\meowseo\tests\modules\meta\GlobalSEOTest.php:60
   Ôöé

 Ôå® Get robots contains google discover directives [0.04 ms]
   Ôöé
   Ôöé Global_SEO tests require WordPress test framework with query context
   Ôöé
   Ôöé D:\meowseo\tests\modules\meta\GlobalSEOTest.php:60
   Ôöé

 Ôå® Get canonical returns string [0.04 ms]
   Ôöé
   Ôöé Global_SEO tests require WordPress test framework with query context
   Ôöé
   Ôöé D:\meowseo\tests\modules\meta\GlobalSEOTest.php:60
   Ôöé

 Ôå® Get canonical returns non empty [0.08 ms]
   Ôöé
   Ôöé Global_SEO tests require WordPress test framework with query context
   Ôöé
   Ôöé D:\meowseo\tests\modules\meta\GlobalSEOTest.php:60
   Ôöé

 Ôå® Constructor accepts dependencies [0.04 ms]
   Ôöé
   Ôöé Global_SEO tests require WordPress test framework with query context
   Ôöé
   Ôöé D:\meowseo\tests\modules\meta\GlobalSEOTest.php:60
   Ôöé

 Ôå® All public methods exist [0.04 ms]
   Ôöé
   Ôöé Global_SEO tests require WordPress test framework with query context
   Ôöé
   Ôöé D:\meowseo\tests\modules\meta\GlobalSEOTest.php:60
   Ôöé

Gutenberg Assets (MeowSEO\Tests\Modules\Meta\GutenbergAssets)
 Ô£ö Init method exists [3.18 ms]
 Ô£ö Enqueue editor assets method exists [0.07 ms]
 Ô£ö Register postmeta method exists [0.03 ms]
 Ô£ö Class structure [0.03 ms]
 Ô£ö Get meta keys returns array [0.04 ms]
 Ô£ö All postmeta keys defined [0.05 ms]
 Ô£ö Meta keys have correct structure [0.08 ms]
 Ô£ö String meta keys have correct type [0.04 ms]
 Ô£ö Integer meta keys have correct type [0.03 ms]
 Ô£ö Boolean meta keys have correct type [0.03 ms]
 Ô£ö Schema config validation [0.06 ms]
 Ô£ö All meta keys have sanitize callback [0.09 ms]
 Ô£ö Text fields use sanitize text field [0.04 ms]
 Ô£ö Url fields use esc url raw [0.03 ms]
 Ô£ö Schema config uses custom sanitization [0.03 ms]

Meta Analysis (MeowSEO\Tests\Modules\Meta\MetaAnalysis)
 Ôå® Get seo analysis returns valid structure [0.04 ms]
   Ôöé
   Ôöé Meta analysis tests require WordPress test framework
   Ôöé
   Ôöé D:\meowseo\tests\modules\meta\MetaAnalysisTest.php:27
   Ôöé

 Ôå® Seo analysis score is bounded [0.34 ms]
   Ôöé
   Ôöé Meta analysis tests require WordPress test framework
   Ôöé
   Ôöé D:\meowseo\tests\modules\meta\MetaAnalysisTest.php:27
   Ôöé

 Ôå® Seo analysis checks is array [0.24 ms]
   Ôöé
   Ôöé Meta analysis tests require WordPress test framework
   Ôöé
   Ôöé D:\meowseo\tests\modules\meta\MetaAnalysisTest.php:27
   Ôöé

 Ôå® Seo analysis color is valid [0.13 ms]
   Ôöé
   Ôöé Meta analysis tests require WordPress test framework
   Ôöé
   Ôöé D:\meowseo\tests\modules\meta\MetaAnalysisTest.php:27
   Ôöé

 Ôå® Get readability analysis returns valid structure [0.08 ms]
   Ôöé
   Ôöé Meta analysis tests require WordPress test framework
   Ôöé
   Ôöé D:\meowseo\tests\modules\meta\MetaAnalysisTest.php:27
   Ôöé

 Ôå® Readability analysis score is bounded [0.06 ms]
   Ôöé
   Ôöé Meta analysis tests require WordPress test framework
   Ôöé
   Ôöé D:\meowseo\tests\modules\meta\MetaAnalysisTest.php:27
   Ôöé

 Ôå® Readability analysis with empty content [0.05 ms]
   Ôöé
   Ôöé Meta analysis tests require WordPress test framework
   Ôöé
   Ôöé D:\meowseo\tests\modules\meta\MetaAnalysisTest.php:27
   Ôöé

 Ôå® Seo analysis with custom content and keyword [0.05 ms]
   Ôöé
   Ôöé Meta analysis tests require WordPress test framework
   Ôöé
   Ôöé D:\meowseo\tests\modules\meta\MetaAnalysisTest.php:27
   Ôöé

 Ôå® Seo analysis uses postmeta focus keyword [0.04 ms]
   Ôöé
   Ôöé Meta analysis tests require WordPress test framework
   Ôöé
   Ôöé D:\meowseo\tests\modules\meta\MetaAnalysisTest.php:27
   Ôöé

 Ôå® Seo analysis with invalid post [0.03 ms]
   Ôöé
   Ôöé Meta analysis tests require WordPress test framework
   Ôöé
   Ôöé D:\meowseo\tests\modules\meta\MetaAnalysisTest.php:27
   Ôöé

Meta Module Integration (MeowSEO\Tests\Modules\Meta\MetaModuleIntegration)
 Ô£ö Get id returns meta [18.65 ms]
 Ô£ö Wp head hook registered with priority 1 [0.11 ms]
 Ô£ö Document title parts filter registered [0.05 ms]
 Ô£ö Save post hook registered [0.04 ms]
 Ô£ö Rest api init hook registered [0.04 ms]
 Ô£ÿ Enqueue block editor assets hook registered [0.07 ms]
   Ôöé
   Ôöé enqueue_block_editor_assets hook with enqueue_block_editor_assets callback not found
   Ôöé Failed asserting that false is true.
   Ôöé
   Ôöé D:\meowseo\tests\modules\meta\MetaModuleIntegrationTest.php:211
   Ôöé

 Ô£ö Robots txt filter registered [0.07 ms]
 Ô£ö Filter document title parts returns empty array [0.05 ms]
 Ô£ö Component wiring [0.05 ms]
 Ô£ö All hooks registered after boot [0.05 ms]
 Ô£ö Hook priorities [0.04 ms]

Meta Module (MeowSEO\Tests\Modules\Meta\MetaModule)
 Ô£ö Module interface [0.05 ms]
 Ô£ö Get id [0.04 ms]
 Ô£ö Boot method exists [0.03 ms]
 Ô£ö Filter document title parts returns empty array [0.04 ms]
 Ô£ö Output head tags method exists [0.03 ms]
 Ô£ö Handle save post method exists [0.03 ms]
 Ô£ö Register rest fields method exists [0.03 ms]
 Ô£ÿ Enqueue block editor assets method exists [0.05 ms]
   Ôöé
   Ôöé Failed asserting that false is true.
   Ôöé
   Ôöé D:\meowseo\tests\modules\meta\MetaModuleTest.php:146
   Ôöé

 Ô£ö Constructor accepts options dependency [0.05 ms]

Meta Output Archive Robots Integration (MeowSEO\Tests\Modules\Meta\MetaOutputArchiveRobotsIntegration)
 Ô£ö Meta output integrates with archive robots resolution [0.05 ms]
 Ô£ö All archive types have settings [0.05 ms]
 Ô£ö Robots directives formatted correctly [0.04 ms]
 Ô£ö Resolve robots for archive method exists [0.04 ms]
 Ô£ö Get archive robots method exists [0.03 ms]

Meta Output (MeowSEO\Tests\Modules\Meta\MetaOutput)
 Ô£ö Tag group output [4.78 ms]
 Ô£ö Escaping [0.64 ms]
 Ô£ö Conditional output [0.81 ms]
 Ô£ö Format iso8601 [0.23 ms]
 Ô£ö Hreflang output with alternates [0.75 ms]
 Ô£ö Hreflang not output without alternates [0.69 ms]

Meta Postmeta (MeowSEO\Tests\Modules\Meta\MetaPostmeta)
 Ô£ö Registration [0.07 ms]
 Ô£ö Show in rest [0.06 ms]
 Ô£ö Type mapping [0.04 ms]
 Ô£ö Sanitize callbacks [0.04 ms]
 Ô£ÿ Meta keys constant [0.07 ms]
   Ôöé
   Ôöé Failed asserting that actual size 17 matches expected size 16.
   Ôöé
   Ôöé D:\meowseo\tests\modules\meta\MetaPostmetaTest.php:110
   Ôöé

Meta Resolver Archive Detection (MeowSEO\Tests\Modules\Meta\MetaResolverArchiveDetection)
 Ô£ö Archive detection uses correct conditionals [2.82 ms]
 Ô£ö Archive type constants [0.10 ms]

Meta Resolver Archive Robots (MeowSEO\Tests\Modules\Meta\MetaResolverArchiveRobots)
 Ô£ö Get archive robots returns global setting for author [0.05 ms]
 Ô£ö Get archive robots returns global setting for date [0.04 ms]
 Ô£ö Get archive robots returns global setting for category [0.03 ms]
 Ô£ö Get archive robots returns global setting for tag [0.03 ms]
 Ô£ö Get archive robots returns global setting for search [0.03 ms]
 Ô£ö Get archive robots returns global setting for attachment [0.03 ms]
 Ô£ö Get archive robots formats as comma separated string [0.09 ms]
 Ô£ö Get archive robots uses defaults when setting not found [0.03 ms]

Meta Resolver (MeowSEO\Tests\Modules\Meta\MetaResolver)
 Ô£ö Title fallback chain with custom title [0.07 ms]
 Ô£ö Title fallback chain without custom title [0.09 ms]
 Ô£ö Title never empty [0.06 ms]
 Ô£ö Description fallback chain with custom [0.04 ms]
 Ô£ö Description fallback to excerpt [0.05 ms]
 Ô£ö Description fallback to content [0.04 ms]
 Ô£ö Description empty when no sources [0.04 ms]
 Ô£ö Description truncation [0.10 ms]
 Ô£ö Og image returns array [0.05 ms]
 Ô£ö Canonical with custom [0.04 ms]
 Ô£ö Canonical never empty [1.03 ms]
 Ô£ö Canonical strips pagination [0.09 ms]
 Ô£ö Robots with defaults [0.06 ms]
 Ô£ö Robots with noindex [0.08 ms]
 Ô£ö Robots with nofollow [0.04 ms]
 Ô£ö Twitter title independence [0.04 ms]
 Ô£ö Twitter description independence [0.04 ms]
 Ô£ö Hreflang returns array [0.04 ms]

Readability (MeowSEO\Tests\Modules\Meta\Readability)
 Ô£ö Analyze returns correct structure [0.12 ms]
 Ô£ö Empty content returns zero score [0.04 ms]
 Ô£ö Sentence length pass [0.26 ms]
 Ô£ö Sentence length fail [0.10 ms]
 Ô£ö Paragraph length pass [0.41 ms]
 Ô£ö Paragraph length fail [0.38 ms]
 Ô£ö Transition words pass [0.27 ms]
 Ô£ö Transition words fail [0.24 ms]
 Ô£ö Passive voice pass [0.23 ms]
 Ô£ö Passive voice fail [0.19 ms]
 Ô£ö Score calculation all pass [0.11 ms]
 Ô£ö Color indicators [0.14 ms]
 Ô£ö Html stripping [0.09 ms]
 Ô£ö Multiple paragraphs [0.08 ms]
 Ô£ö Shortcode stripping [0.08 ms]
 Ô£ö Sentence splitting [0.10 ms]
 Ô£ö Transition word boundaries [0.08 ms]

Robots Txt (MeowSEO\Tests\Modules\Meta\RobotsTxt)
 Ô£ö Hook registration [0.07 ms]
 Ô£ö Default directives [0.08 ms]
 Ô£ö Custom directives [0.07 ms]
 Ô£ö Sitemap url [0.05 ms]
 Ô£ö Not public site [0.04 ms]
 Ô£ö Formatting [0.95 ms]

SEOAnalyzer (MeowSEO\Tests\Modules\Meta\SEOAnalyzer)
 Ô£ö Analyze returns correct structure [0.09 ms]
 Ô£ö Keyword in title [0.06 ms]
 Ô£ö Keyword not in title [0.05 ms]
 Ô£ö Description length valid [0.04 ms]
 Ô£ö Description length too short [0.04 ms]
 Ô£ö Description length too long [0.04 ms]
 Ô£ö Title length valid [0.04 ms]
 Ô£ö Keyword in first paragraph [0.04 ms]
 Ô£ö Keyword in headings [0.04 ms]
 Ô£ö Keyword in slug [0.04 ms]
 Ô£ö Score calculation [0.04 ms]
 Ô£ö Color indicators [0.05 ms]
 Ô£ö Case insensitive keyword matching [0.04 ms]

Title Patterns (MeowSEO\Tests\Modules\Meta\TitlePatterns)
 Ô£ö Default patterns [13.54 ms]
 Ô£ö Variable replacement [0.16 ms]
 Ô£ö Missing variable handling [0.07 ms]
 Ô£ö Pagination variable conditional [0.06 ms]
 Ô£ö Parser valid [0.06 ms]
 Ô£ö Parser invalid unbalanced braces [0.05 ms]
 Ô£ö Parser invalid unsupported variable [0.05 ms]
 Ô£ö Round trip [0.05 ms]
 Ô£ö Validate [0.05 ms]
 Ô£ö Get pattern for post type [0.04 ms]
 Ô£ö Get pattern for page type [0.04 ms]

Monitor404Core Functionality (MeowSEO\Tests\Modules\Monitor_404\Monitor404CoreFunctionality)
 Ô£ö Asset extensions constant [7.48 ms]
 Ô£ö Is static asset [0.12 ms]
 Ô£ö Is ignored url exact match [0.11 ms]
 Ô£ö Is ignored url wildcard pattern [0.09 ms]
 Ô£ö Bucket key format [0.06 ms]
 Ô£ö Get recent bucket keys [0.05 ms]
 Ô£ö Aggregate hits [0.06 ms]
 Ô£ö Module interface implementation [0.03 ms]
 Ô£ö Cron interval registration [0.04 ms]

Monitor404 (MeowSEO\Tests\Modules\Monitor_404\Monitor404)
 Ô£ö Get id [0.08 ms]
 Ô£ö Register cron interval [0.04 ms]
 Ô£ö Bucket key format [0.03 ms]
 Ô£ö Url hash generation [0.06 ms]
 Ô£ö Hit aggregation [0.04 ms]
 Ô£ö Date formatting [0.04 ms]

Multisite Module (MeowSEO\Tests\Modules\Multisite\MultisiteModule)
 Ô£ö Get id [4.49 ms]
 Ô£ö Is network activated returns false when not multisite [0.14 ms]
 Ô£ö Get network settings returns array [0.07 ms]
 Ô£ö Get network disabled features returns array [0.05 ms]
 Ô£ö Is feature disabled returns false for non disabled features [0.05 ms]
 Ô£ö Boot [0.04 ms]
 Ô£ö Update network settings validates input [0.05 ms]
 Ô£ö Get site settings returns array [0.04 ms]
 Ô£ö Update site settings validates input [0.04 ms]
 Ô£ö Initialize new site method exists [0.04 ms]
 Ô£ö Register network admin menu method exists [0.04 ms]
 Ô£ö Render network settings page method exists [0.04 ms]
 Ô£ö Network settings structure [0.05 ms]
 Ô£ö Feature toggle functionality [0.04 ms]
 Ô£ö Multiple features can be disabled [0.04 ms]
 Ô£ö Default settings applied to new sites [0.04 ms]
 Ô£ö Initialize new site copies default settings [0.04 ms]
 Ô£ö Wpmu new blog hook registered [0.04 ms]
 Ô£ö Per site settings isolation [0.04 ms]
 Ô£ö Network settings separate from site settings [0.04 ms]
 Ô£ö Feature disabling at network level [0.04 ms]

Redirects Admin (MeowSEO\Tests\Modules\Redirects\RedirectsAdmin)
 Ô£ö Boot [0.06 ms]
 Ô£ö Register menu [0.05 ms]
 Ô£ö Render page exists [0.05 ms]
 Ô£ö Csv import handler exists [0.04 ms]
 Ô£ö Csv export handler exists [0.04 ms]

Redirects Functional (MeowSEO\Tests\Modules\Redirects\RedirectsFunctional)
 Ô£ö Exact match redirect logic [3.83 ms]
 Ô£ö Regex pattern matching [0.08 ms]
 Ô£ö Redirect types supported [0.13 ms]
 Ô£ö Loop detection mechanism [0.08 ms]
 Ô£ö Automatic slug change redirect [0.06 ms]
 Ô£ö Hit tracking functionality [0.04 ms]
 Ô£ö Rest api endpoints exist [0.05 ms]
 Ô£ö Csv import export functionality [0.04 ms]
 Ô£ö Admin interface exists [0.05 ms]
 Ô£ö Redirect chain detection in rest api [0.04 ms]
 Ô£ö Security checks in rest api [0.04 ms]
 Ô£ö Regex rules flag optimization [2.64 ms]
 Ô£ö Object cache usage for regex rules [0.08 ms]
 Ô£ö Redirect execution with different status codes [0.04 ms]
 Ô£ö Module id [0.07 ms]
 Ô£ö Module implements interface [0.06 ms]

Redirects REST (MeowSEO\Tests\Modules\Redirects\RedirectsREST)
 Ô£ö Rest api instantiation [0.06 ms]
 Ô£ö Register routes [0.06 ms]
 Ô£ö Check manage options method exists [0.04 ms]
 Ô£ö Required methods exist [0.05 ms]

Redirects (MeowSEO\Tests\Modules\Redirects\Redirects)
 Ô£ö Get id [0.05 ms]
 Ô£ö Boot [0.05 ms]

Capability Checker (MeowSEO\Tests\Modules\Roles\CapabilityChecker)
 Ô£ö Get capability for feature [5.75 ms]
 Ô£ö Get capability for unknown feature [0.13 ms]
 Ô£ö Should show ui [0.07 ms]
 Ô£ö Check capability method exists [0.06 ms]
 Ô£ö User can method exists [0.05 ms]

Role Manager (MeowSEO\Tests\Modules\Roles\RoleManager)
 Ô£ö Get name [0.06 ms]
 Ô£ö Get version [0.05 ms]
 Ô£ö Is enabled [0.04 ms]
 Ô£ö Get all meowseo capabilities [0.08 ms]
 Ô£ö Add capability to role method exists [0.04 ms]
 Ô£ö Remove capability from role method exists [0.04 ms]
 Ô£ö Get role capabilities method exists [0.04 ms]
 Ô£ö User can method exists [0.04 ms]
 Ô£ö Boot [5.28 ms]

Schema Breadcrumbs (MeowSEO\Tests\Modules\Schema\SchemaBreadcrumbs)
 Ô£ö Shortcode callback returns string [27.35 ms]
 Ô£ö Shortcode accepts class attribute [0.19 ms]
 Ô£ö Shortcode accepts separator attribute [0.06 ms]
 Ô£ö Render breadcrumbs returns string [0.04 ms]
 Ô£ö Render breadcrumbs accepts css class [0.04 ms]
 Ô£ö Render breadcrumbs accepts separator [0.04 ms]
 Ô£ö Breadcrumb shortcode callback method exists [0.19 ms]
 Ô£ö Render breadcrumbs method exists [0.05 ms]

Schema Builder (MeowSEO\Tests\Modules\Schema\SchemaBuilder)
 Ôå® Build website returns correct structure [0.07 ms]
   Ôöé
   Ôöé WordPress functions already defined. These tests require Brain\Monkey mocking which cannot override existing functions.
   Ôöé
   Ôöé D:\meowseo\tests\modules\schema\SchemaBuilderTest.php:48
   Ôöé

 Ôå® Build organization returns correct structure [0.13 ms]
   Ôöé
   Ôöé WordPress functions already defined. These tests require Brain\Monkey mocking which cannot override existing functions.
   Ôöé
   Ôöé D:\meowseo\tests\modules\schema\SchemaBuilderTest.php:48
   Ôöé

 Ôå® Build faq returns correct structure [0.15 ms]
   Ôöé
   Ôöé WordPress functions already defined. These tests require Brain\Monkey mocking which cannot override existing functions.
   Ôöé
   Ôöé D:\meowseo\tests\modules\schema\SchemaBuilderTest.php:48
   Ôöé

 Ôå® Build faq returns empty for empty items [0.06 ms]
   Ôöé
   Ôöé WordPress functions already defined. These tests require Brain\Monkey mocking which cannot override existing functions.
   Ôöé
   Ôöé D:\meowseo\tests\modules\schema\SchemaBuilderTest.php:48
   Ôöé

 Ôå® To json returns valid json [0.05 ms]
   Ôöé
   Ôöé WordPress functions already defined. These tests require Brain\Monkey mocking which cannot override existing functions.
   Ôöé
   Ôöé D:\meowseo\tests\modules\schema\SchemaBuilderTest.php:48
   Ôöé

Schema Module Caching (MeowSEO\Tests\Modules\Schema\SchemaModuleCaching)
 Ô£ö Cache key format [0.07 ms]
 Ô£ö Schema cache ttl is one hour [5.02 ms]
 Ô£ö Cache is checked before builder [0.34 ms]
 Ô£ö Cache invalidated on post save [3.71 ms]
 Ô£ö Cache invalidated on schema type meta update [0.13 ms]
 Ô£ö Cache invalidated on schema config meta update [0.07 ms]
 Ô£ö Cache not invalidated for non schema meta [0.04 ms]
 Ô£ö Get schema json returns empty for empty graph [0.15 ms]
 Ô£ö Get schema json generates on cache miss [0.15 ms]

Sitemap Generator (MeowSEO\Tests\Modules\Sitemap\SitemapGenerator)
 Ôå® Generate index [0.15 ms]
   Ôöé
   Ôöé WordPress functions already defined. These tests require Brain\Monkey mocking which cannot override existing functions.
   Ôöé
   Ôöé D:\meowseo\tests\modules\sitemap\SitemapGeneratorTest.php:44
   Ôöé

 Ôå® Generate child [0.11 ms]
   Ôöé
   Ôöé WordPress functions already defined. These tests require Brain\Monkey mocking which cannot override existing functions.
   Ôöé
   Ôöé D:\meowseo\tests\modules\sitemap\SitemapGeneratorTest.php:44
   Ôöé

 Ôå® Delete sitemap [0.23 ms]
   Ôöé
   Ôöé WordPress functions already defined. These tests require Brain\Monkey mocking which cannot override existing functions.
   Ôöé
   Ôöé D:\meowseo\tests\modules\sitemap\SitemapGeneratorTest.php:44
   Ôöé

 Ôå® Delete nonexistent sitemap [0.21 ms]
   Ôöé
   Ôöé WordPress functions already defined. These tests require Brain\Monkey mocking which cannot override existing functions.
   Ôöé
   Ôöé D:\meowseo\tests\modules\sitemap\SitemapGeneratorTest.php:44
   Ôöé

Sitemap Integration (MeowSEO\Tests\Modules\Sitemap\SitemapIntegration)
 Ôå® Sitemap module loads [0.11 ms]
   Ôöé
   Ôöé WordPress functions already defined. These tests require Brain\Monkey mocking which cannot override existing functions.
   Ôöé
   Ôöé D:\meowseo\tests\modules\sitemap\SitemapIntegrationTest.php:32
   Ôöé

 Ôå® Sitemap module not loaded when disabled [0.07 ms]
   Ôöé
   Ôöé WordPress functions already defined. These tests require Brain\Monkey mocking which cannot override existing functions.
   Ôöé
   Ôöé D:\meowseo\tests\modules\sitemap\SitemapIntegrationTest.php:32
   Ôöé

Sitemap Logging (MeowSEO\Tests\Modules\Sitemap\SitemapLogging)
 Ô£ö Logger imported in sitemap class [0.47 ms]
 Ô£ö Logger imported in sitemap generator class [0.22 ms]
 Ô£ÿ Error logging for generation failures [0.31 ms]
   Ôöé
   Ôöé Failed asserting that '<?php\r\n
   Ôöé /**\r\n
   Ôöé  * Sitemap Module\r\n
   Ôöé  *\r\n
   Ôöé  * Handles XML sitemap generation and serving with performance optimization.\r\n
   Ôöé  * Implements lock pattern to prevent cache stampede.\r\n
   Ôöé  *\r\n
   Ôöé  * @package MeowSEO\r\n
   Ôöé  * @since 1.0.0\r\n
   Ôöé  */\r\n
   Ôöé \r\n
   Ôöé namespace MeowSEO\Modules\Sitemap;\r\n
   Ôöé \r\n
   Ôöé use MeowSEO\Contracts\Module;\r\n
   Ôöé use MeowSEO\Helpers\Cache;\r\n
   Ôöé use MeowSEO\Helpers\Logger;\r\n
   Ôöé use MeowSEO\Options;\r\n
   Ôöé \r\n
   Ôöé if ( ! defined( 'ABSPATH' ) ) {\r\n
   Ôöé 	exit;\r\n
   Ôöé }\r\n
   Ôöé \r\n
   Ôöé /**\r\n
   Ôöé  * Sitemap module class\r\n
   Ôöé  *\r\n
   Ôöé  * Intercepts sitemap requests and serves files directly from filesystem.\r\n
   Ôöé  *\r\n
   Ôöé  * @since 1.0.0\r\n
   Ôöé  */\r\n
   Ôöé class Sitemap implements Module {\r\n
   Ôöé \r\n
   Ôöé 	/**\r\n
   Ôöé 	 * Options instance\r\n
   Ôöé 	 *\r\n
   Ôöé 	 * @var Options\r\n
   Ôöé 	 */\r\n
   Ôöé 	private Options $options;\r\n
   Ôöé \r\n
   Ôöé 	/**\r\n
   Ôöé 	 * Sitemap builder instance\r\n
   Ôöé 	 *\r\n
   Ôöé 	 * @var Sitemap_Builder\r\n
   Ôöé 	 */\r\n
   Ôöé 	private Sitemap_Builder $builder;\r\n
   Ôöé \r\n
   Ôöé 	/**\r\n
   Ôöé 	 * Sitemap cache instance\r\n
   Ôöé 	 *\r\n
   Ôöé 	 * @var Sitemap_Cache\r\n
   Ôöé 	 */\r\n
   Ôöé 	private Sitemap_Cache $cache;\r\n
   Ôöé \r\n
   Ôöé 	/**\r\n
   Ôöé 	 * Sitemap ping instance\r\n
   Ôöé 	 *\r\n
   Ôöé 	 * @var Sitemap_Ping\r\n
   Ôöé 	 */\r\n
   Ôöé 	private Sitemap_Ping $ping;\r\n
   Ôöé \r\n
   Ôöé 	/**\r\n
   Ôöé 	 * Constructor\r\n
   Ôöé 	 *\r\n
   Ôöé 	 * @param Options $options Options instance.\r\n
   Ôöé 	 */\r\n
   Ôöé 	public function __construct( Options $options ) {\r\n
   Ôöé 		$this->options = $options;\r\n
   Ôöé 		$this->cache = new Sitemap_Cache();\r\n
   Ôöé 		$this->builder = new Sitemap_Builder( $this->cache, $options );\r\n
   Ôöé 		$this->ping = new Sitemap_Ping();\r\n
   Ôöé 	}\r\n
   Ôöé \r\n
   Ôöé 	/**\r\n
   Ôöé 	 * Boot the module\r\n
   Ôöé 	 *\r\n
   Ôöé 	 * Register hooks for sitemap functionality.\r\n
   Ôöé 	 *\r\n
   Ôöé 	 * @return void\r\n
   Ôöé 	 */\r\n
   Ôöé 	public function boot(): void {\r\n
   Ôöé 		add_action( 'init', array( $this, 'register_rewrite_rule' ) );\r\n
   Ôöé 		add_action( 'template_redirect', array( $this, 'intercept_sitemap_request' ), 1 );\r\n
   Ôöé 		add_action( 'save_post', array( $this, 'invalidate_cache_on_save' ), 10, 2 );\r\n
   Ôöé 		add_action( 'delete_post', array( $this, 'invalidate_cache_on_delete' ), 10, 1 );\r\n
   Ôöé 		add_action( 'created_term', array( $this, 'invalidate_cache_on_term_change' ), 10, 3 );\r\n
   Ôöé 		add_action( 'edited_term', array( $this, 'invalidate_cache_on_term_change' ), 10, 3 );\r\n
   Ôöé 		add_action( 'meowseo_regenerate_sitemaps', array( $this, 'regenerate_all_sitemaps' ) );\r\n
   Ôöé 		add_action( 'transition_post_status', array( $this, 'ping_on_post_publish' ), 10, 3 );\r\n
   Ôöé 		\r\n
   Ôöé 		// Schedule daily regeneration\r\n
   Ôöé 		$this->schedule_daily_regeneration();\r\n
   Ôöé 	}\r\n
   Ôöé \r\n
   Ôöé 	/**\r\n
   Ôöé 	 * Get module ID\r\n
   Ôöé 	 *\r\n
   Ôöé 	 * @return string Module ID.\r\n
   Ôöé 	 */\r\n
   Ôöé 	public function get_id(): string {\r\n
   Ôöé 		return 'sitemap';\r\n
   Ôöé 	}\r\n
   Ôöé \r\n
   Ôöé 	/**\r\n
   Ôöé 	 * Register rewrite rule for sitemap URLs\r\n
   Ôöé 	 *\r\n
   Ôöé 	 * @return void\r\n
   Ôöé 	 */\r\n
   Ôöé 	public function register_rewrite_rule(): void {\r\n
   Ôöé 		// Index sitemap (Requirement 3.1)\r\n
   Ôöé 		add_rewrite_rule(\r\n
   Ôöé 			'^sitemap\.xml$',\r\n
   Ôöé 			'index.php?meowseo_sitemap=index',\r\n
   Ôöé 			'top'\r\n
   Ôöé 		);\r\n
   Ôöé \r\n
   Ôöé 		// Posts sitemap (Requirement 3.2)\r\n
   Ôöé 		add_rewrite_rule(\r\n
   Ôöé 			'^sitemap-posts\.xml$',\r\n
   Ôöé 			'index.php?meowseo_sitemap=posts',\r\n
   Ôöé 			'top'\r\n
   Ôöé 		);\r\n
   Ôöé \r\n
   Ôöé 		// Pages sitemap (Requirement 3.3)\r\n
   Ôöé 		add_rewrite_rule(\r\n
   Ôöé 			'^sitemap-pages\.xml$',\r\n
   Ôöé 			'index.php?meowseo_sitemap=pages',\r\n
   Ôöé 			'top'\r\n
   Ôöé 		);\r\n
   Ôöé \r\n
   Ôöé 		// Custom post type sitemaps (Requirement 3.4)\r\n
   Ôöé 		add_rewrite_rule(\r\n
   Ôöé 			'^sitemap-([^/]+?)\.xml$',\r\n
   Ôöé 			'index.php?meowseo_sitemap=$matches[1]',\r\n
   Ôöé 			'top'\r\n
   Ôöé 		);\r\n
   Ôöé \r\n
   Ôöé 		// Paginated sitemaps\r\n
   Ôöé 		add_rewrite_rule(\r\n
   Ôöé 			'^sitemap-([^/]+?)-([0-9]+)\.xml$',\r\n
   Ôöé 			'index.php?meowseo_sitemap=$matches[1]&meowseo_sitemap_page=$matches[2]',\r\n
   Ôöé 			'top'\r\n
   Ôöé 		);\r\n
   Ôöé \r\n
   Ôöé 		// News sitemap (Requirement 3.1, 3.5)\r\n
   Ôöé 		add_rewrite_rule(\r\n
   Ôöé 			'^sitemap-news\.xml$',\r\n
   Ôöé 			'index.php?meowseo_sitemap=news',\r\n
   Ôöé 			'top'\r\n
   Ôöé 		);\r\n
   Ôöé \r\n
   Ôöé 		// Video sitemap (Requirement 3.6)\r\n
   Ôöé 		add_rewrite_rule(\r\n
   Ôöé 			'^sitemap-video\.xml$',\r\n
   Ôöé 			'index.php?meowseo_sitemap=video',\r\n
   Ôöé 			'top'\r\n
   Ôöé 		);\r\n
   Ôöé \r\n
   Ôöé 		add_rewrite_tag( '%meowseo_sitemap%', '([^&]+)' );\r\n
   Ôöé 		add_rewrite_tag( '%meowseo_sitemap_page%', '([0-9]+)' );\r\n
   Ôöé \r\n
   Ôöé 		// Flush rewrite rules if needed (Requirement 3.9)\r\n
   Ôöé 		if ( ! get_option( 'meowseo_sitemap_rewrite_flushed' ) ) {\r\n
   Ôöé 			flush_rewrite_rules();\r\n
   Ôöé 			update_option( 'meowseo_sitemap_rewrite_flushed', true );\r\n
   Ôöé 		}\r\n
   Ôöé 	}\r\n
   Ôöé \r\n
   Ôöé 	/**\r\n
   Ôöé 	 * Intercept sitemap request\r\n
   Ôöé 	 *\r\n
   Ôöé 	 * Serves sitemap files using Sitemap_Cache get_or_generate() method.\r\n
   Ôöé 	 * Implements lock pattern with stale-while-revalidate (Requirements 3.7, 3.8, 12.7, 14.5).\r\n
   Ôöé 	 *\r\n
   Ôöé 	 * @return void\r\n
   Ôöé 	 */\r\n
   Ôöé 	public function intercept_sitemap_request(): void {\r\n
   Ôöé 		global $wp_query;\r\n
   Ôöé \r\n
   Ôöé 		if ( ! isset( $wp_query->query_vars['meowseo_sitemap'] ) ) {\r\n
   Ôöé 			return;\r\n
   Ôöé 		}\r\n
   Ôöé \r\n
   Ôöé 		$sitemap_type = $wp_query->query_vars['meowseo_sitemap'];\r\n
   Ôöé 		$page = isset( $wp_query->query_vars['meowseo_sitemap_page'] ) ? (int) $wp_query->query_vars['meowseo_sitemap_page'] : 1;\r\n
   Ôöé \r\n
   Ôöé 		// Generate sitemap XML using cache get_or_generate()\r\n
   Ôöé 		$xml_content = $this->generate_sitemap( $sitemap_type, $page );\r\n
   Ôöé \r\n
   Ôöé 		// Set proper headers (Requirements 3.8, 14.5)\r\n
   Ôöé 		status_header( 200 );\r\n
   Ôöé 		header( 'Content-Type: application/xml; charset=utf-8' );\r\n
   Ôöé 		header( 'X-Robots-Tag: noindex, follow' );\r\n
   Ôöé \r\n
   Ôöé 		// Output XML content\r\n
   Ôöé 		echo $xml_content;\r\n
   Ôöé 		exit;\r\n
   Ôöé 	}\r\n
   Ôöé \r\n
   Ôöé 	/**\r\n
   Ôöé 	 * Generate sitemap\r\n
   Ôöé 	 *\r\n
   Ôöé 	 * Routes generation through Sitemap_Builder which uses Sitemap_Cache.\r\n
   Ôöé 	 *\r\n
   Ôöé 	 * @param string $type Sitemap type ('index', post type name, 'news', 'video').\r\n
   Ôöé 	 * @param int    $page Page number for paginated sitemaps.\r\n
   Ôöé 	 * @return string XML content.\r\n
   Ôöé 	 */\r\n
   Ôöé 	private function generate_sitemap( string $type, int $page = 1 ): string {\r\n
   Ôöé 		if ( 'index' === $type ) {\r\n
   Ôöé 			return $this->builder->build_index();\r\n
   Ôöé 		}\r\n
   Ôöé \r\n
   Ôöé 		if ( 'news' === $type ) {\r\n
   Ôöé 			return $this->builder->build_news();\r\n
   Ôöé 		}\r\n
   Ôöé \r\n
   Ôöé 		if ( 'video' === $type ) {\r\n
   Ôöé 			return $this->builder->build_video();\r\n
   Ôöé 		}\r\n
   Ôöé \r\n
   Ôöé 		// Handle 'posts' as 'post' post type\r\n
   Ôöé 		if ( 'posts' === $type ) {\r\n
   Ôöé 			$type = 'post';\r\n
   Ôöé 		}\r\n
   Ôöé \r\n
   Ôöé 		// Handle 'pages' as 'page' post type\r\n
   Ôöé 		if ( 'pages' === $type ) {\r\n
   Ôöé 			$type = 'page';\r\n
   Ôöé 		}\r\n
   Ôöé \r\n
   Ôöé 		return $this->builder->build_posts( $type, $page );\r\n
   Ôöé 	}\r\n
   Ôöé \r\n
   Ôöé 	/**\r\n
   Ôöé 	 * Invalidate cache on post save\r\n
   Ôöé 	 *\r\n
   Ôöé 	 * Uses Sitemap_Cache invalidate() method to delete affected sitemaps.\r\n
   Ôöé 	 * Implements stale-while-revalidate behavior (Requirements 6.1, 6.7).\r\n
   Ôöé 	 *\r\n
   Ôöé 	 * @param int      $post_id Post ID.\r\n
   Ôöé 	 * @param \WP_Post $post    Post object.\r\n
   Ôöé 	 * @return void\r\n
   Ôöé 	 */\r\n
   Ôöé 	public function invalidate_cache_on_save( int $post_id, \WP_Post $post ): void {\r\n
   Ôöé 		// Skip autosaves and revisions\r\n
   Ôöé 		if ( wp_is_post_autosave( $post_id ) || wp_is_post_revision( $post_id ) ) {\r\n
   Ôöé 			return;\r\n
   Ôöé 		}\r\n
   Ôöé \r\n
   Ôöé 		// Only invalidate for published posts\r\n
   Ôöé 		if ( 'publish' !== $post->post_status ) {\r\n
   Ôöé 			return;\r\n
   Ôöé 		}\r\n
   Ôöé \r\n
   Ôöé 		// Invalidate child sitemap for this post type (Requirement 6.1)\r\n
   Ôöé 		$this->cache->invalidate( $post->post_type );\r\n
   Ôöé 		\r\n
   Ôöé 		// Also invalidate paginated sitemaps\r\n
   Ôöé 		$this->invalidate_paginated_sitemaps( $post->post_type );\r\n
   Ôöé \r\n
   Ôöé 		// Invalidate index sitemap\r\n
   Ôöé 		$this->cache->invalidate( 'index' );\r\n
   Ôöé \r\n
   Ôöé 		// Invalidate news sitemap if this is a recent post\r\n
   Ôöé 		if ( 'post' === $post->post_type ) {\r\n
   Ôöé 			$post_age = time() - strtotime( $post->post_date_gmt );\r\n
   Ôöé 			if ( $post_age < 172800 ) { // 48 hours\r\n
   Ôöé 				$this->cache->invalidate( 'news' );\r\n
   Ôöé 			}\r\n
   Ôöé 		}\r\n
   Ôöé \r\n
   Ôöé 		Logger::info(\r\n
   Ôöé 			'Sitemap cache invalidated on post save',\r\n
   Ôöé 			array(\r\n
   Ôöé 				'post_id' => $post_id,\r\n
   Ôöé 				'post_type' => $post->post_type,\r\n
   Ôöé 			)\r\n
   Ôöé 		);\r\n
   Ôöé 	}\r\n
   Ôöé \r\n
   Ôöé 	/**\r\n
   Ôöé 	 * Invalidate cache on post delete\r\n
   Ôöé 	 *\r\n
   Ôöé 	 * Uses Sitemap_Cache invalidate() method to delete affected sitemaps\r\n
   Ôöé 	 * (Requirement 6.2).\r\n
   Ôöé 	 *\r\n
   Ôöé 	 * @param int $post_id Post ID.\r\n
   Ôöé 	 * @return void\r\n
   Ôöé 	 */\r\n
   Ôöé 	public function invalidate_cache_on_delete( int $post_id ): void {\r\n
   Ôöé 		$post = get_post( $post_id );\r\n
   Ôöé \r\n
   Ôöé 		if ( ! $post ) {\r\n
   Ôöé 			return;\r\n
   Ôöé 		}\r\n
   Ôöé \r\n
   Ôöé 		// Invalidate child sitemap for this post type (Requirement 6.2)\r\n
   Ôöé 		$this->cache->invalidate( $post->post_type );\r\n
   Ôöé 		\r\n
   Ôöé 		// Also invalidate paginated sitemaps\r\n
   Ôöé 		$this->invalidate_paginated_sitemaps( $post->post_type );\r\n
   Ôöé \r\n
   Ôöé 		// Invalidate index sitemap\r\n
   Ôöé 		$this->cache->invalidate( 'index' );\r\n
   Ôöé \r\n
   Ôöé 		// Invalidate news sitemap if this was a post\r\n
   Ôöé 		if ( 'post' === $post->post_type ) {\r\n
   Ôöé 			$this->cache->invalidate( 'news' );\r\n
   Ôöé 		}\r\n
   Ôöé \r\n
   Ôöé 		Logger::info(\r\n
   Ôöé 			'Sitemap cache invalidated on post delete',\r\n
   Ôöé 			array(\r\n
   Ôöé 				'post_id' => $post_id,\r\n
   Ôöé 				'post_type' => $post->post_type,\r\n
   Ôöé 			)\r\n
   Ôöé 		);\r\n
   Ôöé 	}\r\n
   Ôöé \r\n
   Ôöé 	/**\r\n
   Ôöé 	 * Invalidate cache on term change\r\n
   Ôöé 	 *\r\n
   Ôöé 	 * Uses Sitemap_Cache invalidate() method to delete affected sitemaps\r\n
   Ôöé 	 * (Requirements 6.3, 6.4).\r\n
   Ôöé 	 *\r\n
   Ôöé 	 * @param int    $term_id  Term ID.\r\n
   Ôöé 	 * @param int    $tt_id    Term taxonomy ID.\r\n
   Ôöé 	 * @param string $taxonomy Taxonomy slug.\r\n
   Ôöé 	 * @return void\r\n
   Ôöé 	 */\r\n
   Ôöé 	public function invalidate_cache_on_term_change( int $term_id, int $tt_id, string $taxonomy ): void {\r\n
   Ôöé 		// Get post types associated with this taxonomy\r\n
   Ôöé 		$taxonomy_obj = get_taxonomy( $taxonomy );\r\n
   Ôöé \r\n
   Ôöé 		if ( ! $taxonomy_obj || empty( $taxonomy_obj->object_type ) ) {\r\n
   Ôöé 			return;\r\n
   Ôöé 		}\r\n
   Ôöé \r\n
   Ôöé 		// Invalidate sitemaps for all post types using this taxonomy\r\n
   Ôöé 		foreach ( $taxonomy_obj->object_type as $post_type ) {\r\n
   Ôöé 			$this->cache->invalidate( $post_type );\r\n
   Ôöé 			$this->invalidate_paginated_sitemaps( $post_type );\r\n
   Ôöé 		}\r\n
   Ôöé \r\n
   Ôöé 		// Invalidate index sitemap\r\n
   Ôöé 		$this->cache->invalidate( 'index' );\r\n
   Ôöé \r\n
   Ôöé 		Logger::info(\r\n
   Ôöé 			'Sitemap cache invalidated on term change',\r\n
   Ôöé 			array(\r\n
   Ôöé 				'term_id' => $term_id,\r\n
   Ôöé 				'taxonomy' => $taxonomy,\r\n
   Ôöé 				'affected_post_types' => $taxonomy_obj->object_type,\r\n
   Ôöé 			)\r\n
   Ôöé 		);\r\n
   Ôöé 	}\r\n
   Ôöé \r\n
   Ôöé 	/**\r\n
   Ôöé 	 * Invalidate paginated sitemaps for a post type\r\n
   Ôöé 	 *\r\n
   Ôöé 	 * Deletes all paginated sitemap files for a given post type.\r\n
   Ôöé 	 *\r\n
   Ôöé 	 * @param string $post_type Post type name.\r\n
   Ôöé 	 * @return void\r\n
   Ôöé 	 */\r\n
   Ôöé 	private function invalidate_paginated_sitemaps( string $post_type ): void {\r\n
   Ôöé 		// Invalidate up to 100 pages (should be more than enough)\r\n
   Ôöé 		for ( $page = 2; $page <= 100; $page++ ) {\r\n
   Ôöé 			$cache_name = $post_type . '-' . $page;\r\n
   Ôöé 			$this->cache->invalidate( $cache_name );\r\n
   Ôöé 		}\r\n
   Ôöé 	}\r\n
   Ôöé \r\n
   Ôöé 	/**\r\n
   Ôöé 	 * Get public post types for sitemap\r\n
   Ôöé 	 *\r\n
   Ôöé 	 * @return array Array of post type names.\r\n
   Ôöé 	 */\r\n
   Ôöé 	private function get_public_post_types(): array {\r\n
   Ôöé 		$post_types = get_post_types(\r\n
   Ôöé 			array(\r\n
   Ôöé 				'public' => true,\r\n
   Ôöé 			),\r\n
   Ôöé 			'names'\r\n
   Ôöé 		);\r\n
   Ôöé \r\n
   Ôöé 		// Exclude attachment post type\r\n
   Ôöé 		unset( $post_types['attachment'] );\r\n
   Ôöé \r\n
   Ôöé 		return array_values( $post_types );\r\n
   Ôöé 	}\r\n
   Ôöé \r\n
   Ôöé 	/**\r\n
   Ôöé 	 * Regenerate all sitemaps\r\n
   Ôöé 	 *\r\n
   Ôöé 	 * Pre-generates all sitemaps to ensure fresh cache.\r\n
   Ôöé 	 * Called by WP-Cron daily event (Requirements 6.5, 6.6).\r\n
   Ôöé 	 * Pings search engines after regeneration (Requirement 7.2).\r\n
   Ôöé 	 *\r\n
   Ôöé 	 * @return void\r\n
   Ôöé 	 */\r\n
   Ôöé 	public function regenerate_all_sitemaps(): void {\r\n
   Ôöé 		Logger::info( 'Starting scheduled sitemap regeneration' );\r\n
   Ôöé \r\n
   Ôöé 		$post_types = $this->get_public_post_types();\r\n
   Ôöé \r\n
   Ôöé 		// Regenerate index sitemap\r\n
   Ôöé 		$this->builder->build_index();\r\n
   Ôöé 		Logger::info( 'Regenerated index sitemap' );\r\n
   Ôöé \r\n
   Ôöé 		// Regenerate sitemaps for each post type\r\n
   Ôöé 		foreach ( $post_types as $post_type ) {\r\n
   Ôöé 			// Get post count to determine number of pages\r\n
   Ôöé 			$count = $this->get_post_count( $post_type );\r\n
   Ôöé \r\n
   Ôöé 			if ( $count === 0 ) {\r\n
   Ôöé 				continue;\r\n
   Ôöé 			}\r\n
   Ôöé \r\n
   Ôöé 			$pages = (int) ceil( $count / 1000 ); // 1000 URLs per sitemap\r\n
   Ôöé \r\n
   Ôöé 			// Regenerate all pages for this post type\r\n
   Ôöé 			for ( $page = 1; $page <= $pages; $page++ ) {\r\n
   Ôöé 				$this->builder->build_posts( $post_type, $page );\r\n
   Ôöé 			}\r\n
   Ôöé \r\n
   Ôöé 			Logger::info(\r\n
   Ôöé 				'Regenerated sitemap for post type',\r\n
   Ôöé 				array(\r\n
   Ôöé 					'post_type' => $post_type,\r\n
   Ôöé 					'pages' => $pages,\r\n
   Ôöé 					'total_posts' => $count,\r\n
   Ôöé 				)\r\n
   Ôöé 			);\r\n
   Ôöé 		}\r\n
   Ôöé \r\n
   Ôöé 		// Regenerate news sitemap\r\n
   Ôöé 		$this->builder->build_news();\r\n
   Ôöé 		Logger::info( 'Regenerated news sitemap' );\r\n
   Ôöé \r\n
   Ôöé 		// Regenerate video sitemap\r\n
   Ôöé 		$this->builder->build_video();\r\n
   Ôöé 		Logger::info( 'Regenerated video sitemap' );\r\n
   Ôöé \r\n
   Ôöé 		Logger::info( 'Completed scheduled sitemap regeneration' );\r\n
   Ôöé \r\n
   Ôöé 		// Ping search engines after regeneration (Requirement 7.2)\r\n
   Ôöé 		$this->ping_search_engines();\r\n
   Ôöé 	}\r\n
   Ôöé \r\n
   Ôöé 	/**\r\n
   Ôöé 	 * Get post count for a post type\r\n
   Ôöé 	 *\r\n
   Ôöé 	 * Counts only published posts that are not marked as noindex.\r\n
   Ôöé 	 *\r\n
   Ôöé 	 * @param string $post_type Post type name.\r\n
   Ôöé 	 * @return int Post count.\r\n
   Ôöé 	 */\r\n
   Ôöé 	private function get_post_count( string $post_type ): int {\r\n
   Ôöé 		global $wpdb;\r\n
   Ôöé \r\n
   Ôöé 		// phpcs:ignore WordPress.DB.DirectDatabaseQuery.DirectQuery, WordPress.DB.DirectDatabaseQuery.NoCaching\r\n
   Ôöé 		$count = $wpdb->get_var(\r\n
   Ôöé 			$wpdb->prepare(\r\n
   Ôöé 				"SELECT COUNT(DISTINCT p.ID)\r\n
   Ôöé 				FROM {$wpdb->posts} p\r\n
   Ôöé 				LEFT JOIN {$wpdb->postmeta} pm \r\n
   Ôöé 					ON p.ID = pm.post_id \r\n
   Ôöé 					AND pm.meta_key = '_meowseo_noindex'\r\n
   Ôöé 				WHERE p.post_type = %s\r\n
   Ôöé 				AND p.post_status = 'publish'\r\n
   Ôöé 				AND (pm.meta_value IS NULL OR pm.meta_value != '1')",\r\n
   Ôöé 				$post_type\r\n
   Ôöé 			)\r\n
   Ôöé 		);\r\n
   Ôöé \r\n
   Ôöé 		return (int) $count;\r\n
   Ôöé 	}\r\n
   Ôöé \r\n
   Ôöé 	/**\r\n
   Ôöé 	 * Schedule daily sitemap regeneration\r\n
   Ôöé 	 *\r\n
   Ôöé 	 * Registers WP-Cron event for daily sitemap pre-generation.\r\n
   Ôöé 	 *\r\n
   Ôöé 	 * @return void\r\n
   Ôöé 	 */\r\n
   Ôöé 	public function schedule_daily_regeneration(): void {\r\n
   Ôöé 		if ( ! wp_next_scheduled( 'meowseo_regenerate_sitemaps' ) ) {\r\n
   Ôöé 			wp_schedule_event( time(), 'daily', 'meowseo_regenerate_sitemaps' );\r\n
   Ôöé 			Logger::info( 'Scheduled daily sitemap regeneration' );\r\n
   Ôöé 		}\r\n
   Ôöé 	}\r\n
   Ôöé \r\n
   Ôöé 	/**\r\n
   Ôöé 	 * Ping search engines on post publish\r\n
   Ôöé 	 *\r\n
   Ôöé 	 * Hooks into transition_post_status to ping when a post is published (Requirement 7.3).\r\n
   Ôöé 	 *\r\n
   Ôöé 	 * @param string   $new_status New post status.\r\n
   Ôöé 	 * @param string   $old_status Old post status.\r\n
   Ôöé 	 * @param \WP_Post $post       Post object.\r\n
   Ôöé 	 * @return void\r\n
   Ôöé 	 */\r\n
   Ôöé 	public function ping_on_post_publish( string $new_status, string $old_status, \WP_Post $post ): void {\r\n
   Ôöé 		// Only ping when transitioning to publish status (Requirement 7.3)\r\n
   Ôöé 		if ( 'publish' !== $new_status || 'publish' === $old_status ) {\r\n
   Ôöé 			return;\r\n
   Ôöé 		}\r\n
   Ôöé \r\n
   Ôöé 		// Skip autosaves and revisions\r\n
   Ôöé 		if ( wp_is_post_autosave( $post->ID ) || wp_is_post_revision( $post->ID ) ) {\r\n
   Ôöé 			return;\r\n
   Ôöé 		}\r\n
   Ôöé \r\n
   Ôöé 		Logger::info(\r\n
   Ôöé 			'Post published, triggering sitemap ping',\r\n
   Ôöé 			array(\r\n
   Ôöé 				'post_id' => $post->ID,\r\n
   Ôöé 				'post_type' => $post->post_type,\r\n
   Ôöé 			)\r\n
   Ôöé 		);\r\n
   Ôöé \r\n
   Ôöé 		// Ping search engines (Requirement 7.3)\r\n
   Ôöé 		$this->ping_search_engines();\r\n
   Ôöé 	}\r\n
   Ôöé \r\n
   Ôöé 	/**\r\n
   Ôöé 	 * Ping search engines with sitemap URL\r\n
   Ôöé 	 *\r\n
   Ôöé 	 * Notifies Google and Bing of sitemap updates (Requirements 7.1, 7.6).\r\n
   Ôöé 	 *\r\n
   Ôöé 	 * @return void\r\n
   Ôöé 	 */\r\n
   Ôöé 	private function ping_search_engines(): void {\r\n
   Ôöé 		$sitemap_url = trailingslashit( get_site_url() ) . 'sitemap.xml';\r\n
   Ôöé 		$this->ping->ping( $sitemap_url );\r\n
   Ôöé 	}\r\n
   Ôöé }\r\n
   Ôöé ' contains "Logger::error(".
   Ôöé
   Ôöé D:\meowseo\tests\modules\sitemap\SitemapLoggingTest.php:42
   Ôöé

 Ô£ÿ Info logging for cache regeneration [0.71 ms]
   Ôöé
   Ôöé Failed asserting that '<?php\r\n
   Ôöé /**\r\n
   Ôöé  * Sitemap Module\r\n
   Ôöé  *\r\n
   Ôöé  * Handles XML sitemap generation and serving with performance optimization.\r\n
   Ôöé  * Implements lock pattern to prevent cache stampede.\r\n
   Ôöé  *\r\n
   Ôöé  * @package MeowSEO\r\n
   Ôöé  * @since 1.0.0\r\n
   Ôöé  */\r\n
   Ôöé \r\n
   Ôöé namespace MeowSEO\Modules\Sitemap;\r\n
   Ôöé \r\n
   Ôöé use MeowSEO\Contracts\Module;\r\n
   Ôöé use MeowSEO\Helpers\Cache;\r\n
   Ôöé use MeowSEO\Helpers\Logger;\r\n
   Ôöé use MeowSEO\Options;\r\n
   Ôöé \r\n
   Ôöé if ( ! defined( 'ABSPATH' ) ) {\r\n
   Ôöé 	exit;\r\n
   Ôöé }\r\n
   Ôöé \r\n
   Ôöé /**\r\n
   Ôöé  * Sitemap module class\r\n
   Ôöé  *\r\n
   Ôöé  * Intercepts sitemap requests and serves files directly from filesystem.\r\n
   Ôöé  *\r\n
   Ôöé  * @since 1.0.0\r\n
   Ôöé  */\r\n
   Ôöé class Sitemap implements Module {\r\n
   Ôöé \r\n
   Ôöé 	/**\r\n
   Ôöé 	 * Options instance\r\n
   Ôöé 	 *\r\n
   Ôöé 	 * @var Options\r\n
   Ôöé 	 */\r\n
   Ôöé 	private Options $options;\r\n
   Ôöé \r\n
   Ôöé 	/**\r\n
   Ôöé 	 * Sitemap builder instance\r\n
   Ôöé 	 *\r\n
   Ôöé 	 * @var Sitemap_Builder\r\n
   Ôöé 	 */\r\n
   Ôöé 	private Sitemap_Builder $builder;\r\n
   Ôöé \r\n
   Ôöé 	/**\r\n
   Ôöé 	 * Sitemap cache instance\r\n
   Ôöé 	 *\r\n
   Ôöé 	 * @var Sitemap_Cache\r\n
   Ôöé 	 */\r\n
   Ôöé 	private Sitemap_Cache $cache;\r\n
   Ôöé \r\n
   Ôöé 	/**\r\n
   Ôöé 	 * Sitemap ping instance\r\n
   Ôöé 	 *\r\n
   Ôöé 	 * @var Sitemap_Ping\r\n
   Ôöé 	 */\r\n
   Ôöé 	private Sitemap_Ping $ping;\r\n
   Ôöé \r\n
   Ôöé 	/**\r\n
   Ôöé 	 * Constructor\r\n
   Ôöé 	 *\r\n
   Ôöé 	 * @param Options $options Options instance.\r\n
   Ôöé 	 */\r\n
   Ôöé 	public function __construct( Options $options ) {\r\n
   Ôöé 		$this->options = $options;\r\n
   Ôöé 		$this->cache = new Sitemap_Cache();\r\n
   Ôöé 		$this->builder = new Sitemap_Builder( $this->cache, $options );\r\n
   Ôöé 		$this->ping = new Sitemap_Ping();\r\n
   Ôöé 	}\r\n
   Ôöé \r\n
   Ôöé 	/**\r\n
   Ôöé 	 * Boot the module\r\n
   Ôöé 	 *\r\n
   Ôöé 	 * Register hooks for sitemap functionality.\r\n
   Ôöé 	 *\r\n
   Ôöé 	 * @return void\r\n
   Ôöé 	 */\r\n
   Ôöé 	public function boot(): void {\r\n
   Ôöé 		add_action( 'init', array( $this, 'register_rewrite_rule' ) );\r\n
   Ôöé 		add_action( 'template_redirect', array( $this, 'intercept_sitemap_request' ), 1 );\r\n
   Ôöé 		add_action( 'save_post', array( $this, 'invalidate_cache_on_save' ), 10, 2 );\r\n
   Ôöé 		add_action( 'delete_post', array( $this, 'invalidate_cache_on_delete' ), 10, 1 );\r\n
   Ôöé 		add_action( 'created_term', array( $this, 'invalidate_cache_on_term_change' ), 10, 3 );\r\n
   Ôöé 		add_action( 'edited_term', array( $this, 'invalidate_cache_on_term_change' ), 10, 3 );\r\n
   Ôöé 		add_action( 'meowseo_regenerate_sitemaps', array( $this, 'regenerate_all_sitemaps' ) );\r\n
   Ôöé 		add_action( 'transition_post_status', array( $this, 'ping_on_post_publish' ), 10, 3 );\r\n
   Ôöé 		\r\n
   Ôöé 		// Schedule daily regeneration\r\n
   Ôöé 		$this->schedule_daily_regeneration();\r\n
   Ôöé 	}\r\n
   Ôöé \r\n
   Ôöé 	/**\r\n
   Ôöé 	 * Get module ID\r\n
   Ôöé 	 *\r\n
   Ôöé 	 * @return string Module ID.\r\n
   Ôöé 	 */\r\n
   Ôöé 	public function get_id(): string {\r\n
   Ôöé 		return 'sitemap';\r\n
   Ôöé 	}\r\n
   Ôöé \r\n
   Ôöé 	/**\r\n
   Ôöé 	 * Register rewrite rule for sitemap URLs\r\n
   Ôöé 	 *\r\n
   Ôöé 	 * @return void\r\n
   Ôöé 	 */\r\n
   Ôöé 	public function register_rewrite_rule(): void {\r\n
   Ôöé 		// Index sitemap (Requirement 3.1)\r\n
   Ôöé 		add_rewrite_rule(\r\n
   Ôöé 			'^sitemap\.xml$',\r\n
   Ôöé 			'index.php?meowseo_sitemap=index',\r\n
   Ôöé 			'top'\r\n
   Ôöé 		);\r\n
   Ôöé \r\n
   Ôöé 		// Posts sitemap (Requirement 3.2)\r\n
   Ôöé 		add_rewrite_rule(\r\n
   Ôöé 			'^sitemap-posts\.xml$',\r\n
   Ôöé 			'index.php?meowseo_sitemap=posts',\r\n
   Ôöé 			'top'\r\n
   Ôöé 		);\r\n
   Ôöé \r\n
   Ôöé 		// Pages sitemap (Requirement 3.3)\r\n
   Ôöé 		add_rewrite_rule(\r\n
   Ôöé 			'^sitemap-pages\.xml$',\r\n
   Ôöé 			'index.php?meowseo_sitemap=pages',\r\n
   Ôöé 			'top'\r\n
   Ôöé 		);\r\n
   Ôöé \r\n
   Ôöé 		// Custom post type sitemaps (Requirement 3.4)\r\n
   Ôöé 		add_rewrite_rule(\r\n
   Ôöé 			'^sitemap-([^/]+?)\.xml$',\r\n
   Ôöé 			'index.php?meowseo_sitemap=$matches[1]',\r\n
   Ôöé 			'top'\r\n
   Ôöé 		);\r\n
   Ôöé \r\n
   Ôöé 		// Paginated sitemaps\r\n
   Ôöé 		add_rewrite_rule(\r\n
   Ôöé 			'^sitemap-([^/]+?)-([0-9]+)\.xml$',\r\n
   Ôöé 			'index.php?meowseo_sitemap=$matches[1]&meowseo_sitemap_page=$matches[2]',\r\n
   Ôöé 			'top'\r\n
   Ôöé 		);\r\n
   Ôöé \r\n
   Ôöé 		// News sitemap (Requirement 3.1, 3.5)\r\n
   Ôöé 		add_rewrite_rule(\r\n
   Ôöé 			'^sitemap-news\.xml$',\r\n
   Ôöé 			'index.php?meowseo_sitemap=news',\r\n
   Ôöé 			'top'\r\n
   Ôöé 		);\r\n
   Ôöé \r\n
   Ôöé 		// Video sitemap (Requirement 3.6)\r\n
   Ôöé 		add_rewrite_rule(\r\n
   Ôöé 			'^sitemap-video\.xml$',\r\n
   Ôöé 			'index.php?meowseo_sitemap=video',\r\n
   Ôöé 			'top'\r\n
   Ôöé 		);\r\n
   Ôöé \r\n
   Ôöé 		add_rewrite_tag( '%meowseo_sitemap%', '([^&]+)' );\r\n
   Ôöé 		add_rewrite_tag( '%meowseo_sitemap_page%', '([0-9]+)' );\r\n
   Ôöé \r\n
   Ôöé 		// Flush rewrite rules if needed (Requirement 3.9)\r\n
   Ôöé 		if ( ! get_option( 'meowseo_sitemap_rewrite_flushed' ) ) {\r\n
   Ôöé 			flush_rewrite_rules();\r\n
   Ôöé 			update_option( 'meowseo_sitemap_rewrite_flushed', true );\r\n
   Ôöé 		}\r\n
   Ôöé 	}\r\n
   Ôöé \r\n
   Ôöé 	/**\r\n
   Ôöé 	 * Intercept sitemap request\r\n
   Ôöé 	 *\r\n
   Ôöé 	 * Serves sitemap files using Sitemap_Cache get_or_generate() method.\r\n
   Ôöé 	 * Implements lock pattern with stale-while-revalidate (Requirements 3.7, 3.8, 12.7, 14.5).\r\n
   Ôöé 	 *\r\n
   Ôöé 	 * @return void\r\n
   Ôöé 	 */\r\n
   Ôöé 	public function intercept_sitemap_request(): void {\r\n
   Ôöé 		global $wp_query;\r\n
   Ôöé \r\n
   Ôöé 		if ( ! isset( $wp_query->query_vars['meowseo_sitemap'] ) ) {\r\n
   Ôöé 			return;\r\n
   Ôöé 		}\r\n
   Ôöé \r\n
   Ôöé 		$sitemap_type = $wp_query->query_vars['meowseo_sitemap'];\r\n
   Ôöé 		$page = isset( $wp_query->query_vars['meowseo_sitemap_page'] ) ? (int) $wp_query->query_vars['meowseo_sitemap_page'] : 1;\r\n
   Ôöé \r\n
   Ôöé 		// Generate sitemap XML using cache get_or_generate()\r\n
   Ôöé 		$xml_content = $this->generate_sitemap( $sitemap_type, $page );\r\n
   Ôöé \r\n
   Ôöé 		// Set proper headers (Requirements 3.8, 14.5)\r\n
   Ôöé 		status_header( 200 );\r\n
   Ôöé 		header( 'Content-Type: application/xml; charset=utf-8' );\r\n
   Ôöé 		header( 'X-Robots-Tag: noindex, follow' );\r\n
   Ôöé \r\n
   Ôöé 		// Output XML content\r\n
   Ôöé 		echo $xml_content;\r\n
   Ôöé 		exit;\r\n
   Ôöé 	}\r\n
   Ôöé \r\n
   Ôöé 	/**\r\n
   Ôöé 	 * Generate sitemap\r\n
   Ôöé 	 *\r\n
   Ôöé 	 * Routes generation through Sitemap_Builder which uses Sitemap_Cache.\r\n
   Ôöé 	 *\r\n
   Ôöé 	 * @param string $type Sitemap type ('index', post type name, 'news', 'video').\r\n
   Ôöé 	 * @param int    $page Page number for paginated sitemaps.\r\n
   Ôöé 	 * @return string XML content.\r\n
   Ôöé 	 */\r\n
   Ôöé 	private function generate_sitemap( string $type, int $page = 1 ): string {\r\n
   Ôöé 		if ( 'index' === $type ) {\r\n
   Ôöé 			return $this->builder->build_index();\r\n
   Ôöé 		}\r\n
   Ôöé \r\n
   Ôöé 		if ( 'news' === $type ) {\r\n
   Ôöé 			return $this->builder->build_news();\r\n
   Ôöé 		}\r\n
   Ôöé \r\n
   Ôöé 		if ( 'video' === $type ) {\r\n
   Ôöé 			return $this->builder->build_video();\r\n
   Ôöé 		}\r\n
   Ôöé \r\n
   Ôöé 		// Handle 'posts' as 'post' post type\r\n
   Ôöé 		if ( 'posts' === $type ) {\r\n
   Ôöé 			$type = 'post';\r\n
   Ôöé 		}\r\n
   Ôöé \r\n
   Ôöé 		// Handle 'pages' as 'page' post type\r\n
   Ôöé 		if ( 'pages' === $type ) {\r\n
   Ôöé 			$type = 'page';\r\n
   Ôöé 		}\r\n
   Ôöé \r\n
   Ôöé 		return $this->builder->build_posts( $type, $page );\r\n
   Ôöé 	}\r\n
   Ôöé \r\n
   Ôöé 	/**\r\n
   Ôöé 	 * Invalidate cache on post save\r\n
   Ôöé 	 *\r\n
   Ôöé 	 * Uses Sitemap_Cache invalidate() method to delete affected sitemaps.\r\n
   Ôöé 	 * Implements stale-while-revalidate behavior (Requirements 6.1, 6.7).\r\n
   Ôöé 	 *\r\n
   Ôöé 	 * @param int      $post_id Post ID.\r\n
   Ôöé 	 * @param \WP_Post $post    Post object.\r\n
   Ôöé 	 * @return void\r\n
   Ôöé 	 */\r\n
   Ôöé 	public function invalidate_cache_on_save( int $post_id, \WP_Post $post ): void {\r\n
   Ôöé 		// Skip autosaves and revisions\r\n
   Ôöé 		if ( wp_is_post_autosave( $post_id ) || wp_is_post_revision( $post_id ) ) {\r\n
   Ôöé 			return;\r\n
   Ôöé 		}\r\n
   Ôöé \r\n
   Ôöé 		// Only invalidate for published posts\r\n
   Ôöé 		if ( 'publish' !== $post->post_status ) {\r\n
   Ôöé 			return;\r\n
   Ôöé 		}\r\n
   Ôöé \r\n
   Ôöé 		// Invalidate child sitemap for this post type (Requirement 6.1)\r\n
   Ôöé 		$this->cache->invalidate( $post->post_type );\r\n
   Ôöé 		\r\n
   Ôöé 		// Also invalidate paginated sitemaps\r\n
   Ôöé 		$this->invalidate_paginated_sitemaps( $post->post_type );\r\n
   Ôöé \r\n
   Ôöé 		// Invalidate index sitemap\r\n
   Ôöé 		$this->cache->invalidate( 'index' );\r\n
   Ôöé \r\n
   Ôöé 		// Invalidate news sitemap if this is a recent post\r\n
   Ôöé 		if ( 'post' === $post->post_type ) {\r\n
   Ôöé 			$post_age = time() - strtotime( $post->post_date_gmt );\r\n
   Ôöé 			if ( $post_age < 172800 ) { // 48 hours\r\n
   Ôöé 				$this->cache->invalidate( 'news' );\r\n
   Ôöé 			}\r\n
   Ôöé 		}\r\n
   Ôöé \r\n
   Ôöé 		Logger::info(\r\n
   Ôöé 			'Sitemap cache invalidated on post save',\r\n
   Ôöé 			array(\r\n
   Ôöé 				'post_id' => $post_id,\r\n
   Ôöé 				'post_type' => $post->post_type,\r\n
   Ôöé 			)\r\n
   Ôöé 		);\r\n
   Ôöé 	}\r\n
   Ôöé \r\n
   Ôöé 	/**\r\n
   Ôöé 	 * Invalidate cache on post delete\r\n
   Ôöé 	 *\r\n
   Ôöé 	 * Uses Sitemap_Cache invalidate() method to delete affected sitemaps\r\n
   Ôöé 	 * (Requirement 6.2).\r\n
   Ôöé 	 *\r\n
   Ôöé 	 * @param int $post_id Post ID.\r\n
   Ôöé 	 * @return void\r\n
   Ôöé 	 */\r\n
   Ôöé 	public function invalidate_cache_on_delete( int $post_id ): void {\r\n
   Ôöé 		$post = get_post( $post_id );\r\n
   Ôöé \r\n
   Ôöé 		if ( ! $post ) {\r\n
   Ôöé 			return;\r\n
   Ôöé 		}\r\n
   Ôöé \r\n
   Ôöé 		// Invalidate child sitemap for this post type (Requirement 6.2)\r\n
   Ôöé 		$this->cache->invalidate( $post->post_type );\r\n
   Ôöé 		\r\n
   Ôöé 		// Also invalidate paginated sitemaps\r\n
   Ôöé 		$this->invalidate_paginated_sitemaps( $post->post_type );\r\n
   Ôöé \r\n
   Ôöé 		// Invalidate index sitemap\r\n
   Ôöé 		$this->cache->invalidate( 'index' );\r\n
   Ôöé \r\n
   Ôöé 		// Invalidate news sitemap if this was a post\r\n
   Ôöé 		if ( 'post' === $post->post_type ) {\r\n
   Ôöé 			$this->cache->invalidate( 'news' );\r\n
   Ôöé 		}\r\n
   Ôöé \r\n
   Ôöé 		Logger::info(\r\n
   Ôöé 			'Sitemap cache invalidated on post delete',\r\n
   Ôöé 			array(\r\n
   Ôöé 				'post_id' => $post_id,\r\n
   Ôöé 				'post_type' => $post->post_type,\r\n
   Ôöé 			)\r\n
   Ôöé 		);\r\n
   Ôöé 	}\r\n
   Ôöé \r\n
   Ôöé 	/**\r\n
   Ôöé 	 * Invalidate cache on term change\r\n
   Ôöé 	 *\r\n
   Ôöé 	 * Uses Sitemap_Cache invalidate() method to delete affected sitemaps\r\n
   Ôöé 	 * (Requirements 6.3, 6.4).\r\n
   Ôöé 	 *\r\n
   Ôöé 	 * @param int    $term_id  Term ID.\r\n
   Ôöé 	 * @param int    $tt_id    Term taxonomy ID.\r\n
   Ôöé 	 * @param string $taxonomy Taxonomy slug.\r\n
   Ôöé 	 * @return void\r\n
   Ôöé 	 */\r\n
   Ôöé 	public function invalidate_cache_on_term_change( int $term_id, int $tt_id, string $taxonomy ): void {\r\n
   Ôöé 		// Get post types associated with this taxonomy\r\n
   Ôöé 		$taxonomy_obj = get_taxonomy( $taxonomy );\r\n
   Ôöé \r\n
   Ôöé 		if ( ! $taxonomy_obj || empty( $taxonomy_obj->object_type ) ) {\r\n
   Ôöé 			return;\r\n
   Ôöé 		}\r\n
   Ôöé \r\n
   Ôöé 		// Invalidate sitemaps for all post types using this taxonomy\r\n
   Ôöé 		foreach ( $taxonomy_obj->object_type as $post_type ) {\r\n
   Ôöé 			$this->cache->invalidate( $post_type );\r\n
   Ôöé 			$this->invalidate_paginated_sitemaps( $post_type );\r\n
   Ôöé 		}\r\n
   Ôöé \r\n
   Ôöé 		// Invalidate index sitemap\r\n
   Ôöé 		$this->cache->invalidate( 'index' );\r\n
   Ôöé \r\n
   Ôöé 		Logger::info(\r\n
   Ôöé 			'Sitemap cache invalidated on term change',\r\n
   Ôöé 			array(\r\n
   Ôöé 				'term_id' => $term_id,\r\n
   Ôöé 				'taxonomy' => $taxonomy,\r\n
   Ôöé 				'affected_post_types' => $taxonomy_obj->object_type,\r\n
   Ôöé 			)\r\n
   Ôöé 		);\r\n
   Ôöé 	}\r\n
   Ôöé \r\n
   Ôöé 	/**\r\n
   Ôöé 	 * Invalidate paginated sitemaps for a post type\r\n
   Ôöé 	 *\r\n
   Ôöé 	 * Deletes all paginated sitemap files for a given post type.\r\n
   Ôöé 	 *\r\n
   Ôöé 	 * @param string $post_type Post type name.\r\n
   Ôöé 	 * @return void\r\n
   Ôöé 	 */\r\n
   Ôöé 	private function invalidate_paginated_sitemaps( string $post_type ): void {\r\n
   Ôöé 		// Invalidate up to 100 pages (should be more than enough)\r\n
   Ôöé 		for ( $page = 2; $page <= 100; $page++ ) {\r\n
   Ôöé 			$cache_name = $post_type . '-' . $page;\r\n
   Ôöé 			$this->cache->invalidate( $cache_name );\r\n
   Ôöé 		}\r\n
   Ôöé 	}\r\n
   Ôöé \r\n
   Ôöé 	/**\r\n
   Ôöé 	 * Get public post types for sitemap\r\n
   Ôöé 	 *\r\n
   Ôöé 	 * @return array Array of post type names.\r\n
   Ôöé 	 */\r\n
   Ôöé 	private function get_public_post_types(): array {\r\n
   Ôöé 		$post_types = get_post_types(\r\n
   Ôöé 			array(\r\n
   Ôöé 				'public' => true,\r\n
   Ôöé 			),\r\n
   Ôöé 			'names'\r\n
   Ôöé 		);\r\n
   Ôöé \r\n
   Ôöé 		// Exclude attachment post type\r\n
   Ôöé 		unset( $post_types['attachment'] );\r\n
   Ôöé \r\n
   Ôöé 		return array_values( $post_types );\r\n
   Ôöé 	}\r\n
   Ôöé \r\n
   Ôöé 	/**\r\n
   Ôöé 	 * Regenerate all sitemaps\r\n
   Ôöé 	 *\r\n
   Ôöé 	 * Pre-generates all sitemaps to ensure fresh cache.\r\n
   Ôöé 	 * Called by WP-Cron daily event (Requirements 6.5, 6.6).\r\n
   Ôöé 	 * Pings search engines after regeneration (Requirement 7.2).\r\n
   Ôöé 	 *\r\n
   Ôöé 	 * @return void\r\n
   Ôöé 	 */\r\n
   Ôöé 	public function regenerate_all_sitemaps(): void {\r\n
   Ôöé 		Logger::info( 'Starting scheduled sitemap regeneration' );\r\n
   Ôöé \r\n
   Ôöé 		$post_types = $this->get_public_post_types();\r\n
   Ôöé \r\n
   Ôöé 		// Regenerate index sitemap\r\n
   Ôöé 		$this->builder->build_index();\r\n
   Ôöé 		Logger::info( 'Regenerated index sitemap' );\r\n
   Ôöé \r\n
   Ôöé 		// Regenerate sitemaps for each post type\r\n
   Ôöé 		foreach ( $post_types as $post_type ) {\r\n
   Ôöé 			// Get post count to determine number of pages\r\n
   Ôöé 			$count = $this->get_post_count( $post_type );\r\n
   Ôöé \r\n
   Ôöé 			if ( $count === 0 ) {\r\n
   Ôöé 				continue;\r\n
   Ôöé 			}\r\n
   Ôöé \r\n
   Ôöé 			$pages = (int) ceil( $count / 1000 ); // 1000 URLs per sitemap\r\n
   Ôöé \r\n
   Ôöé 			// Regenerate all pages for this post type\r\n
   Ôöé 			for ( $page = 1; $page <= $pages; $page++ ) {\r\n
   Ôöé 				$this->builder->build_posts( $post_type, $page );\r\n
   Ôöé 			}\r\n
   Ôöé \r\n
   Ôöé 			Logger::info(\r\n
   Ôöé 				'Regenerated sitemap for post type',\r\n
   Ôöé 				array(\r\n
   Ôöé 					'post_type' => $post_type,\r\n
   Ôöé 					'pages' => $pages,\r\n
   Ôöé 					'total_posts' => $count,\r\n
   Ôöé 				)\r\n
   Ôöé 			);\r\n
   Ôöé 		}\r\n
   Ôöé \r\n
   Ôöé 		// Regenerate news sitemap\r\n
   Ôöé 		$this->builder->build_news();\r\n
   Ôöé 		Logger::info( 'Regenerated news sitemap' );\r\n
   Ôöé \r\n
   Ôöé 		// Regenerate video sitemap\r\n
   Ôöé 		$this->builder->build_video();\r\n
   Ôöé 		Logger::info( 'Regenerated video sitemap' );\r\n
   Ôöé \r\n
   Ôöé 		Logger::info( 'Completed scheduled sitemap regeneration' );\r\n
   Ôöé \r\n
   Ôöé 		// Ping search engines after regeneration (Requirement 7.2)\r\n
   Ôöé 		$this->ping_search_engines();\r\n
   Ôöé 	}\r\n
   Ôöé \r\n
   Ôöé 	/**\r\n
   Ôöé 	 * Get post count for a post type\r\n
   Ôöé 	 *\r\n
   Ôöé 	 * Counts only published posts that are not marked as noindex.\r\n
   Ôöé 	 *\r\n
   Ôöé 	 * @param string $post_type Post type name.\r\n
   Ôöé 	 * @return int Post count.\r\n
   Ôöé 	 */\r\n
   Ôöé 	private function get_post_count( string $post_type ): int {\r\n
   Ôöé 		global $wpdb;\r\n
   Ôöé \r\n
   Ôöé 		// phpcs:ignore WordPress.DB.DirectDatabaseQuery.DirectQuery, WordPress.DB.DirectDatabaseQuery.NoCaching\r\n
   Ôöé 		$count = $wpdb->get_var(\r\n
   Ôöé 			$wpdb->prepare(\r\n
   Ôöé 				"SELECT COUNT(DISTINCT p.ID)\r\n
   Ôöé 				FROM {$wpdb->posts} p\r\n
   Ôöé 				LEFT JOIN {$wpdb->postmeta} pm \r\n
   Ôöé 					ON p.ID = pm.post_id \r\n
   Ôöé 					AND pm.meta_key = '_meowseo_noindex'\r\n
   Ôöé 				WHERE p.post_type = %s\r\n
   Ôöé 				AND p.post_status = 'publish'\r\n
   Ôöé 				AND (pm.meta_value IS NULL OR pm.meta_value != '1')",\r\n
   Ôöé 				$post_type\r\n
   Ôöé 			)\r\n
   Ôöé 		);\r\n
   Ôöé \r\n
   Ôöé 		return (int) $count;\r\n
   Ôöé 	}\r\n
   Ôöé \r\n
   Ôöé 	/**\r\n
   Ôöé 	 * Schedule daily sitemap regeneration\r\n
   Ôöé 	 *\r\n
   Ôöé 	 * Registers WP-Cron event for daily sitemap pre-generation.\r\n
   Ôöé 	 *\r\n
   Ôöé 	 * @return void\r\n
   Ôöé 	 */\r\n
   Ôöé 	public function schedule_daily_regeneration(): void {\r\n
   Ôöé 		if ( ! wp_next_scheduled( 'meowseo_regenerate_sitemaps' ) ) {\r\n
   Ôöé 			wp_schedule_event( time(), 'daily', 'meowseo_regenerate_sitemaps' );\r\n
   Ôöé 			Logger::info( 'Scheduled daily sitemap regeneration' );\r\n
   Ôöé 		}\r\n
   Ôöé 	}\r\n
   Ôöé \r\n
   Ôöé 	/**\r\n
   Ôöé 	 * Ping search engines on post publish\r\n
   Ôöé 	 *\r\n
   Ôöé 	 * Hooks into transition_post_status to ping when a post is published (Requirement 7.3).\r\n
   Ôöé 	 *\r\n
   Ôöé 	 * @param string   $new_status New post status.\r\n
   Ôöé 	 * @param string   $old_status Old post status.\r\n
   Ôöé 	 * @param \WP_Post $post       Post object.\r\n
   Ôöé 	 * @return void\r\n
   Ôöé 	 */\r\n
   Ôöé 	public function ping_on_post_publish( string $new_status, string $old_status, \WP_Post $post ): void {\r\n
   Ôöé 		// Only ping when transitioning to publish status (Requirement 7.3)\r\n
   Ôöé 		if ( 'publish' !== $new_status || 'publish' === $old_status ) {\r\n
   Ôöé 			return;\r\n
   Ôöé 		}\r\n
   Ôöé \r\n
   Ôöé 		// Skip autosaves and revisions\r\n
   Ôöé 		if ( wp_is_post_autosave( $post->ID ) || wp_is_post_revision( $post->ID ) ) {\r\n
   Ôöé 			return;\r\n
   Ôöé 		}\r\n
   Ôöé \r\n
   Ôöé 		Logger::info(\r\n
   Ôöé 			'Post published, triggering sitemap ping',\r\n
   Ôöé 			array(\r\n
   Ôöé 				'post_id' => $post->ID,\r\n
   Ôöé 				'post_type' => $post->post_type,\r\n
   Ôöé 			)\r\n
   Ôöé 		);\r\n
   Ôöé \r\n
   Ôöé 		// Ping search engines (Requirement 7.3)\r\n
   Ôöé 		$this->ping_search_engines();\r\n
   Ôöé 	}\r\n
   Ôöé \r\n
   Ôöé 	/**\r\n
   Ôöé 	 * Ping search engines with sitemap URL\r\n
   Ôöé 	 *\r\n
   Ôöé 	 * Notifies Google and Bing of sitemap updates (Requirements 7.1, 7.6).\r\n
   Ôöé 	 *\r\n
   Ôöé 	 * @return void\r\n
   Ôöé 	 */\r\n
   Ôöé 	private function ping_search_engines(): void {\r\n
   Ôöé 		$sitemap_url = trailingslashit( get_site_url() ) . 'sitemap.xml';\r\n
   Ôöé 		$this->ping->ping( $sitemap_url );\r\n
   Ôöé 	}\r\n
   Ôöé }\r\n
   Ôöé ' contains "'Sitemap cache regenerated'".
   Ôöé
   Ôöé D:\meowseo\tests\modules\sitemap\SitemapLoggingTest.php:52
   Ôöé

 Ô£ö Error logging for file write failures [0.38 ms]
 Ô£ö Logging includes post type context [0.25 ms]
 Ô£ÿ Logging includes entry count context [0.30 ms]
   Ôöé
   Ôöé Failed asserting that '<?php\r\n
   Ôöé /**\r\n
   Ôöé  * Sitemap Module\r\n
   Ôöé  *\r\n
   Ôöé  * Handles XML sitemap generation and serving with performance optimization.\r\n
   Ôöé  * Implements lock pattern to prevent cache stampede.\r\n
   Ôöé  *\r\n
   Ôöé  * @package MeowSEO\r\n
   Ôöé  * @since 1.0.0\r\n
   Ôöé  */\r\n
   Ôöé \r\n
   Ôöé namespace MeowSEO\Modules\Sitemap;\r\n
   Ôöé \r\n
   Ôöé use MeowSEO\Contracts\Module;\r\n
   Ôöé use MeowSEO\Helpers\Cache;\r\n
   Ôöé use MeowSEO\Helpers\Logger;\r\n
   Ôöé use MeowSEO\Options;\r\n
   Ôöé \r\n
   Ôöé if ( ! defined( 'ABSPATH' ) ) {\r\n
   Ôöé 	exit;\r\n
   Ôöé }\r\n
   Ôöé \r\n
   Ôöé /**\r\n
   Ôöé  * Sitemap module class\r\n
   Ôöé  *\r\n
   Ôöé  * Intercepts sitemap requests and serves files directly from filesystem.\r\n
   Ôöé  *\r\n
   Ôöé  * @since 1.0.0\r\n
   Ôöé  */\r\n
   Ôöé class Sitemap implements Module {\r\n
   Ôöé \r\n
   Ôöé 	/**\r\n
   Ôöé 	 * Options instance\r\n
   Ôöé 	 *\r\n
   Ôöé 	 * @var Options\r\n
   Ôöé 	 */\r\n
   Ôöé 	private Options $options;\r\n
   Ôöé \r\n
   Ôöé 	/**\r\n
   Ôöé 	 * Sitemap builder instance\r\n
   Ôöé 	 *\r\n
   Ôöé 	 * @var Sitemap_Builder\r\n
   Ôöé 	 */\r\n
   Ôöé 	private Sitemap_Builder $builder;\r\n
   Ôöé \r\n
   Ôöé 	/**\r\n
   Ôöé 	 * Sitemap cache instance\r\n
   Ôöé 	 *\r\n
   Ôöé 	 * @var Sitemap_Cache\r\n
   Ôöé 	 */\r\n
   Ôöé 	private Sitemap_Cache $cache;\r\n
   Ôöé \r\n
   Ôöé 	/**\r\n
   Ôöé 	 * Sitemap ping instance\r\n
   Ôöé 	 *\r\n
   Ôöé 	 * @var Sitemap_Ping\r\n
   Ôöé 	 */\r\n
   Ôöé 	private Sitemap_Ping $ping;\r\n
   Ôöé \r\n
   Ôöé 	/**\r\n
   Ôöé 	 * Constructor\r\n
   Ôöé 	 *\r\n
   Ôöé 	 * @param Options $options Options instance.\r\n
   Ôöé 	 */\r\n
   Ôöé 	public function __construct( Options $options ) {\r\n
   Ôöé 		$this->options = $options;\r\n
   Ôöé 		$this->cache = new Sitemap_Cache();\r\n
   Ôöé 		$this->builder = new Sitemap_Builder( $this->cache, $options );\r\n
   Ôöé 		$this->ping = new Sitemap_Ping();\r\n
   Ôöé 	}\r\n
   Ôöé \r\n
   Ôöé 	/**\r\n
   Ôöé 	 * Boot the module\r\n
   Ôöé 	 *\r\n
   Ôöé 	 * Register hooks for sitemap functionality.\r\n
   Ôöé 	 *\r\n
   Ôöé 	 * @return void\r\n
   Ôöé 	 */\r\n
   Ôöé 	public function boot(): void {\r\n
   Ôöé 		add_action( 'init', array( $this, 'register_rewrite_rule' ) );\r\n
   Ôöé 		add_action( 'template_redirect', array( $this, 'intercept_sitemap_request' ), 1 );\r\n
   Ôöé 		add_action( 'save_post', array( $this, 'invalidate_cache_on_save' ), 10, 2 );\r\n
   Ôöé 		add_action( 'delete_post', array( $this, 'invalidate_cache_on_delete' ), 10, 1 );\r\n
   Ôöé 		add_action( 'created_term', array( $this, 'invalidate_cache_on_term_change' ), 10, 3 );\r\n
   Ôöé 		add_action( 'edited_term', array( $this, 'invalidate_cache_on_term_change' ), 10, 3 );\r\n
   Ôöé 		add_action( 'meowseo_regenerate_sitemaps', array( $this, 'regenerate_all_sitemaps' ) );\r\n
   Ôöé 		add_action( 'transition_post_status', array( $this, 'ping_on_post_publish' ), 10, 3 );\r\n
   Ôöé 		\r\n
   Ôöé 		// Schedule daily regeneration\r\n
   Ôöé 		$this->schedule_daily_regeneration();\r\n
   Ôöé 	}\r\n
   Ôöé \r\n
   Ôöé 	/**\r\n
   Ôöé 	 * Get module ID\r\n
   Ôöé 	 *\r\n
   Ôöé 	 * @return string Module ID.\r\n
   Ôöé 	 */\r\n
   Ôöé 	public function get_id(): string {\r\n
   Ôöé 		return 'sitemap';\r\n
   Ôöé 	}\r\n
   Ôöé \r\n
   Ôöé 	/**\r\n
   Ôöé 	 * Register rewrite rule for sitemap URLs\r\n
   Ôöé 	 *\r\n
   Ôöé 	 * @return void\r\n
   Ôöé 	 */\r\n
   Ôöé 	public function register_rewrite_rule(): void {\r\n
   Ôöé 		// Index sitemap (Requirement 3.1)\r\n
   Ôöé 		add_rewrite_rule(\r\n
   Ôöé 			'^sitemap\.xml$',\r\n
   Ôöé 			'index.php?meowseo_sitemap=index',\r\n
   Ôöé 			'top'\r\n
   Ôöé 		);\r\n
   Ôöé \r\n
   Ôöé 		// Posts sitemap (Requirement 3.2)\r\n
   Ôöé 		add_rewrite_rule(\r\n
   Ôöé 			'^sitemap-posts\.xml$',\r\n
   Ôöé 			'index.php?meowseo_sitemap=posts',\r\n
   Ôöé 			'top'\r\n
   Ôöé 		);\r\n
   Ôöé \r\n
   Ôöé 		// Pages sitemap (Requirement 3.3)\r\n
   Ôöé 		add_rewrite_rule(\r\n
   Ôöé 			'^sitemap-pages\.xml$',\r\n
   Ôöé 			'index.php?meowseo_sitemap=pages',\r\n
   Ôöé 			'top'\r\n
   Ôöé 		);\r\n
   Ôöé \r\n
   Ôöé 		// Custom post type sitemaps (Requirement 3.4)\r\n
   Ôöé 		add_rewrite_rule(\r\n
   Ôöé 			'^sitemap-([^/]+?)\.xml$',\r\n
   Ôöé 			'index.php?meowseo_sitemap=$matches[1]',\r\n
   Ôöé 			'top'\r\n
   Ôöé 		);\r\n
   Ôöé \r\n
   Ôöé 		// Paginated sitemaps\r\n
   Ôöé 		add_rewrite_rule(\r\n
   Ôöé 			'^sitemap-([^/]+?)-([0-9]+)\.xml$',\r\n
   Ôöé 			'index.php?meowseo_sitemap=$matches[1]&meowseo_sitemap_page=$matches[2]',\r\n
   Ôöé 			'top'\r\n
   Ôöé 		);\r\n
   Ôöé \r\n
   Ôöé 		// News sitemap (Requirement 3.1, 3.5)\r\n
   Ôöé 		add_rewrite_rule(\r\n
   Ôöé 			'^sitemap-news\.xml$',\r\n
   Ôöé 			'index.php?meowseo_sitemap=news',\r\n
   Ôöé 			'top'\r\n
   Ôöé 		);\r\n
   Ôöé \r\n
   Ôöé 		// Video sitemap (Requirement 3.6)\r\n
   Ôöé 		add_rewrite_rule(\r\n
   Ôöé 			'^sitemap-video\.xml$',\r\n
   Ôöé 			'index.php?meowseo_sitemap=video',\r\n
   Ôöé 			'top'\r\n
   Ôöé 		);\r\n
   Ôöé \r\n
   Ôöé 		add_rewrite_tag( '%meowseo_sitemap%', '([^&]+)' );\r\n
   Ôöé 		add_rewrite_tag( '%meowseo_sitemap_page%', '([0-9]+)' );\r\n
   Ôöé \r\n
   Ôöé 		// Flush rewrite rules if needed (Requirement 3.9)\r\n
   Ôöé 		if ( ! get_option( 'meowseo_sitemap_rewrite_flushed' ) ) {\r\n
   Ôöé 			flush_rewrite_rules();\r\n
   Ôöé 			update_option( 'meowseo_sitemap_rewrite_flushed', true );\r\n
   Ôöé 		}\r\n
   Ôöé 	}\r\n
   Ôöé \r\n
   Ôöé 	/**\r\n
   Ôöé 	 * Intercept sitemap request\r\n
   Ôöé 	 *\r\n
   Ôöé 	 * Serves sitemap files using Sitemap_Cache get_or_generate() method.\r\n
   Ôöé 	 * Implements lock pattern with stale-while-revalidate (Requirements 3.7, 3.8, 12.7, 14.5).\r\n
   Ôöé 	 *\r\n
   Ôöé 	 * @return void\r\n
   Ôöé 	 */\r\n
   Ôöé 	public function intercept_sitemap_request(): void {\r\n
   Ôöé 		global $wp_query;\r\n
   Ôöé \r\n
   Ôöé 		if ( ! isset( $wp_query->query_vars['meowseo_sitemap'] ) ) {\r\n
   Ôöé 			return;\r\n
   Ôöé 		}\r\n
   Ôöé \r\n
   Ôöé 		$sitemap_type = $wp_query->query_vars['meowseo_sitemap'];\r\n
   Ôöé 		$page = isset( $wp_query->query_vars['meowseo_sitemap_page'] ) ? (int) $wp_query->query_vars['meowseo_sitemap_page'] : 1;\r\n
   Ôöé \r\n
   Ôöé 		// Generate sitemap XML using cache get_or_generate()\r\n
   Ôöé 		$xml_content = $this->generate_sitemap( $sitemap_type, $page );\r\n
   Ôöé \r\n
   Ôöé 		// Set proper headers (Requirements 3.8, 14.5)\r\n
   Ôöé 		status_header( 200 );\r\n
   Ôöé 		header( 'Content-Type: application/xml; charset=utf-8' );\r\n
   Ôöé 		header( 'X-Robots-Tag: noindex, follow' );\r\n
   Ôöé \r\n
   Ôöé 		// Output XML content\r\n
   Ôöé 		echo $xml_content;\r\n
   Ôöé 		exit;\r\n
   Ôöé 	}\r\n
   Ôöé \r\n
   Ôöé 	/**\r\n
   Ôöé 	 * Generate sitemap\r\n
   Ôöé 	 *\r\n
   Ôöé 	 * Routes generation through Sitemap_Builder which uses Sitemap_Cache.\r\n
   Ôöé 	 *\r\n
   Ôöé 	 * @param string $type Sitemap type ('index', post type name, 'news', 'video').\r\n
   Ôöé 	 * @param int    $page Page number for paginated sitemaps.\r\n
   Ôöé 	 * @return string XML content.\r\n
   Ôöé 	 */\r\n
   Ôöé 	private function generate_sitemap( string $type, int $page = 1 ): string {\r\n
   Ôöé 		if ( 'index' === $type ) {\r\n
   Ôöé 			return $this->builder->build_index();\r\n
   Ôöé 		}\r\n
   Ôöé \r\n
   Ôöé 		if ( 'news' === $type ) {\r\n
   Ôöé 			return $this->builder->build_news();\r\n
   Ôöé 		}\r\n
   Ôöé \r\n
   Ôöé 		if ( 'video' === $type ) {\r\n
   Ôöé 			return $this->builder->build_video();\r\n
   Ôöé 		}\r\n
   Ôöé \r\n
   Ôöé 		// Handle 'posts' as 'post' post type\r\n
   Ôöé 		if ( 'posts' === $type ) {\r\n
   Ôöé 			$type = 'post';\r\n
   Ôöé 		}\r\n
   Ôöé \r\n
   Ôöé 		// Handle 'pages' as 'page' post type\r\n
   Ôöé 		if ( 'pages' === $type ) {\r\n
   Ôöé 			$type = 'page';\r\n
   Ôöé 		}\r\n
   Ôöé \r\n
   Ôöé 		return $this->builder->build_posts( $type, $page );\r\n
   Ôöé 	}\r\n
   Ôöé \r\n
   Ôöé 	/**\r\n
   Ôöé 	 * Invalidate cache on post save\r\n
   Ôöé 	 *\r\n
   Ôöé 	 * Uses Sitemap_Cache invalidate() method to delete affected sitemaps.\r\n
   Ôöé 	 * Implements stale-while-revalidate behavior (Requirements 6.1, 6.7).\r\n
   Ôöé 	 *\r\n
   Ôöé 	 * @param int      $post_id Post ID.\r\n
   Ôöé 	 * @param \WP_Post $post    Post object.\r\n
   Ôöé 	 * @return void\r\n
   Ôöé 	 */\r\n
   Ôöé 	public function invalidate_cache_on_save( int $post_id, \WP_Post $post ): void {\r\n
   Ôöé 		// Skip autosaves and revisions\r\n
   Ôöé 		if ( wp_is_post_autosave( $post_id ) || wp_is_post_revision( $post_id ) ) {\r\n
   Ôöé 			return;\r\n
   Ôöé 		}\r\n
   Ôöé \r\n
   Ôöé 		// Only invalidate for published posts\r\n
   Ôöé 		if ( 'publish' !== $post->post_status ) {\r\n
   Ôöé 			return;\r\n
   Ôöé 		}\r\n
   Ôöé \r\n
   Ôöé 		// Invalidate child sitemap for this post type (Requirement 6.1)\r\n
   Ôöé 		$this->cache->invalidate( $post->post_type );\r\n
   Ôöé 		\r\n
   Ôöé 		// Also invalidate paginated sitemaps\r\n
   Ôöé 		$this->invalidate_paginated_sitemaps( $post->post_type );\r\n
   Ôöé \r\n
   Ôöé 		// Invalidate index sitemap\r\n
   Ôöé 		$this->cache->invalidate( 'index' );\r\n
   Ôöé \r\n
   Ôöé 		// Invalidate news sitemap if this is a recent post\r\n
   Ôöé 		if ( 'post' === $post->post_type ) {\r\n
   Ôöé 			$post_age = time() - strtotime( $post->post_date_gmt );\r\n
   Ôöé 			if ( $post_age < 172800 ) { // 48 hours\r\n
   Ôöé 				$this->cache->invalidate( 'news' );\r\n
   Ôöé 			}\r\n
   Ôöé 		}\r\n
   Ôöé \r\n
   Ôöé 		Logger::info(\r\n
   Ôöé 			'Sitemap cache invalidated on post save',\r\n
   Ôöé 			array(\r\n
   Ôöé 				'post_id' => $post_id,\r\n
   Ôöé 				'post_type' => $post->post_type,\r\n
   Ôöé 			)\r\n
   Ôöé 		);\r\n
   Ôöé 	}\r\n
   Ôöé \r\n
   Ôöé 	/**\r\n
   Ôöé 	 * Invalidate cache on post delete\r\n
   Ôöé 	 *\r\n
   Ôöé 	 * Uses Sitemap_Cache invalidate() method to delete affected sitemaps\r\n
   Ôöé 	 * (Requirement 6.2).\r\n
   Ôöé 	 *\r\n
   Ôöé 	 * @param int $post_id Post ID.\r\n
   Ôöé 	 * @return void\r\n
   Ôöé 	 */\r\n
   Ôöé 	public function invalidate_cache_on_delete( int $post_id ): void {\r\n
   Ôöé 		$post = get_post( $post_id );\r\n
   Ôöé \r\n
   Ôöé 		if ( ! $post ) {\r\n
   Ôöé 			return;\r\n
   Ôöé 		}\r\n
   Ôöé \r\n
   Ôöé 		// Invalidate child sitemap for this post type (Requirement 6.2)\r\n
   Ôöé 		$this->cache->invalidate( $post->post_type );\r\n
   Ôöé 		\r\n
   Ôöé 		// Also invalidate paginated sitemaps\r\n
   Ôöé 		$this->invalidate_paginated_sitemaps( $post->post_type );\r\n
   Ôöé \r\n
   Ôöé 		// Invalidate index sitemap\r\n
   Ôöé 		$this->cache->invalidate( 'index' );\r\n
   Ôöé \r\n
   Ôöé 		// Invalidate news sitemap if this was a post\r\n
   Ôöé 		if ( 'post' === $post->post_type ) {\r\n
   Ôöé 			$this->cache->invalidate( 'news' );\r\n
   Ôöé 		}\r\n
   Ôöé \r\n
   Ôöé 		Logger::info(\r\n
   Ôöé 			'Sitemap cache invalidated on post delete',\r\n
   Ôöé 			array(\r\n
   Ôöé 				'post_id' => $post_id,\r\n
   Ôöé 				'post_type' => $post->post_type,\r\n
   Ôöé 			)\r\n
   Ôöé 		);\r\n
   Ôöé 	}\r\n
   Ôöé \r\n
   Ôöé 	/**\r\n
   Ôöé 	 * Invalidate cache on term change\r\n
   Ôöé 	 *\r\n
   Ôöé 	 * Uses Sitemap_Cache invalidate() method to delete affected sitemaps\r\n
   Ôöé 	 * (Requirements 6.3, 6.4).\r\n
   Ôöé 	 *\r\n
   Ôöé 	 * @param int    $term_id  Term ID.\r\n
   Ôöé 	 * @param int    $tt_id    Term taxonomy ID.\r\n
   Ôöé 	 * @param string $taxonomy Taxonomy slug.\r\n
   Ôöé 	 * @return void\r\n
   Ôöé 	 */\r\n
   Ôöé 	public function invalidate_cache_on_term_change( int $term_id, int $tt_id, string $taxonomy ): void {\r\n
   Ôöé 		// Get post types associated with this taxonomy\r\n
   Ôöé 		$taxonomy_obj = get_taxonomy( $taxonomy );\r\n
   Ôöé \r\n
   Ôöé 		if ( ! $taxonomy_obj || empty( $taxonomy_obj->object_type ) ) {\r\n
   Ôöé 			return;\r\n
   Ôöé 		}\r\n
   Ôöé \r\n
   Ôöé 		// Invalidate sitemaps for all post types using this taxonomy\r\n
   Ôöé 		foreach ( $taxonomy_obj->object_type as $post_type ) {\r\n
   Ôöé 			$this->cache->invalidate( $post_type );\r\n
   Ôöé 			$this->invalidate_paginated_sitemaps( $post_type );\r\n
   Ôöé 		}\r\n
   Ôöé \r\n
   Ôöé 		// Invalidate index sitemap\r\n
   Ôöé 		$this->cache->invalidate( 'index' );\r\n
   Ôöé \r\n
   Ôöé 		Logger::info(\r\n
   Ôöé 			'Sitemap cache invalidated on term change',\r\n
   Ôöé 			array(\r\n
   Ôöé 				'term_id' => $term_id,\r\n
   Ôöé 				'taxonomy' => $taxonomy,\r\n
   Ôöé 				'affected_post_types' => $taxonomy_obj->object_type,\r\n
   Ôöé 			)\r\n
   Ôöé 		);\r\n
   Ôöé 	}\r\n
   Ôöé \r\n
   Ôöé 	/**\r\n
   Ôöé 	 * Invalidate paginated sitemaps for a post type\r\n
   Ôöé 	 *\r\n
   Ôöé 	 * Deletes all paginated sitemap files for a given post type.\r\n
   Ôöé 	 *\r\n
   Ôöé 	 * @param string $post_type Post type name.\r\n
   Ôöé 	 * @return void\r\n
   Ôöé 	 */\r\n
   Ôöé 	private function invalidate_paginated_sitemaps( string $post_type ): void {\r\n
   Ôöé 		// Invalidate up to 100 pages (should be more than enough)\r\n
   Ôöé 		for ( $page = 2; $page <= 100; $page++ ) {\r\n
   Ôöé 			$cache_name = $post_type . '-' . $page;\r\n
   Ôöé 			$this->cache->invalidate( $cache_name );\r\n
   Ôöé 		}\r\n
   Ôöé 	}\r\n
   Ôöé \r\n
   Ôöé 	/**\r\n
   Ôöé 	 * Get public post types for sitemap\r\n
   Ôöé 	 *\r\n
   Ôöé 	 * @return array Array of post type names.\r\n
   Ôöé 	 */\r\n
   Ôöé 	private function get_public_post_types(): array {\r\n
   Ôöé 		$post_types = get_post_types(\r\n
   Ôöé 			array(\r\n
   Ôöé 				'public' => true,\r\n
   Ôöé 			),\r\n
   Ôöé 			'names'\r\n
   Ôöé 		);\r\n
   Ôöé \r\n
   Ôöé 		// Exclude attachment post type\r\n
   Ôöé 		unset( $post_types['attachment'] );\r\n
   Ôöé \r\n
   Ôöé 		return array_values( $post_types );\r\n
   Ôöé 	}\r\n
   Ôöé \r\n
   Ôöé 	/**\r\n
   Ôöé 	 * Regenerate all sitemaps\r\n
   Ôöé 	 *\r\n
   Ôöé 	 * Pre-generates all sitemaps to ensure fresh cache.\r\n
   Ôöé 	 * Called by WP-Cron daily event (Requirements 6.5, 6.6).\r\n
   Ôöé 	 * Pings search engines after regeneration (Requirement 7.2).\r\n
   Ôöé 	 *\r\n
   Ôöé 	 * @return void\r\n
   Ôöé 	 */\r\n
   Ôöé 	public function regenerate_all_sitemaps(): void {\r\n
   Ôöé 		Logger::info( 'Starting scheduled sitemap regeneration' );\r\n
   Ôöé \r\n
   Ôöé 		$post_types = $this->get_public_post_types();\r\n
   Ôöé \r\n
   Ôöé 		// Regenerate index sitemap\r\n
   Ôöé 		$this->builder->build_index();\r\n
   Ôöé 		Logger::info( 'Regenerated index sitemap' );\r\n
   Ôöé \r\n
   Ôöé 		// Regenerate sitemaps for each post type\r\n
   Ôöé 		foreach ( $post_types as $post_type ) {\r\n
   Ôöé 			// Get post count to determine number of pages\r\n
   Ôöé 			$count = $this->get_post_count( $post_type );\r\n
   Ôöé \r\n
   Ôöé 			if ( $count === 0 ) {\r\n
   Ôöé 				continue;\r\n
   Ôöé 			}\r\n
   Ôöé \r\n
   Ôöé 			$pages = (int) ceil( $count / 1000 ); // 1000 URLs per sitemap\r\n
   Ôöé \r\n
   Ôöé 			// Regenerate all pages for this post type\r\n
   Ôöé 			for ( $page = 1; $page <= $pages; $page++ ) {\r\n
   Ôöé 				$this->builder->build_posts( $post_type, $page );\r\n
   Ôöé 			}\r\n
   Ôöé \r\n
   Ôöé 			Logger::info(\r\n
   Ôöé 				'Regenerated sitemap for post type',\r\n
   Ôöé 				array(\r\n
   Ôöé 					'post_type' => $post_type,\r\n
   Ôöé 					'pages' => $pages,\r\n
   Ôöé 					'total_posts' => $count,\r\n
   Ôöé 				)\r\n
   Ôöé 			);\r\n
   Ôöé 		}\r\n
   Ôöé \r\n
   Ôöé 		// Regenerate news sitemap\r\n
   Ôöé 		$this->builder->build_news();\r\n
   Ôöé 		Logger::info( 'Regenerated news sitemap' );\r\n
   Ôöé \r\n
   Ôöé 		// Regenerate video sitemap\r\n
   Ôöé 		$this->builder->build_video();\r\n
   Ôöé 		Logger::info( 'Regenerated video sitemap' );\r\n
   Ôöé \r\n
   Ôöé 		Logger::info( 'Completed scheduled sitemap regeneration' );\r\n
   Ôöé \r\n
   Ôöé 		// Ping search engines after regeneration (Requirement 7.2)\r\n
   Ôöé 		$this->ping_search_engines();\r\n
   Ôöé 	}\r\n
   Ôöé \r\n
   Ôöé 	/**\r\n
   Ôöé 	 * Get post count for a post type\r\n
   Ôöé 	 *\r\n
   Ôöé 	 * Counts only published posts that are not marked as noindex.\r\n
   Ôöé 	 *\r\n
   Ôöé 	 * @param string $post_type Post type name.\r\n
   Ôöé 	 * @return int Post count.\r\n
   Ôöé 	 */\r\n
   Ôöé 	private function get_post_count( string $post_type ): int {\r\n
   Ôöé 		global $wpdb;\r\n
   Ôöé \r\n
   Ôöé 		// phpcs:ignore WordPress.DB.DirectDatabaseQuery.DirectQuery, WordPress.DB.DirectDatabaseQuery.NoCaching\r\n
   Ôöé 		$count = $wpdb->get_var(\r\n
   Ôöé 			$wpdb->prepare(\r\n
   Ôöé 				"SELECT COUNT(DISTINCT p.ID)\r\n
   Ôöé 				FROM {$wpdb->posts} p\r\n
   Ôöé 				LEFT JOIN {$wpdb->postmeta} pm \r\n
   Ôöé 					ON p.ID = pm.post_id \r\n
   Ôöé 					AND pm.meta_key = '_meowseo_noindex'\r\n
   Ôöé 				WHERE p.post_type = %s\r\n
   Ôöé 				AND p.post_status = 'publish'\r\n
   Ôöé 				AND (pm.meta_value IS NULL OR pm.meta_value != '1')",\r\n
   Ôöé 				$post_type\r\n
   Ôöé 			)\r\n
   Ôöé 		);\r\n
   Ôöé \r\n
   Ôöé 		return (int) $count;\r\n
   Ôöé 	}\r\n
   Ôöé \r\n
   Ôöé 	/**\r\n
   Ôöé 	 * Schedule daily sitemap regeneration\r\n
   Ôöé 	 *\r\n
   Ôöé 	 * Registers WP-Cron event for daily sitemap pre-generation.\r\n
   Ôöé 	 *\r\n
   Ôöé 	 * @return void\r\n
   Ôöé 	 */\r\n
   Ôöé 	public function schedule_daily_regeneration(): void {\r\n
   Ôöé 		if ( ! wp_next_scheduled( 'meowseo_regenerate_sitemaps' ) ) {\r\n
   Ôöé 			wp_schedule_event( time(), 'daily', 'meowseo_regenerate_sitemaps' );\r\n
   Ôöé 			Logger::info( 'Scheduled daily sitemap regeneration' );\r\n
   Ôöé 		}\r\n
   Ôöé 	}\r\n
   Ôöé \r\n
   Ôöé 	/**\r\n
   Ôöé 	 * Ping search engines on post publish\r\n
   Ôöé 	 *\r\n
   Ôöé 	 * Hooks into transition_post_status to ping when a post is published (Requirement 7.3).\r\n
   Ôöé 	 *\r\n
   Ôöé 	 * @param string   $new_status New post status.\r\n
   Ôöé 	 * @param string   $old_status Old post status.\r\n
   Ôöé 	 * @param \WP_Post $post       Post object.\r\n
   Ôöé 	 * @return void\r\n
   Ôöé 	 */\r\n
   Ôöé 	public function ping_on_post_publish( string $new_status, string $old_status, \WP_Post $post ): void {\r\n
   Ôöé 		// Only ping when transitioning to publish status (Requirement 7.3)\r\n
   Ôöé 		if ( 'publish' !== $new_status || 'publish' === $old_status ) {\r\n
   Ôöé 			return;\r\n
   Ôöé 		}\r\n
   Ôöé \r\n
   Ôöé 		// Skip autosaves and revisions\r\n
   Ôöé 		if ( wp_is_post_autosave( $post->ID ) || wp_is_post_revision( $post->ID ) ) {\r\n
   Ôöé 			return;\r\n
   Ôöé 		}\r\n
   Ôöé \r\n
   Ôöé 		Logger::info(\r\n
   Ôöé 			'Post published, triggering sitemap ping',\r\n
   Ôöé 			array(\r\n
   Ôöé 				'post_id' => $post->ID,\r\n
   Ôöé 				'post_type' => $post->post_type,\r\n
   Ôöé 			)\r\n
   Ôöé 		);\r\n
   Ôöé \r\n
   Ôöé 		// Ping search engines (Requirement 7.3)\r\n
   Ôöé 		$this->ping_search_engines();\r\n
   Ôöé 	}\r\n
   Ôöé \r\n
   Ôöé 	/**\r\n
   Ôöé 	 * Ping search engines with sitemap URL\r\n
   Ôöé 	 *\r\n
   Ôöé 	 * Notifies Google and Bing of sitemap updates (Requirements 7.1, 7.6).\r\n
   Ôöé 	 *\r\n
   Ôöé 	 * @return void\r\n
   Ôöé 	 */\r\n
   Ôöé 	private function ping_search_engines(): void {\r\n
   Ôöé 		$sitemap_url = trailingslashit( get_site_url() ) . 'sitemap.xml';\r\n
   Ôöé 		$this->ping->ping( $sitemap_url );\r\n
   Ôöé 	}\r\n
   Ôöé }\r\n
   Ôöé ' contains "'entry_count'".
   Ôöé
   Ôöé D:\meowseo\tests\modules\sitemap\SitemapLoggingTest.php:77
   Ôöé

 Ô£ö Logging includes file path context [0.30 ms]
 Ô£ÿ Logging includes error message context [0.33 ms]
   Ôöé
   Ôöé Failed asserting that '<?php\r\n
   Ôöé /**\r\n
   Ôöé  * Sitemap Module\r\n
   Ôöé  *\r\n
   Ôöé  * Handles XML sitemap generation and serving with performance optimization.\r\n
   Ôöé  * Implements lock pattern to prevent cache stampede.\r\n
   Ôöé  *\r\n
   Ôöé  * @package MeowSEO\r\n
   Ôöé  * @since 1.0.0\r\n
   Ôöé  */\r\n
   Ôöé \r\n
   Ôöé namespace MeowSEO\Modules\Sitemap;\r\n
   Ôöé \r\n
   Ôöé use MeowSEO\Contracts\Module;\r\n
   Ôöé use MeowSEO\Helpers\Cache;\r\n
   Ôöé use MeowSEO\Helpers\Logger;\r\n
   Ôöé use MeowSEO\Options;\r\n
   Ôöé \r\n
   Ôöé if ( ! defined( 'ABSPATH' ) ) {\r\n
   Ôöé 	exit;\r\n
   Ôöé }\r\n
   Ôöé \r\n
   Ôöé /**\r\n
   Ôöé  * Sitemap module class\r\n
   Ôöé  *\r\n
   Ôöé  * Intercepts sitemap requests and serves files directly from filesystem.\r\n
   Ôöé  *\r\n
   Ôöé  * @since 1.0.0\r\n
   Ôöé  */\r\n
   Ôöé class Sitemap implements Module {\r\n
   Ôöé \r\n
   Ôöé 	/**\r\n
   Ôöé 	 * Options instance\r\n
   Ôöé 	 *\r\n
   Ôöé 	 * @var Options\r\n
   Ôöé 	 */\r\n
   Ôöé 	private Options $options;\r\n
   Ôöé \r\n
   Ôöé 	/**\r\n
   Ôöé 	 * Sitemap builder instance\r\n
   Ôöé 	 *\r\n
   Ôöé 	 * @var Sitemap_Builder\r\n
   Ôöé 	 */\r\n
   Ôöé 	private Sitemap_Builder $builder;\r\n
   Ôöé \r\n
   Ôöé 	/**\r\n
   Ôöé 	 * Sitemap cache instance\r\n
   Ôöé 	 *\r\n
   Ôöé 	 * @var Sitemap_Cache\r\n
   Ôöé 	 */\r\n
   Ôöé 	private Sitemap_Cache $cache;\r\n
   Ôöé \r\n
   Ôöé 	/**\r\n
   Ôöé 	 * Sitemap ping instance\r\n
   Ôöé 	 *\r\n
   Ôöé 	 * @var Sitemap_Ping\r\n
   Ôöé 	 */\r\n
   Ôöé 	private Sitemap_Ping $ping;\r\n
   Ôöé \r\n
   Ôöé 	/**\r\n
   Ôöé 	 * Constructor\r\n
   Ôöé 	 *\r\n
   Ôöé 	 * @param Options $options Options instance.\r\n
   Ôöé 	 */\r\n
   Ôöé 	public function __construct( Options $options ) {\r\n
   Ôöé 		$this->options = $options;\r\n
   Ôöé 		$this->cache = new Sitemap_Cache();\r\n
   Ôöé 		$this->builder = new Sitemap_Builder( $this->cache, $options );\r\n
   Ôöé 		$this->ping = new Sitemap_Ping();\r\n
   Ôöé 	}\r\n
   Ôöé \r\n
   Ôöé 	/**\r\n
   Ôöé 	 * Boot the module\r\n
   Ôöé 	 *\r\n
   Ôöé 	 * Register hooks for sitemap functionality.\r\n
   Ôöé 	 *\r\n
   Ôöé 	 * @return void\r\n
   Ôöé 	 */\r\n
   Ôöé 	public function boot(): void {\r\n
   Ôöé 		add_action( 'init', array( $this, 'register_rewrite_rule' ) );\r\n
   Ôöé 		add_action( 'template_redirect', array( $this, 'intercept_sitemap_request' ), 1 );\r\n
   Ôöé 		add_action( 'save_post', array( $this, 'invalidate_cache_on_save' ), 10, 2 );\r\n
   Ôöé 		add_action( 'delete_post', array( $this, 'invalidate_cache_on_delete' ), 10, 1 );\r\n
   Ôöé 		add_action( 'created_term', array( $this, 'invalidate_cache_on_term_change' ), 10, 3 );\r\n
   Ôöé 		add_action( 'edited_term', array( $this, 'invalidate_cache_on_term_change' ), 10, 3 );\r\n
   Ôöé 		add_action( 'meowseo_regenerate_sitemaps', array( $this, 'regenerate_all_sitemaps' ) );\r\n
   Ôöé 		add_action( 'transition_post_status', array( $this, 'ping_on_post_publish' ), 10, 3 );\r\n
   Ôöé 		\r\n
   Ôöé 		// Schedule daily regeneration\r\n
   Ôöé 		$this->schedule_daily_regeneration();\r\n
   Ôöé 	}\r\n
   Ôöé \r\n
   Ôöé 	/**\r\n
   Ôöé 	 * Get module ID\r\n
   Ôöé 	 *\r\n
   Ôöé 	 * @return string Module ID.\r\n
   Ôöé 	 */\r\n
   Ôöé 	public function get_id(): string {\r\n
   Ôöé 		return 'sitemap';\r\n
   Ôöé 	}\r\n
   Ôöé \r\n
   Ôöé 	/**\r\n
   Ôöé 	 * Register rewrite rule for sitemap URLs\r\n
   Ôöé 	 *\r\n
   Ôöé 	 * @return void\r\n
   Ôöé 	 */\r\n
   Ôöé 	public function register_rewrite_rule(): void {\r\n
   Ôöé 		// Index sitemap (Requirement 3.1)\r\n
   Ôöé 		add_rewrite_rule(\r\n
   Ôöé 			'^sitemap\.xml$',\r\n
   Ôöé 			'index.php?meowseo_sitemap=index',\r\n
   Ôöé 			'top'\r\n
   Ôöé 		);\r\n
   Ôöé \r\n
   Ôöé 		// Posts sitemap (Requirement 3.2)\r\n
   Ôöé 		add_rewrite_rule(\r\n
   Ôöé 			'^sitemap-posts\.xml$',\r\n
   Ôöé 			'index.php?meowseo_sitemap=posts',\r\n
   Ôöé 			'top'\r\n
   Ôöé 		);\r\n
   Ôöé \r\n
   Ôöé 		// Pages sitemap (Requirement 3.3)\r\n
   Ôöé 		add_rewrite_rule(\r\n
   Ôöé 			'^sitemap-pages\.xml$',\r\n
   Ôöé 			'index.php?meowseo_sitemap=pages',\r\n
   Ôöé 			'top'\r\n
   Ôöé 		);\r\n
   Ôöé \r\n
   Ôöé 		// Custom post type sitemaps (Requirement 3.4)\r\n
   Ôöé 		add_rewrite_rule(\r\n
   Ôöé 			'^sitemap-([^/]+?)\.xml$',\r\n
   Ôöé 			'index.php?meowseo_sitemap=$matches[1]',\r\n
   Ôöé 			'top'\r\n
   Ôöé 		);\r\n
   Ôöé \r\n
   Ôöé 		// Paginated sitemaps\r\n
   Ôöé 		add_rewrite_rule(\r\n
   Ôöé 			'^sitemap-([^/]+?)-([0-9]+)\.xml$',\r\n
   Ôöé 			'index.php?meowseo_sitemap=$matches[1]&meowseo_sitemap_page=$matches[2]',\r\n
   Ôöé 			'top'\r\n
   Ôöé 		);\r\n
   Ôöé \r\n
   Ôöé 		// News sitemap (Requirement 3.1, 3.5)\r\n
   Ôöé 		add_rewrite_rule(\r\n
   Ôöé 			'^sitemap-news\.xml$',\r\n
   Ôöé 			'index.php?meowseo_sitemap=news',\r\n
   Ôöé 			'top'\r\n
   Ôöé 		);\r\n
   Ôöé \r\n
   Ôöé 		// Video sitemap (Requirement 3.6)\r\n
   Ôöé 		add_rewrite_rule(\r\n
   Ôöé 			'^sitemap-video\.xml$',\r\n
   Ôöé 			'index.php?meowseo_sitemap=video',\r\n
   Ôöé 			'top'\r\n
   Ôöé 		);\r\n
   Ôöé \r\n
   Ôöé 		add_rewrite_tag( '%meowseo_sitemap%', '([^&]+)' );\r\n
   Ôöé 		add_rewrite_tag( '%meowseo_sitemap_page%', '([0-9]+)' );\r\n
   Ôöé \r\n
   Ôöé 		// Flush rewrite rules if needed (Requirement 3.9)\r\n
   Ôöé 		if ( ! get_option( 'meowseo_sitemap_rewrite_flushed' ) ) {\r\n
   Ôöé 			flush_rewrite_rules();\r\n
   Ôöé 			update_option( 'meowseo_sitemap_rewrite_flushed', true );\r\n
   Ôöé 		}\r\n
   Ôöé 	}\r\n
   Ôöé \r\n
   Ôöé 	/**\r\n
   Ôöé 	 * Intercept sitemap request\r\n
   Ôöé 	 *\r\n
   Ôöé 	 * Serves sitemap files using Sitemap_Cache get_or_generate() method.\r\n
   Ôöé 	 * Implements lock pattern with stale-while-revalidate (Requirements 3.7, 3.8, 12.7, 14.5).\r\n
   Ôöé 	 *\r\n
   Ôöé 	 * @return void\r\n
   Ôöé 	 */\r\n
   Ôöé 	public function intercept_sitemap_request(): void {\r\n
   Ôöé 		global $wp_query;\r\n
   Ôöé \r\n
   Ôöé 		if ( ! isset( $wp_query->query_vars['meowseo_sitemap'] ) ) {\r\n
   Ôöé 			return;\r\n
   Ôöé 		}\r\n
   Ôöé \r\n
   Ôöé 		$sitemap_type = $wp_query->query_vars['meowseo_sitemap'];\r\n
   Ôöé 		$page = isset( $wp_query->query_vars['meowseo_sitemap_page'] ) ? (int) $wp_query->query_vars['meowseo_sitemap_page'] : 1;\r\n
   Ôöé \r\n
   Ôöé 		// Generate sitemap XML using cache get_or_generate()\r\n
   Ôöé 		$xml_content = $this->generate_sitemap( $sitemap_type, $page );\r\n
   Ôöé \r\n
   Ôöé 		// Set proper headers (Requirements 3.8, 14.5)\r\n
   Ôöé 		status_header( 200 );\r\n
   Ôöé 		header( 'Content-Type: application/xml; charset=utf-8' );\r\n
   Ôöé 		header( 'X-Robots-Tag: noindex, follow' );\r\n
   Ôöé \r\n
   Ôöé 		// Output XML content\r\n
   Ôöé 		echo $xml_content;\r\n
   Ôöé 		exit;\r\n
   Ôöé 	}\r\n
   Ôöé \r\n
   Ôöé 	/**\r\n
   Ôöé 	 * Generate sitemap\r\n
   Ôöé 	 *\r\n
   Ôöé 	 * Routes generation through Sitemap_Builder which uses Sitemap_Cache.\r\n
   Ôöé 	 *\r\n
   Ôöé 	 * @param string $type Sitemap type ('index', post type name, 'news', 'video').\r\n
   Ôöé 	 * @param int    $page Page number for paginated sitemaps.\r\n
   Ôöé 	 * @return string XML content.\r\n
   Ôöé 	 */\r\n
   Ôöé 	private function generate_sitemap( string $type, int $page = 1 ): string {\r\n
   Ôöé 		if ( 'index' === $type ) {\r\n
   Ôöé 			return $this->builder->build_index();\r\n
   Ôöé 		}\r\n
   Ôöé \r\n
   Ôöé 		if ( 'news' === $type ) {\r\n
   Ôöé 			return $this->builder->build_news();\r\n
   Ôöé 		}\r\n
   Ôöé \r\n
   Ôöé 		if ( 'video' === $type ) {\r\n
   Ôöé 			return $this->builder->build_video();\r\n
   Ôöé 		}\r\n
   Ôöé \r\n
   Ôöé 		// Handle 'posts' as 'post' post type\r\n
   Ôöé 		if ( 'posts' === $type ) {\r\n
   Ôöé 			$type = 'post';\r\n
   Ôöé 		}\r\n
   Ôöé \r\n
   Ôöé 		// Handle 'pages' as 'page' post type\r\n
   Ôöé 		if ( 'pages' === $type ) {\r\n
   Ôöé 			$type = 'page';\r\n
   Ôöé 		}\r\n
   Ôöé \r\n
   Ôöé 		return $this->builder->build_posts( $type, $page );\r\n
   Ôöé 	}\r\n
   Ôöé \r\n
   Ôöé 	/**\r\n
   Ôöé 	 * Invalidate cache on post save\r\n
   Ôöé 	 *\r\n
   Ôöé 	 * Uses Sitemap_Cache invalidate() method to delete affected sitemaps.\r\n
   Ôöé 	 * Implements stale-while-revalidate behavior (Requirements 6.1, 6.7).\r\n
   Ôöé 	 *\r\n
   Ôöé 	 * @param int      $post_id Post ID.\r\n
   Ôöé 	 * @param \WP_Post $post    Post object.\r\n
   Ôöé 	 * @return void\r\n
   Ôöé 	 */\r\n
   Ôöé 	public function invalidate_cache_on_save( int $post_id, \WP_Post $post ): void {\r\n
   Ôöé 		// Skip autosaves and revisions\r\n
   Ôöé 		if ( wp_is_post_autosave( $post_id ) || wp_is_post_revision( $post_id ) ) {\r\n
   Ôöé 			return;\r\n
   Ôöé 		}\r\n
   Ôöé \r\n
   Ôöé 		// Only invalidate for published posts\r\n
   Ôöé 		if ( 'publish' !== $post->post_status ) {\r\n
   Ôöé 			return;\r\n
   Ôöé 		}\r\n
   Ôöé \r\n
   Ôöé 		// Invalidate child sitemap for this post type (Requirement 6.1)\r\n
   Ôöé 		$this->cache->invalidate( $post->post_type );\r\n
   Ôöé 		\r\n
   Ôöé 		// Also invalidate paginated sitemaps\r\n
   Ôöé 		$this->invalidate_paginated_sitemaps( $post->post_type );\r\n
   Ôöé \r\n
   Ôöé 		// Invalidate index sitemap\r\n
   Ôöé 		$this->cache->invalidate( 'index' );\r\n
   Ôöé \r\n
   Ôöé 		// Invalidate news sitemap if this is a recent post\r\n
   Ôöé 		if ( 'post' === $post->post_type ) {\r\n
   Ôöé 			$post_age = time() - strtotime( $post->post_date_gmt );\r\n
   Ôöé 			if ( $post_age < 172800 ) { // 48 hours\r\n
   Ôöé 				$this->cache->invalidate( 'news' );\r\n
   Ôöé 			}\r\n
   Ôöé 		}\r\n
   Ôöé \r\n
   Ôöé 		Logger::info(\r\n
   Ôöé 			'Sitemap cache invalidated on post save',\r\n
   Ôöé 			array(\r\n
   Ôöé 				'post_id' => $post_id,\r\n
   Ôöé 				'post_type' => $post->post_type,\r\n
   Ôöé 			)\r\n
   Ôöé 		);\r\n
   Ôöé 	}\r\n
   Ôöé \r\n
   Ôöé 	/**\r\n
   Ôöé 	 * Invalidate cache on post delete\r\n
   Ôöé 	 *\r\n
   Ôöé 	 * Uses Sitemap_Cache invalidate() method to delete affected sitemaps\r\n
   Ôöé 	 * (Requirement 6.2).\r\n
   Ôöé 	 *\r\n
   Ôöé 	 * @param int $post_id Post ID.\r\n
   Ôöé 	 * @return void\r\n
   Ôöé 	 */\r\n
   Ôöé 	public function invalidate_cache_on_delete( int $post_id ): void {\r\n
   Ôöé 		$post = get_post( $post_id );\r\n
   Ôöé \r\n
   Ôöé 		if ( ! $post ) {\r\n
   Ôöé 			return;\r\n
   Ôöé 		}\r\n
   Ôöé \r\n
   Ôöé 		// Invalidate child sitemap for this post type (Requirement 6.2)\r\n
   Ôöé 		$this->cache->invalidate( $post->post_type );\r\n
   Ôöé 		\r\n
   Ôöé 		// Also invalidate paginated sitemaps\r\n
   Ôöé 		$this->invalidate_paginated_sitemaps( $post->post_type );\r\n
   Ôöé \r\n
   Ôöé 		// Invalidate index sitemap\r\n
   Ôöé 		$this->cache->invalidate( 'index' );\r\n
   Ôöé \r\n
   Ôöé 		// Invalidate news sitemap if this was a post\r\n
   Ôöé 		if ( 'post' === $post->post_type ) {\r\n
   Ôöé 			$this->cache->invalidate( 'news' );\r\n
   Ôöé 		}\r\n
   Ôöé \r\n
   Ôöé 		Logger::info(\r\n
   Ôöé 			'Sitemap cache invalidated on post delete',\r\n
   Ôöé 			array(\r\n
   Ôöé 				'post_id' => $post_id,\r\n
   Ôöé 				'post_type' => $post->post_type,\r\n
   Ôöé 			)\r\n
   Ôöé 		);\r\n
   Ôöé 	}\r\n
   Ôöé \r\n
   Ôöé 	/**\r\n
   Ôöé 	 * Invalidate cache on term change\r\n
   Ôöé 	 *\r\n
   Ôöé 	 * Uses Sitemap_Cache invalidate() method to delete affected sitemaps\r\n
   Ôöé 	 * (Requirements 6.3, 6.4).\r\n
   Ôöé 	 *\r\n
   Ôöé 	 * @param int    $term_id  Term ID.\r\n
   Ôöé 	 * @param int    $tt_id    Term taxonomy ID.\r\n
   Ôöé 	 * @param string $taxonomy Taxonomy slug.\r\n
   Ôöé 	 * @return void\r\n
   Ôöé 	 */\r\n
   Ôöé 	public function invalidate_cache_on_term_change( int $term_id, int $tt_id, string $taxonomy ): void {\r\n
   Ôöé 		// Get post types associated with this taxonomy\r\n
   Ôöé 		$taxonomy_obj = get_taxonomy( $taxonomy );\r\n
   Ôöé \r\n
   Ôöé 		if ( ! $taxonomy_obj || empty( $taxonomy_obj->object_type ) ) {\r\n
   Ôöé 			return;\r\n
   Ôöé 		}\r\n
   Ôöé \r\n
   Ôöé 		// Invalidate sitemaps for all post types using this taxonomy\r\n
   Ôöé 		foreach ( $taxonomy_obj->object_type as $post_type ) {\r\n
   Ôöé 			$this->cache->invalidate( $post_type );\r\n
   Ôöé 			$this->invalidate_paginated_sitemaps( $post_type );\r\n
   Ôöé 		}\r\n
   Ôöé \r\n
   Ôöé 		// Invalidate index sitemap\r\n
   Ôöé 		$this->cache->invalidate( 'index' );\r\n
   Ôöé \r\n
   Ôöé 		Logger::info(\r\n
   Ôöé 			'Sitemap cache invalidated on term change',\r\n
   Ôöé 			array(\r\n
   Ôöé 				'term_id' => $term_id,\r\n
   Ôöé 				'taxonomy' => $taxonomy,\r\n
   Ôöé 				'affected_post_types' => $taxonomy_obj->object_type,\r\n
   Ôöé 			)\r\n
   Ôöé 		);\r\n
   Ôöé 	}\r\n
   Ôöé \r\n
   Ôöé 	/**\r\n
   Ôöé 	 * Invalidate paginated sitemaps for a post type\r\n
   Ôöé 	 *\r\n
   Ôöé 	 * Deletes all paginated sitemap files for a given post type.\r\n
   Ôöé 	 *\r\n
   Ôöé 	 * @param string $post_type Post type name.\r\n
   Ôöé 	 * @return void\r\n
   Ôöé 	 */\r\n
   Ôöé 	private function invalidate_paginated_sitemaps( string $post_type ): void {\r\n
   Ôöé 		// Invalidate up to 100 pages (should be more than enough)\r\n
   Ôöé 		for ( $page = 2; $page <= 100; $page++ ) {\r\n
   Ôöé 			$cache_name = $post_type . '-' . $page;\r\n
   Ôöé 			$this->cache->invalidate( $cache_name );\r\n
   Ôöé 		}\r\n
   Ôöé 	}\r\n
   Ôöé \r\n
   Ôöé 	/**\r\n
   Ôöé 	 * Get public post types for sitemap\r\n
   Ôöé 	 *\r\n
   Ôöé 	 * @return array Array of post type names.\r\n
   Ôöé 	 */\r\n
   Ôöé 	private function get_public_post_types(): array {\r\n
   Ôöé 		$post_types = get_post_types(\r\n
   Ôöé 			array(\r\n
   Ôöé 				'public' => true,\r\n
   Ôöé 			),\r\n
   Ôöé 			'names'\r\n
   Ôöé 		);\r\n
   Ôöé \r\n
   Ôöé 		// Exclude attachment post type\r\n
   Ôöé 		unset( $post_types['attachment'] );\r\n
   Ôöé \r\n
   Ôöé 		return array_values( $post_types );\r\n
   Ôöé 	}\r\n
   Ôöé \r\n
   Ôöé 	/**\r\n
   Ôöé 	 * Regenerate all sitemaps\r\n
   Ôöé 	 *\r\n
   Ôöé 	 * Pre-generates all sitemaps to ensure fresh cache.\r\n
   Ôöé 	 * Called by WP-Cron daily event (Requirements 6.5, 6.6).\r\n
   Ôöé 	 * Pings search engines after regeneration (Requirement 7.2).\r\n
   Ôöé 	 *\r\n
   Ôöé 	 * @return void\r\n
   Ôöé 	 */\r\n
   Ôöé 	public function regenerate_all_sitemaps(): void {\r\n
   Ôöé 		Logger::info( 'Starting scheduled sitemap regeneration' );\r\n
   Ôöé \r\n
   Ôöé 		$post_types = $this->get_public_post_types();\r\n
   Ôöé \r\n
   Ôöé 		// Regenerate index sitemap\r\n
   Ôöé 		$this->builder->build_index();\r\n
   Ôöé 		Logger::info( 'Regenerated index sitemap' );\r\n
   Ôöé \r\n
   Ôöé 		// Regenerate sitemaps for each post type\r\n
   Ôöé 		foreach ( $post_types as $post_type ) {\r\n
   Ôöé 			// Get post count to determine number of pages\r\n
   Ôöé 			$count = $this->get_post_count( $post_type );\r\n
   Ôöé \r\n
   Ôöé 			if ( $count === 0 ) {\r\n
   Ôöé 				continue;\r\n
   Ôöé 			}\r\n
   Ôöé \r\n
   Ôöé 			$pages = (int) ceil( $count / 1000 ); // 1000 URLs per sitemap\r\n
   Ôöé \r\n
   Ôöé 			// Regenerate all pages for this post type\r\n
   Ôöé 			for ( $page = 1; $page <= $pages; $page++ ) {\r\n
   Ôöé 				$this->builder->build_posts( $post_type, $page );\r\n
   Ôöé 			}\r\n
   Ôöé \r\n
   Ôöé 			Logger::info(\r\n
   Ôöé 				'Regenerated sitemap for post type',\r\n
   Ôöé 				array(\r\n
   Ôöé 					'post_type' => $post_type,\r\n
   Ôöé 					'pages' => $pages,\r\n
   Ôöé 					'total_posts' => $count,\r\n
   Ôöé 				)\r\n
   Ôöé 			);\r\n
   Ôöé 		}\r\n
   Ôöé \r\n
   Ôöé 		// Regenerate news sitemap\r\n
   Ôöé 		$this->builder->build_news();\r\n
   Ôöé 		Logger::info( 'Regenerated news sitemap' );\r\n
   Ôöé \r\n
   Ôöé 		// Regenerate video sitemap\r\n
   Ôöé 		$this->builder->build_video();\r\n
   Ôöé 		Logger::info( 'Regenerated video sitemap' );\r\n
   Ôöé \r\n
   Ôöé 		Logger::info( 'Completed scheduled sitemap regeneration' );\r\n
   Ôöé \r\n
   Ôöé 		// Ping search engines after regeneration (Requirement 7.2)\r\n
   Ôöé 		$this->ping_search_engines();\r\n
   Ôöé 	}\r\n
   Ôöé \r\n
   Ôöé 	/**\r\n
   Ôöé 	 * Get post count for a post type\r\n
   Ôöé 	 *\r\n
   Ôöé 	 * Counts only published posts that are not marked as noindex.\r\n
   Ôöé 	 *\r\n
   Ôöé 	 * @param string $post_type Post type name.\r\n
   Ôöé 	 * @return int Post count.\r\n
   Ôöé 	 */\r\n
   Ôöé 	private function get_post_count( string $post_type ): int {\r\n
   Ôöé 		global $wpdb;\r\n
   Ôöé \r\n
   Ôöé 		// phpcs:ignore WordPress.DB.DirectDatabaseQuery.DirectQuery, WordPress.DB.DirectDatabaseQuery.NoCaching\r\n
   Ôöé 		$count = $wpdb->get_var(\r\n
   Ôöé 			$wpdb->prepare(\r\n
   Ôöé 				"SELECT COUNT(DISTINCT p.ID)\r\n
   Ôöé 				FROM {$wpdb->posts} p\r\n
   Ôöé 				LEFT JOIN {$wpdb->postmeta} pm \r\n
   Ôöé 					ON p.ID = pm.post_id \r\n
   Ôöé 					AND pm.meta_key = '_meowseo_noindex'\r\n
   Ôöé 				WHERE p.post_type = %s\r\n
   Ôöé 				AND p.post_status = 'publish'\r\n
   Ôöé 				AND (pm.meta_value IS NULL OR pm.meta_value != '1')",\r\n
   Ôöé 				$post_type\r\n
   Ôöé 			)\r\n
   Ôöé 		);\r\n
   Ôöé \r\n
   Ôöé 		return (int) $count;\r\n
   Ôöé 	}\r\n
   Ôöé \r\n
   Ôöé 	/**\r\n
   Ôöé 	 * Schedule daily sitemap regeneration\r\n
   Ôöé 	 *\r\n
   Ôöé 	 * Registers WP-Cron event for daily sitemap pre-generation.\r\n
   Ôöé 	 *\r\n
   Ôöé 	 * @return void\r\n
   Ôöé 	 */\r\n
   Ôöé 	public function schedule_daily_regeneration(): void {\r\n
   Ôöé 		if ( ! wp_next_scheduled( 'meowseo_regenerate_sitemaps' ) ) {\r\n
   Ôöé 			wp_schedule_event( time(), 'daily', 'meowseo_regenerate_sitemaps' );\r\n
   Ôöé 			Logger::info( 'Scheduled daily sitemap regeneration' );\r\n
   Ôöé 		}\r\n
   Ôöé 	}\r\n
   Ôöé \r\n
   Ôöé 	/**\r\n
   Ôöé 	 * Ping search engines on post publish\r\n
   Ôöé 	 *\r\n
   Ôöé 	 * Hooks into transition_post_status to ping when a post is published (Requirement 7.3).\r\n
   Ôöé 	 *\r\n
   Ôöé 	 * @param string   $new_status New post status.\r\n
   Ôöé 	 * @param string   $old_status Old post status.\r\n
   Ôöé 	 * @param \WP_Post $post       Post object.\r\n
   Ôöé 	 * @return void\r\n
   Ôöé 	 */\r\n
   Ôöé 	public function ping_on_post_publish( string $new_status, string $old_status, \WP_Post $post ): void {\r\n
   Ôöé 		// Only ping when transitioning to publish status (Requirement 7.3)\r\n
   Ôöé 		if ( 'publish' !== $new_status || 'publish' === $old_status ) {\r\n
   Ôöé 			return;\r\n
   Ôöé 		}\r\n
   Ôöé \r\n
   Ôöé 		// Skip autosaves and revisions\r\n
   Ôöé 		if ( wp_is_post_autosave( $post->ID ) || wp_is_post_revision( $post->ID ) ) {\r\n
   Ôöé 			return;\r\n
   Ôöé 		}\r\n
   Ôöé \r\n
   Ôöé 		Logger::info(\r\n
   Ôöé 			'Post published, triggering sitemap ping',\r\n
   Ôöé 			array(\r\n
   Ôöé 				'post_id' => $post->ID,\r\n
   Ôöé 				'post_type' => $post->post_type,\r\n
   Ôöé 			)\r\n
   Ôöé 		);\r\n
   Ôöé \r\n
   Ôöé 		// Ping search engines (Requirement 7.3)\r\n
   Ôöé 		$this->ping_search_engines();\r\n
   Ôöé 	}\r\n
   Ôöé \r\n
   Ôöé 	/**\r\n
   Ôöé 	 * Ping search engines with sitemap URL\r\n
   Ôöé 	 *\r\n
   Ôöé 	 * Notifies Google and Bing of sitemap updates (Requirements 7.1, 7.6).\r\n
   Ôöé 	 *\r\n
   Ôöé 	 * @return void\r\n
   Ôöé 	 */\r\n
   Ôöé 	private function ping_search_engines(): void {\r\n
   Ôöé 		$sitemap_url = trailingslashit( get_site_url() ) . 'sitemap.xml';\r\n
   Ôöé 		$this->ping->ping( $sitemap_url );\r\n
   Ôöé 	}\r\n
   Ôöé }\r\n
   Ôöé ' contains "'error'".
   Ôöé
   Ôöé D:\meowseo\tests\modules\sitemap\SitemapLoggingTest.php:93
   Ôöé

Sitemap Requirements (MeowSEO\Tests\Modules\Sitemap\SitemapRequirements)
 Ôå® Requirement 6 1 generates physical files [0.23 ms]
   Ôöé
   Ôöé WordPress functions already defined. These tests require Brain\Monkey mocking which cannot override existing functions.
   Ôöé
   Ôöé D:\meowseo\tests\modules\sitemap\SitemapRequirementsTest.php:33
   Ôöé

 Ôå® Requirement 6 2 cache stores paths [0.34 ms]
   Ôöé
   Ôöé WordPress functions already defined. These tests require Brain\Monkey mocking which cannot override existing functions.
   Ôöé
   Ôöé D:\meowseo\tests\modules\sitemap\SitemapRequirementsTest.php:33
   Ôöé

 Ôå® Requirement 6 4 lock pattern implemented [0.26 ms]
   Ôöé
   Ôöé WordPress functions already defined. These tests require Brain\Monkey mocking which cannot override existing functions.
   Ôöé
   Ôöé D:\meowseo\tests\modules\sitemap\SitemapRequirementsTest.php:33
   Ôöé

 Ôå® Requirement 6 7 image entries supported [0.14 ms]
   Ôöé
   Ôöé WordPress functions already defined. These tests require Brain\Monkey mocking which cannot override existing functions.
   Ôöé
   Ôöé D:\meowseo\tests\modules\sitemap\SitemapRequirementsTest.php:33
   Ôöé

 Ôå® Requirement 6 8 noindex posts excluded [0.08 ms]
   Ôöé
   Ôöé WordPress functions already defined. These tests require Brain\Monkey mocking which cannot override existing functions.
   Ôöé
   Ôöé D:\meowseo\tests\modules\sitemap\SitemapRequirementsTest.php:33
   Ôöé

 Ôå® Xml structure is valid [0.06 ms]
   Ôöé
   Ôöé WordPress functions already defined. These tests require Brain\Monkey mocking which cannot override existing functions.
   Ôöé
   Ôöé D:\meowseo\tests\modules\sitemap\SitemapRequirementsTest.php:33
   Ôöé

Sitemap (MeowSEO\Tests\Modules\Sitemap\Sitemap)
 Ôå® Get id [0.08 ms]
   Ôöé
   Ôöé WordPress functions already defined. These tests require Brain\Monkey mocking which cannot override existing functions.
   Ôöé
   Ôöé D:\meowseo\tests\modules\sitemap\SitemapTest.php:31
   Ôöé

 Ôå® Boot [0.04 ms]
   Ôöé
   Ôöé WordPress functions already defined. These tests require Brain\Monkey mocking which cannot override existing functions.
   Ôöé
   Ôöé D:\meowseo\tests\modules\sitemap\SitemapTest.php:31
   Ôöé

Social Module (MeowSEO\Tests\Modules\Social\SocialModule)
 Ô£ö Get id [3.45 ms]
 Ôå® Get social data defaults [0.09 ms]
   Ôöé
   Ôöé Social module tests require WordPress test framework with factory support
   Ôöé
   Ôöé D:\meowseo\tests\modules\social\SocialModuleTest.php:66
   Ôöé

 Ôå® Get social data with overrides [0.07 ms]
   Ôöé
   Ôöé Social module tests require WordPress test framework with factory support
   Ôöé
   Ôöé D:\meowseo\tests\modules\social\SocialModuleTest.php:73
   Ôöé

 Ôå® Social image fallback [0.04 ms]
   Ôöé
   Ôöé Social module tests require WordPress test framework with factory support
   Ôöé
   Ôöé D:\meowseo\tests\modules\social\SocialModuleTest.php:80
   Ôöé

 Ôå® Cache invalidation [0.04 ms]
   Ôöé
   Ôöé Social module tests require WordPress test framework with factory support
   Ôöé
   Ôöé D:\meowseo\tests\modules\social\SocialModuleTest.php:87
   Ôöé

 Ôå® Og type for post types [0.04 ms]
   Ôöé
   Ôöé Social module tests require WordPress test framework with factory support
   Ôöé
   Ôöé D:\meowseo\tests\modules\social\SocialModuleTest.php:94
   Ôöé

Woo Commerce Module (MeowSEO\Tests\Modules\WooCommerce\WooCommerceModule)
 Ô£ö Module interface implementation [0.05 ms]
 Ô£ö Get id returns woocommerce [0.04 ms]
 Ô£ö Generate product schema returns empty when woocommerce inactive [0.05 ms]
 Ôå® Generate product schema returns empty for nonexistent product [0.04 ms]
   Ôöé
   Ôöé WooCommerce is not active
   Ôöé
   Ôöé D:\meowseo\tests\modules\woocommerce\WooCommerceModuleTest.php:95
   Ôöé

 Ôå® Generate product schema includes required fields [0.06 ms]
   Ôöé
   Ôöé WooCommerce is not active
   Ôöé
   Ôöé D:\meowseo\tests\modules\woocommerce\WooCommerceModuleTest.php:112
   Ôöé

 Ôå® Generate product schema includes description [0.05 ms]
   Ôöé
   Ôöé WooCommerce is not active
   Ôöé
   Ôöé D:\meowseo\tests\modules\woocommerce\WooCommerceModuleTest.php:148
   Ôöé

 Ôå® Generate product schema includes sku [0.05 ms]
   Ôöé
   Ôöé WooCommerce is not active
   Ôöé
   Ôöé D:\meowseo\tests\modules\woocommerce\WooCommerceModuleTest.php:176
   Ôöé

 Ôå® Generate product schema includes offers with price [0.04 ms]
   Ôöé
   Ôöé WooCommerce is not active
   Ôöé
   Ôöé D:\meowseo\tests\modules\woocommerce\WooCommerceModuleTest.php:204
   Ôöé

 Ôå® Generate product schema availability in stock [0.05 ms]
   Ôöé
   Ôöé WooCommerce is not active
   Ôöé
   Ôöé D:\meowseo\tests\modules\woocommerce\WooCommerceModuleTest.php:246
   Ôöé

 Ôå® Generate product schema availability out of stock [0.04 ms]
   Ôöé
   Ôöé WooCommerce is not active
   Ôöé
   Ôöé D:\meowseo\tests\modules\woocommerce\WooCommerceModuleTest.php:277
   Ôöé

 Ôå® Generate product schema includes aggregate rating with reviews [0.05 ms]
   Ôöé
   Ôöé WooCommerce is not active
   Ôöé
   Ôöé D:\meowseo\tests\modules\woocommerce\WooCommerceModuleTest.php:308
   Ôöé

 Ôå® Generate product schema no aggregate rating without reviews [0.04 ms]
   Ôöé
   Ôöé WooCommerce is not active
   Ôöé
   Ôöé D:\meowseo\tests\modules\woocommerce\WooCommerceModuleTest.php:350
   Ôöé

 Ôå® Generate product schema validates schema [0.05 ms]
   Ôöé
   Ôöé WooCommerce is not active
   Ôöé
   Ôöé D:\meowseo\tests\modules\woocommerce\WooCommerceModuleTest.php:378
   Ôöé

 Ôå® Add product sitemap metadata adds priority and changefreq [0.15 ms]
   Ôöé
   Ôöé WooCommerce is not active
   Ôöé
   Ôöé D:\meowseo\tests\modules\woocommerce\WooCommerceModuleTest.php:482
   Ôöé

 Ô£ö Add product sitemap metadata ignores non products [0.15 ms]
 Ô£ö Add products to sitemap returns empty when woocommerce inactive [0.09 ms]
 Ôå® Add products to sitemap adds products [0.13 ms]
   Ôöé
   Ôöé WooCommerce is not active
   Ôöé
   Ôöé D:\meowseo\tests\modules\woocommerce\WooCommerceModuleTest.php:565
   Ôöé

 Ôå® Add products to sitemap excludes out of stock when enabled [0.09 ms]
   Ôöé
   Ôöé WooCommerce is not active
   Ôöé
   Ôöé D:\meowseo\tests\modules\woocommerce\WooCommerceModuleTest.php:605
   Ôöé

 Ôå® Add products to sitemap includes out of stock when disabled [0.08 ms]
   Ôöé
   Ôöé WooCommerce is not active
   Ôöé
   Ôöé D:\meowseo\tests\modules\woocommerce\WooCommerceModuleTest.php:642
   Ôöé

 Ôå® Add products to sitemap uses product modified date [0.06 ms]
   Ôöé
   Ôöé WooCommerce is not active
   Ôöé
   Ôöé D:\meowseo\tests\modules\woocommerce\WooCommerceModuleTest.php:677
   Ôöé

 Ô£ö Get product meta returns empty when woocommerce inactive [0.07 ms]
 Ôå® Get product meta returns empty when not on product page [0.05 ms]
   Ôöé
   Ôöé WooCommerce is not active
   Ôöé
   Ôöé D:\meowseo\tests\modules\woocommerce\WooCommerceModuleTest.php:726
   Ôöé

 Ôå® Get product meta includes required fields for category [0.06 ms]
   Ôöé
   Ôöé WooCommerce is not active
   Ôöé
   Ôöé D:\meowseo\tests\modules\woocommerce\WooCommerceModuleTest.php:744
   Ôöé

 Ôå® Get product meta uses category description [0.05 ms]
   Ôöé
   Ôöé WooCommerce is not active
   Ôöé
   Ôöé D:\meowseo\tests\modules\woocommerce\WooCommerceModuleTest.php:774
   Ôöé

 Ôå® Get product meta generates fallback description [0.06 ms]
   Ôöé
   Ôöé WooCommerce is not active
   Ôöé
   Ôöé D:\meowseo\tests\modules\woocommerce\WooCommerceModuleTest.php:804
   Ôöé

 Ôå® Get product meta returns meta for shop page [0.05 ms]
   Ôöé
   Ôöé WooCommerce is not active
   Ôöé
   Ôöé D:\meowseo\tests\modules\woocommerce\WooCommerceModuleTest.php:832
   Ôöé

 Ô£ö Generate product breadcrumbs returns empty when woocommerce inactive [0.05 ms]
 Ôå® Generate product breadcrumbs returns empty for nonexistent product [0.05 ms]
   Ôöé
   Ôöé WooCommerce is not active
   Ôöé
   Ôöé D:\meowseo\tests\modules\woocommerce\WooCommerceModuleTest.php:867
   Ôöé

 Ôå® Generate product breadcrumbs includes home and shop [0.05 ms]
   Ôöé
   Ôöé WooCommerce is not active
   Ôöé
   Ôöé D:\meowseo\tests\modules\woocommerce\WooCommerceModuleTest.php:884
   Ôöé

 Ôå® Generate product breadcrumbs includes product title [0.06 ms]
   Ôöé
   Ôöé WooCommerce is not active
   Ôöé
   Ôöé D:\meowseo\tests\modules\woocommerce\WooCommerceModuleTest.php:932
   Ôöé

 Ôå® Generate product breadcrumbs includes category hierarchy [0.05 ms]
   Ôöé
   Ôöé WooCommerce is not active
   Ôöé
   Ôöé D:\meowseo\tests\modules\woocommerce\WooCommerceModuleTest.php:963
   Ôöé

 Ôå® Generate product breadcrumbs uses primary category [0.06 ms]
   Ôöé
   Ôöé WooCommerce is not active
   Ôöé
   Ôöé D:\meowseo\tests\modules\woocommerce\WooCommerceModuleTest.php:1022
   Ôöé

 Ôå® Generate product breadcrumbs generates schema [0.05 ms]
   Ôöé
   Ôöé WooCommerce is not active
   Ôöé
   Ôöé D:\meowseo\tests\modules\woocommerce\WooCommerceModuleTest.php:1075
   Ôöé

 Ôå® Generate product breadcrumbs schema positions are sequential [0.05 ms]
   Ôöé
   Ôöé WooCommerce is not active
   Ôöé
   Ôöé D:\meowseo\tests\modules\woocommerce\WooCommerceModuleTest.php:1124
   Ôöé

 Ôå® Generate product breadcrumbs schema includes item urls [0.04 ms]
   Ôöé
   Ôöé WooCommerce is not active
   Ôöé
   Ôöé D:\meowseo\tests\modules\woocommerce\WooCommerceModuleTest.php:1155
   Ôöé

 Ôå® Generate product breadcrumbs returns consistent structure [0.06 ms]
   Ôöé
   Ôöé WooCommerce is not active
   Ôöé
   Ôöé D:\meowseo\tests\modules\woocommerce\WooCommerceModuleTest.php:1187
   Ôöé

Bugfix Asset Loading Property (MeowSEO\Tests\Properties\BugfixAssetLoadingProperty)
 Ô£ö Asset file existence check before include [1.17 ms]
 Ô£ö Correct css file path reference [0.53 ms]
 Ô£ÿ Js file existence check before enqueue [0.35 ms]
   Ôöé
   Ôöé EXPECTED BEHAVIOR: System should check if build/gutenberg.js exists before enqueueing. CURRENT BEHAVIOR: No file existence check before wp_enqueue_script() call (lines 45-50).
   Ôöé Failed asserting that false is true.
   Ôöé
   Ôöé D:\meowseo\tests\properties\BugfixAssetLoadingPropertyTest.php:175
   Ôöé

 Ô£ö Error logging for missing files [0.29 ms]
 Ô£ö Admin notices for missing files [0.25 ms]
 Ô£ö Fallback dependencies when asset file missing [0.20 ms]

Bugfix Error Handling Property (MeowSEO\Tests\Properties\BugfixErrorHandlingProperty)
 Ô£ö Redux store has fallback mechanism [0.43 ms]
 Ô£ö Gutenberg store has graceful degradation [0.42 ms]
 Ô£ö Worker instantiation has error handling [1.44 ms]
 Ô£ö Settings render uses error boundary [1.04 ms]
 Ô£ö Cache directory validates parent writable [0.62 ms]

Bugfix Module Loading Property (MeowSEO\Tests\Properties\BugfixModuleLoadingProperty)
 Ô£ö Module registry correct ai class name [0.28 ms]
 Ô£ö Ai module constructor instantiates dependencies [0.43 ms]
 Ô£ö Ai module boot method complete [0.32 ms]
 Ô£ö Dashboard component implementation [0.37 ms]
 Ô£ö Handle generate function complete [0.38 ms]
 Ô£ö Ai module loads without fatal errors [0.11 ms]

Location Property01Coordinate Validation (MeowSEO\Tests\Properties\LocationProperty01CoordinateValidation)
 Ô£ö Valid coordinates are accepted [0.91 ms]
 Ô£ö Invalid latitude is rejected [1.10 ms]
 Ô£ö Invalid longitude is rejected [1.04 ms]
 Ô£ö Boundary values are valid [0.08 ms]
 Ô£ö Null coordinates are valid [0.04 ms]
 Ô£ö High precision coordinates are accepted [0.05 ms]

Meta Property01Tag Output Order (MeowSEO\Tests\Properties\MetaProperty01TagOutputOrder)
 Ô£ö Tag output order singular [9.79 ms]
 Ô£ö Tag output order homepage [5.00 ms]
 Ô£ö Tag output order archive [8.97 ms]
 Ô£ö Tag output order all groups present [0.25 ms]

Meta Property02Conditional Description (MeowSEO\Tests\Properties\MetaProperty02ConditionalDescription)
 Ô£ö Empty description when no sources [8.38 ms]
 Ô£ö Non empty description with custom meta [7.76 ms]
 Ô£ö Non empty description with excerpt fallback [7.56 ms]
 Ô£ö Non empty description with content fallback [7.47 ms]

Meta Property03Google Discover Directives (MeowSEO\Tests\Properties\MetaProperty03GoogleDiscoverDirectives)
 Ôå® Google discover directives always present [0.11 ms]
   Ôöé
   Ôöé This test requires WordPress test framework with factory support
   Ôöé
   Ôöé D:\meowseo\tests\properties\MetaPropertyTestCase.php:30
   Ôöé

Meta Property04Canonical Pagination Stripping (MeowSEO\Tests\Properties\MetaProperty04CanonicalPaginationStripping)
 Ôå® Canonical strips pagination params [0.08 ms]
   Ôöé
   Ôöé This test requires WordPress test framework with factory support
   Ôöé
   Ôöé D:\meowseo\tests\properties\MetaPropertyTestCase.php:30
   Ôöé

Meta Property05Canonical Always Present (MeowSEO\Tests\Properties\MetaProperty05CanonicalAlwaysPresent)
 Ôå® Canonical always present [0.07 ms]
   Ôöé
   Ôöé This test requires WordPress test framework with factory support
   Ôöé
   Ôöé D:\meowseo\tests\properties\MetaPropertyTestCase.php:30
   Ôöé

Meta Property06Open Graph Tag Order (MeowSEO\Tests\Properties\MetaProperty06OpenGraphTagOrder)
 Ô£ö Open graph tag order [14.29 ms]
 Ô£ö Open graph tag order all tags [0.24 ms]

Meta Property07ISO8601Date Formatting (MeowSEO\Tests\Properties\MetaProperty07ISO8601DateFormatting)
 Ô£ö Iso8601 date formatting [9.43 ms]
 Ô£ö Iso8601 date format specific [0.26 ms]
 Ô£ö Format iso8601 method [2.83 ms]

Meta Property08Twitter Card Independence (MeowSEO\Tests\Properties\MetaProperty08TwitterCardIndependence)
 Ôå® Twitter card independence [0.11 ms]
   Ôöé
   Ôöé This test requires WordPress test framework with factory support
   Ôöé
   Ôöé D:\meowseo\tests\properties\MetaPropertyTestCase.php:30
   Ôöé

 Ôå® Twitter description independence [0.07 ms]
   Ôöé
   Ôöé This test requires WordPress test framework with factory support
   Ôöé
   Ôöé D:\meowseo\tests\properties\MetaPropertyTestCase.php:30
   Ôöé

Meta Property09Conditional Hreflang (MeowSEO\Tests\Properties\MetaProperty09ConditionalHreflang)
 Ô£ö Hreflang empty when no plugin active [0.06 ms]
 Ô£ö Hreflang returns array [0.04 ms]

Meta Property10Title Fallback Chain (MeowSEO\Tests\Properties\MetaProperty10TitleFallbackChain)
 Ôå® Title fallback chain completeness [0.08 ms]
   Ôöé
   Ôöé This test requires WordPress test framework with factory support
   Ôöé
   Ôöé D:\meowseo\tests\properties\MetaPropertyTestCase.php:30
   Ôöé

 Ôå® Title never empty with empty inputs [0.07 ms]
   Ôöé
   Ôöé This test requires WordPress test framework with factory support
   Ôöé
   Ôöé D:\meowseo\tests\properties\MetaPropertyTestCase.php:30
   Ôöé

Meta Property11Description Fallback Chain (MeowSEO\Tests\Properties\MetaProperty11DescriptionFallbackChain)
 Ôå® Description fallback chain completeness [0.07 ms]
   Ôöé
   Ôöé This test requires WordPress test framework with factory support
   Ôöé
   Ôöé D:\meowseo\tests\properties\MetaPropertyTestCase.php:30
   Ôöé

 Ôå® Description empty when all sources empty [0.06 ms]
   Ôöé
   Ôöé This test requires WordPress test framework with factory support
   Ôöé
   Ôöé D:\meowseo\tests\properties\MetaPropertyTestCase.php:30
   Ôöé

Meta Property12Description Truncation (MeowSEO\Tests\Properties\MetaProperty12DescriptionTruncation)
 Ôå® Description truncation strips html [0.20 ms]
   Ôöé
   Ôöé This test requires WordPress test framework with factory support
   Ôöé
   Ôöé D:\meowseo\tests\properties\MetaPropertyTestCase.php:30
   Ôöé

 Ôå® Description truncation strips shortcodes [0.13 ms]
   Ôöé
   Ôöé This test requires WordPress test framework with factory support
   Ôöé
   Ôöé D:\meowseo\tests\properties\MetaPropertyTestCase.php:30
   Ôöé

 Ôå® Long text truncated to 160 chars [0.09 ms]
   Ôöé
   Ôöé This test requires WordPress test framework with factory support
   Ôöé
   Ôöé D:\meowseo\tests\properties\MetaPropertyTestCase.php:30
   Ôöé

Meta Property13OGImage Fallback Chain (MeowSEO\Tests\Properties\MetaProperty13OGImageFallbackChain)
 Ôå® Og image uses custom when set [0.09 ms]
   Ôöé
   Ôöé This test requires WordPress test framework with factory support
   Ôöé
   Ôöé D:\meowseo\tests\properties\MetaPropertyTestCase.php:30
   Ôöé

 Ôå® Og image empty when no sources [0.08 ms]
   Ôöé
   Ôöé This test requires WordPress test framework with factory support
   Ôöé
   Ôöé D:\meowseo\tests\properties\MetaPropertyTestCase.php:30
   Ôöé

 Ôå® Og image result structure [0.07 ms]
   Ôöé
   Ôöé This test requires WordPress test framework with factory support
   Ôöé
   Ôöé D:\meowseo\tests\properties\MetaPropertyTestCase.php:30
   Ôöé

Meta Property14OGImage Dimension Validation (MeowSEO\Tests\Properties\MetaProperty14OGImageDimensionValidation)
 Ôå® Og image dimension validation [0.08 ms]
   Ôöé
   Ôöé This test requires WordPress test framework with factory support
   Ôöé
   Ôöé D:\meowseo\tests\properties\MetaPropertyTestCase.php:30
   Ôöé

Meta Property15OGImage Return Structure (MeowSEO\Tests\Properties\MetaProperty15OGImageReturnStructure)
 Ôå® Og image return structure [0.10 ms]
   Ôöé
   Ôöé This test requires WordPress test framework with factory support
   Ôöé
   Ôöé D:\meowseo\tests\properties\MetaPropertyTestCase.php:30
   Ôöé

Meta Property16Canonical Fallback Chain (MeowSEO\Tests\Properties\MetaProperty16CanonicalFallbackChain)
 Ôå® Canonical uses custom when set [0.10 ms]
   Ôöé
   Ôöé This test requires WordPress test framework with factory support
   Ôöé
   Ôöé D:\meowseo\tests\properties\MetaPropertyTestCase.php:30
   Ôöé

 Ôå® Canonical never empty [0.12 ms]
   Ôöé
   Ôöé This test requires WordPress test framework with factory support
   Ôöé
   Ôöé D:\meowseo\tests\properties\MetaPropertyTestCase.php:30
   Ôöé

Meta Property17Robots Directive Merging (MeowSEO\Tests\Properties\MetaProperty17RobotsDirectiveMerging)
 Ôå® Robots directive merging [0.14 ms]
   Ôöé
   Ôöé This test requires WordPress test framework with factory support
   Ôöé
   Ôöé D:\meowseo\tests\properties\MetaPropertyTestCase.php:30
   Ôöé

Meta Property18Variable Replacement Completeness (MeowSEO\Tests\Properties\MetaProperty18VariableReplacementCompleteness)
 Ô£ö Variable replacement completeness [4.53 ms]
 Ô£ö All supported variables replaced [7.49 ms]
 Ô£ö Separator variable replaced [4.27 ms]

Meta Property19Missing Variable Handling (MeowSEO\Tests\Properties\MetaProperty19MissingVariableHandling)
 Ô£ö Missing variables replaced with empty string [10.55 ms]
 Ô£ö Multiple missing variables [5.31 ms]
 Ô£ö Empty context [1.57 ms]

Meta Property20Pagination Variable Conditional (MeowSEO\Tests\Properties\MetaProperty20PaginationVariableConditional)
 Ô£ö Pagination variable conditional [4.02 ms]
 Ô£ö Page one is non paginated [3.05 ms]
 Ô£ö Page variable placeholder removed [4.57 ms]

Meta Property24Robots Txt Sitemap URLPresence (MeowSEO\Tests\Properties\MetaProperty24RobotsTxtSitemapURLPresence)
 Ô£ö Sitemap url always present [15.24 ms]

Meta Property25Robots Txt Custom Directives Inclusion (MeowSEO\Tests\Properties\MetaProperty25RobotsTxtCustomDirectivesInclusion)
 Ô£ö Custom directives inclusion and ordering [16.78 ms]

Meta Property26Robots Txt Default Directives Presence (MeowSEO\Tests\Properties\MetaProperty26RobotsTxtDefaultDirectivesPresence)
 Ô£ö Default directives always present [12.76 ms]

Meta Property27Robots Txt Formatting (MeowSEO\Tests\Properties\MetaProperty27RobotsTxtFormatting)
 Ô£ö Robots txt formatting [14.03 ms]

Meta Property28Title Pattern Round Trip (MeowSEO\Tests\Properties\MetaProperty28TitlePatternRoundTrip)
 Ô£ö Title pattern round trip [1.46 ms]
 Ô£ö Round trip complex patterns [6.04 ms]
 Ô£ö Round trip preserves token count [1.14 ms]

Meta Property29Invalid Pattern Error Handling (MeowSEO\Tests\Properties\MetaProperty29InvalidPatternErrorHandling)
 Ô£ö Unbalanced braces return error [1.23 ms]
 Ô£ö Unsupported variables return error [1.38 ms]
 Ô£ö Validate returns error for invalid patterns [1.70 ms]
 Ô£ö Validate returns true for valid patterns [0.98 ms]
 Ô£ö Error messages are descriptive [1.06 ms]

Module Loading Property (MeowSEO\Tests\ModuleLoadingProperty)
 Ô£ÿ Module manager loads exactly enabled set [14.43 ms]
   Ôöé
   Ôöé Module_Manager should load exactly the enabled modules
   Ôöé Failed asserting that two arrays are equal.
   Ôöé --- Expected
   Ôöé +++ Actual
   Ôöé @@ @@
   Ôöé  Array (
   Ôöé      0 => 'meta'
   Ôöé      1 => 'schema'
   Ôöé -    2 => 'sitemap'
   Ôöé  )
   Ôöé
   Ôöé D:\meowseo\tests\properties\ModuleLoadingPropertyTest.php:101
   Ôöé D:\meowseo\vendor\giorgiosironi\eris\src\Quantifier\Evaluation.php:52
   Ôöé D:\meowseo\vendor\giorgiosironi\eris\src\Shrinker\Multiple.php:102
   Ôöé D:\meowseo\vendor\giorgiosironi\eris\src\Quantifier\ForAll.php:169
   Ôöé D:\meowseo\vendor\giorgiosironi\eris\src\Quantifier\Evaluation.php:57
   Ôöé D:\meowseo\vendor\giorgiosironi\eris\src\Quantifier\ForAll.php:171
   Ôöé D:\meowseo\vendor\giorgiosironi\eris\src\Quantifier\ForAll.php:194
   Ôöé D:\meowseo\tests\properties\ModuleLoadingPropertyTest.php:63
   Ôöé

Reproduce with:
ERIS_SEED=1776632971308614 vendor/bin/phpunit --filter 'MeowSEO\\Tests\\ModuleLoadingPropertyTest::test_module_manager_loads_exactly_enabled_set'

 Ô£ö Module manager never loads disabled modules [18.76 ms]
 Ô£ÿ Module manager loads all enabled modules [0.64 ms]
   Ôöé
   Ôöé Enabled module 'sitemap' should be active
   Ôöé Failed asserting that false is true.
   Ôöé
   Ôöé D:\meowseo\tests\properties\ModuleLoadingPropertyTest.php:257
   Ôöé D:\meowseo\vendor\giorgiosironi\eris\src\Quantifier\Evaluation.php:52
   Ôöé D:\meowseo\vendor\giorgiosironi\eris\src\Shrinker\Multiple.php:102
   Ôöé D:\meowseo\vendor\giorgiosironi\eris\src\Quantifier\ForAll.php:169
   Ôöé D:\meowseo\vendor\giorgiosironi\eris\src\Quantifier\Evaluation.php:57
   Ôöé D:\meowseo\vendor\giorgiosironi\eris\src\Quantifier\ForAll.php:171
   Ôöé D:\meowseo\vendor\giorgiosironi\eris\src\Quantifier\ForAll.php:194
   Ôöé D:\meowseo\tests\properties\ModuleLoadingPropertyTest.php:233
   Ôöé

Reproduce with:
ERIS_SEED=1776632971308614 vendor/bin/phpunit --filter 'MeowSEO\\Tests\\ModuleLoadingPropertyTest::test_module_manager_loads_all_enabled_modules'

 Ô£ÿ Module manager respects options on each boot [1.93 ms]
   Ôöé
   Ôöé Second boot should load the second set of modules
   Ôöé Failed asserting that two arrays are equal.
   Ôöé --- Expected
   Ôöé +++ Actual
   Ôöé @@ @@
   Ôöé  Array (
   Ôöé      0 => 'meta'
   Ôöé      1 => 'schema'
   Ôöé -    2 => 'sitemap'
   Ôöé  )
   Ôöé
   Ôöé D:\meowseo\tests\properties\ModuleLoadingPropertyTest.php:366
   Ôöé D:\meowseo\vendor\giorgiosironi\eris\src\Quantifier\Evaluation.php:52
   Ôöé D:\meowseo\vendor\giorgiosironi\eris\src\Shrinker\Multiple.php:102
   Ôöé D:\meowseo\vendor\giorgiosironi\eris\src\Quantifier\ForAll.php:169
   Ôöé D:\meowseo\vendor\giorgiosironi\eris\src\Quantifier\Evaluation.php:57
   Ôöé D:\meowseo\vendor\giorgiosironi\eris\src\Quantifier\ForAll.php:171
   Ôöé D:\meowseo\vendor\giorgiosironi\eris\src\Quantifier\ForAll.php:194
   Ôöé D:\meowseo\tests\properties\ModuleLoadingPropertyTest.php:308
   Ôöé

Reproduce with:
ERIS_SEED=1776632971308614 vendor/bin/phpunit --filter 'MeowSEO\\Tests\\ModuleLoadingPropertyTest::test_module_manager_respects_options_on_each_boot'

Options Roundtrip Property (MeowSEO\Tests\OptionsRoundtripProperty)
 Ô£ö Options roundtrip preserves all values [2.38 ms]
 Ô£ö Options preserves string values with special characters [3.84 ms]
 Ô£ö Options preserves integer values [1.06 ms]
 Ô£ö Options preserves boolean values [0.85 ms]
 Ô£ö Options preserves array values with mixed types [3.47 ms]
 Ô£ö Options get returns default when key not set [1.89 ms]
 Ô£ö Options preserves multiple values independently [17.94 ms]
 Ô£ö Options preserves empty values [0.12 ms]
 Ô£ö Options distinguishes unset from empty [0.07 ms]

Property05Rate Limit Caching (MeowSEO\Tests\Property05RateLimitCaching)
 Ô£ö Rate limit exception stores correct retry after [1.17 ms]
 Ô£ö Cache ttl is respected [1.29 ms]
 Ô£ö Default ttl is 60 seconds [0.95 ms]
 Ô£ö Cache key format is correct [2.02 ms]
 Ô£ö Multiple providers cached independently [2.53 ms]
 Ô£ö Cache stores expiration timestamp [1.30 ms]
 Ô£ö Zero ttl uses default [1.04 ms]

Property09JSONParsing Robustness (MeowSEO\Tests\Property09JSONParsingRobustness)
 Ô£ö Valid json parses correctly [6.92 ms]
 Ô£ö Invalid json returns wp error [3.82 ms]
 Ô£ö Missing required fields are handled [7.41 ms]
 Ô£ö Markdown code blocks are removed [3.83 ms]
 Ô£ö All values are sanitized [4.90 ms]
 Ô£ö Optional fields are preserved [15.37 ms]
 Ô£ö Empty json returns error [2.01 ms]
 Ô£ö Unicode is handled correctly [4.54 ms]

Property10Log Entry Limit (MeowSEO\Tests\Property10LogEntryLimit)
 Ô£ö Log entry count never exceeds limit [14.14 ms]
 Ô£ö Maintains exactly 1000 entries when limit exceeded [12.50 ms]
 Ô£ö Preserves most recent entries [10.95 ms]
 Ô£ÿ Cleanup triggered after exceeding limit [257.45 ms]
   Ôöé
   Ôöé Log entry count should not exceed 1000 after batch 14
   Ôöé Failed asserting that 1005 is equal to 1000 or is less than 1000.
   Ôöé
   Ôöé D:\meowseo\tests\properties\Property10LogEntryLimitTest.php:305
   Ôöé D:\meowseo\vendor\giorgiosironi\eris\src\Quantifier\Evaluation.php:52
   Ôöé D:\meowseo\vendor\giorgiosironi\eris\src\Shrinker\Multiple.php:102
   Ôöé D:\meowseo\vendor\giorgiosironi\eris\src\Quantifier\ForAll.php:169
   Ôöé D:\meowseo\vendor\giorgiosironi\eris\src\Quantifier\Evaluation.php:57
   Ôöé D:\meowseo\vendor\giorgiosironi\eris\src\Quantifier\ForAll.php:171
   Ôöé D:\meowseo\vendor\giorgiosironi\eris\src\Quantifier\ForAll.php:194
   Ôöé D:\meowseo\tests\properties\Property10LogEntryLimitTest.php:292
   Ôöé

Reproduce with:
ERIS_SEED=1776632971308614 vendor/bin/phpunit --filter 'MeowSEO\\Tests\\Property10LogEntryLimitTest::test_cleanup_triggered_after_exceeding_limit'

 Ô£ö Limit applies to all log levels [65.07 ms]

Property10Schema Graph Completeness (MeowSEO\Tests\Property10SchemaGraphCompleteness)
 Ô£ö Schema graph contains all required types [57.48 ms]
 Ô£ö Schema graph is valid json ld [151.65 ms]
 Ô£ö Schema graph is deterministic [3.74 ms]
 Ô£ö Schema graph has valid context [44.46 ms]
 Ô£ö Each schema item has type [1.88 ms]
 Ô£ö Schema graph handles minimal posts [0.85 ms]
 Ô£ö Schema graph returns empty for invalid post [0.28 ms]
 Ô£ö Schema graph items have id fields [0.68 ms]

Property11Cleanup Trigger (MeowSEO\Tests\Property11CleanupTrigger)
 Ô£ÿ Cleanup triggered when limit exceeded [0.40 ms]
   Ôöé
   Ôöé Cleanup should preserve at least some entries
   Ôöé Failed asserting that 0 is greater than 0.
   Ôöé
   Ôöé D:\meowseo\tests\properties\Property11CleanupTriggerTest.php:258
   Ôöé D:\meowseo\vendor\giorgiosironi\eris\src\Quantifier\Evaluation.php:52
   Ôöé D:\meowseo\vendor\giorgiosironi\eris\src\Quantifier\ForAll.php:171
   Ôöé D:\meowseo\vendor\giorgiosironi\eris\src\Quantifier\ForAll.php:194
   Ôöé D:\meowseo\tests\properties\Property11CleanupTriggerTest.php:239
   Ôöé

Reproduce with:
ERIS_SEED=1776632971308614 vendor/bin/phpunit --filter 'MeowSEO\\Tests\\Property11CleanupTriggerTest::test_cleanup_triggered_when_limit_exceeded'

 Ô£ÿ Cleanup not triggered when under limit [0.35 ms]
   Ôöé
   Ôöé No cleanup should occur when under the 1000 entry limit
   Ôöé Failed asserting that 0 matches expected -1.
   Ôöé
   Ôöé D:\meowseo\tests\properties\Property11CleanupTriggerTest.php:293
   Ôöé D:\meowseo\vendor\giorgiosironi\eris\src\Quantifier\Evaluation.php:52
   Ôöé D:\meowseo\vendor\giorgiosironi\eris\src\Quantifier\ForAll.php:171
   Ôöé D:\meowseo\vendor\giorgiosironi\eris\src\Quantifier\ForAll.php:194
   Ôöé D:\meowseo\tests\properties\Property11CleanupTriggerTest.php:281
   Ôöé

Reproduce with:
ERIS_SEED=1776632971308614 vendor/bin/phpunit --filter 'MeowSEO\\Tests\\Property11CleanupTriggerTest::test_cleanup_not_triggered_when_under_limit'

 Ô£ö Cleanup triggered after each insertion exceeding limit [3871.82 ms]
 Ô£ö Cleanup deletes oldest entries [19.58 ms]
 Ô£ö Cleanup maintains data integrity [23.53 ms]

Property11Sitemap Cache Storage (MeowSEO\Tests\Property11SitemapCacheStorage)
 Ôå® Sitemap cache stores paths not xml content [0.15 ms]
   Ôöé
   Ôöé WordPress functions already defined. These tests require Brain\Monkey mocking which cannot override existing functions.
   Ôöé
   Ôöé D:\meowseo\tests\properties\Property11SitemapCacheStorageTest.php:42
   Ôöé

 Ôå® Cached sitemap paths are always strings [0.14 ms]
   Ôöé
   Ôöé WordPress functions already defined. These tests require Brain\Monkey mocking which cannot override existing functions.
   Ôöé
   Ôöé D:\meowseo\tests\properties\Property11SitemapCacheStorageTest.php:42
   Ôöé

 Ôå® Cached sitemap paths never contain xml markup [0.22 ms]
   Ôöé
   Ôöé WordPress functions already defined. These tests require Brain\Monkey mocking which cannot override existing functions.
   Ôöé
   Ôöé D:\meowseo\tests\properties\Property11SitemapCacheStorageTest.php:42
   Ôöé

 Ôå® Cached sitemap paths are valid filesystem paths [0.10 ms]
   Ôöé
   Ôöé WordPress functions already defined. These tests require Brain\Monkey mocking which cannot override existing functions.
   Ôöé
   Ôöé D:\meowseo\tests\properties\Property11SitemapCacheStorageTest.php:42
   Ôöé

 Ôå® Cached sitemap paths follow naming convention [0.12 ms]
   Ôöé
   Ôöé WordPress functions already defined. These tests require Brain\Monkey mocking which cannot override existing functions.
   Ôöé
   Ôöé D:\meowseo\tests\properties\Property11SitemapCacheStorageTest.php:42
   Ôöé

 Ôå® Cached sitemap paths are deterministic [0.10 ms]
   Ôöé
   Ôöé WordPress functions already defined. These tests require Brain\Monkey mocking which cannot override existing functions.
   Ôöé
   Ôöé D:\meowseo\tests\properties\Property11SitemapCacheStorageTest.php:42
   Ôöé

 Ôå® Cached sitemap paths do not contain xml content indicators [0.08 ms]
   Ôöé
   Ôöé WordPress functions already defined. These tests require Brain\Monkey mocking which cannot override existing functions.
   Ôöé
   Ôöé D:\meowseo\tests\properties\Property11SitemapCacheStorageTest.php:42
   Ôöé

Property12Deduplication (MeowSEO\Tests\Property12Deduplication)
 Ô£ÿ Duplicate entries increment hit count [0.68 ms]
   Ôöé
   Ôöé Deduplication should increment hit_count via UPDATE
   Ôöé Failed asserting that 0 matches expected -1.
   Ôöé
   Ôöé D:\meowseo\tests\properties\Property12DeduplicationTest.php:261
   Ôöé D:\meowseo\vendor\giorgiosironi\eris\src\Quantifier\Evaluation.php:52
   Ôöé D:\meowseo\vendor\giorgiosironi\eris\src\Shrinker\Multiple.php:102
   Ôöé D:\meowseo\vendor\giorgiosironi\eris\src\Quantifier\ForAll.php:169
   Ôöé D:\meowseo\vendor\giorgiosironi\eris\src\Quantifier\Evaluation.php:57
   Ôöé D:\meowseo\vendor\giorgiosironi\eris\src\Quantifier\ForAll.php:171
   Ôöé D:\meowseo\vendor\giorgiosironi\eris\src\Quantifier\ForAll.php:194
   Ôöé D:\meowseo\tests\properties\Property12DeduplicationTest.php:223
   Ôöé

Reproduce with:
ERIS_SEED=1776632971308614 vendor/bin/phpunit --filter 'MeowSEO\\Tests\\Property12DeduplicationTest::test_duplicate_entries_increment_hit_count'

 Ô£ö Same level module message hash are duplicates [6.93 ms]
 Ô£ö Different messages are not duplicates [9.41 ms]
 Ô£ö Different levels are not duplicates [7.45 ms]
 Ô£ö Hit count starts at one [4.62 ms]
 Ô£ö Deduplication within time window [4.82 ms]

Property12Sitemap Lock Exclusivity (MeowSEO\Tests\Property12SitemapLockExclusivity)
 Ô£ö Sitemap lock is mutually exclusive [4.14 ms]
 Ô£ö Lock acquisition is atomic [3.87 ms]
 Ô£ö Lock prevents concurrent access [4.71 ms]
 Ô£ö Lock release allows reacquisition [4.94 ms]
 Ô£ö Lock value is consistent [10.36 ms]

Property13Deduplication Matching (MeowSEO\Tests\Property13DeduplicationMatching)
 Ô£ö Same level module message hash are duplicates [5.64 ms]
 Ô£ö Different levels are not duplicates [5.59 ms]
 Ô£ö Different messages are not duplicates [7.90 ms]
 Ô£ö Duplicate matching requires all three conditions [5.88 ms]
 Ô£ö Message hash is deterministic [6.02 ms]

Property13Noindex Exclusion (MeowSEO\Tests\Property13NoindexExclusion)
 Ô£ö Noindex posts are excluded from sitemaps [6.83 ms]
 Ô£ö Posts with noindex 1 are never included [1.08 ms]
 Ô£ö Posts without noindex meta are included [0.82 ms]
 Ô£ö Posts with noindex 0 are included [0.81 ms]
 Ô£ö Noindex exclusion is deterministic [2.45 ms]
 Ô£ö Noindex exclusion applies to all post types [1.02 ms]
 Ô£ö Noindex exclusion works with other filters [0.99 ms]
 Ô£ö Empty noindex meta is treated as indexed [6.62 ms]
 Ô£ö Noindex exclusion is consistent across post types [1.74 ms]

Property14Pagination (MeowSEO\Tests\Property14Pagination)
 Ô£ÿ Pagination pages calculated correctly [26.38 ms]
   Ôöé
   Ôöé For N=101 entries and P=1 page size, expected 101 pages but got 100
   Ôöé Failed asserting that 100.0 matches expected 101.0.
   Ôöé
   Ôöé D:\meowseo\tests\properties\Property14PaginationTest.php:117
   Ôöé D:\meowseo\vendor\giorgiosironi\eris\src\Quantifier\Evaluation.php:52
   Ôöé D:\meowseo\vendor\giorgiosironi\eris\src\Shrinker\Multiple.php:102
   Ôöé D:\meowseo\vendor\giorgiosironi\eris\src\Quantifier\ForAll.php:169
   Ôöé D:\meowseo\vendor\giorgiosironi\eris\src\Quantifier\Evaluation.php:57
   Ôöé D:\meowseo\vendor\giorgiosironi\eris\src\Quantifier\ForAll.php:171
   Ôöé D:\meowseo\vendor\giorgiosironi\eris\src\Quantifier\ForAll.php:194
   Ôöé D:\meowseo\tests\properties\Property14PaginationTest.php:99
   Ôöé

Reproduce with:
ERIS_SEED=1776632971308614 vendor/bin/phpunit --filter 'MeowSEO\\Tests\\Property14PaginationTest::test_pagination_pages_calculated_correctly'

 Ô£ö Each page contains at most p entries [69.54 ms]
 Ô£ÿ All pages except last contain exactly p entries [137.60 ms]
   Ôöé
   Ôöé Page 1 (not the last) with page_size=10 should contain exactly 10 entries, but got 0
   Ôöé Failed asserting that 0 matches expected 10.
   Ôöé
   Ôöé D:\meowseo\tests\properties\Property14PaginationTest.php:200
   Ôöé D:\meowseo\vendor\giorgiosironi\eris\src\Quantifier\Evaluation.php:52
   Ôöé D:\meowseo\vendor\giorgiosironi\eris\src\Shrinker\Multiple.php:102
   Ôöé D:\meowseo\vendor\giorgiosironi\eris\src\Quantifier\ForAll.php:169
   Ôöé D:\meowseo\vendor\giorgiosironi\eris\src\Quantifier\Evaluation.php:57
   Ôöé D:\meowseo\vendor\giorgiosironi\eris\src\Quantifier\ForAll.php:171
   Ôöé D:\meowseo\vendor\giorgiosironi\eris\src\Quantifier\ForAll.php:194
   Ôöé D:\meowseo\tests\properties\Property14PaginationTest.php:182
   Ôöé

Reproduce with:
ERIS_SEED=1776632971308614 vendor/bin/phpunit --filter 'MeowSEO\\Tests\\Property14PaginationTest::test_all_pages_except_last_contain_exactly_p_entries'

 Ô£ö Last page contains at most p entries [128.02 ms]
 Ô£ÿ Last page contains remainder entries [11.15 ms]
   Ôöé
   Ôöé Last page (page 68) with N=135 and P=2 should contain exactly 1 entries (N % P), but got 0
   Ôöé Failed asserting that 0 matches expected 1.
   Ôöé
   Ôöé D:\meowseo\tests\properties\Property14PaginationTest.php:291
   Ôöé D:\meowseo\vendor\giorgiosironi\eris\src\Quantifier\Evaluation.php:52
   Ôöé D:\meowseo\vendor\giorgiosironi\eris\src\Shrinker\Multiple.php:102
   Ôöé D:\meowseo\vendor\giorgiosironi\eris\src\Quantifier\ForAll.php:169
   Ôöé D:\meowseo\vendor\giorgiosironi\eris\src\Quantifier\Evaluation.php:57
   Ôöé D:\meowseo\vendor\giorgiosironi\eris\src\Quantifier\ForAll.php:171
   Ôöé D:\meowseo\vendor\giorgiosironi\eris\src\Quantifier\ForAll.php:194
   Ôöé D:\meowseo\tests\properties\Property14PaginationTest.php:268
   Ôöé

Reproduce with:
ERIS_SEED=1776632971308614 vendor/bin/phpunit --filter 'MeowSEO\\Tests\\Property14PaginationTest::test_last_page_contains_remainder_entries'

 Ô£ÿ Edge case zero entries returns one page [2.88 ms]
   Ôöé
   Ôöé With 0 entries and page_size=1, expected 1 pages but got 100
   Ôöé Failed asserting that 100.0 matches expected 1.
   Ôöé
   Ôöé D:\meowseo\tests\properties\Property14PaginationTest.php:330
   Ôöé D:\meowseo\vendor\giorgiosironi\eris\src\Quantifier\Evaluation.php:52
   Ôöé D:\meowseo\vendor\giorgiosironi\eris\src\Shrinker\Multiple.php:102
   Ôöé D:\meowseo\vendor\giorgiosironi\eris\src\Quantifier\ForAll.php:169
   Ôöé D:\meowseo\vendor\giorgiosironi\eris\src\Quantifier\Evaluation.php:57
   Ôöé D:\meowseo\vendor\giorgiosironi\eris\src\Quantifier\ForAll.php:171
   Ôöé D:\meowseo\vendor\giorgiosironi\eris\src\Quantifier\ForAll.php:194
   Ôöé D:\meowseo\tests\properties\Property14PaginationTest.php:314
   Ôöé

Reproduce with:
ERIS_SEED=1776632971308614 vendor/bin/phpunit --filter 'MeowSEO\\Tests\\Property14PaginationTest::test_edge_case_zero_entries_returns_one_page'

 Ô£ÿ Edge case one entry returns one page [2.45 ms]
   Ôöé
   Ôöé With 1 entry and page_size=1, expected 1 page but got 100
   Ôöé Failed asserting that 100.0 matches expected 1.
   Ôöé
   Ôöé D:\meowseo\tests\properties\Property14PaginationTest.php:370
   Ôöé D:\meowseo\vendor\giorgiosironi\eris\src\Quantifier\Evaluation.php:52
   Ôöé D:\meowseo\vendor\giorgiosironi\eris\src\Shrinker\Multiple.php:102
   Ôöé D:\meowseo\vendor\giorgiosironi\eris\src\Quantifier\ForAll.php:169
   Ôöé D:\meowseo\vendor\giorgiosironi\eris\src\Quantifier\Evaluation.php:57
   Ôöé D:\meowseo\vendor\giorgiosironi\eris\src\Quantifier\ForAll.php:171
   Ôöé D:\meowseo\vendor\giorgiosironi\eris\src\Quantifier\ForAll.php:194
   Ôöé D:\meowseo\tests\properties\Property14PaginationTest.php:356
   Ôöé

Reproduce with:
ERIS_SEED=1776632971308614 vendor/bin/phpunit --filter 'MeowSEO\\Tests\\Property14PaginationTest::test_edge_case_one_entry_returns_one_page'

 Ô£ÿ Edge case exactly p entries returns one page [33.87 ms]
   Ôöé
   Ôöé With 1 entries and page_size=1, expected 1 page but got 100
   Ôöé Failed asserting that 100.0 matches expected 1.
   Ôöé
   Ôöé D:\meowseo\tests\properties\Property14PaginationTest.php:414
   Ôöé D:\meowseo\vendor\giorgiosironi\eris\src\Quantifier\Evaluation.php:52
   Ôöé D:\meowseo\vendor\giorgiosironi\eris\src\Shrinker\Multiple.php:102
   Ôöé D:\meowseo\vendor\giorgiosironi\eris\src\Quantifier\ForAll.php:169
   Ôöé D:\meowseo\vendor\giorgiosironi\eris\src\Quantifier\Evaluation.php:57
   Ôöé D:\meowseo\vendor\giorgiosironi\eris\src\Quantifier\ForAll.php:171
   Ôöé D:\meowseo\vendor\giorgiosironi\eris\src\Quantifier\ForAll.php:194
   Ôöé D:\meowseo\tests\properties\Property14PaginationTest.php:400
   Ôöé

Reproduce with:
ERIS_SEED=1776632971308614 vendor/bin/phpunit --filter 'MeowSEO\\Tests\\Property14PaginationTest::test_edge_case_exactly_p_entries_returns_one_page'

 Ô£ÿ Edge case p plus one entries returns two pages [3.46 ms]
   Ôöé
   Ôöé With 2 entries and page_size=1, expected 2 pages but got 100
   Ôöé Failed asserting that 100.0 matches expected 2.
   Ôöé
   Ôöé D:\meowseo\tests\properties\Property14PaginationTest.php:459
   Ôöé D:\meowseo\vendor\giorgiosironi\eris\src\Quantifier\Evaluation.php:52
   Ôöé D:\meowseo\vendor\giorgiosironi\eris\src\Shrinker\Multiple.php:102
   Ôöé D:\meowseo\vendor\giorgiosironi\eris\src\Quantifier\ForAll.php:169
   Ôöé D:\meowseo\vendor\giorgiosironi\eris\src\Quantifier\Evaluation.php:57
   Ôöé D:\meowseo\vendor\giorgiosironi\eris\src\Quantifier\ForAll.php:171
   Ôöé D:\meowseo\vendor\giorgiosironi\eris\src\Quantifier\ForAll.php:194
   Ôöé D:\meowseo\tests\properties\Property14PaginationTest.php:444
   Ôöé

Reproduce with:
ERIS_SEED=1776632971308614 vendor/bin/phpunit --filter 'MeowSEO\\Tests\\Property14PaginationTest::test_edge_case_p_plus_one_entries_returns_two_pages'

Property14Redirect Matching Correctness (MeowSEO\Tests\Property14RedirectMatchingCorrectness)
 Ô£ÿ Redirect matching algorithm correctness [3.30 ms]
   Ôöé
   Ôöé Exact match should be found for matching source_url
   Ôöé Failed asserting that null is not null.
   Ôöé
   Ôöé D:\meowseo\tests\properties\Property14RedirectMatchingCorrectnessTest.php:109
   Ôöé D:\meowseo\vendor\giorgiosironi\eris\src\Quantifier\Evaluation.php:52
   Ôöé D:\meowseo\vendor\giorgiosironi\eris\src\Shrinker\Multiple.php:102
   Ôöé D:\meowseo\vendor\giorgiosironi\eris\src\Quantifier\ForAll.php:169
   Ôöé D:\meowseo\vendor\giorgiosironi\eris\src\Quantifier\Evaluation.php:57
   Ôöé D:\meowseo\vendor\giorgiosironi\eris\src\Quantifier\ForAll.php:171
   Ôöé D:\meowseo\vendor\giorgiosironi\eris\src\Quantifier\ForAll.php:194
   Ôöé D:\meowseo\tests\properties\Property14RedirectMatchingCorrectnessTest.php:92
   Ôöé

Warning: Undefined property: class@anonymous::$insert_id in D:\meowseo\tests\properties\Property14RedirectMatchingCorrectnessTest.php on line 558

Warning: Undefined property: class@anonymous::$insert_id in D:\meowseo\tests\properties\Property14RedirectMatchingCorrectnessTest.php on line 558

Warning: Undefined property: class@anonymous::$insert_id in D:\meowseo\tests\properties\Property14RedirectMatchingCorrectnessTest.php on line 558

Reproduce with:
ERIS_SEED=1776632971308614 vendor/bin/phpunit --filter 'MeowSEO\\Tests\\Property14RedirectMatchingCorrectnessTest::test_redirect_matching_algorithm_correctness'

 Ô£ÿ Exact match precedence over regex [3.09 ms]
   Ôöé
   Ôöé Exact match should be found
   Ôöé Failed asserting that null is not null.
   Ôöé
   Ôöé D:\meowseo\tests\properties\Property14RedirectMatchingCorrectnessTest.php:180
   Ôöé D:\meowseo\vendor\giorgiosironi\eris\src\Quantifier\Evaluation.php:52
   Ôöé D:\meowseo\vendor\giorgiosironi\eris\src\Shrinker\Multiple.php:102
   Ôöé D:\meowseo\vendor\giorgiosironi\eris\src\Quantifier\ForAll.php:169
   Ôöé D:\meowseo\vendor\giorgiosironi\eris\src\Quantifier\Evaluation.php:57
   Ôöé D:\meowseo\vendor\giorgiosironi\eris\src\Quantifier\ForAll.php:171
   Ôöé D:\meowseo\vendor\giorgiosironi\eris\src\Quantifier\ForAll.php:194
   Ôöé D:\meowseo\tests\properties\Property14RedirectMatchingCorrectnessTest.php:154
   Ôöé

Warning: Undefined property: class@anonymous::$insert_id in D:\meowseo\tests\properties\Property14RedirectMatchingCorrectnessTest.php on line 558

Warning: Undefined property: class@anonymous::$insert_id in D:\meowseo\tests\properties\Property14RedirectMatchingCorrectnessTest.php on line 558

Warning: Undefined property: class@anonymous::$insert_id in D:\meowseo\tests\properties\Property14RedirectMatchingCorrectnessTest.php on line 558

Warning: Undefined property: class@anonymous::$insert_id in D:\meowseo\tests\properties\Property14RedirectMatchingCorrectnessTest.php on line 558

Warning: Undefined property: class@anonymous::$insert_id in D:\meowseo\tests\properties\Property14RedirectMatchingCorrectnessTest.php on line 558

Warning: Undefined property: class@anonymous::$insert_id in D:\meowseo\tests\properties\Property14RedirectMatchingCorrectnessTest.php on line 558

Reproduce with:
ERIS_SEED=1776632971308614 vendor/bin/phpunit --filter 'MeowSEO\\Tests\\Property14RedirectMatchingCorrectnessTest::test_exact_match_precedence_over_regex'

 Ô£ÿ Regex rules only loaded when needed [3.57 ms]
   Ôöé
   Ôöé Only regex rules should be returned
   Ôöé Failed asserting that actual size 0 matches expected size 1.
   Ôöé
   Ôöé D:\meowseo\tests\properties\Property14RedirectMatchingCorrectnessTest.php:234
   Ôöé D:\meowseo\vendor\giorgiosironi\eris\src\Quantifier\Evaluation.php:52
   Ôöé D:\meowseo\vendor\giorgiosironi\eris\src\Shrinker\Multiple.php:102
   Ôöé D:\meowseo\vendor\giorgiosironi\eris\src\Quantifier\ForAll.php:169
   Ôöé D:\meowseo\vendor\giorgiosironi\eris\src\Quantifier\Evaluation.php:57
   Ôöé D:\meowseo\vendor\giorgiosironi\eris\src\Quantifier\ForAll.php:171
   Ôöé D:\meowseo\vendor\giorgiosironi\eris\src\Quantifier\ForAll.php:194
   Ôöé D:\meowseo\tests\properties\Property14RedirectMatchingCorrectnessTest.php:208
   Ôöé

Warning: Undefined property: class@anonymous::$insert_id in D:\meowseo\tests\properties\Property14RedirectMatchingCorrectnessTest.php on line 558

Warning: Undefined property: class@anonymous::$insert_id in D:\meowseo\tests\properties\Property14RedirectMatchingCorrectnessTest.php on line 558

Warning: Undefined property: class@anonymous::$insert_id in D:\meowseo\tests\properties\Property14RedirectMatchingCorrectnessTest.php on line 558

Warning: Undefined property: class@anonymous::$insert_id in D:\meowseo\tests\properties\Property14RedirectMatchingCorrectnessTest.php on line 558

Warning: Undefined property: class@anonymous::$insert_id in D:\meowseo\tests\properties\Property14RedirectMatchingCorrectnessTest.php on line 558

Warning: Undefined property: class@anonymous::$insert_id in D:\meowseo\tests\properties\Property14RedirectMatchingCorrectnessTest.php on line 558

Warning: Undefined property: class@anonymous::$insert_id in D:\meowseo\tests\properties\Property14RedirectMatchingCorrectnessTest.php on line 558

Warning: Undefined property: class@anonymous::$insert_id in D:\meowseo\tests\properties\Property14RedirectMatchingCorrectnessTest.php on line 558

Warning: Undefined property: class@anonymous::$insert_id in D:\meowseo\tests\properties\Property14RedirectMatchingCorrectnessTest.php on line 558

Reproduce with:
ERIS_SEED=1776632971308614 vendor/bin/phpunit --filter 'MeowSEO\\Tests\\Property14RedirectMatchingCorrectnessTest::test_regex_rules_only_loaded_when_needed'

 Ô£ÿ Inactive redirects never matched [0.77 ms]
   Ôöé
   Ôöé OutOfBoundsException: Evaluation ratio 0.01 is under the threshold 0.5
   Ôöé
   Ôöé D:\meowseo\vendor\giorgiosironi\eris\src\Listener\MinimumEvaluations.php:33
   Ôöé D:\meowseo\vendor\giorgiosironi\eris\src\Quantifier\ForAll.php:232
   Ôöé D:\meowseo\vendor\giorgiosironi\eris\src\Quantifier\ForAll.php:183
   Ôöé D:\meowseo\vendor\giorgiosironi\eris\src\Quantifier\ForAll.php:194
   Ôöé D:\meowseo\tests\properties\Property14RedirectMatchingCorrectnessTest.php:269
   Ôöé

Reproduce with:
ERIS_SEED=1776632971308614 vendor/bin/phpunit --filter 'MeowSEO\\Tests\\Property14RedirectMatchingCorrectnessTest::test_inactive_redirects_never_matched'

 Ô£ÿ All redirect types preserved [0.64 ms]
   Ôöé
   Ôöé Redirect type 301 should be found
   Ôöé Failed asserting that null is not null.
   Ôöé
   Ôöé D:\meowseo\tests\properties\Property14RedirectMatchingCorrectnessTest.php:322
   Ôöé

Warning: Undefined property: class@anonymous::$insert_id in D:\meowseo\tests\properties\Property14RedirectMatchingCorrectnessTest.php on line 558

Reproduce with:
ERIS_SEED=1776632971308614 vendor/bin/phpunit --filter 'MeowSEO\\Tests\\Property14RedirectMatchingCorrectnessTest::test_all_redirect_types_preserved'

 Ô£ÿ Regex backreferences supported [0.69 ms]
   Ôöé
   Ôöé Regex rule should be returned
   Ôöé Failed asserting that an array is not empty.
   Ôöé
   Ôöé D:\meowseo\tests\properties\Property14RedirectMatchingCorrectnessTest.php:362
   Ôöé D:\meowseo\vendor\giorgiosironi\eris\src\Quantifier\Evaluation.php:52
   Ôöé D:\meowseo\vendor\giorgiosironi\eris\src\Quantifier\ForAll.php:171
   Ôöé D:\meowseo\vendor\giorgiosironi\eris\src\Quantifier\ForAll.php:194
   Ôöé D:\meowseo\tests\properties\Property14RedirectMatchingCorrectnessTest.php:344
   Ôöé

Warning: Undefined property: class@anonymous::$insert_id in D:\meowseo\tests\properties\Property14RedirectMatchingCorrectnessTest.php on line 558

Reproduce with:
ERIS_SEED=1776632971308614 vendor/bin/phpunit --filter 'MeowSEO\\Tests\\Property14RedirectMatchingCorrectnessTest::test_regex_backreferences_supported'

 Ô£ÿ Hit count incremented on execution [3.71 ms]
   Ôöé
   Ôöé Redirect should exist
   Ôöé Failed asserting that null is not null.
   Ôöé
   Ôöé D:\meowseo\tests\properties\Property14RedirectMatchingCorrectnessTest.php:419
   Ôöé D:\meowseo\vendor\giorgiosironi\eris\src\Quantifier\Evaluation.php:52
   Ôöé D:\meowseo\vendor\giorgiosironi\eris\src\Shrinker\Multiple.php:102
   Ôöé D:\meowseo\vendor\giorgiosironi\eris\src\Quantifier\ForAll.php:169
   Ôöé D:\meowseo\vendor\giorgiosironi\eris\src\Quantifier\Evaluation.php:57
   Ôöé D:\meowseo\vendor\giorgiosironi\eris\src\Quantifier\ForAll.php:171
   Ôöé D:\meowseo\vendor\giorgiosironi\eris\src\Quantifier\ForAll.php:194
   Ôöé D:\meowseo\tests\properties\Property14RedirectMatchingCorrectnessTest.php:398
   Ôöé

Warning: Undefined property: class@anonymous::$insert_id in D:\meowseo\tests\properties\Property14RedirectMatchingCorrectnessTest.php on line 558

Warning: Undefined property: class@anonymous::$insert_id in D:\meowseo\tests\properties\Property14RedirectMatchingCorrectnessTest.php on line 558

Warning: Undefined property: class@anonymous::$insert_id in D:\meowseo\tests\properties\Property14RedirectMatchingCorrectnessTest.php on line 558

Warning: Undefined property: class@anonymous::$insert_id in D:\meowseo\tests\properties\Property14RedirectMatchingCorrectnessTest.php on line 558

Reproduce with:
ERIS_SEED=1776632971308614 vendor/bin/phpunit --filter 'MeowSEO\\Tests\\Property14RedirectMatchingCorrectnessTest::test_hit_count_incremented_on_execution'

 Ôÿó No unnecessary rules loaded [368.65 ms]
   Ôöé
   Ôöé Test code or tested code printed unexpected output: 
   Ôöé Warning: Undefined property: class@anonymous::$insert_id in D:\meowseo\tests\properties\Property14RedirectMatchingCorrectnessTest.php on line 558
   Ôöé
   Ôöé Warning: Undefined property: class@anonymous::$insert_id in D:\meowseo\tests\properties\Property14RedirectMatchingCorrectnessTest.php on line 558
   Ôöé
   Ôöé Warning: Undefined property: class@anonymous::$insert_id in D:\meowseo\tests\properties\Property14RedirectMatchingCorrectnessTest.php on line 558
   Ôöé
   Ôöé Warning: Undefined property: class@anonymous::$insert_id in D:\meowseo\tests\properties\Property14RedirectMatchingCorrectnessTest.php on line 558
   Ôöé
   Ôöé Warning: Undefined property: class@anonymous::$insert_id in D:\meowseo\tests\properties\Property14RedirectMatchingCorrectnessTest.php on line 558
   Ôöé
   Ôöé Warning: Undefined property: class@anonymous::$insert_id in D:\meowseo\tests\properties\Property14RedirectMatchingCorrectnessTest.php on line 558
   Ôöé
   Ôöé Warning: Undefined property: class@anonymous::$insert_id in D:\meowseo\tests\properties\Property14RedirectMatchingCorrectnessTest.php on line 558
   Ôöé
   Ôöé Warning: Undefined property: class@anonymous::$insert_id in D:\meowseo\tests\properties\Property14RedirectMatchingCorrectnessTest.php on line 558
   Ôöé
   Ôöé Warning: Undefined property: class@anonymous::$insert_id in D:\meowseo\tests\properties\Property14RedirectMatchingCorrectnessTest.php on line 558
   Ôöé
   Ôöé Warning: Undefined property: class@anonymous::$insert_id in D:\meowseo\tests\properties\Property14RedirectMatchingCorrectnessTest.php on line 558
   Ôöé
   Ôöé Warning: Undefined property: class@anonymous::$insert_id in D:\meowseo\tests\properties\Property14RedirectMatchingCorrectnessTest.php on line 558
   Ôöé
   Ôöé Warning: Undefined property: class@anonymous::$insert_id in D:\meowseo\tests\properties\Property14RedirectMatchingCorrectnessTest.php on line 558
   Ôöé
   Ôöé Warning: Undefined property: class@anonymous::$insert_id in D:\meowseo\tests\properties\Property14RedirectMatchingCorrectnessTest.php on line 558
   Ôöé
   Ôöé Warning: Undefined property: class@anonymous::$insert_id in D:\meowseo\tests\properties\Property14RedirectMatchingCorrectnessTest.php on line 558
   Ôöé
   Ôöé Warning: Undefined property: class@anonymous::$insert_id in D:\meowseo\tests\properties\Property14RedirectMatchingCorrectnessTest.php on line 558
   Ôöé
   Ôöé Warning: Undefined property: class@anonymous::$insert_id in D:\meowseo\tests\properties\Property14RedirectMatchingCorrectnessTest.php on line 558
   Ôöé
   Ôöé Warning: Undefined property: class@anonymous::$insert_id in D:\meowseo\tests\properties\Property14RedirectMatchingCorrectnessTest.php on line 558
   Ôöé
   Ôöé Warning: Undefined property: class@anonymous::$insert_id in D:\meowseo\tests\properties\Property14RedirectMatchingCorrectnessTest.php on line 558
   Ôöé
   Ôöé Warning: Undefined property: class@anonymous::$insert_id in D:\meowseo\tests\properties\Property14RedirectMatchingCorrectnessTest.php on line 558
   Ôöé
   Ôöé Warning: Undefined property: class@anonymous::$insert_id in D:\meowseo\tests\properties\Property14RedirectMatchingCorrectnessTest.php on line 558
   Ôöé
   Ôöé Warning: Undefined property: class@anonymous::$insert_id in D:\meowseo\tests\properties\Property14RedirectMatchingCorrectnessTest.php on line 558
   Ôöé
   Ôöé Warning: Undefined property: class@anonymous::$insert_id in D:\meowseo\tests\properties\Property14RedirectMatchingCorrectnessTest.php on line 558
   Ôöé
   Ôöé Warning: Undefined property: class@anonymous::$insert_id in D:\meowseo\tests\properties\Property14RedirectMatchingCorrectnessTest.php on line 558
   Ôöé
   Ôöé Warning: Undefined property: class@anonymous::$insert_id in D:\meowseo\tests\properties\Property14RedirectMatchingCorrectnessTest.php on line 558
   Ôöé
   Ôöé Warning: Undefined property: class@anonymous::$insert_id in D:\meowseo\tests\properties\Property14RedirectMatchingCorrectnessTest.php on line 558
   Ôöé
   Ôöé Warning: Undefined property: class@anonymous::$insert_id in D:\meowseo\tests\properties\Property14RedirectMatchingCorrectnessTest.php on line 558
   Ôöé
   Ôöé Warning: Undefined property: class@anonymous::$insert_id in D:\meowseo\tests\properties\Property14RedirectMatchingCorrectnessTest.php on line 558
   Ôöé
   Ôöé Warning: Undefined property: class@anonymous::$insert_id in D:\meowseo\tests\properties\Property14RedirectMatchingCorrectnessTest.php on line 558
   Ôöé
   Ôöé Warning: Undefined property: class@anonymous::$insert_id in D:\meowseo\tests\properties\Property14RedirectMatchingCorrectnessTest.php on line 558
   Ôöé
   Ôöé Warning: Undefined property: class@anonymous::$insert_id in D:\meowseo\tests\properties\Property14RedirectMatchingCorrectnessTest.php on line 558
   Ôöé
   Ôöé Warning: Undefined property: class@anonymous::$insert_id in D:\meowseo\tests\properties\Property14RedirectMatchingCorrectnessTest.php on line 558
   Ôöé
   Ôöé Warning: Undefined property: class@anonymous::$insert_id in D:\meowseo\tests\properties\Property14RedirectMatchingCorrectnessTest.php on line 558
   Ôöé
   Ôöé Warning: Undefined property: class@anonymous::$insert_id in D:\meowseo\tests\properties\Property14RedirectMatchingCorrectnessTest.php on line 558
   Ôöé
   Ôöé Warning: Undefined property: class@anonymous::$insert_id in D:\meowseo\tests\properties\Property14RedirectMatchingCorrectnessTest.php on line 558
   Ôöé
   Ôöé Warning: Undefined property: class@anonymous::$insert_id in D:\meowseo\tests\properties\Property14RedirectMatchingCorrectnessTest.php on line 558
   Ôöé
   Ôöé Warning: Undefined property: class@anonymous::$insert_id in D:\meowseo\tests\properties\Property14RedirectMatchingCorrectnessTest.php on line 558
   Ôöé
   Ôöé Warning: Undefined property: class@anonymous::$insert_id in D:\meowseo\tests\properties\Property14RedirectMatchingCorrectnessTest.php on line 558
   Ôöé
   Ôöé Warning: Undefined property: class@anonymous::$insert_id in D:\meowseo\tests\properties\Property14RedirectMatchingCorrectnessTest.php on line 558
   Ôöé
   Ôöé Warning: Undefined property: class@anonymous::$insert_id in D:\meowseo\tests\properties\Property14RedirectMatchingCorrectnessTest.php on line 558
   Ôöé
   Ôöé Warning: Undefined property: class@anonymous::$insert_id in D:\meowseo\tests\properties\Property14RedirectMatchingCorrectnessTest.php on line 558
   Ôöé
   Ôöé Warning: Undefined property: class@anonymous::$insert_id in D:\meowseo\tests\properties\Property14RedirectMatchingCorrectnessTest.php on line 558
   Ôöé
   Ôöé Warning: Undefined property: class@anonymous::$insert_id in D:\meowseo\tests\properties\Property14RedirectMatchingCorrectnessTest.php on line 558
   Ôöé
   Ôöé Warning: Undefined property: class@anonymous::$insert_id in D:\meowseo\tests\properties\Property14RedirectMatchingCorrectnessTest.php on line 558
   Ôöé
   Ôöé Warning: Undefined property: class@anonymous::$insert_id in D:\meowseo\tests\properties\Property14RedirectMatchingCorrectnessTest.php on line 558
   Ôöé
   Ôöé Warning: Undefined property: class@anonymous::$insert_id in D:\meowseo\tests\properties\Property14RedirectMatchingCorrectnessTest.php on line 558
   Ôöé
   Ôöé Warning: Undefined property: class@anonymous::$insert_id in D:\meowseo\tests\properties\Property14RedirectMatchingCorrectnessTest.php on line 558
   Ôöé
   Ôöé Warning: Undefined property: class@anonymous::$insert_id in D:\meowseo\tests\properties\Property14RedirectMatchingCorrectnessTest.php on line 558
   Ôöé
   Ôöé Warning: Undefined property: class@anonymous::$insert_id in D:\meowseo\tests\properties\Property14RedirectMatchingCorrectnessTest.php on line 558
   Ôöé
   Ôöé Warning: Undefined property: class@anonymous::$insert_id in D:\meowseo\tests\properties\Property14RedirectMatchingCorrectnessTest.php on line 558
   Ôöé
   Ôöé Warning: Undefined property: class@anonymous::$insert_id in D:\meowseo\tests\properties\Property14RedirectMatchingCorrectnessTest.php on line 558
   Ôöé
   Ôöé Warning: Undefined property: class@anonymous::$insert_id in D:\meowseo\tests\properties\Property14RedirectMatchingCorrectnessTest.php on line 558
   Ôöé
   Ôöé Warning: Undefined property: class@anonymous::$insert_id in D:\meowseo\tests\properties\Property14RedirectMatchingCorrectnessTest.php on line 558
   Ôöé
   Ôöé Warning: Undefined property: class@anonymous::$insert_id in D:\meowseo\tests\properties\Property14RedirectMatchingCorrectnessTest.php on line 558
   Ôöé
   Ôöé Warning: Undefined property: class@anonymous::$insert_id in D:\meowseo\tests\properties\Property14RedirectMatchingCorrectnessTest.php on line 558
   Ôöé
   Ôöé Warning: Undefined property: class@anonymous::$insert_id in D:\meowseo\tests\properties\Property14RedirectMatchingCorrectnessTest.php on line 558
   Ôöé
   Ôöé Warning: Undefined property: class@anonymous::$insert_id in D:\meowseo\tests\properties\Property14RedirectMatchingCorrectnessTest.php on line 558
   Ôöé
   Ôöé Warning: Undefined property: class@anonymous::$insert_id in D:\meowseo\tests\properties\Property14RedirectMatchingCorrectnessTest.php on line 558
   Ôöé
   Ôöé Warning: Undefined property: class@anonymous::$insert_id in D:\meowseo\tests\properties\Property14RedirectMatchingCorrectnessTest.php on line 558
   Ôöé
   Ôöé Warning: Undefined property: class@anonymous::$insert_id in D:\meowseo\tests\properties\Property14RedirectMatchingCorrectnessTest.php on line 558
   Ôöé
   Ôöé Warning: Undefined property: class@anonymous::$insert_id in D:\meowseo\tests\properties\Property14RedirectMatchingCorrectnessTest.php on line 558
   Ôöé
   Ôöé Warning: Undefined property: class@anonymous::$insert_id in D:\meowseo\tests\properties\Property14RedirectMatchingCorrectnessTest.php on line 558
   Ôöé
   Ôöé Warning: Undefined property: class@anonymous::$insert_id in D:\meowseo\tests\properties\Property14RedirectMatchingCorrectnessTest.php on line 558
   Ôöé
   Ôöé Warning: Undefined property: class@anonymous::$insert_id in D:\meowseo\tests\properties\Property14RedirectMatchingCorrectnessTest.php on line 558
   Ôöé
   Ôöé Warning: Undefined property: class@anonymous::$insert_id in D:\meowseo\tests\properties\Property14RedirectMatchingCorrectnessTest.php on line 558
   Ôöé
   Ôöé Warning: Undefined property: class@anonymous::$insert_id in D:\meowseo\tests\properties\Property14RedirectMatchingCorrectnessTest.php on line 558
   Ôöé
   Ôöé Warning: Undefined property: class@anonymous::$insert_id in D:\meowseo\tests\properties\Property14RedirectMatchingCorrectnessTest.php on line 558
   Ôöé
   Ôöé Warning: Undefined property: class@anonymous::$insert_id in D:\meowseo\tests\properties\Property14RedirectMatchingCorrectnessTest.php on line 558
   Ôöé
   Ôöé Warning: Undefined property: class@anonymous::$insert_id in D:\meowseo\tests\properties\Property14RedirectMatchingCorrectnessTest.php on line 558
   Ôöé
   Ôöé Warning: Undefined property: class@anonymous::$insert_id in D:\meowseo\tests\properties\Property14RedirectMatchingCorrectnessTest.php on line 558
   Ôöé
   Ôöé Warning: Undefined property: class@anonymous::$insert_id in D:\meowseo\tests\properties\Property14RedirectMatchingCorrectnessTest.php on line 558
   Ôöé
   Ôöé Warning: Undefined property: class@anonymous::$insert_id in D:\meowseo\tests\properties\Property14RedirectMatchingCorrectnessTest.php on line 558
   Ôöé
   Ôöé Warning: Undefined property: class@anonymous::$insert_id in D:\meowseo\tests\properties\Property14RedirectMatchingCorrectnessTest.php on line 558
   Ôöé
   Ôöé Warning: Undefined property: class@anonymous::$insert_id in D:\meowseo\tests\properties\Property14RedirectMatchingCorrectnessTest.php on line 558
   Ôöé
   Ôöé Warning: Undefined property: class@anonymous::$insert_id in D:\meowseo\tests\properties\Property14RedirectMatchingCorrectnessTest.php on line 558
   Ôöé
   Ôöé Warning: Undefined property: class@anonymous::$insert_id in D:\meowseo\tests\properties\Property14RedirectMatchingCorrectnessTest.php on line 558
   Ôöé
   Ôöé Warning: Undefined property: class@anonymous::$insert_id in D:\meowseo\tests\properties\Property14RedirectMatchingCorrectnessTest.php on line 558
   Ôöé
   Ôöé Warning: Undefined property: class@anonymous::$insert_id in D:\meowseo\tests\properties\Property14RedirectMatchingCorrectnessTest.php on line 558
   Ôöé
   Ôöé Warning: Undefined property: class@anonymous::$insert_id in D:\meowseo\tests\properties\Property14RedirectMatchingCorrectnessTest.php on line 558
   Ôöé
   Ôöé Warning: Undefined property: class@anonymous::$insert_id in D:\meowseo\tests\properties\Property14RedirectMatchingCorrectnessTest.php on line 558
   Ôöé
   Ôöé Warning: Undefined property: class@anonymous::$insert_id in D:\meowseo\tests\properties\Property14RedirectMatchingCorrectnessTest.php on line 558
   Ôöé
   Ôöé Warning: Undefined property: class@anonymous::$insert_id in D:\meowseo\tests\properties\Property14RedirectMatchingCorrectnessTest.php on line 558
   Ôöé
   Ôöé Warning: Undefined property: class@anonymous::$insert_id in D:\meowseo\tests\properties\Property14RedirectMatchingCorrectnessTest.php on line 558
   Ôöé
   Ôöé Warning: Undefined property: class@anonymous::$insert_id in D:\meowseo\tests\properties\Property14RedirectMatchingCorrectnessTest.php on line 558
   Ôöé
   Ôöé Warning: Undefined property: class@anonymous::$insert_id in D:\meowseo\tests\properties\Property14RedirectMatchingCorrectnessTest.php on line 558
   Ôöé
   Ôöé Warning: Undefined property: class@anonymous::$insert_id in D:\meowseo\tests\properties\Property14RedirectMatchingCorrectnessTest.php on line 558
   Ôöé
   Ôöé Warning: Undefined property: class@anonymous::$insert_id in D:\meowseo\tests\properties\Property14RedirectMatchingCorrectnessTest.php on line 558
   Ôöé
   Ôöé Warning: Undefined property: class@anonymous::$insert_id in D:\meowseo\tests\properties\Property14RedirectMatchingCorrectnessTest.php on line 558
   Ôöé
   Ôöé Warning: Undefined property: class@anonymous::$insert_id in D:\meowseo\tests\properties\Property14RedirectMatchingCorrectnessTest.php on line 558
   Ôöé
   Ôöé Warning: Undefined property: class@anonymous::$insert_id in D:\meowseo\tests\properties\Property14RedirectMatchingCorrectnessTest.php on line 558
   Ôöé
   Ôöé Warning: Undefined property: class@anonymous::$insert_id in D:\meowseo\tests\properties\Property14RedirectMatchingCorrectnessTest.php on line 558
   Ôöé
   Ôöé Warning: Undefined property: class@anonymous::$insert_id in D:\meowseo\tests\properties\Property14RedirectMatchingCorrectnessTest.php on line 558
   Ôöé
   Ôöé Warning: Undefined property: class@anonymous::$insert_id in D:\meowseo\tests\properties\Property14RedirectMatchingCorrectnessTest.php on line 558
   Ôöé
   Ôöé Warning: Undefined property: class@anonymous::$insert_id in D:\meowseo\tests\properties\Property14RedirectMatchingCorrectnessTest.php on line 558
   Ôöé
   Ôöé Warning: Undefined property: class@anonymous::$insert_id in D:\meowseo\tests\properties\Property14RedirectMatchingCorrectnessTest.php on line 558
   Ôöé
   Ôöé Warning: Undefined property: class@anonymous::$insert_id in D:\meowseo\tests\properties\Property14RedirectMatchingCorrectnessTest.php on line 558
   Ôöé
   Ôöé Warning: Undefined property: class@anonymous::$insert_id in D:\meowseo\tests\properties\Property14RedirectMatchingCorrectnessTest.php on line 558
   Ôöé
   Ôöé Warning: Undefined property: class@anonymous::$insert_id in D:\meowseo\tests\properties\Property14RedirectMatchingCorrectnessTest.php on line 558
   Ôöé
   Ôöé Warning: Undefined property: class@anonymous::$insert_id in D:\meowseo\tests\properties\Property14RedirectMatchingCorrectnessTest.php on line 558
   Ôöé
   Ôöé Warning: Undefined property: class@anonymous::$insert_id in D:\meowseo\tests\properties\Property14RedirectMatchingCorrectnessTest.php on line 558
   Ôöé
   Ôöé Warning: Undefined property: class@anonymous::$insert_id in D:\meowseo\tests\properties\Property14RedirectMatchingCorrectnessTest.php on line 558
   Ôöé
   Ôöé Warning: Undefined property: class@anonymous::$insert_id in D:\meowseo\tests\properties\Property14RedirectMatchingCorrectnessTest.php on line 558
   Ôöé
   Ôöé Warning: Undefined property: class@anonymous::$insert_id in D:\meowseo\tests\properties\Property14RedirectMatchingCorrectnessTest.php on line 558
   Ôöé
   Ôöé Warning: Undefined property: class@anonymous::$insert_id in D:\meowseo\tests\properties\Property14RedirectMatchingCorrectnessTest.php on line 558
   Ôöé
   Ôöé Warning: Undefined property: class@anonymous::$insert_id in D:\meowseo\tests\properties\Property14RedirectMatchingCorrectnessTest.php on line 558
   Ôöé
   Ôöé Warning: Undefined property: class@anonymous::$insert_id in D:\meowseo\tests\properties\Property14RedirectMatchingCorrectnessTest.php on line 558
   Ôöé
   Ôöé Warning: Undefined property: class@anonymous::$insert_id in D:\meowseo\tests\properties\Property14RedirectMatchingCorrectnessTest.php on line 558
   Ôöé
   Ôöé Warning: Undefined property: class@anonymous::$insert_id in D:\meowseo\tests\properties\Property14RedirectMatchingCorrectnessTest.php on line 558
   Ôöé
   Ôöé Warning: Undefined property: class@anonymous::$insert_id in D:\meowseo\tests\properties\Property14RedirectMatchingCorrectnessTest.php on line 558
   Ôöé
   Ôöé Warning: Undefined property: class@anonymous::$insert_id in D:\meowseo\tests\properties\Property14RedirectMatchingCorrectnessTest.php on line 558
   Ôöé
   Ôöé Warning: Undefined property: class@anonymous::$insert_id in D:\meowseo\tests\properties\Property14RedirectMatchingCorrectnessTest.php on line 558
   Ôöé
   Ôöé Warning: Undefined property: class@anonymous::$insert_id in D:\meowseo\tests\properties\Property14RedirectMatchingCorrectnessTest.php on line 558
   Ôöé
   Ôöé Warning: Undefined property: class@anonymous::$insert_id in D:\meowseo\tests\properties\Property14RedirectMatchingCorrectnessTest.php on line 558
   Ôöé
   Ôöé Warning: Undefined property: class@anonymous::$insert_id in D:\meowseo\tests\properties\Property14RedirectMatchingCorrectnessTest.php on line 558
   Ôöé
   Ôöé Warning: Undefined property: class@anonymous::$insert_id in D:\meowseo\tests\properties\Property14RedirectMatchingCorrectnessTest.php on line 558
   Ôöé
   Ôöé Warning: Undefined property: class@anonymous::$insert_id in D:\meowseo\tests\properties\Property14RedirectMatchingCorrectnessTest.php on line 558
   Ôöé
   Ôöé Warning: Undefined property: class@anonymous::$insert_id in D:\meowseo\tests\properties\Property14RedirectMatchingCorrectnessTest.php on line 558
   Ôöé
   Ôöé Warning: Undefined property: class@anonymous::$insert_id in D:\meowseo\tests\properties\Property14RedirectMatchingCorrectnessTest.php on line 558
   Ôöé
   Ôöé Warning: Undefined property: class@anonymous::$insert_id in D:\meowseo\tests\properties\Property14RedirectMatchingCorrectnessTest.php on line 558
   Ôöé
   Ôöé Warning: Undefined property: class@anonymous::$insert_id in D:\meowseo\tests\properties\Property14RedirectMatchingCorrectnessTest.php on line 558
   Ôöé
   Ôöé Warning: Undefined property: class@anonymous::$insert_id in D:\meowseo\tests\properties\Property14RedirectMatchingCorrectnessTest.php on line 558
   Ôöé
   Ôöé Warning: Undefined property: class@anonymous::$insert_id in D:\meowseo\tests\properties\Property14RedirectMatchingCorrectnessTest.php on line 558
   Ôöé
   Ôöé Warning: Undefined property: class@anonymous::$insert_id in D:\meowseo\tests\properties\Property14RedirectMatchingCorrectnessTest.php on line 558
   Ôöé
   Ôöé Warning: Undefined property: class@anonymous::$insert_id in D:\meowseo\tests\properties\Property14RedirectMatchingCorrectnessTest.php on line 558
   Ôöé
   Ôöé Warning: Undefined property: class@anonymous::$insert_id in D:\meowseo\tests\properties\Property14RedirectMatchingCorrectnessTest.php on line 558
   Ôöé
   Ôöé Warning: Undefined property: class@anonymous::$insert_id in D:\meowseo\tests\properties\Property14RedirectMatchingCorrectnessTest.php on line 558
   Ôöé
   Ôöé Warning: Undefined property: class@anonymous::$insert_id in D:\meowseo\tests\properties\Property14RedirectMatchingCorrectnessTest.php on line 558
   Ôöé
   Ôöé Warning: Undefined property: class@anonymous::$insert_id in D:\meowseo\tests\properties\Property14RedirectMatchingCorrectnessTest.php on line 558
   Ôöé
   Ôöé Warning: Undefined property: class@anonymous::$insert_id in D:\meowseo\tests\properties\Property14RedirectMatchingCorrectnessTest.php on line 558
   Ôöé
   Ôöé Warning: Undefined property: class@anonymous::$insert_id in D:\meowseo\tests\properties\Property14RedirectMatchingCorrectnessTest.php on line 558
   Ôöé
   Ôöé Warning: Undefined property: class@anonymous::$insert_id in D:\meowseo\tests\properties\Property14RedirectMatchingCorrectnessTest.php on line 558
   Ôöé
   Ôöé Warning: Undefined property: class@anonymous::$insert_id in D:\meowseo\tests\properties\Property14RedirectMatchingCorrectnessTest.php on line 558
   Ôöé
   Ôöé Warning: Undefined property: class@anonymous::$insert_id in D:\meowseo\tests\properties\Property14RedirectMatchingCorrectnessTest.php on line 558
   Ôöé
   Ôöé Warning: Undefined property: class@anonymous::$insert_id in D:\meowseo\tests\properties\Property14RedirectMatchingCorrectnessTest.php on line 558
   Ôöé
   Ôöé Warning: Undefined property: class@anonymous::$insert_id in D:\meowseo\tests\properties\Property14RedirectMatchingCorrectnessTest.php on line 558
   Ôöé
   Ôöé Warning: Undefined property: class@anonymous::$insert_id in D:\meowseo\tests\properties\Property14RedirectMatchingCorrectnessTest.php on line 558
   Ôöé
   Ôöé Warning: Undefined property: class@anonymous::$insert_id in D:\meowseo\tests\properties\Property14RedirectMatchingCorrectnessTest.php on line 558
   Ôöé
   Ôöé Warning: Undefined property: class@anonymous::$insert_id in D:\meowseo\tests\properties\Property14RedirectMatchingCorrectnessTest.php on line 558
   Ôöé
   Ôöé Warning: Undefined property: class@anonymous::$insert_id in D:\meowseo\tests\properties\Property14RedirectMatchingCorrectnessTest.php on line 558
   Ôöé
   Ôöé Warning: Undefined property: class@anonymous::$insert_id in D:\meowseo\tests\properties\Property14RedirectMatchingCorrectnessTest.php on line 558
   Ôöé
   Ôöé Warning: Undefined property: class@anonymous::$insert_id in D:\meowseo\tests\properties\Property14RedirectMatchingCorrectnessTest.php on line 558
   Ôöé
   Ôöé Warning: Undefined property: class@anonymous::$insert_id in D:\meowseo\tests\properties\Property14RedirectMatchingCorrectnessTest.php on line 558
   Ôöé
   Ôöé Warning: Undefined property: class@anonymous::$insert_id in D:\meowseo\tests\properties\Property14RedirectMatchingCorrectnessTest.php on line 558
   Ôöé
   Ôöé Warning: Undefined property: class@anonymous::$insert_id in D:\meowseo\tests\properties\Property14RedirectMatchingCorrectnessTest.php on line 558
   Ôöé
   Ôöé Warning: Undefined property: class@anonymous::$insert_id in D:\meowseo\tests\properties\Property14RedirectMatchingCorrectnessTest.php on line 558
   Ôöé
   Ôöé Warning: Undefined property: class@anonymous::$insert_id in D:\meowseo\tests\properties\Property14RedirectMatchingCorrectnessTest.php on line 558
   Ôöé
   Ôöé Warning: Undefined property: class@anonymous::$insert_id in D:\meowseo\tests\properties\Property14RedirectMatchingCorrectnessTest.php on line 558
   Ôöé
   Ôöé Warning: Undefined property: class@anonymous::$insert_id in D:\meowseo\tests\properties\Property14RedirectMatchingCorrectnessTest.php on line 558
   Ôöé
   Ôöé Warning: Undefined property: class@anonymous::$insert_id in D:\meowseo\tests\properties\Property14RedirectMatchingCorrectnessTest.php on line 558
   Ôöé
   Ôöé Warning: Undefined property: class@anonymous::$insert_id in D:\meowseo\tests\properties\Property14RedirectMatchingCorrectnessTest.php on line 558
   Ôöé
   Ôöé Warning: Undefined property: class@anonymous::$insert_id in D:\meowseo\tests\properties\Property14RedirectMatchingCorrectnessTest.php on line 558
   Ôöé
   Ôöé Warning: Undefined property: class@anonymous::$insert_id in D:\meowseo\tests\properties\Property14RedirectMatchingCorrectnessTest.php on line 558
   Ôöé
   Ôöé Warning: Undefined property: class@anonymous::$insert_id in D:\meowseo\tests\properties\Property14RedirectMatchingCorrectnessTest.php on line 558
   Ôöé
   Ôöé Warning: Undefined property: class@anonymous::$insert_id in D:\meowseo\tests\properties\Property14RedirectMatchingCorrectnessTest.php on line 558
   Ôöé
   Ôöé Warning: Undefined property: class@anonymous::$insert_id in D:\meowseo\tests\properties\Property14RedirectMatchingCorrectnessTest.php on line 558
   Ôöé
   Ôöé Warning: Undefined property: class@anonymous::$insert_id in D:\meowseo\tests\properties\Property14RedirectMatchingCorrectnessTest.php on line 558
   Ôöé
   Ôöé Warning: Undefined property: class@anonymous::$insert_id in D:\meowseo\tests\properties\Property14RedirectMatchingCorrectnessTest.php on line 558
   Ôöé
   Ôöé Warning: Undefined property: class@anonymous::$insert_id in D:\meowseo\tests\properties\Property14RedirectMatchingCorrectnessTest.php on line 558
   Ôöé
   Ôöé Warning: Undefined property: class@anonymous::$insert_id in D:\meowseo\tests\properties\Property14RedirectMatchingCorrectnessTest.php on line 558
   Ôöé
   Ôöé Warning: Undefined property: class@anonymous::$insert_id in D:\meowseo\tests\properties\Property14RedirectMatchingCorrectnessTest.php on line 558
   Ôöé
   Ôöé Warning: Undefined property: class@anonymous::$insert_id in D:\meowseo\tests\properties\Property14RedirectMatchingCorrectnessTest.php on line 558
   Ôöé
   Ôöé Warning: Undefined property: class@anonymous::$insert_id in D:\meowseo\tests\properties\Property14RedirectMatchingCorrectnessTest.php on line 558
   Ôöé
   Ôöé Warning: Undefined property: class@anonymous::$insert_id in D:\meowseo\tests\properties\Property14RedirectMatchingCorrectnessTest.php on line 558
   Ôöé
   Ôöé Warning: Undefined property: class@anonymous::$insert_id in D:\meowseo\tests\properties\Property14RedirectMatchingCorrectnessTest.php on line 558
   Ôöé
   Ôöé Warning: Undefined property: class@anonymous::$insert_id in D:\meowseo\tests\properties\Property14RedirectMatchingCorrectnessTest.php on line 558
   Ôöé
   Ôöé Warning: Undefined property: class@anonymous::$insert_id in D:\meowseo\tests\properties\Property14RedirectMatchingCorrectnessTest.php on line 558
   Ôöé
   Ôöé Warning: Undefined property: class@anonymous::$insert_id in D:\meowseo\tests\properties\Property14RedirectMatchingCorrectnessTest.php on line 558
   Ôöé
   Ôöé Warning: Undefined property: class@anonymous::$insert_id in D:\meowseo\tests\properties\Property14RedirectMatchingCorrectnessTest.php on line 558
   Ôöé
   Ôöé Warning: Undefined property: class@anonymous::$insert_id in D:\meowseo\tests\properties\Property14RedirectMatchingCorrectnessTest.php on line 558
   Ôöé
   Ôöé Warning: Undefined property: class@anonymous::$insert_id in D:\meowseo\tests\properties\Property14RedirectMatchingCorrectnessTest.php on line 558
   Ôöé
   Ôöé Warning: Undefined property: class@anonymous::$insert_id in D:\meowseo\tests\properties\Property14RedirectMatchingCorrectnessTest.php on line 558
   Ôöé
   Ôöé Warning: Undefined property: class@anonymous::$insert_id in D:\meowseo\tests\properties\Property14RedirectMatchingCorrectnessTest.php on line 558
   Ôöé
   Ôöé Warning: Undefined property: class@anonymous::$insert_id in D:\meowseo\tests\properties\Property14RedirectMatchingCorrectnessTest.php on line 558
   Ôöé
   Ôöé Warning: Undefined property: class@anonymous::$insert_id in D:\meowseo\tests\properties\Property14RedirectMatchingCorrectnessTest.php on line 558
   Ôöé
   Ôöé Warning: Undefined property: class@anonymous::$insert_id in D:\meowseo\tests\properties\Property14RedirectMatchingCorrectnessTest.php on line 558
   Ôöé
   Ôöé Warning: Undefined property: class@anonymous::$insert_id in D:\meowseo\tests\properties\Property14RedirectMatchingCorrectnessTest.php on line 558
   Ôöé
   Ôöé Warning: Undefined property: class@anonymous::$insert_id in D:\meowseo\tests\properties\Property14RedirectMatchingCorrectnessTest.php on line 558
   Ôöé
   Ôöé Warning: Undefined property: class@anonymous::$insert_id in D:\meowseo\tests\properties\Property14RedirectMatchingCorrectnessTest.php on line 558
   Ôöé
   Ôöé Warning: Undefined property: class@anonymous::$insert_id in D:\meowseo\tests\properties\Property14RedirectMatchingCorrectnessTest.php on line 558
   Ôöé
   Ôöé Warning: Undefined property: class@anonymous::$insert_id in D:\meowseo\tests\properties\Property14RedirectMatchingCorrectnessTest.php on line 558
   Ôöé
   Ôöé Warning: Undefined property: class@anonymous::$insert_id in D:\meowseo\tests\properties\Property14RedirectMatchingCorrectnessTest.php on line 558
   Ôöé
   Ôöé Warning: Undefined property: class@anonymous::$insert_id in D:\meowseo\tests\properties\Property14RedirectMatchingCorrectnessTest.php on line 558
   Ôöé
   Ôöé Warning: Undefined property: class@anonymous::$insert_id in D:\meowseo\tests\properties\Property14RedirectMatchingCorrectnessTest.php on line 558
   Ôöé
   Ôöé Warning: Undefined property: class@anonymous::$insert_id in D:\meowseo\tests\properties\Property14RedirectMatchingCorrectnessTest.php on line 558
   Ôöé
   Ôöé Warning: Undefined property: class@anonymous::$insert_id in D:\meowseo\tests\properties\Property14RedirectMatchingCorrectnessTest.php on line 558
   Ôöé
   Ôöé Warning: Undefined property: class@anonymous::$insert_id in D:\meowseo\tests\properties\Property14RedirectMatchingCorrectnessTest.php on line 558
   Ôöé
   Ôöé Warning: Undefined property: class@anonymous::$insert_id in D:\meowseo\tests\properties\Property14RedirectMatchingCorrectnessTest.php on line 558
   Ôöé
   Ôöé Warning: Undefined property: class@anonymous::$insert_id in D:\meowseo\tests\properties\Property14RedirectMatchingCorrectnessTest.php on line 558
   Ôöé
   Ôöé Warning: Undefined property: class@anonymous::$insert_id in D:\meowseo\tests\properties\Property14RedirectMatchingCorrectnessTest.php on line 558
   Ôöé
   Ôöé Warning: Undefined property: class@anonymous::$insert_id in D:\meowseo\tests\properties\Property14RedirectMatchingCorrectnessTest.php on line 558
   Ôöé
   Ôöé Warning: Undefined property: class@anonymous::$insert_id in D:\meowseo\tests\properties\Property14RedirectMatchingCorrectnessTest.php on line 558
   Ôöé
   Ôöé Warning: Undefined property: class@anonymous::$insert_id in D:\meowseo\tests\properties\Property14RedirectMatchingCorrectnessTest.php on line 558
   Ôöé
   Ôöé Warning: Undefined property: class@anonymous::$insert_id in D:\meowseo\tests\properties\Property14RedirectMatchingCorrectnessTest.php on line 558
   Ôöé
   Ôöé Warning: Undefined property: class@anonymous::$insert_id in D:\meowseo\tests\properties\Property14RedirectMatchingCorrectnessTest.php on line 558
   Ôöé
   Ôöé Warning: Undefined property: class@anonymous::$insert_id in D:\meowseo\tests\properties\Property14RedirectMatchingCorrectnessTest.php on line 558
   Ôöé
   Ôöé Warning: Undefined property: class@anonymous::$insert_id in D:\meowseo\tests\properties\Property14RedirectMatchingCorrectnessTest.php on line 558
   Ôöé
   Ôöé Warning: Undefined property: class@anonymous::$insert_id in D:\meowseo\tests\properties\Property14RedirectMatchingCorrectnessTest.php on line 558
   Ôöé
   Ôöé Warning: Undefined property: class@anonymous::$insert_id in D:\meowseo\tests\properties\Property14RedirectMatchingCorrectnessTest.php on line 558
   Ôöé
   Ôöé Warning: Undefined property: class@anonymous::$insert_id in D:\meowseo\tests\properties\Property14RedirectMatchingCorrectnessTest.php on line 558
   Ôöé
   Ôöé Warning: Undefined property: class@anonymous::$insert_id in D:\meowseo\tests\properties\Property14RedirectMatchingCorrectnessTest.php on line 558
   Ôöé
   Ôöé Warning: Undefined property: class@anonymous::$insert_id in D:\meowseo\tests\properties\Property14RedirectMatchingCorrectnessTest.php on line 558
   Ôöé
   Ôöé Warning: Undefined property: class@anonymous::$insert_id in D:\meowseo\tests\properties\Property14RedirectMatchingCorrectnessTest.php on line 558
   Ôöé
   Ôöé Warning: Undefined property: class@anonymous::$insert_id in D:\meowseo\tests\properties\Property14RedirectMatchingCorrectnessTest.php on line 558
   Ôöé
   Ôöé Warning: Undefined property: class@anonymous::$insert_id in D:\meowseo\tests\properties\Property14RedirectMatchingCorrectnessTest.php on line 558
   Ôöé
   Ôöé Warning: Undefined property: class@anonymous::$insert_id in D:\meowseo\tests\properties\Property14RedirectMatchingCorrectnessTest.php on line 558
   Ôöé
   Ôöé Warning: Undefined property: class@anonymous::$insert_id in D:\meowseo\tests\properties\Property14RedirectMatchingCorrectnessTest.php on line 558
   Ôöé
   Ôöé Warning: Undefined property: class@anonymous::$insert_id in D:\meowseo\tests\properties\Property14RedirectMatchingCorrectnessTest.php on line 558
   Ôöé
   Ôöé Warning: Undefined property: class@anonymous::$insert_id in D:\meowseo\tests\properties\Property14RedirectMatchingCorrectnessTest.php on line 558
   Ôöé
   Ôöé Warning: Undefined property: class@anonymous::$insert_id in D:\meowseo\tests\properties\Property14RedirectMatchingCorrectnessTest.php on line 558
   Ôöé
   Ôöé Warning: Undefined property: class@anonymous::$insert_id in D:\meowseo\tests\properties\Property14RedirectMatchingCorrectnessTest.php on line 558
   Ôöé
   Ôöé Warning: Undefined property: class@anonymous::$insert_id in D:\meowseo\tests\properties\Property14RedirectMatchingCorrectnessTest.php on line 558
   Ôöé
   Ôöé Warning: Undefined property: class@anonymous::$insert_id in D:\meowseo\tests\properties\Property14RedirectMatchingCorrectnessTest.php on line 558
   Ôöé
   Ôöé Warning: Undefined property: class@anonymous::$insert_id in D:\meowseo\tests\properties\Property14RedirectMatchingCorrectnessTest.php on line 558
   Ôöé
   Ôöé Warning: Undefined property: class@anonymous::$insert_id in D:\meowseo\tests\properties\Property14RedirectMatchingCorrectnessTest.php on line 558
   Ôöé
   Ôöé Warning: Undefined property: class@anonymous::$insert_id in D:\meowseo\tests\properties\Property14RedirectMatchingCorrectnessTest.php on line 558
   Ôöé
   Ôöé Warning: Undefined property: class@anonymous::$insert_id in D:\meowseo\tests\properties\Property14RedirectMatchingCorrectnessTest.php on line 558
   Ôöé
   Ôöé Warning: Undefined property: class@anonymous::$insert_id in D:\meowseo\tests\properties\Property14RedirectMatchingCorrectnessTest.php on line 558
   Ôöé
   Ôöé Warning: Undefined property: class@anonymous::$insert_id in D:\meowseo\tests\properties\Property14RedirectMatchingCorrectnessTest.php on line 558
   Ôöé
   Ôöé Warning: Undefined property: class@anonymous::$insert_id in D:\meowseo\tests\properties\Property14RedirectMatchingCorrectnessTest.php on line 558
   Ôöé
   Ôöé Warning: Undefined property: class@anonymous::$insert_id in D:\meowseo\tests\properties\Property14RedirectMatchingCorrectnessTest.php on line 558
   Ôöé
   Ôöé Warning: Undefined property: class@anonymous::$insert_id in D:\meowseo\tests\properties\Property14RedirectMatchingCorrectnessTest.php on line 558
   Ôöé
   Ôöé Warning: Undefined property: class@anonymous::$insert_id in D:\meowseo\tests\properties\Property14RedirectMatchingCorrectnessTest.php on line 558
   Ôöé
   Ôöé Warning: Undefined property: class@anonymous::$insert_id in D:\meowseo\tests\properties\Property14RedirectMatchingCorrectnessTest.php on line 558
   Ôöé
   Ôöé Warning: Undefined property: class@anonymous::$insert_id in D:\meowseo\tests\properties\Property14RedirectMatchingCorrectnessTest.php on line 558
   Ôöé
   Ôöé Warning: Undefined property: class@anonymous::$insert_id in D:\meowseo\tests\properties\Property14RedirectMatchingCorrectnessTest.php on line 558
   Ôöé
   Ôöé Warning: Undefined property: class@anonymous::$insert_id in D:\meowseo\tests\properties\Property14RedirectMatchingCorrectnessTest.php on line 558
   Ôöé
   Ôöé Warning: Undefined property: class@anonymous::$insert_id in D:\meowseo\tests\properties\Property14RedirectMatchingCorrectnessTest.php on line 558
   Ôöé
   Ôöé Warning: Undefined property: class@anonymous::$insert_id in D:\meowseo\tests\properties\Property14RedirectMatchingCorrectnessTest.php on line 558
   Ôöé
   Ôöé Warning: Undefined property: class@anonymous::$insert_id in D:\meowseo\tests\properties\Property14RedirectMatchingCorrectnessTest.php on line 558
   Ôöé
   Ôöé Warning: Undefined property: class@anonymous::$insert_id in D:\meowseo\tests\properties\Property14RedirectMatchingCorrectnessTest.php on line 558
   Ôöé
   Ôöé Warning: Undefined property: class@anonymous::$insert_id in D:\meowseo\tests\properties\Property14RedirectMatchingCorrectnessTest.php on line 558
   Ôöé
   Ôöé Warning: Undefined property: class@anonymous::$insert_id in D:\meowseo\tests\properties\Property14RedirectMatchingCorrectnessTest.php on line 558
   Ôöé
   Ôöé Warning: Undefined property: class@anonymous::$insert_id in D:\meowseo\tests\properties\Property14RedirectMatchingCorrectnessTest.php on line 558
   Ôöé
   Ôöé Warning: Undefined property: class@anonymous::$insert_id in D:\meowseo\tests\properties\Property14RedirectMatchingCorrectnessTest.php on line 558
   Ôöé
   Ôöé Warning: Undefined property: class@anonymous::$insert_id in D:\meowseo\tests\properties\Property14RedirectMatchingCorrectnessTest.php on line 558
   Ôöé
   Ôöé Warning: Undefined property: class@anonymous::$insert_id in D:\meowseo\tests\properties\Property14RedirectMatchingCorrectnessTest.php on line 558
   Ôöé
   Ôöé Warning: Undefined property: class@anonymous::$insert_id in D:\meowseo\tests\properties\Property14RedirectMatchingCorrectnessTest.php on line 558
   Ôöé
   Ôöé Warning: Undefined property: class@anonymous::$insert_id in D:\meowseo\tests\properties\Property14RedirectMatchingCorrectnessTest.php on line 558
   Ôöé
   Ôöé Warning: Undefined property: class@anonymous::$insert_id in D:\meowseo\tests\properties\Property14RedirectMatchingCorrectnessTest.php on line 558
   Ôöé
   Ôöé Warning: Undefined property: class@anonymous::$insert_id in D:\meowseo\tests\properties\Property14RedirectMatchingCorrectnessTest.php on line 558
   Ôöé
   Ôöé Warning: Undefined property: class@anonymous::$insert_id in D:\meowseo\tests\properties\Property14RedirectMatchingCorrectnessTest.php on line 558
   Ôöé
   Ôöé Warning: Undefined property: class@anonymous::$insert_id in D:\meowseo\tests\properties\Property14RedirectMatchingCorrectnessTest.php on line 558
   Ôöé
   Ôöé Warning: Undefined property: class@anonymous::$insert_id in D:\meowseo\tests\properties\Property14RedirectMatchingCorrectnessTest.php on line 558
   Ôöé
   Ôöé Warning: Undefined property: class@anonymous::$insert_id in D:\meowseo\tests\properties\Property14RedirectMatchingCorrectnessTest.php on line 558
   Ôöé
   Ôöé Warning: Undefined property: class@anonymous::$insert_id in D:\meowseo\tests\properties\Property14RedirectMatchingCorrectnessTest.php on line 558
   Ôöé
   Ôöé Warning: Undefined property: class@anonymous::$insert_id in D:\meowseo\tests\properties\Property14RedirectMatchingCorrectnessTest.php on line 558
   Ôöé
   Ôöé Warning: Undefined property: class@anonymous::$insert_id in D:\meowseo\tests\properties\Property14RedirectMatchingCorrectnessTest.php on line 558
   Ôöé
   Ôöé Warning: Undefined property: class@anonymous::$insert_id in D:\meowseo\tests\properties\Property14RedirectMatchingCorrectnessTest.php on line 558
   Ôöé
   Ôöé Warning: Undefined property: class@anonymous::$insert_id in D:\meowseo\tests\properties\Property14RedirectMatchingCorrectnessTest.php on line 558
   Ôöé
   Ôöé Warning: Undefined property: class@anonymous::$insert_id in D:\meowseo\tests\properties\Property14RedirectMatchingCorrectnessTest.php on line 558
   Ôöé
   Ôöé Warning: Undefined property: class@anonymous::$insert_id in D:\meowseo\tests\properties\Property14RedirectMatchingCorrectnessTest.php on line 558
   Ôöé
   Ôöé Warning: Undefined property: class@anonymous::$insert_id in D:\meowseo\tests\properties\Property14RedirectMatchingCorrectnessTest.php on line 558
   Ôöé
   Ôöé Warning: Undefined property: class@anonymous::$insert_id in D:\meowseo\tests\properties\Property14RedirectMatchingCorrectnessTest.php on line 558
   Ôöé
   Ôöé Warning: Undefined property: class@anonymous::$insert_id in D:\meowseo\tests\properties\Property14RedirectMatchingCorrectnessTest.php on line 558
   Ôöé
   Ôöé Warning: Undefined property: class@anonymous::$insert_id in D:\meowseo\tests\properties\Property14RedirectMatchingCorrectnessTest.php on line 558
   Ôöé
   Ôöé Warning: Undefined property: class@anonymous::$insert_id in D:\meowseo\tests\properties\Property14RedirectMatchingCorrectnessTest.php on line 558
   Ôöé
   Ôöé Warning: Undefined property: class@anonymous::$insert_id in D:\meowseo\tests\properties\Property14RedirectMatchingCorrectnessTest.php on line 558
   Ôöé
   Ôöé Warning: Undefined property: class@anonymous::$insert_id in D:\meowseo\tests\properties\Property14RedirectMatchingCorrectnessTest.php on line 558
   Ôöé
   Ôöé Warning: Undefined property: class@anonymous::$insert_id in D:\meowseo\tests\properties\Property14RedirectMatchingCorrectnessTest.php on line 558
   Ôöé
   Ôöé Warning: Undefined property: class@anonymous::$insert_id in D:\meowseo\tests\properties\Property14RedirectMatchingCorrectnessTest.php on line 558
   Ôöé
   Ôöé Warning: Undefined property: class@anonymous::$insert_id in D:\meowseo\tests\properties\Property14RedirectMatchingCorrectnessTest.php on line 558
   Ôöé
   Ôöé Warning: Undefined property: class@anonymous::$insert_id in D:\meowseo\tests\properties\Property14RedirectMatchingCorrectnessTest.php on line 558
   Ôöé
   Ôöé Warning: Undefined property: class@anonymous::$insert_id in D:\meowseo\tests\properties\Property14RedirectMatchingCorrectnessTest.php on line 558
   Ôöé
   Ôöé Warning: Undefined property: class@anonymous::$insert_id in D:\meowseo\tests\properties\Property14RedirectMatchingCorrectnessTest.php on line 558
   Ôöé
   Ôöé Warning: Undefined property: class@anonymous::$insert_id in D:\meowseo\tests\properties\Property14RedirectMatchingCorrectnessTest.php on line 558
   Ôöé
   Ôöé Warning: Undefined property: class@anonymous::$insert_id in D:\meowseo\tests\properties\Property14RedirectMatchingCorrectnessTest.php on line 558
   Ôöé
   Ôöé Warning: Undefined property: class@anonymous::$insert_id in D:\meowseo\tests\properties\Property14RedirectMatchingCorrectnessTest.php on line 558
   Ôöé
   Ôöé Warning: Undefined property: class@anonymous::$insert_id in D:\meowseo\tests\properties\Property14RedirectMatchingCorrectnessTest.php on line 558
   Ôöé
   Ôöé Warning: Undefined property: class@anonymous::$insert_id in D:\meowseo\tests\properties\Property14RedirectMatchingCorrectnessTest.php on line 558
   Ôöé
   Ôöé Warning: Undefined property: class@anonymous::$insert_id in D:\meowseo\tests\properties\Property14RedirectMatchingCorrectnessTest.php on line 558
   Ôöé
   Ôöé Warning: Undefined property: class@anonymous::$insert_id in D:\meowseo\tests\properties\Property14RedirectMatchingCorrectnessTest.php on line 558
   Ôöé
   Ôöé Warning: Undefined property: class@anonymous::$insert_id in D:\meowseo\tests\properties\Property14RedirectMatchingCorrectnessTest.php on line 558
   Ôöé
   Ôöé Warning: Undefined property: class@anonymous::$insert_id in D:\meowseo\tests\properties\Property14RedirectMatchingCorrectnessTest.php on line 558
   Ôöé
   Ôöé Warning: Undefined property: class@anonymous::$insert_id in D:\meowseo\tests\properties\Property14RedirectMatchingCorrectnessTest.php on line 558
   Ôöé
   Ôöé Warning: Undefined property: class@anonymous::$insert_id in D:\meowseo\tests\properties\Property14RedirectMatchingCorrectnessTest.php on line 558
   Ôöé
   Ôöé Warning: Undefined property: class@anonymous::$insert_id in D:\meowseo\tests\properties\Property14RedirectMatchingCorrectnessTest.php on line 558
   Ôöé
   Ôöé Warning: Undefined property: class@anonymous::$insert_id in D:\meowseo\tests\properties\Property14RedirectMatchingCorrectnessTest.php on line 558
   Ôöé
   Ôöé Warning: Undefined property: class@anonymous::$insert_id in D:\meowseo\tests\properties\Property14RedirectMatchingCorrectnessTest.php on line 558
   Ôöé
   Ôöé Warning: Undefined property: class@anonymous::$insert_id in D:\meowseo\tests\properties\Property14RedirectMatchingCorrectnessTest.php on line 558
   Ôöé
   Ôöé Warning: Undefined property: class@anonymous::$insert_id in D:\meowseo\tests\properties\Property14RedirectMatchingCorrectnessTest.php on line 558
   Ôöé
   Ôöé Warning: Undefined property: class@anonymous::$insert_id in D:\meowseo\tests\properties\Property14RedirectMatchingCorrectnessTest.php on line 558
   Ôöé
   Ôöé Warning: Undefined property: class@anonymous::$insert_id in D:\meowseo\tests\properties\Property14RedirectMatchingCorrectnessTest.php on line 558
   Ôöé
   Ôöé Warning: Undefined property: class@anonymous::$insert_id in D:\meowseo\tests\properties\Property14RedirectMatchingCorrectnessTest.php on line 558
   Ôöé
   Ôöé Warning: Undefined property: class@anonymous::$insert_id in D:\meowseo\tests\properties\Property14RedirectMatchingCorrectnessTest.php on line 558
   Ôöé
   Ôöé Warning: Undefined property: class@anonymous::$insert_id in D:\meowseo\tests\properties\Property14RedirectMatchingCorrectnessTest.php on line 558
   Ôöé
   Ôöé Warning: Undefined property: class@anonymous::$insert_id in D:\meowseo\tests\properties\Property14RedirectMatchingCorrectnessTest.php on line 558
   Ôöé
   Ôöé Warning: Undefined property: class@anonymous::$insert_id in D:\meowseo\tests\properties\Property14RedirectMatchingCorrectnessTest.php on line 558
   Ôöé
   Ôöé Warning: Undefined property: class@anonymous::$insert_id in D:\meowseo\tests\properties\Property14RedirectMatchingCorrectnessTest.php on line 558
   Ôöé
   Ôöé Warning: Undefined property: class@anonymous::$insert_id in D:\meowseo\tests\properties\Property14RedirectMatchingCorrectnessTest.php on line 558
   Ôöé
   Ôöé Warning: Undefined property: class@anonymous::$insert_id in D:\meowseo\tests\properties\Property14RedirectMatchingCorrectnessTest.php on line 558
   Ôöé
   Ôöé Warning: Undefined property: class@anonymous::$insert_id in D:\meowseo\tests\properties\Property14RedirectMatchingCorrectnessTest.php on line 558
   Ôöé
   Ôöé Warning: Undefined property: class@anonymous::$insert_id in D:\meowseo\tests\properties\Property14RedirectMatchingCorrectnessTest.php on line 558
   Ôöé
   Ôöé Warning: Undefined property: class@anonymous::$insert_id in D:\meowseo\tests\properties\Property14RedirectMatchingCorrectnessTest.php on line 558
   Ôöé
   Ôöé Warning: Undefined property: class@anonymous::$insert_id in D:\meowseo\tests\properties\Property14RedirectMatchingCorrectnessTest.php on line 558
   Ôöé
   Ôöé Warning: Undefined property: class@anonymous::$insert_id in D:\meowseo\tests\properties\Property14RedirectMatchingCorrectnessTest.php on line 558
   Ôöé
   Ôöé Warning: Undefined property: class@anonymous::$insert_id in D:\meowseo\tests\properties\Property14RedirectMatchingCorrectnessTest.php on line 558
   Ôöé
   Ôöé Warning: Undefined property: class@anonymous::$insert_id in D:\meowseo\tests\properties\Property14RedirectMatchingCorrectnessTest.php on line 558
   Ôöé
   Ôöé Warning: Undefined property: class@anonymous::$insert_id in D:\meowseo\tests\properties\Property14RedirectMatchingCorrectnessTest.php on line 558
   Ôöé
   Ôöé Warning: Undefined property: class@anonymous::$insert_id in D:\meowseo\tests\properties\Property14RedirectMatchingCorrectnessTest.php on line 558
   Ôöé
   Ôöé Warning: Undefined property: class@anonymous::$insert_id in D:\meowseo\tests\properties\Property14RedirectMatchingCorrectnessTest.php on line 558
   Ôöé
   Ôöé Warning: Undefined property: class@anonymous::$insert_id in D:\meowseo\tests\properties\Property14RedirectMatchingCorrectnessTest.php on line 558
   Ôöé
   Ôöé Warning: Undefined property: class@anonymous::$insert_id in D:\meowseo\tests\properties\Property14RedirectMatchingCorrectnessTest.php on line 558
   Ôöé
   Ôöé Warning: Undefined property: class@anonymous::$insert_id in D:\meowseo\tests\properties\Property14RedirectMatchingCorrectnessTest.php on line 558
   Ôöé
   Ôöé Warning: Undefined property: class@anonymous::$insert_id in D:\meowseo\tests\properties\Property14RedirectMatchingCorrectnessTest.php on line 558
   Ôöé
   Ôöé Warning: Undefined property: class@anonymous::$insert_id in D:\meowseo\tests\properties\Property14RedirectMatchingCorrectnessTest.php on line 558
   Ôöé
   Ôöé Warning: Undefined property: class@anonymous::$insert_id in D:\meowseo\tests\properties\Property14RedirectMatchingCorrectnessTest.php on line 558
   Ôöé
   Ôöé Warning: Undefined property: class@anonymous::$insert_id in D:\meowseo\tests\properties\Property14RedirectMatchingCorrectnessTest.php on line 558
   Ôöé
   Ôöé Warning: Undefined property: class@anonymous::$insert_id in D:\meowseo\tests\properties\Property14RedirectMatchingCorrectnessTest.php on line 558
   Ôöé
   Ôöé Warning: Undefined property: class@anonymous::$insert_id in D:\meowseo\tests\properties\Property14RedirectMatchingCorrectnessTest.php on line 558
   Ôöé
   Ôöé Warning: Undefined property: class@anonymous::$insert_id in D:\meowseo\tests\properties\Property14RedirectMatchingCorrectnessTest.php on line 558
   Ôöé
   Ôöé Warning: Undefined property: class@anonymous::$insert_id in D:\meowseo\tests\properties\Property14RedirectMatchingCorrectnessTest.php on line 558
   Ôöé
   Ôöé Warning: Undefined property: class@anonymous::$insert_id in D:\meowseo\tests\properties\Property14RedirectMatchingCorrectnessTest.php on line 558
   Ôöé
   Ôöé Warning: Undefined property: class@anonymous::$insert_id in D:\meowseo\tests\properties\Property14RedirectMatchingCorrectnessTest.php on line 558
   Ôöé
   Ôöé Warning: Undefined property: class@anonymous::$insert_id in D:\meowseo\tests\properties\Property14RedirectMatchingCorrectnessTest.php on line 558
   Ôöé
   Ôöé Warning: Undefined property: class@anonymous::$insert_id in D:\meowseo\tests\properties\Property14RedirectMatchingCorrectnessTest.php on line 558
   Ôöé
   Ôöé Warning: Undefined property: class@anonymous::$insert_id in D:\meowseo\tests\properties\Property14RedirectMatchingCorrectnessTest.php on line 558
   Ôöé
   Ôöé Warning: Undefined property: class@anonymous::$insert_id in D:\meowseo\tests\properties\Property14RedirectMatchingCorrectnessTest.php on line 558
   Ôöé
   Ôöé Warning: Undefined property: class@anonymous::$insert_id in D:\meowseo\tests\properties\Property14RedirectMatchingCorrectnessTest.php on line 558
   Ôöé
   Ôöé Warning: Undefined property: class@anonymous::$insert_id in D:\meowseo\tests\properties\Property14RedirectMatchingCorrectnessTest.php on line 558
   Ôöé
   Ôöé Warning: Undefined property: class@anonymous::$insert_id in D:\meowseo\tests\properties\Property14RedirectMatchingCorrectnessTest.php on line 558
   Ôöé
   Ôöé Warning: Undefined property: class@anonymous::$insert_id in D:\meowseo\tests\properties\Property14RedirectMatchingCorrectnessTest.php on line 558
   Ôöé
   Ôöé Warning: Undefined property: class@anonymous::$insert_id in D:\meowseo\tests\properties\Property14RedirectMatchingCorrectnessTest.php on line 558
   Ôöé
   Ôöé Warning: Undefined property: class@anonymous::$insert_id in D:\meowseo\tests\properties\Property14RedirectMatchingCorrectnessTest.php on line 558
   Ôöé
   Ôöé Warning: Undefined property: class@anonymous::$insert_id in D:\meowseo\tests\properties\Property14RedirectMatchingCorrectnessTest.php on line 558
   Ôöé
   Ôöé Warning: Undefined property: class@anonymous::$insert_id in D:\meowseo\tests\properties\Property14RedirectMatchingCorrectnessTest.php on line 558
   Ôöé
   Ôöé Warning: Undefined property: class@anonymous::$insert_id in D:\meowseo\tests\properties\Property14RedirectMatchingCorrectnessTest.php on line 558
   Ôöé
   Ôöé Warning: Undefined property: class@anonymous::$insert_id in D:\meowseo\tests\properties\Property14RedirectMatchingCorrectnessTest.php on line 558
   Ôöé
   Ôöé Warning: Undefined property: class@anonymous::$insert_id in D:\meowseo\tests\properties\Property14RedirectMatchingCorrectnessTest.php on line 558
   Ôöé
   Ôöé Warning: Undefined property: class@anonymous::$insert_id in D:\meowseo\tests\properties\Property14RedirectMatchingCorrectnessTest.php on line 558
   Ôöé
   Ôöé Warning: Undefined property: class@anonymous::$insert_id in D:\meowseo\tests\properties\Property14RedirectMatchingCorrectnessTest.php on line 558
   Ôöé
   Ôöé Warning: Undefined property: class@anonymous::$insert_id in D:\meowseo\tests\properties\Property14RedirectMatchingCorrectnessTest.php on line 558
   Ôöé
   Ôöé Warning: Undefined property: class@anonymous::$insert_id in D:\meowseo\tests\properties\Property14RedirectMatchingCorrectnessTest.php on line 558
   Ôöé
   Ôöé Warning: Undefined property: class@anonymous::$insert_id in D:\meowseo\tests\properties\Property14RedirectMatchingCorrectnessTest.php on line 558
   Ôöé
   Ôöé Warning: Undefined property: class@anonymous::$insert_id in D:\meowseo\tests\properties\Property14RedirectMatchingCorrectnessTest.php on line 558
   Ôöé
   Ôöé Warning: Undefined property: class@anonymous::$insert_id in D:\meowseo\tests\properties\Property14RedirectMatchingCorrectnessTest.php on line 558
   Ôöé
   Ôöé Warning: Undefined property: class@anonymous::$insert_id in D:\meowseo\tests\properties\Property14RedirectMatchingCorrectnessTest.php on line 558
   Ôöé
   Ôöé Warning: Undefined property: class@anonymous::$insert_id in D:\meowseo\tests\properties\Property14RedirectMatchingCorrectnessTest.php on line 558
   Ôöé
   Ôöé Warning: Undefined property: class@anonymous::$insert_id in D:\meowseo\tests\properties\Property14RedirectMatchingCorrectnessTest.php on line 558
   Ôöé
   Ôöé Warning: Undefined property: class@anonymous::$insert_id in D:\meowseo\tests\properties\Property14RedirectMatchingCorrectnessTest.php on line 558
   Ôöé
   Ôöé Warning: Undefined property: class@anonymous::$insert_id in D:\meowseo\tests\properties\Property14RedirectMatchingCorrectnessTest.php on line 558
   Ôöé
   Ôöé Warning: Undefined property: class@anonymous::$insert_id in D:\meowseo\tests\properties\Property14RedirectMatchingCorrectnessTest.php on line 558
   Ôöé
   Ôöé Warning: Undefined property: class@anonymous::$insert_id in D:\meowseo\tests\properties\Property14RedirectMatchingCorrectnessTest.php on line 558
   Ôöé
   Ôöé Warning: Undefined property: class@anonymous::$insert_id in D:\meowseo\tests\properties\Property14RedirectMatchingCorrectnessTest.php on line 558
   Ôöé
   Ôöé Warning: Undefined property: class@anonymous::$insert_id in D:\meowseo\tests\properties\Property14RedirectMatchingCorrectnessTest.php on line 558
   Ôöé
   Ôöé Warning: Undefined property: class@anonymous::$insert_id in D:\meowseo\tests\properties\Property14RedirectMatchingCorrectnessTest.php on line 558
   Ôöé
   Ôöé Warning: Undefined property: class@anonymous::$insert_id in D:\meowseo\tests\properties\Property14RedirectMatchingCorrectnessTest.php on line 558
   Ôöé
   Ôöé Warning: Undefined property: class@anonymous::$insert_id in D:\meowseo\tests\properties\Property14RedirectMatchingCorrectnessTest.php on line 558
   Ôöé
   Ôöé Warning: Undefined property: class@anonymous::$insert_id in D:\meowseo\tests\properties\Property14RedirectMatchingCorrectnessTest.php on line 558
   Ôöé
   Ôöé Warning: Undefined property: class@anonymous::$insert_id in D:\meowseo\tests\properties\Property14RedirectMatchingCorrectnessTest.php on line 558
   Ôöé
   Ôöé Warning: Undefined property: class@anonymous::$insert_id in D:\meowseo\tests\properties\Property14RedirectMatchingCorrectnessTest.php on line 558
   Ôöé
   Ôöé Warning: Undefined property: class@anonymous::$insert_id in D:\meowseo\tests\properties\Property14RedirectMatchingCorrectnessTest.php on line 558
   Ôöé
   Ôöé Warning: Undefined property: class@anonymous::$insert_id in D:\meowseo\tests\properties\Property14RedirectMatchingCorrectnessTest.php on line 558
   Ôöé
   Ôöé Warning: Undefined property: class@anonymous::$insert_id in D:\meowseo\tests\properties\Property14RedirectMatchingCorrectnessTest.php on line 558
   Ôöé
   Ôöé Warning: Undefined property: class@anonymous::$insert_id in D:\meowseo\tests\properties\Property14RedirectMatchingCorrectnessTest.php on line 558
   Ôöé
   Ôöé Warning: Undefined property: class@anonymous::$insert_id in D:\meowseo\tests\properties\Property14RedirectMatchingCorrectnessTest.php on line 558
   Ôöé
   Ôöé Warning: Undefined property: class@anonymous::$insert_id in D:\meowseo\tests\properties\Property14RedirectMatchingCorrectnessTest.php on line 558
   Ôöé
   Ôöé Warning: Undefined property: class@anonymous::$insert_id in D:\meowseo\tests\properties\Property14RedirectMatchingCorrectnessTest.php on line 558
   Ôöé
   Ôöé Warning: Undefined property: class@anonymous::$insert_id in D:\meowseo\tests\properties\Property14RedirectMatchingCorrectnessTest.php on line 558
   Ôöé
   Ôöé Warning: Undefined property: class@anonymous::$insert_id in D:\meowseo\tests\properties\Property14RedirectMatchingCorrectnessTest.php on line 558
   Ôöé
   Ôöé Warning: Undefined property: class@anonymous::$insert_id in D:\meowseo\tests\properties\Property14RedirectMatchingCorrectnessTest.php on line 558
   Ôöé
   Ôöé Warning: Undefined property: class@anonymous::$insert_id in D:\meowseo\tests\properties\Property14RedirectMatchingCorrectnessTest.php on line 558
   Ôöé
   Ôöé Warning: Undefined property: class@anonymous::$insert_id in D:\meowseo\tests\properties\Property14RedirectMatchingCorrectnessTest.php on line 558
   Ôöé
   Ôöé Warning: Undefined property: class@anonymous::$insert_id in D:\meowseo\tests\properties\Property14RedirectMatchingCorrectnessTest.php on line 558
   Ôöé
   Ôöé Warning: Undefined property: class@anonymous::$insert_id in D:\meowseo\tests\properties\Property14RedirectMatchingCorrectnessTest.php on line 558
   Ôöé
   Ôöé Warning: Undefined property: class@anonymous::$insert_id in D:\meowseo\tests\properties\Property14RedirectMatchingCorrectnessTest.php on line 558
   Ôöé
   Ôöé Warning: Undefined property: class@anonymous::$insert_id in D:\meowseo\tests\properties\Property14RedirectMatchingCorrectnessTest.php on line 558
   Ôöé
   Ôöé Warning: Undefined property: class@anonymous::$insert_id in D:\meowseo\tests\properties\Property14RedirectMatchingCorrectnessTest.php on line 558
   Ôöé
   Ôöé Warning: Undefined property: class@anonymous::$insert_id in D:\meowseo\tests\properties\Property14RedirectMatchingCorrectnessTest.php on line 558
   Ôöé
   Ôöé Warning: Undefined property: class@anonymous::$insert_id in D:\meowseo\tests\properties\Property14RedirectMatchingCorrectnessTest.php on line 558
   Ôöé
   Ôöé Warning: Undefined property: class@anonymous::$insert_id in D:\meowseo\tests\properties\Property14RedirectMatchingCorrectnessTest.php on line 558
   Ôöé
   Ôöé Warning: Undefined property: class@anonymous::$insert_id in D:\meowseo\tests\properties\Property14RedirectMatchingCorrectnessTest.php on line 558
   Ôöé
   Ôöé Warning: Undefined property: class@anonymous::$insert_id in D:\meowseo\tests\properties\Property14RedirectMatchingCorrectnessTest.php on line 558
   Ôöé
   Ôöé Warning: Undefined property: class@anonymous::$insert_id in D:\meowseo\tests\properties\Property14RedirectMatchingCorrectnessTest.php on line 558
   Ôöé
   Ôöé Warning: Undefined property: class@anonymous::$insert_id in D:\meowseo\tests\properties\Property14RedirectMatchingCorrectnessTest.php on line 558
   Ôöé
   Ôöé Warning: Undefined property: class@anonymous::$insert_id in D:\meowseo\tests\properties\Property14RedirectMatchingCorrectnessTest.php on line 558
   Ôöé
   Ôöé Warning: Undefined property: class@anonymous::$insert_id in D:\meowseo\tests\properties\Property14RedirectMatchingCorrectnessTest.php on line 558
   Ôöé
   Ôöé Warning: Undefined property: class@anonymous::$insert_id in D:\meowseo\tests\properties\Property14RedirectMatchingCorrectnessTest.php on line 558
   Ôöé
   Ôöé Warning: Undefined property: class@anonymous::$insert_id in D:\meowseo\tests\properties\Property14RedirectMatchingCorrectnessTest.php on line 558
   Ôöé
   Ôöé Warning: Undefined property: class@anonymous::$insert_id in D:\meowseo\tests\properties\Property14RedirectMatchingCorrectnessTest.php on line 558
   Ôöé
   Ôöé Warning: Undefined property: class@anonymous::$insert_id in D:\meowseo\tests\properties\Property14RedirectMatchingCorrectnessTest.php on line 558
   Ôöé
   Ôöé Warning: Undefined property: class@anonymous::$insert_id in D:\meowseo\tests\properties\Property14RedirectMatchingCorrectnessTest.php on line 558
   Ôöé
   Ôöé Warning: Undefined property: class@anonymous::$insert_id in D:\meowseo\tests\properties\Property14RedirectMatchingCorrectnessTest.php on line 558
   Ôöé
   Ôöé Warning: Undefined property: class@anonymous::$insert_id in D:\meowseo\tests\properties\Property14RedirectMatchingCorrectnessTest.php on line 558
   Ôöé
   Ôöé Warning: Undefined property: class@anonymous::$insert_id in D:\meowseo\tests\properties\Property14RedirectMatchingCorrectnessTest.php on line 558
   Ôöé
   Ôöé Warning: Undefined property: class@anonymous::$insert_id in D:\meowseo\tests\properties\Property14RedirectMatchingCorrectnessTest.php on line 558
   Ôöé
   Ôöé Warning: Undefined property: class@anonymous::$insert_id in D:\meowseo\tests\properties\Property14RedirectMatchingCorrectnessTest.php on line 558
   Ôöé
   Ôöé Warning: Undefined property: class@anonymous::$insert_id in D:\meowseo\tests\properties\Property14RedirectMatchingCorrectnessTest.php on line 558
   Ôöé
   Ôöé Warning: Undefined property: class@anonymous::$insert_id in D:\meowseo\tests\properties\Property14RedirectMatchingCorrectnessTest.php on line 558
   Ôöé
   Ôöé Warning: Undefined property: class@anonymous::$insert_id in D:\meowseo\tests\properties\Property14RedirectMatchingCorrectnessTest.php on line 558
   Ôöé
   Ôöé Warning: Undefined property: class@anonymous::$insert_id in D:\meowseo\tests\properties\Property14RedirectMatchingCorrectnessTest.php on line 558
   Ôöé
   Ôöé Warning: Undefined property: class@anonymous::$insert_id in D:\meowseo\tests\properties\Property14RedirectMatchingCorrectnessTest.php on line 558
   Ôöé
   Ôöé Warning: Undefined property: class@anonymous::$insert_id in D:\meowseo\tests\properties\Property14RedirectMatchingCorrectnessTest.php on line 558
   Ôöé
   Ôöé Warning: Undefined property: class@anonymous::$insert_id in D:\meowseo\tests\properties\Property14RedirectMatchingCorrectnessTest.php on line 558
   Ôöé
   Ôöé Warning: Undefined property: class@anonymous::$insert_id in D:\meowseo\tests\properties\Property14RedirectMatchingCorrectnessTest.php on line 558
   Ôöé
   Ôöé Warning: Undefined property: class@anonymous::$insert_id in D:\meowseo\tests\properties\Property14RedirectMatchingCorrectnessTest.php on line 558
   Ôöé
   Ôöé Warning: Undefined property: class@anonymous::$insert_id in D:\meowseo\tests\properties\Property14RedirectMatchingCorrectnessTest.php on line 558
   Ôöé
   Ôöé Warning: Undefined property: class@anonymous::$insert_id in D:\meowseo\tests\properties\Property14RedirectMatchingCorrectnessTest.php on line 558
   Ôöé
   Ôöé Warning: Undefined property: class@anonymous::$insert_id in D:\meowseo\tests\properties\Property14RedirectMatchingCorrectnessTest.php on line 558
   Ôöé
   Ôöé Warning: Undefined property: class@anonymous::$insert_id in D:\meowseo\tests\properties\Property14RedirectMatchingCorrectnessTest.php on line 558
   Ôöé
   Ôöé Warning: Undefined property: class@anonymous::$insert_id in D:\meowseo\tests\properties\Property14RedirectMatchingCorrectnessTest.php on line 558
   Ôöé
   Ôöé Warning: Undefined property: class@anonymous::$insert_id in D:\meowseo\tests\properties\Property14RedirectMatchingCorrectnessTest.php on line 558
   Ôöé
   Ôöé Warning: Undefined property: class@anonymous::$insert_id in D:\meowseo\tests\properties\Property14RedirectMatchingCorrectnessTest.php on line 558
   Ôöé
   Ôöé Warning: Undefined property: class@anonymous::$insert_id in D:\meowseo\tests\properties\Property14RedirectMatchingCorrectnessTest.php on line 558
   Ôöé
   Ôöé Warning: Undefined property: class@anonymous::$insert_id in D:\meowseo\tests\properties\Property14RedirectMatchingCorrectnessTest.php on line 558
   Ôöé
   Ôöé Warning: Undefined property: class@anonymous::$insert_id in D:\meowseo\tests\properties\Property14RedirectMatchingCorrectnessTest.php on line 558
   Ôöé
   Ôöé Warning: Undefined property: class@anonymous::$insert_id in D:\meowseo\tests\properties\Property14RedirectMatchingCorrectnessTest.php on line 558
   Ôöé
   Ôöé Warning: Undefined property: class@anonymous::$insert_id in D:\meowseo\tests\properties\Property14RedirectMatchingCorrectnessTest.php on line 558
   Ôöé
   Ôöé Warning: Undefined property: class@anonymous::$insert_id in D:\meowseo\tests\properties\Property14RedirectMatchingCorrectnessTest.php on line 558
   Ôöé
   Ôöé Warning: Undefined property: class@anonymous::$insert_id in D:\meowseo\tests\properties\Property14RedirectMatchingCorrectnessTest.php on line 558
   Ôöé
   Ôöé Warning: Undefined property: class@anonymous::$insert_id in D:\meowseo\tests\properties\Property14RedirectMatchingCorrectnessTest.php on line 558
   Ôöé
   Ôöé Warning: Undefined property: class@anonymous::$insert_id in D:\meowseo\tests\properties\Property14RedirectMatchingCorrectnessTest.php on line 558
   Ôöé
   Ôöé Warning: Undefined property: class@anonymous::$insert_id in D:\meowseo\tests\properties\Property14RedirectMatchingCorrectnessTest.php on line 558
   Ôöé
   Ôöé Warning: Undefined property: class@anonymous::$insert_id in D:\meowseo\tests\properties\Property14RedirectMatchingCorrectnessTest.php on line 558
   Ôöé
   Ôöé Warning: Undefined property: class@anonymous::$insert_id in D:\meowseo\tests\properties\Property14RedirectMatchingCorrectnessTest.php on line 558
   Ôöé
   Ôöé Warning: Undefined property: class@anonymous::$insert_id in D:\meowseo\tests\properties\Property14RedirectMatchingCorrectnessTest.php on line 558
   Ôöé
   Ôöé Warning: Undefined property: class@anonymous::$insert_id in D:\meowseo\tests\properties\Property14RedirectMatchingCorrectnessTest.php on line 558
   Ôöé
   Ôöé Warning: Undefined property: class@anonymous::$insert_id in D:\meowseo\tests\properties\Property14RedirectMatchingCorrectnessTest.php on line 558
   Ôöé
   Ôöé Warning: Undefined property: class@anonymous::$insert_id in D:\meowseo\tests\properties\Property14RedirectMatchingCorrectnessTest.php on line 558
   Ôöé
   Ôöé Warning: Undefined property: class@anonymous::$insert_id in D:\meowseo\tests\properties\Property14RedirectMatchingCorrectnessTest.php on line 558
   Ôöé
   Ôöé Warning: Undefined property: class@anonymous::$insert_id in D:\meowseo\tests\properties\Property14RedirectMatchingCorrectnessTest.php on line 558
   Ôöé
   Ôöé Warning: Undefined property: class@anonymous::$insert_id in D:\meowseo\tests\properties\Property14RedirectMatchingCorrectnessTest.php on line 558
   Ôöé
   Ôöé Warning: Undefined property: class@anonymous::$insert_id in D:\meowseo\tests\properties\Property14RedirectMatchingCorrectnessTest.php on line 558
   Ôöé
   Ôöé Warning: Undefined property: class@anonymous::$insert_id in D:\meowseo\tests\properties\Property14RedirectMatchingCorrectnessTest.php on line 558
   Ôöé
   Ôöé Warning: Undefined property: class@anonymous::$insert_id in D:\meowseo\tests\properties\Property14RedirectMatchingCorrectnessTest.php on line 558
   Ôöé
   Ôöé Warning: Undefined property: class@anonymous::$insert_id in D:\meowseo\tests\properties\Property14RedirectMatchingCorrectnessTest.php on line 558
   Ôöé
   Ôöé Warning: Undefined property: class@anonymous::$insert_id in D:\meowseo\tests\properties\Property14RedirectMatchingCorrectnessTest.php on line 558
   Ôöé
   Ôöé Warning: Undefined property: class@anonymous::$insert_id in D:\meowseo\tests\properties\Property14RedirectMatchingCorrectnessTest.php on line 558
   Ôöé
   Ôöé Warning: Undefined property: class@anonymous::$insert_id in D:\meowseo\tests\properties\Property14RedirectMatchingCorrectnessTest.php on line 558
   Ôöé
   Ôöé Warning: Undefined property: class@anonymous::$insert_id in D:\meowseo\tests\properties\Property14RedirectMatchingCorrectnessTest.php on line 558
   Ôöé
   Ôöé Warning: Undefined property: class@anonymous::$insert_id in D:\meowseo\tests\properties\Property14RedirectMatchingCorrectnessTest.php on line 558
   Ôöé
   Ôöé Warning: Undefined property: class@anonymous::$insert_id in D:\meowseo\tests\properties\Property14RedirectMatchingCorrectnessTest.php on line 558
   Ôöé
   Ôöé Warning: Undefined property: class@anonymous::$insert_id in D:\meowseo\tests\properties\Property14RedirectMatchingCorrectnessTest.php on line 558
   Ôöé
   Ôöé Warning: Undefined property: class@anonymous::$insert_id in D:\meowseo\tests\properties\Property14RedirectMatchingCorrectnessTest.php on line 558
   Ôöé
   Ôöé Warning: Undefined property: class@anonymous::$insert_id in D:\meowseo\tests\properties\Property14RedirectMatchingCorrectnessTest.php on line 558
   Ôöé
   Ôöé Warning: Undefined property: class@anonymous::$insert_id in D:\meowseo\tests\properties\Property14RedirectMatchingCorrectnessTest.php on line 558
   Ôöé
   Ôöé Warning: Undefined property: class@anonymous::$insert_id in D:\meowseo\tests\properties\Property14RedirectMatchingCorrectnessTest.php on line 558
   Ôöé
   Ôöé Warning: Undefined property: class@anonymous::$insert_id in D:\meowseo\tests\properties\Property14RedirectMatchingCorrectnessTest.php on line 558
   Ôöé
   Ôöé Warning: Undefined property: class@anonymous::$insert_id in D:\meowseo\tests\properties\Property14RedirectMatchingCorrectnessTest.php on line 558
   Ôöé
   Ôöé Warning: Undefined property: class@anonymous::$insert_id in D:\meowseo\tests\properties\Property14RedirectMatchingCorrectnessTest.php on line 558
   Ôöé
   Ôöé Warning: Undefined property: class@anonymous::$insert_id in D:\meowseo\tests\properties\Property14RedirectMatchingCorrectnessTest.php on line 558
   Ôöé
   Ôöé Warning: Undefined property: class@anonymous::$insert_id in D:\meowseo\tests\properties\Property14RedirectMatchingCorrectnessTest.php on line 558
   Ôöé
   Ôöé Warning: Undefined property: class@anonymous::$insert_id in D:\meowseo\tests\properties\Property14RedirectMatchingCorrectnessTest.php on line 558
   Ôöé
   Ôöé Warning: Undefined property: class@anonymous::$insert_id in D:\meowseo\tests\properties\Property14RedirectMatchingCorrectnessTest.php on line 558
   Ôöé
   Ôöé Warning: Undefined property: class@anonymous::$insert_id in D:\meowseo\tests\properties\Property14RedirectMatchingCorrectnessTest.php on line 558
   Ôöé
   Ôöé Warning: Undefined property: class@anonymous::$insert_id in D:\meowseo\tests\properties\Property14RedirectMatchingCorrectnessTest.php on line 558
   Ôöé
   Ôöé Warning: Undefined property: class@anonymous::$insert_id in D:\meowseo\tests\properties\Property14RedirectMatchingCorrectnessTest.php on line 558
   Ôöé
   Ôöé Warning: Undefined property: class@anonymous::$insert_id in D:\meowseo\tests\properties\Property14RedirectMatchingCorrectnessTest.php on line 558
   Ôöé
   Ôöé Warning: Undefined property: class@anonymous::$insert_id in D:\meowseo\tests\properties\Property14RedirectMatchingCorrectnessTest.php on line 558
   Ôöé
   Ôöé Warning: Undefined property: class@anonymous::$insert_id in D:\meowseo\tests\properties\Property14RedirectMatchingCorrectnessTest.php on line 558
   Ôöé
   Ôöé Warning: Undefined property: class@anonymous::$insert_id in D:\meowseo\tests\properties\Property14RedirectMatchingCorrectnessTest.php on line 558
   Ôöé
   Ôöé Warning: Undefined property: class@anonymous::$insert_id in D:\meowseo\tests\properties\Property14RedirectMatchingCorrectnessTest.php on line 558
   Ôöé
   Ôöé Warning: Undefined property: class@anonymous::$insert_id in D:\meowseo\tests\properties\Property14RedirectMatchingCorrectnessTest.php on line 558
   Ôöé
   Ôöé Warning: Undefined property: class@anonymous::$insert_id in D:\meowseo\tests\properties\Property14RedirectMatchingCorrectnessTest.php on line 558
   Ôöé
   Ôöé Warning: Undefined property: class@anonymous::$insert_id in D:\meowseo\tests\properties\Property14RedirectMatchingCorrectnessTest.php on line 558
   Ôöé
   Ôöé Warning: Undefined property: class@anonymous::$insert_id in D:\meowseo\tests\properties\Property14RedirectMatchingCorrectnessTest.php on line 558
   Ôöé
   Ôöé Warning: Undefined property: class@anonymous::$insert_id in D:\meowseo\tests\properties\Property14RedirectMatchingCorrectnessTest.php on line 558
   Ôöé
   Ôöé Warning: Undefined property: class@anonymous::$insert_id in D:\meowseo\tests\properties\Property14RedirectMatchingCorrectnessTest.php on line 558
   Ôöé
   Ôöé Warning: Undefined property: class@anonymous::$insert_id in D:\meowseo\tests\properties\Property14RedirectMatchingCorrectnessTest.php on line 558
   Ôöé
   Ôöé Warning: Undefined property: class@anonymous::$insert_id in D:\meowseo\tests\properties\Property14RedirectMatchingCorrectnessTest.php on line 558
   Ôöé
   Ôöé Warning: Undefined property: class@anonymous::$insert_id in D:\meowseo\tests\properties\Property14RedirectMatchingCorrectnessTest.php on line 558
   Ôöé
   Ôöé Warning: Undefined property: class@anonymous::$insert_id in D:\meowseo\tests\properties\Property14RedirectMatchingCorrectnessTest.php on line 558
   Ôöé
   Ôöé Warning: Undefined property: class@anonymous::$insert_id in D:\meowseo\tests\properties\Property14RedirectMatchingCorrectnessTest.php on line 558
   Ôöé
   Ôöé Warning: Undefined property: class@anonymous::$insert_id in D:\meowseo\tests\properties\Property14RedirectMatchingCorrectnessTest.php on line 558
   Ôöé
   Ôöé Warning: Undefined property: class@anonymous::$insert_id in D:\meowseo\tests\properties\Property14RedirectMatchingCorrectnessTest.php on line 558
   Ôöé
   Ôöé Warning: Undefined property: class@anonymous::$insert_id in D:\meowseo\tests\properties\Property14RedirectMatchingCorrectnessTest.php on line 558
   Ôöé
   Ôöé Warning: Undefined property: class@anonymous::$insert_id in D:\meowseo\tests\properties\Property14RedirectMatchingCorrectnessTest.php on line 558
   Ôöé
   Ôöé Warning: Undefined property: class@anonymous::$insert_id in D:\meowseo\tests\properties\Property14RedirectMatchingCorrectnessTest.php on line 558
   Ôöé
   Ôöé Warning: Undefined property: class@anonymous::$insert_id in D:\meowseo\tests\properties\Property14RedirectMatchingCorrectnessTest.php on line 558
   Ôöé
   Ôöé Warning: Undefined property: class@anonymous::$insert_id in D:\meowseo\tests\properties\Property14RedirectMatchingCorrectnessTest.php on line 558
   Ôöé
   Ôöé Warning: Undefined property: class@anonymous::$insert_id in D:\meowseo\tests\properties\Property14RedirectMatchingCorrectnessTest.php on line 558
   Ôöé
   Ôöé Warning: Undefined property: class@anonymous::$insert_id in D:\meowseo\tests\properties\Property14RedirectMatchingCorrectnessTest.php on line 558
   Ôöé
   Ôöé Warning: Undefined property: class@anonymous::$insert_id in D:\meowseo\tests\properties\Property14RedirectMatchingCorrectnessTest.php on line 558
   Ôöé
   Ôöé Warning: Undefined property: class@anonymous::$insert_id in D:\meowseo\tests\properties\Property14RedirectMatchingCorrectnessTest.php on line 558
   Ôöé
   Ôöé Warning: Undefined property: class@anonymous::$insert_id in D:\meowseo\tests\properties\Property14RedirectMatchingCorrectnessTest.php on line 558
   Ôöé
   Ôöé Warning: Undefined property: class@anonymous::$insert_id in D:\meowseo\tests\properties\Property14RedirectMatchingCorrectnessTest.php on line 558
   Ôöé
   Ôöé Warning: Undefined property: class@anonymous::$insert_id in D:\meowseo\tests\properties\Property14RedirectMatchingCorrectnessTest.php on line 558
   Ôöé
   Ôöé Warning: Undefined property: class@anonymous::$insert_id in D:\meowseo\tests\properties\Property14RedirectMatchingCorrectnessTest.php on line 558
   Ôöé
   Ôöé Warning: Undefined property: class@anonymous::$insert_id in D:\meowseo\tests\properties\Property14RedirectMatchingCorrectnessTest.php on line 558
   Ôöé
   Ôöé Warning: Undefined property: class@anonymous::$insert_id in D:\meowseo\tests\properties\Property14RedirectMatchingCorrectnessTest.php on line 558
   Ôöé
   Ôöé Warning: Undefined property: class@anonymous::$insert_id in D:\meowseo\tests\properties\Property14RedirectMatchingCorrectnessTest.php on line 558
   Ôöé
   Ôöé Warning: Undefined property: class@anonymous::$insert_id in D:\meowseo\tests\properties\Property14RedirectMatchingCorrectnessTest.php on line 558
   Ôöé
   Ôöé Warning: Undefined property: class@anonymous::$insert_id in D:\meowseo\tests\properties\Property14RedirectMatchingCorrectnessTest.php on line 558
   Ôöé
   Ôöé Warning: Undefined property: class@anonymous::$insert_id in D:\meowseo\tests\properties\Property14RedirectMatchingCorrectnessTest.php on line 558
   Ôöé
   Ôöé Warning: Undefined property: class@anonymous::$insert_id in D:\meowseo\tests\properties\Property14RedirectMatchingCorrectnessTest.php on line 558
   Ôöé
   Ôöé Warning: Undefined property: class@anonymous::$insert_id in D:\meowseo\tests\properties\Property14RedirectMatchingCorrectnessTest.php on line 558
   Ôöé
   Ôöé Warning: Undefined property: class@anonymous::$insert_id in D:\meowseo\tests\properties\Property14RedirectMatchingCorrectnessTest.php on line 558
   Ôöé
   Ôöé Warning: Undefined property: class@anonymous::$insert_id in D:\meowseo\tests\properties\Property14RedirectMatchingCorrectnessTest.php on line 558
   Ôöé
   Ôöé Warning: Undefined property: class@anonymous::$insert_id in D:\meowseo\tests\properties\Property14RedirectMatchingCorrectnessTest.php on line 558
   Ôöé
   Ôöé Warning: Undefined property: class@anonymous::$insert_id in D:\meowseo\tests\properties\Property14RedirectMatchingCorrectnessTest.php on line 558
   Ôöé
   Ôöé Warning: Undefined property: class@anonymous::$insert_id in D:\meowseo\tests\properties\Property14RedirectMatchingCorrectnessTest.php on line 558
   Ôöé
   Ôöé Warning: Undefined property: class@anonymous::$insert_id in D:\meowseo\tests\properties\Property14RedirectMatchingCorrectnessTest.php on line 558
   Ôöé
   Ôöé Warning: Undefined property: class@anonymous::$insert_id in D:\meowseo\tests\properties\Property14RedirectMatchingCorrectnessTest.php on line 558
   Ôöé
   Ôöé Warning: Undefined property: class@anonymous::$insert_id in D:\meowseo\tests\properties\Property14RedirectMatchingCorrectnessTest.php on line 558
   Ôöé
   Ôöé Warning: Undefined property: class@anonymous::$insert_id in D:\meowseo\tests\properties\Property14RedirectMatchingCorrectnessTest.php on line 558
   Ôöé
   Ôöé Warning: Undefined property: class@anonymous::$insert_id in D:\meowseo\tests\properties\Property14RedirectMatchingCorrectnessTest.php on line 558
   Ôöé
   Ôöé Warning: Undefined property: class@anonymous::$insert_id in D:\meowseo\tests\properties\Property14RedirectMatchingCorrectnessTest.php on line 558
   Ôöé
   Ôöé Warning: Undefined property: class@anonymous::$insert_id in D:\meowseo\tests\properties\Property14RedirectMatchingCorrectnessTest.php on line 558
   Ôöé
   Ôöé Warning: Undefined property: class@anonymous::$insert_id in D:\meowseo\tests\properties\Property14RedirectMatchingCorrectnessTest.php on line 558
   Ôöé
   Ôöé Warning: Undefined property: class@anonymous::$insert_id in D:\meowseo\tests\properties\Property14RedirectMatchingCorrectnessTest.php on line 558
   Ôöé
   Ôöé Warning: Undefined property: class@anonymous::$insert_id in D:\meowseo\tests\properties\Property14RedirectMatchingCorrectnessTest.php on line 558
   Ôöé
   Ôöé Warning: Undefined property: class@anonymous::$insert_id in D:\meowseo\tests\properties\Property14RedirectMatchingCorrectnessTest.php on line 558
   Ôöé
   Ôöé Warning: Undefined property: class@anonymous::$insert_id in D:\meowseo\tests\properties\Property14RedirectMatchingCorrectnessTest.php on line 558
   Ôöé
   Ôöé Warning: Undefined property: class@anonymous::$insert_id in D:\meowseo\tests\properties\Property14RedirectMatchingCorrectnessTest.php on line 558
   Ôöé
   Ôöé Warning: Undefined property: class@anonymous::$insert_id in D:\meowseo\tests\properties\Property14RedirectMatchingCorrectnessTest.php on line 558
   Ôöé
   Ôöé Warning: Undefined property: class@anonymous::$insert_id in D:\meowseo\tests\properties\Property14RedirectMatchingCorrectnessTest.php on line 558
   Ôöé
   Ôöé Warning: Undefined property: class@anonymous::$insert_id in D:\meowseo\tests\properties\Property14RedirectMatchingCorrectnessTest.php on line 558
   Ôöé
   Ôöé Warning: Undefined property: class@anonymous::$insert_id in D:\meowseo\tests\properties\Property14RedirectMatchingCorrectnessTest.php on line 558
   Ôöé
   Ôöé Warning: Undefined property: class@anonymous::$insert_id in D:\meowseo\tests\properties\Property14RedirectMatchingCorrectnessTest.php on line 558
   Ôöé
   Ôöé Warning: Undefined property: class@anonymous::$insert_id in D:\meowseo\tests\properties\Property14RedirectMatchingCorrectnessTest.php on line 558
   Ôöé
   Ôöé Warning: Undefined property: class@anonymous::$insert_id in D:\meowseo\tests\properties\Property14RedirectMatchingCorrectnessTest.php on line 558
   Ôöé
   Ôöé Warning: Undefined property: class@anonymous::$insert_id in D:\meowseo\tests\properties\Property14RedirectMatchingCorrectnessTest.php on line 558
   Ôöé
   Ôöé Warning: Undefined property: class@anonymous::$insert_id in D:\meowseo\tests\properties\Property14RedirectMatchingCorrectnessTest.php on line 558
   Ôöé
   Ôöé Warning: Undefined property: class@anonymous::$insert_id in D:\meowseo\tests\properties\Property14RedirectMatchingCorrectnessTest.php on line 558
   Ôöé
   Ôöé Warning: Undefined property: class@anonymous::$insert_id in D:\meowseo\tests\properties\Property14RedirectMatchingCorrectnessTest.php on line 558
   Ôöé
   Ôöé Warning: Undefined property: class@anonymous::$insert_id in D:\meowseo\tests\properties\Property14RedirectMatchingCorrectnessTest.php on line 558
   Ôöé
   Ôöé Warning: Undefined property: class@anonymous::$insert_id in D:\meowseo\tests\properties\Property14RedirectMatchingCorrectnessTest.php on line 558
   Ôöé
   Ôöé Warning: Undefined property: class@anonymous::$insert_id in D:\meowseo\tests\properties\Property14RedirectMatchingCorrectnessTest.php on line 558
   Ôöé
   Ôöé Warning: Undefined property: class@anonymous::$insert_id in D:\meowseo\tests\properties\Property14RedirectMatchingCorrectnessTest.php on line 558
   Ôöé
   Ôöé Warning: Undefined property: class@anonymous::$insert_id in D:\meowseo\tests\properties\Property14RedirectMatchingCorrectnessTest.php on line 558
   Ôöé
   Ôöé Warning: Undefined property: class@anonymous::$insert_id in D:\meowseo\tests\properties\Property14RedirectMatchingCorrectnessTest.php on line 558
   Ôöé
   Ôöé Warning: Undefined property: class@anonymous::$insert_id in D:\meowseo\tests\properties\Property14RedirectMatchingCorrectnessTest.php on line 558
   Ôöé
   Ôöé Warning: Undefined property: class@anonymous::$insert_id in D:\meowseo\tests\properties\Property14RedirectMatchingCorrectnessTest.php on line 558
   Ôöé
   Ôöé Warning: Undefined property: class@anonymous::$insert_id in D:\meowseo\tests\properties\Property14RedirectMatchingCorrectnessTest.php on line 558
   Ôöé
   Ôöé Warning: Undefined property: class@anonymous::$insert_id in D:\meowseo\tests\properties\Property14RedirectMatchingCorrectnessTest.php on line 558
   Ôöé
   Ôöé Warning: Undefined property: class@anonymous::$insert_id in D:\meowseo\tests\properties\Property14RedirectMatchingCorrectnessTest.php on line 558
   Ôöé
   Ôöé Warning: Undefined property: class@anonymous::$insert_id in D:\meowseo\tests\properties\Property14RedirectMatchingCorrectnessTest.php on line 558
   Ôöé
   Ôöé Warning: Undefined property: class@anonymous::$insert_id in D:\meowseo\tests\properties\Property14RedirectMatchingCorrectnessTest.php on line 558
   Ôöé
   Ôöé Warning: Undefined property: class@anonymous::$insert_id in D:\meowseo\tests\properties\Property14RedirectMatchingCorrectnessTest.php on line 558
   Ôöé
   Ôöé Warning: Undefined property: class@anonymous::$insert_id in D:\meowseo\tests\properties\Property14RedirectMatchingCorrectnessTest.php on line 558
   Ôöé
   Ôöé Warning: Undefined property: class@anonymous::$insert_id in D:\meowseo\tests\properties\Property14RedirectMatchingCorrectnessTest.php on line 558
   Ôöé
   Ôöé Warning: Undefined property: class@anonymous::$insert_id in D:\meowseo\tests\properties\Property14RedirectMatchingCorrectnessTest.php on line 558
   Ôöé
   Ôöé Warning: Undefined property: class@anonymous::$insert_id in D:\meowseo\tests\properties\Property14RedirectMatchingCorrectnessTest.php on line 558
   Ôöé
   Ôöé Warning: Undefined property: class@anonymous::$insert_id in D:\meowseo\tests\properties\Property14RedirectMatchingCorrectnessTest.php on line 558
   Ôöé
   Ôöé Warning: Undefined property: class@anonymous::$insert_id in D:\meowseo\tests\properties\Property14RedirectMatchingCorrectnessTest.php on line 558
   Ôöé
   Ôöé Warning: Undefined property: class@anonymous::$insert_id in D:\meowseo\tests\properties\Property14RedirectMatchingCorrectnessTest.php on line 558
   Ôöé
   Ôöé Warning: Undefined property: class@anonymous::$insert_id in D:\meowseo\tests\properties\Property14RedirectMatchingCorrectnessTest.php on line 558
   Ôöé
   Ôöé Warning: Undefined property: class@anonymous::$insert_id in D:\meowseo\tests\properties\Property14RedirectMatchingCorrectnessTest.php on line 558
   Ôöé
   Ôöé Warning: Undefined property: class@anonymous::$insert_id in D:\meowseo\tests\properties\Property14RedirectMatchingCorrectnessTest.php on line 558
   Ôöé
   Ôöé Warning: Undefined property: class@anonymous::$insert_id in D:\meowseo\tests\properties\Property14RedirectMatchingCorrectnessTest.php on line 558
   Ôöé
   Ôöé Warning: Undefined property: class@anonymous::$insert_id in D:\meowseo\tests\properties\Property14RedirectMatchingCorrectnessTest.php on line 558
   Ôöé
   Ôöé Warning: Undefined property: class@anonymous::$insert_id in D:\meowseo\tests\properties\Property14RedirectMatchingCorrectnessTest.php on line 558
   Ôöé
   Ôöé Warning: Undefined property: class@anonymous::$insert_id in D:\meowseo\tests\properties\Property14RedirectMatchingCorrectnessTest.php on line 558
   Ôöé
   Ôöé Warning: Undefined property: class@anonymous::$insert_id in D:\meowseo\tests\properties\Property14RedirectMatchingCorrectnessTest.php on line 558
   Ôöé
   Ôöé Warning: Undefined property: class@anonymous::$insert_id in D:\meowseo\tests\properties\Property14RedirectMatchingCorrectnessTest.php on line 558
   Ôöé
   Ôöé Warning: Undefined property: class@anonymous::$insert_id in D:\meowseo\tests\properties\Property14RedirectMatchingCorrectnessTest.php on line 558
   Ôöé
   Ôöé Warning: Undefined property: class@anonymous::$insert_id in D:\meowseo\tests\properties\Property14RedirectMatchingCorrectnessTest.php on line 558
   Ôöé
   Ôöé Warning: Undefined property: class@anonymous::$insert_id in D:\meowseo\tests\properties\Property14RedirectMatchingCorrectnessTest.php on line 558
   Ôöé
   Ôöé Warning: Undefined property: class@anonymous::$insert_id in D:\meowseo\tests\properties\Property14RedirectMatchingCorrectnessTest.php on line 558
   Ôöé
   Ôöé Warning: Undefined property: class@anonymous::$insert_id in D:\meowseo\tests\properties\Property14RedirectMatchingCorrectnessTest.php on line 558
   Ôöé
   Ôöé Warning: Undefined property: class@anonymous::$insert_id in D:\meowseo\tests\properties\Property14RedirectMatchingCorrectnessTest.php on line 558
   Ôöé
   Ôöé Warning: Undefined property: class@anonymous::$insert_id in D:\meowseo\tests\properties\Property14RedirectMatchingCorrectnessTest.php on line 558
   Ôöé
   Ôöé Warning: Undefined property: class@anonymous::$insert_id in D:\meowseo\tests\properties\Property14RedirectMatchingCorrectnessTest.php on line 558
   Ôöé
   Ôöé Warning: Undefined property: class@anonymous::$insert_id in D:\meowseo\tests\properties\Property14RedirectMatchingCorrectnessTest.php on line 558
   Ôöé
   Ôöé Warning: Undefined property: class@anonymous::$insert_id in D:\meowseo\tests\properties\Property14RedirectMatchingCorrectnessTest.php on line 558
   Ôöé
   Ôöé Warning: Undefined property: class@anonymous::$insert_id in D:\meowseo\tests\properties\Property14RedirectMatchingCorrectnessTest.php on line 558
   Ôöé
   Ôöé Warning: Undefined property: class@anonymous::$insert_id in D:\meowseo\tests\properties\Property14RedirectMatchingCorrectnessTest.php on line 558
   Ôöé
   Ôöé Warning: Undefined property: class@anonymous::$insert_id in D:\meowseo\tests\properties\Property14RedirectMatchingCorrectnessTest.php on line 558
   Ôöé
   Ôöé Warning: Undefined property: class@anonymous::$insert_id in D:\meowseo\tests\properties\Property14RedirectMatchingCorrectnessTest.php on line 558
   Ôöé
   Ôöé Warning: Undefined property: class@anonymous::$insert_id in D:\meowseo\tests\properties\Property14RedirectMatchingCorrectnessTest.php on line 558
   Ôöé
   Ôöé Warning: Undefined property: class@anonymous::$insert_id in D:\meowseo\tests\properties\Property14RedirectMatchingCorrectnessTest.php on line 558
   Ôöé
   Ôöé Warning: Undefined property: class@anonymous::$insert_id in D:\meowseo\tests\properties\Property14RedirectMatchingCorrectnessTest.php on line 558
   Ôöé
   Ôöé Warning: Undefined property: class@anonymous::$insert_id in D:\meowseo\tests\properties\Property14RedirectMatchingCorrectnessTest.php on line 558
   Ôöé
   Ôöé Warning: Undefined property: class@anonymous::$insert_id in D:\meowseo\tests\properties\Property14RedirectMatchingCorrectnessTest.php on line 558
   Ôöé
   Ôöé Warning: Undefined property: class@anonymous::$insert_id in D:\meowseo\tests\properties\Property14RedirectMatchingCorrectnessTest.php on line 558
   Ôöé
   Ôöé Warning: Undefined property: class@anonymous::$insert_id in D:\meowseo\tests\properties\Property14RedirectMatchingCorrectnessTest.php on line 558
   Ôöé
   Ôöé Warning: Undefined property: class@anonymous::$insert_id in D:\meowseo\tests\properties\Property14RedirectMatchingCorrectnessTest.php on line 558
   Ôöé
   Ôöé Warning: Undefined property: class@anonymous::$insert_id in D:\meowseo\tests\properties\Property14RedirectMatchingCorrectnessTest.php on line 558
   Ôöé
   Ôöé Warning: Undefined property: class@anonymous::$insert_id in D:\meowseo\tests\properties\Property14RedirectMatchingCorrectnessTest.php on line 558
   Ôöé
   Ôöé Warning: Undefined property: class@anonymous::$insert_id in D:\meowseo\tests\properties\Property14RedirectMatchingCorrectnessTest.php on line 558
   Ôöé
   Ôöé Warning: Undefined property: class@anonymous::$insert_id in D:\meowseo\tests\properties\Property14RedirectMatchingCorrectnessTest.php on line 558
   Ôöé
   Ôöé Warning: Undefined property: class@anonymous::$insert_id in D:\meowseo\tests\properties\Property14RedirectMatchingCorrectnessTest.php on line 558
   Ôöé
   Ôöé Warning: Undefined property: class@anonymous::$insert_id in D:\meowseo\tests\properties\Property14RedirectMatchingCorrectnessTest.php on line 558
   Ôöé
   Ôöé Warning: Undefined property: class@anonymous::$insert_id in D:\meowseo\tests\properties\Property14RedirectMatchingCorrectnessTest.php on line 558
   Ôöé
   Ôöé Warning: Undefined property: class@anonymous::$insert_id in D:\meowseo\tests\properties\Property14RedirectMatchingCorrectnessTest.php on line 558
   Ôöé
   Ôöé Warning: Undefined property: class@anonymous::$insert_id in D:\meowseo\tests\properties\Property14RedirectMatchingCorrectnessTest.php on line 558
   Ôöé
   Ôöé Warning: Undefined property: class@anonymous::$insert_id in D:\meowseo\tests\properties\Property14RedirectMatchingCorrectnessTest.php on line 558
   Ôöé
   Ôöé Warning: Undefined property: class@anonymous::$insert_id in D:\meowseo\tests\properties\Property14RedirectMatchingCorrectnessTest.php on line 558
   Ôöé
   Ôöé Warning: Undefined property: class@anonymous::$insert_id in D:\meowseo\tests\properties\Property14RedirectMatchingCorrectnessTest.php on line 558
   Ôöé
   Ôöé Warning: Undefined property: class@anonymous::$insert_id in D:\meowseo\tests\properties\Property14RedirectMatchingCorrectnessTest.php on line 558
   Ôöé
   Ôöé Warning: Undefined property: class@anonymous::$insert_id in D:\meowseo\tests\properties\Property14RedirectMatchingCorrectnessTest.php on line 558
   Ôöé
   Ôöé Warning: Undefined property: class@anonymous::$insert_id in D:\meowseo\tests\properties\Property14RedirectMatchingCorrectnessTest.php on line 558
   Ôöé
   Ôöé Warning: Undefined property: class@anonymous::$insert_id in D:\meowseo\tests\properties\Property14RedirectMatchingCorrectnessTest.php on line 558
   Ôöé
   Ôöé Warning: Undefined property: class@anonymous::$insert_id in D:\meowseo\tests\properties\Property14RedirectMatchingCorrectnessTest.php on line 558
   Ôöé
   Ôöé Warning: Undefined property: class@anonymous::$insert_id in D:\meowseo\tests\properties\Property14RedirectMatchingCorrectnessTest.php on line 558
   Ôöé
   Ôöé Warning: Undefined property: class@anonymous::$insert_id in D:\meowseo\tests\properties\Property14RedirectMatchingCorrectnessTest.php on line 558
   Ôöé
   Ôöé Warning: Undefined property: class@anonymous::$insert_id in D:\meowseo\tests\properties\Property14RedirectMatchingCorrectnessTest.php on line 558
   Ôöé
   Ôöé Warning: Undefined property: class@anonymous::$insert_id in D:\meowseo\tests\properties\Property14RedirectMatchingCorrectnessTest.php on line 558
   Ôöé
   Ôöé Warning: Undefined property: class@anonymous::$insert_id in D:\meowseo\tests\properties\Property14RedirectMatchingCorrectnessTest.php on line 558
   Ôöé
   Ôöé Warning: Undefined property: class@anonymous::$insert_id in D:\meowseo\tests\properties\Property14RedirectMatchingCorrectnessTest.php on line 558
   Ôöé
   Ôöé Warning: Undefined property: class@anonymous::$insert_id in D:\meowseo\tests\properties\Property14RedirectMatchingCorrectnessTest.php on line 558
   Ôöé
   Ôöé Warning: Undefined property: class@anonymous::$insert_id in D:\meowseo\tests\properties\Property14RedirectMatchingCorrectnessTest.php on line 558
   Ôöé
   Ôöé Warning: Undefined property: class@anonymous::$insert_id in D:\meowseo\tests\properties\Property14RedirectMatchingCorrectnessTest.php on line 558
   Ôöé
   Ôöé Warning: Undefined property: class@anonymous::$insert_id in D:\meowseo\tests\properties\Property14RedirectMatchingCorrectnessTest.php on line 558
   Ôöé
   Ôöé Warning: Undefined property: class@anonymous::$insert_id in D:\meowseo\tests\properties\Property14RedirectMatchingCorrectnessTest.php on line 558
   Ôöé
   Ôöé Warning: Undefined property: class@anonymous::$insert_id in D:\meowseo\tests\properties\Property14RedirectMatchingCorrectnessTest.php on line 558
   Ôöé
   Ôöé Warning: Undefined property: class@anonymous::$insert_id in D:\meowseo\tests\properties\Property14RedirectMatchingCorrectnessTest.php on line 558
   Ôöé
   Ôöé Warning: Undefined property: class@anonymous::$insert_id in D:\meowseo\tests\properties\Property14RedirectMatchingCorrectnessTest.php on line 558
   Ôöé
   Ôöé Warning: Undefined property: class@anonymous::$insert_id in D:\meowseo\tests\properties\Property14RedirectMatchingCorrectnessTest.php on line 558
   Ôöé
   Ôöé Warning: Undefined property: class@anonymous::$insert_id in D:\meowseo\tests\properties\Property14RedirectMatchingCorrectnessTest.php on line 558
   Ôöé
   Ôöé Warning: Undefined property: class@anonymous::$insert_id in D:\meowseo\tests\properties\Property14RedirectMatchingCorrectnessTest.php on line 558
   Ôöé
   Ôöé Warning: Undefined property: class@anonymous::$insert_id in D:\meowseo\tests\properties\Property14RedirectMatchingCorrectnessTest.php on line 558
   Ôöé
   Ôöé Warning: Undefined property: class@anonymous::$insert_id in D:\meowseo\tests\properties\Property14RedirectMatchingCorrectnessTest.php on line 558
   Ôöé
   Ôöé Warning: Undefined property: class@anonymous::$insert_id in D:\meowseo\tests\properties\Property14RedirectMatchingCorrectnessTest.php on line 558
   Ôöé
   Ôöé Warning: Undefined property: class@anonymous::$insert_id in D:\meowseo\tests\properties\Property14RedirectMatchingCorrectnessTest.php on line 558
   Ôöé
   Ôöé Warning: Undefined property: class@anonymous::$insert_id in D:\meowseo\tests\properties\Property14RedirectMatchingCorrectnessTest.php on line 558
   Ôöé
   Ôöé Warning: Undefined property: class@anonymous::$insert_id in D:\meowseo\tests\properties\Property14RedirectMatchingCorrectnessTest.php on line 558
   Ôöé
   Ôöé Warning: Undefined property: class@anonymous::$insert_id in D:\meowseo\tests\properties\Property14RedirectMatchingCorrectnessTest.php on line 558
   Ôöé
   Ôöé Warning: Undefined property: class@anonymous::$insert_id in D:\meowseo\tests\properties\Property14RedirectMatchingCorrectnessTest.php on line 558
   Ôöé
   Ôöé Warning: Undefined property: class@anonymous::$insert_id in D:\meowseo\tests\properties\Property14RedirectMatchingCorrectnessTest.php on line 558
   Ôöé
   Ôöé Warning: Undefined property: class@anonymous::$insert_id in D:\meowseo\tests\properties\Property14RedirectMatchingCorrectnessTest.php on line 558
   Ôöé
   Ôöé Warning: Undefined property: class@anonymous::$insert_id in D:\meowseo\tests\properties\Property14RedirectMatchingCorrectnessTest.php on line 558
   Ôöé
   Ôöé Warning: Undefined property: class@anonymous::$insert_id in D:\meowseo\tests\properties\Property14RedirectMatchingCorrectnessTest.php on line 558
   Ôöé
   Ôöé Warning: Undefined property: class@anonymous::$insert_id in D:\meowseo\tests\properties\Property14RedirectMatchingCorrectnessTest.php on line 558
   Ôöé
   Ôöé Warning: Undefined property: class@anonymous::$insert_id in D:\meowseo\tests\properties\Property14RedirectMatchingCorrectnessTest.php on line 558
   Ôöé
   Ôöé Warning: Undefined property: class@anonymous::$insert_id in D:\meowseo\tests\properties\Property14RedirectMatchingCorrectnessTest.php on line 558
   Ôöé
   Ôöé Warning: Undefined property: class@anonymous::$insert_id in D:\meowseo\tests\properties\Property14RedirectMatchingCorrectnessTest.php on line 558
   Ôöé
   Ôöé Warning: Undefined property: class@anonymous::$insert_id in D:\meowseo\tests\properties\Property14RedirectMatchingCorrectnessTest.php on line 558
   Ôöé
   Ôöé Warning: Undefined property: class@anonymous::$insert_id in D:\meowseo\tests\properties\Property14RedirectMatchingCorrectnessTest.php on line 558
   Ôöé
   Ôöé Warning: Undefined property: class@anonymous::$insert_id in D:\meowseo\tests\properties\Property14RedirectMatchingCorrectnessTest.php on line 558
   Ôöé
   Ôöé Warning: Undefined property: class@anonymous::$insert_id in D:\meowseo\tests\properties\Property14RedirectMatchingCorrectnessTest.php on line 558
   Ôöé
   Ôöé Warning: Undefined property: class@anonymous::$insert_id in D:\meowseo\tests\properties\Property14RedirectMatchingCorrectnessTest.php on line 558
   Ôöé
   Ôöé Warning: Undefined property: class@anonymous::$insert_id in D:\meowseo\tests\properties\Property14RedirectMatchingCorrectnessTest.php on line 558
   Ôöé
   Ôöé Warning: Undefined property: class@anonymous::$insert_id in D:\meowseo\tests\properties\Property14RedirectMatchingCorrectnessTest.php on line 558
   Ôöé
   Ôöé Warning: Undefined property: class@anonymous::$insert_id in D:\meowseo\tests\properties\Property14RedirectMatchingCorrectnessTest.php on line 558
   Ôöé
   Ôöé Warning: Undefined property: class@anonymous::$insert_id in D:\meowseo\tests\properties\Property14RedirectMatchingCorrectnessTest.php on line 558
   Ôöé
   Ôöé Warning: Undefined property: class@anonymous::$insert_id in D:\meowseo\tests\properties\Property14RedirectMatchingCorrectnessTest.php on line 558
   Ôöé
   Ôöé Warning: Undefined property: class@anonymous::$insert_id in D:\meowseo\tests\properties\Property14RedirectMatchingCorrectnessTest.php on line 558
   Ôöé
   Ôöé Warning: Undefined property: class@anonymous::$insert_id in D:\meowseo\tests\properties\Property14RedirectMatchingCorrectnessTest.php on line 558
   Ôöé
   Ôöé Warning: Undefined property: class@anonymous::$insert_id in D:\meowseo\tests\properties\Property14RedirectMatchingCorrectnessTest.php on line 558
   Ôöé
   Ôöé Warning: Undefined property: class@anonymous::$insert_id in D:\meowseo\tests\properties\Property14RedirectMatchingCorrectnessTest.php on line 558
   Ôöé
   Ôöé Warning: Undefined property: class@anonymous::$insert_id in D:\meowseo\tests\properties\Property14RedirectMatchingCorrectnessTest.php on line 558
   Ôöé
   Ôöé Warning: Undefined property: class@anonymous::$insert_id in D:\meowseo\tests\properties\Property14RedirectMatchingCorrectnessTest.php on line 558
   Ôöé
   Ôöé Warning: Undefined property: class@anonymous::$insert_id in D:\meowseo\tests\properties\Property14RedirectMatchingCorrectnessTest.php on line 558
   Ôöé
   Ôöé Warning: Undefined property: class@anonymous::$insert_id in D:\meowseo\tests\properties\Property14RedirectMatchingCorrectnessTest.php on line 558
   Ôöé
   Ôöé Warning: Undefined property: class@anonymous::$insert_id in D:\meowseo\tests\properties\Property14RedirectMatchingCorrectnessTest.php on line 558
   Ôöé
   Ôöé Warning: Undefined property: class@anonymous::$insert_id in D:\meowseo\tests\properties\Property14RedirectMatchingCorrectnessTest.php on line 558
   Ôöé
   Ôöé Warning: Undefined property: class@anonymous::$insert_id in D:\meowseo\tests\properties\Property14RedirectMatchingCorrectnessTest.php on line 558
   Ôöé
   Ôöé Warning: Undefined property: class@anonymous::$insert_id in D:\meowseo\tests\properties\Property14RedirectMatchingCorrectnessTest.php on line 558
   Ôöé
   Ôöé Warning: Undefined property: class@anonymous::$insert_id in D:\meowseo\tests\properties\Property14RedirectMatchingCorrectnessTest.php on line 558
   Ôöé
   Ôöé Warning: Undefined property: class@anonymous::$insert_id in D:\meowseo\tests\properties\Property14RedirectMatchingCorrectnessTest.php on line 558
   Ôöé
   Ôöé Warning: Undefined property: class@anonymous::$insert_id in D:\meowseo\tests\properties\Property14RedirectMatchingCorrectnessTest.php on line 558
   Ôöé
   Ôöé Warning: Undefined property: class@anonymous::$insert_id in D:\meowseo\tests\properties\Property14RedirectMatchingCorrectnessTest.php on line 558
   Ôöé
   Ôöé Warning: Undefined property: class@anonymous::$insert_id in D:\meowseo\tests\properties\Property14RedirectMatchingCorrectnessTest.php on line 558
   Ôöé
   Ôöé Warning: Undefined property: class@anonymous::$insert_id in D:\meowseo\tests\properties\Property14RedirectMatchingCorrectnessTest.php on line 558
   Ôöé
   Ôöé Warning: Undefined property: class@anonymous::$insert_id in D:\meowseo\tests\properties\Property14RedirectMatchingCorrectnessTest.php on line 558
   Ôöé
   Ôöé Warning: Undefined property: class@anonymous::$insert_id in D:\meowseo\tests\properties\Property14RedirectMatchingCorrectnessTest.php on line 558
   Ôöé
   Ôöé Warning: Undefined property: class@anonymous::$insert_id in D:\meowseo\tests\properties\Property14RedirectMatchingCorrectnessTest.php on line 558
   Ôöé
   Ôöé Warning: Undefined property: class@anonymous::$insert_id in D:\meowseo\tests\properties\Property14RedirectMatchingCorrectnessTest.php on line 558
   Ôöé
   Ôöé Warning: Undefined property: class@anonymous::$insert_id in D:\meowseo\tests\properties\Property14RedirectMatchingCorrectnessTest.php on line 558
   Ôöé
   Ôöé Warning: Undefined property: class@anonymous::$insert_id in D:\meowseo\tests\properties\Property14RedirectMatchingCorrectnessTest.php on line 558
   Ôöé
   Ôöé Warning: Undefined property: class@anonymous::$insert_id in D:\meowseo\tests\properties\Property14RedirectMatchingCorrectnessTest.php on line 558
   Ôöé
   Ôöé Warning: Undefined property: class@anonymous::$insert_id in D:\meowseo\tests\properties\Property14RedirectMatchingCorrectnessTest.php on line 558
   Ôöé
   Ôöé Warning: Undefined property: class@anonymous::$insert_id in D:\meowseo\tests\properties\Property14RedirectMatchingCorrectnessTest.php on line 558
   Ôöé
   Ôöé Warning: Undefined property: class@anonymous::$insert_id in D:\meowseo\tests\properties\Property14RedirectMatchingCorrectnessTest.php on line 558
   Ôöé
   Ôöé Warning: Undefined property: class@anonymous::$insert_id in D:\meowseo\tests\properties\Property14RedirectMatchingCorrectnessTest.php on line 558
   Ôöé
   Ôöé Warning: Undefined property: class@anonymous::$insert_id in D:\meowseo\tests\properties\Property14RedirectMatchingCorrectnessTest.php on line 558
   Ôöé
   Ôöé Warning: Undefined property: class@anonymous::$insert_id in D:\meowseo\tests\properties\Property14RedirectMatchingCorrectnessTest.php on line 558
   Ôöé
   Ôöé Warning: Undefined property: class@anonymous::$insert_id in D:\meowseo\tests\properties\Property14RedirectMatchingCorrectnessTest.php on line 558
   Ôöé
   Ôöé Warning: Undefined property: class@anonymous::$insert_id in D:\meowseo\tests\properties\Property14RedirectMatchingCorrectnessTest.php on line 558
   Ôöé
   Ôöé Warning: Undefined property: class@anonymous::$insert_id in D:\meowseo\tests\properties\Property14RedirectMatchingCorrectnessTest.php on line 558
   Ôöé
   Ôöé Warning: Undefined property: class@anonymous::$insert_id in D:\meowseo\tests\properties\Property14RedirectMatchingCorrectnessTest.php on line 558
   Ôöé
   Ôöé Warning: Undefined property: class@anonymous::$insert_id in D:\meowseo\tests\properties\Property14RedirectMatchingCorrectnessTest.php on line 558
   Ôöé
   Ôöé Warning: Undefined property: class@anonymous::$insert_id in D:\meowseo\tests\properties\Property14RedirectMatchingCorrectnessTest.php on line 558
   Ôöé
   Ôöé Warning: Undefined property: class@anonymous::$insert_id in D:\meowseo\tests\properties\Property14RedirectMatchingCorrectnessTest.php on line 558
   Ôöé
   Ôöé Warning: Undefined property: class@anonymous::$insert_id in D:\meowseo\tests\properties\Property14RedirectMatchingCorrectnessTest.php on line 558
   Ôöé
   Ôöé Warning: Undefined property: class@anonymous::$insert_id in D:\meowseo\tests\properties\Property14RedirectMatchingCorrectnessTest.php on line 558
   Ôöé
   Ôöé Warning: Undefined property: class@anonymous::$insert_id in D:\meowseo\tests\properties\Property14RedirectMatchingCorrectnessTest.php on line 558
   Ôöé
   Ôöé Warning: Undefined property: class@anonymous::$insert_id in D:\meowseo\tests\properties\Property14RedirectMatchingCorrectnessTest.php on line 558
   Ôöé
   Ôöé Warning: Undefined property: class@anonymous::$insert_id in D:\meowseo\tests\properties\Property14RedirectMatchingCorrectnessTest.php on line 558
   Ôöé
   Ôöé Warning: Undefined property: class@anonymous::$insert_id in D:\meowseo\tests\properties\Property14RedirectMatchingCorrectnessTest.php on line 558
   Ôöé
   Ôöé Warning: Undefined property: class@anonymous::$insert_id in D:\meowseo\tests\properties\Property14RedirectMatchingCorrectnessTest.php on line 558
   Ôöé
   Ôöé Warning: Undefined property: class@anonymous::$insert_id in D:\meowseo\tests\properties\Property14RedirectMatchingCorrectnessTest.php on line 558
   Ôöé
   Ôöé Warning: Undefined property: class@anonymous::$insert_id in D:\meowseo\tests\properties\Property14RedirectMatchingCorrectnessTest.php on line 558
   Ôöé
   Ôöé Warning: Undefined property: class@anonymous::$insert_id in D:\meowseo\tests\properties\Property14RedirectMatchingCorrectnessTest.php on line 558
   Ôöé
   Ôöé Warning: Undefined property: class@anonymous::$insert_id in D:\meowseo\tests\properties\Property14RedirectMatchingCorrectnessTest.php on line 558
   Ôöé
   Ôöé Warning: Undefined property: class@anonymous::$insert_id in D:\meowseo\tests\properties\Property14RedirectMatchingCorrectnessTest.php on line 558
   Ôöé
   Ôöé Warning: Undefined property: class@anonymous::$insert_id in D:\meowseo\tests\properties\Property14RedirectMatchingCorrectnessTest.php on line 558
   Ôöé
   Ôöé Warning: Undefined property: class@anonymous::$insert_id in D:\meowseo\tests\properties\Property14RedirectMatchingCorrectnessTest.php on line 558
   Ôöé
   Ôöé Warning: Undefined property: class@anonymous::$insert_id in D:\meowseo\tests\properties\Property14RedirectMatchingCorrectnessTest.php on line 558
   Ôöé
   Ôöé Warning: Undefined property: class@anonymous::$insert_id in D:\meowseo\tests\properties\Property14RedirectMatchingCorrectnessTest.php on line 558
   Ôöé
   Ôöé Warning: Undefined property: class@anonymous::$insert_id in D:\meowseo\tests\properties\Property14RedirectMatchingCorrectnessTest.php on line 558
   Ôöé
   Ôöé Warning: Undefined property: class@anonymous::$insert_id in D:\meowseo\tests\properties\Property14RedirectMatchingCorrectnessTest.php on line 558
   Ôöé
   Ôöé Warning: Undefined property: class@anonymous::$insert_id in D:\meowseo\tests\properties\Property14RedirectMatchingCorrectnessTest.php on line 558
   Ôöé
   Ôöé Warning: Undefined property: class@anonymous::$insert_id in D:\meowseo\tests\properties\Property14RedirectMatchingCorrectnessTest.php on line 558
   Ôöé
   Ôöé Warning: Undefined property: class@anonymous::$insert_id in D:\meowseo\tests\properties\Property14RedirectMatchingCorrectnessTest.php on line 558
   Ôöé
   Ôöé Warning: Undefined property: class@anonymous::$insert_id in D:\meowseo\tests\properties\Property14RedirectMatchingCorrectnessTest.php on line 558
   Ôöé
   Ôöé Warning: Undefined property: class@anonymous::$insert_id in D:\meowseo\tests\properties\Property14RedirectMatchingCorrectnessTest.php on line 558
   Ôöé
   Ôöé Warning: Undefined property: class@anonymous::$insert_id in D:\meowseo\tests\properties\Property14RedirectMatchingCorrectnessTest.php on line 558
   Ôöé
   Ôöé Warning: Undefined property: class@anonymous::$insert_id in D:\meowseo\tests\properties\Property14RedirectMatchingCorrectnessTest.php on line 558
   Ôöé
   Ôöé Warning: Undefined property: class@anonymous::$insert_id in D:\meowseo\tests\properties\Property14RedirectMatchingCorrectnessTest.php on line 558
   Ôöé
   Ôöé Warning: Undefined property: class@anonymous::$insert_id in D:\meowseo\tests\properties\Property14RedirectMatchingCorrectnessTest.php on line 558
   Ôöé
   Ôöé Warning: Undefined property: class@anonymous::$insert_id in D:\meowseo\tests\properties\Property14RedirectMatchingCorrectnessTest.php on line 558
   Ôöé
   Ôöé Warning: Undefined property: class@anonymous::$insert_id in D:\meowseo\tests\properties\Property14RedirectMatchingCorrectnessTest.php on line 558
   Ôöé
   Ôöé Warning: Undefined property: class@anonymous::$insert_id in D:\meowseo\tests\properties\Property14RedirectMatchingCorrectnessTest.php on line 558
   Ôöé
   Ôöé Warning: Undefined property: class@anonymous::$insert_id in D:\meowseo\tests\properties\Property14RedirectMatchingCorrectnessTest.php on line 558
   Ôöé
   Ôöé Warning: Undefined property: class@anonymous::$insert_id in D:\meowseo\tests\properties\Property14RedirectMatchingCorrectnessTest.php on line 558
   Ôöé
   Ôöé Warning: Undefined property: class@anonymous::$insert_id in D:\meowseo\tests\properties\Property14RedirectMatchingCorrectnessTest.php on line 558
   Ôöé
   Ôöé Warning: Undefined property: class@anonymous::$insert_id in D:\meowseo\tests\properties\Property14RedirectMatchingCorrectnessTest.php on line 558
   Ôöé
   Ôöé Warning: Undefined property: class@anonymous::$insert_id in D:\meowseo\tests\properties\Property14RedirectMatchingCorrectnessTest.php on line 558
   Ôöé
   Ôöé Warning: Undefined property: class@anonymous::$insert_id in D:\meowseo\tests\properties\Property14RedirectMatchingCorrectnessTest.php on line 558
   Ôöé
   Ôöé Warning: Undefined property: class@anonymous::$insert_id in D:\meowseo\tests\properties\Property14RedirectMatchingCorrectnessTest.php on line 558
   Ôöé
   Ôöé Warning: Undefined property: class@anonymous::$insert_id in D:\meowseo\tests\properties\Property14RedirectMatchingCorrectnessTest.php on line 558
   Ôöé
   Ôöé Warning: Undefined property: class@anonymous::$insert_id in D:\meowseo\tests\properties\Property14RedirectMatchingCorrectnessTest.php on line 558
   Ôöé
   Ôöé Warning: Undefined property: class@anonymous::$insert_id in D:\meowseo\tests\properties\Property14RedirectMatchingCorrectnessTest.php on line 558
   Ôöé
   Ôöé Warning: Undefined property: class@anonymous::$insert_id in D:\meowseo\tests\properties\Property14RedirectMatchingCorrectnessTest.php on line 558
   Ôöé
   Ôöé Warning: Undefined property: class@anonymous::$insert_id in D:\meowseo\tests\properties\Property14RedirectMatchingCorrectnessTest.php on line 558
   Ôöé
   Ôöé Warning: Undefined property: class@anonymous::$insert_id in D:\meowseo\tests\properties\Property14RedirectMatchingCorrectnessTest.php on line 558
   Ôöé
   Ôöé Warning: Undefined property: class@anonymous::$insert_id in D:\meowseo\tests\properties\Property14RedirectMatchingCorrectnessTest.php on line 558
   Ôöé
   Ôöé Warning: Undefined property: class@anonymous::$insert_id in D:\meowseo\tests\properties\Property14RedirectMatchingCorrectnessTest.php on line 558
   Ôöé
   Ôöé Warning: Undefined property: class@anonymous::$insert_id in D:\meowseo\tests\properties\Property14RedirectMatchingCorrectnessTest.php on line 558
   Ôöé
   Ôöé Warning: Undefined property: class@anonymous::$insert_id in D:\meowseo\tests\properties\Property14RedirectMatchingCorrectnessTest.php on line 558
   Ôöé
   Ôöé Warning: Undefined property: class@anonymous::$insert_id in D:\meowseo\tests\properties\Property14RedirectMatchingCorrectnessTest.php on line 558
   Ôöé
   Ôöé Warning: Undefined property: class@anonymous::$insert_id in D:\meowseo\tests\properties\Property14RedirectMatchingCorrectnessTest.php on line 558
   Ôöé
   Ôöé Warning: Undefined property: class@anonymous::$insert_id in D:\meowseo\tests\properties\Property14RedirectMatchingCorrectnessTest.php on line 558
   Ôöé
   Ôöé Warning: Undefined property: class@anonymous::$insert_id in D:\meowseo\tests\properties\Property14RedirectMatchingCorrectnessTest.php on line 558
   Ôöé
   Ôöé Warning: Undefined property: class@anonymous::$insert_id in D:\meowseo\tests\properties\Property14RedirectMatchingCorrectnessTest.php on line 558
   Ôöé
   Ôöé Warning: Undefined property: class@anonymous::$insert_id in D:\meowseo\tests\properties\Property14RedirectMatchingCorrectnessTest.php on line 558
   Ôöé
   Ôöé Warning: Undefined property: class@anonymous::$insert_id in D:\meowseo\tests\properties\Property14RedirectMatchingCorrectnessTest.php on line 558
   Ôöé
   Ôöé Warning: Undefined property: class@anonymous::$insert_id in D:\meowseo\tests\properties\Property14RedirectMatchingCorrectnessTest.php on line 558
   Ôöé
   Ôöé Warning: Undefined property: class@anonymous::$insert_id in D:\meowseo\tests\properties\Property14RedirectMatchingCorrectnessTest.php on line 558
   Ôöé
   Ôöé Warning: Undefined property: class@anonymous::$insert_id in D:\meowseo\tests\properties\Property14RedirectMatchingCorrectnessTest.php on line 558
   Ôöé
   Ôöé Warning: Undefined property: class@anonymous::$insert_id in D:\meowseo\tests\properties\Property14RedirectMatchingCorrectnessTest.php on line 558
   Ôöé
   Ôöé Warning: Undefined property: class@anonymous::$insert_id in D:\meowseo\tests\properties\Property14RedirectMatchingCorrectnessTest.php on line 558
   Ôöé
   Ôöé Warning: Undefined property: class@anonymous::$insert_id in D:\meowseo\tests\properties\Property14RedirectMatchingCorrectnessTest.php on line 558
   Ôöé
   Ôöé Warning: Undefined property: class@anonymous::$insert_id in D:\meowseo\tests\properties\Property14RedirectMatchingCorrectnessTest.php on line 558
   Ôöé
   Ôöé Warning: Undefined property: class@anonymous::$insert_id in D:\meowseo\tests\properties\Property14RedirectMatchingCorrectnessTest.php on line 558
   Ôöé
   Ôöé Warning: Undefined property: class@anonymous::$insert_id in D:\meowseo\tests\properties\Property14RedirectMatchingCorrectnessTest.php on line 558
   Ôöé
   Ôöé Warning: Undefined property: class@anonymous::$insert_id in D:\meowseo\tests\properties\Property14RedirectMatchingCorrectnessTest.php on line 558
   Ôöé
   Ôöé Warning: Undefined property: class@anonymous::$insert_id in D:\meowseo\tests\properties\Property14RedirectMatchingCorrectnessTest.php on line 558
   Ôöé
   Ôöé Warning: Undefined property: class@anonymous::$insert_id in D:\meowseo\tests\properties\Property14RedirectMatchingCorrectnessTest.php on line 558
   Ôöé
   Ôöé Warning: Undefined property: class@anonymous::$insert_id in D:\meowseo\tests\properties\Property14RedirectMatchingCorrectnessTest.php on line 558
   Ôöé
   Ôöé Warning: Undefined property: class@anonymous::$insert_id in D:\meowseo\tests\properties\Property14RedirectMatchingCorrectnessTest.php on line 558
   Ôöé
   Ôöé Warning: Undefined property: class@anonymous::$insert_id in D:\meowseo\tests\properties\Property14RedirectMatchingCorrectnessTest.php on line 558
   Ôöé
   Ôöé Warning: Undefined property: class@anonymous::$insert_id in D:\meowseo\tests\properties\Property14RedirectMatchingCorrectnessTest.php on line 558
   Ôöé
   Ôöé Warning: Undefined property: class@anonymous::$insert_id in D:\meowseo\tests\properties\Property14RedirectMatchingCorrectnessTest.php on line 558
   Ôöé
   Ôöé Warning: Undefined property: class@anonymous::$insert_id in D:\meowseo\tests\properties\Property14RedirectMatchingCorrectnessTest.php on line 558
   Ôöé
   Ôöé Warning: Undefined property: class@anonymous::$insert_id in D:\meowseo\tests\properties\Property14RedirectMatchingCorrectnessTest.php on line 558
   Ôöé
   Ôöé Warning: Undefined property: class@anonymous::$insert_id in D:\meowseo\tests\properties\Property14RedirectMatchingCorrectnessTest.php on line 558
   Ôöé
   Ôöé Warning: Undefined property: class@anonymous::$insert_id in D:\meowseo\tests\properties\Property14RedirectMatchingCorrectnessTest.php on line 558
   Ôöé
   Ôöé Warning: Undefined property: class@anonymous::$insert_id in D:\meowseo\tests\properties\Property14RedirectMatchingCorrectnessTest.php on line 558
   Ôöé
   Ôöé Warning: Undefined property: class@anonymous::$insert_id in D:\meowseo\tests\properties\Property14RedirectMatchingCorrectnessTest.php on line 558
   Ôöé
   Ôöé Warning: Undefined property: class@anonymous::$insert_id in D:\meowseo\tests\properties\Property14RedirectMatchingCorrectnessTest.php on line 558
   Ôöé
   Ôöé Warning: Undefined property: class@anonymous::$insert_id in D:\meowseo\tests\properties\Property14RedirectMatchingCorrectnessTest.php on line 558
   Ôöé
   Ôöé Warning: Undefined property: class@anonymous::$insert_id in D:\meowseo\tests\properties\Property14RedirectMatchingCorrectnessTest.php on line 558
   Ôöé
   Ôöé Warning: Undefined property: class@anonymous::$insert_id in D:\meowseo\tests\properties\Property14RedirectMatchingCorrectnessTest.php on line 558
   Ôöé
   Ôöé Warning: Undefined property: class@anonymous::$insert_id in D:\meowseo\tests\properties\Property14RedirectMatchingCorrectnessTest.php on line 558
   Ôöé
   Ôöé Warning: Undefined property: class@anonymous::$insert_id in D:\meowseo\tests\properties\Property14RedirectMatchingCorrectnessTest.php on line 558
   Ôöé
   Ôöé Warning: Undefined property: class@anonymous::$insert_id in D:\meowseo\tests\properties\Property14RedirectMatchingCorrectnessTest.php on line 558
   Ôöé
   Ôöé Warning: Undefined property: class@anonymous::$insert_id in D:\meowseo\tests\properties\Property14RedirectMatchingCorrectnessTest.php on line 558
   Ôöé
   Ôöé Warning: Undefined property: class@anonymous::$insert_id in D:\meowseo\tests\properties\Property14RedirectMatchingCorrectnessTest.php on line 558
   Ôöé
   Ôöé Warning: Undefined property: class@anonymous::$insert_id in D:\meowseo\tests\properties\Property14RedirectMatchingCorrectnessTest.php on line 558
   Ôöé
   Ôöé Warning: Undefined property: class@anonymous::$insert_id in D:\meowseo\tests\properties\Property14RedirectMatchingCorrectnessTest.php on line 558
   Ôöé
   Ôöé Warning: Undefined property: class@anonymous::$insert_id in D:\meowseo\tests\properties\Property14RedirectMatchingCorrectnessTest.php on line 558
   Ôöé
   Ôöé Warning: Undefined property: class@anonymous::$insert_id in D:\meowseo\tests\properties\Property14RedirectMatchingCorrectnessTest.php on line 558
   Ôöé
   Ôöé Warning: Undefined property: class@anonymous::$insert_id in D:\meowseo\tests\properties\Property14RedirectMatchingCorrectnessTest.php on line 558
   Ôöé
   Ôöé Warning: Undefined property: class@anonymous::$insert_id in D:\meowseo\tests\properties\Property14RedirectMatchingCorrectnessTest.php on line 558
   Ôöé
   Ôöé Warning: Undefined property: class@anonymous::$insert_id in D:\meowseo\tests\properties\Property14RedirectMatchingCorrectnessTest.php on line 558
   Ôöé
   Ôöé Warning: Undefined property: class@anonymous::$insert_id in D:\meowseo\tests\properties\Property14RedirectMatchingCorrectnessTest.php on line 558
   Ôöé
   Ôöé Warning: Undefined property: class@anonymous::$insert_id in D:\meowseo\tests\properties\Property14RedirectMatchingCorrectnessTest.php on line 558
   Ôöé
   Ôöé Warning: Undefined property: class@anonymous::$insert_id in D:\meowseo\tests\properties\Property14RedirectMatchingCorrectnessTest.php on line 558
   Ôöé
   Ôöé Warning: Undefined property: class@anonymous::$insert_id in D:\meowseo\tests\properties\Property14RedirectMatchingCorrectnessTest.php on line 558
   Ôöé
   Ôöé Warning: Undefined property: class@anonymous::$insert_id in D:\meowseo\tests\properties\Property14RedirectMatchingCorrectnessTest.php on line 558
   Ôöé
   Ôöé Warning: Undefined property: class@anonymous::$insert_id in D:\meowseo\tests\properties\Property14RedirectMatchingCorrectnessTest.php on line 558
   Ôöé
   Ôöé Warning: Undefined property: class@anonymous::$insert_id in D:\meowseo\tests\properties\Property14RedirectMatchingCorrectnessTest.php on line 558
   Ôöé
   Ôöé Warning: Undefined property: class@anonymous::$insert_id in D:\meowseo\tests\properties\Property14RedirectMatchingCorrectnessTest.php on line 558
   Ôöé
   Ôöé Warning: Undefined property: class@anonymous::$insert_id in D:\meowseo\tests\properties\Property14RedirectMatchingCorrectnessTest.php on line 558
   Ôöé
   Ôöé Warning: Undefined property: class@anonymous::$insert_id in D:\meowseo\tests\properties\Property14RedirectMatchingCorrectnessTest.php on line 558
   Ôöé
   Ôöé Warning: Undefined property: class@anonymous::$insert_id in D:\meowseo\tests\properties\Property14RedirectMatchingCorrectnessTest.php on line 558
   Ôöé
   Ôöé Warning: Undefined property: class@anonymous::$insert_id in D:\meowseo\tests\properties\Property14RedirectMatchingCorrectnessTest.php on line 558
   Ôöé
   Ôöé Warning: Undefined property: class@anonymous::$insert_id in D:\meowseo\tests\properties\Property14RedirectMatchingCorrectnessTest.php on line 558
   Ôöé
   Ôöé Warning: Undefined property: class@anonymous::$insert_id in D:\meowseo\tests\properties\Property14RedirectMatchingCorrectnessTest.php on line 558
   Ôöé
   Ôöé Warning: Undefined property: class@anonymous::$insert_id in D:\meowseo\tests\properties\Property14RedirectMatchingCorrectnessTest.php on line 558
   Ôöé
   Ôöé Warning: Undefined property: class@anonymous::$insert_id in D:\meowseo\tests\properties\Property14RedirectMatchingCorrectnessTest.php on line 558
   Ôöé
   Ôöé Warning: Undefined property: class@anonymous::$insert_id in D:\meowseo\tests\properties\Property14RedirectMatchingCorrectnessTest.php on line 558
   Ôöé
   Ôöé Warning: Undefined property: class@anonymous::$insert_id in D:\meowseo\tests\properties\Property14RedirectMatchingCorrectnessTest.php on line 558
   Ôöé
   Ôöé Warning: Undefined property: class@anonymous::$insert_id in D:\meowseo\tests\properties\Property14RedirectMatchingCorrectnessTest.php on line 558
   Ôöé
   Ôöé Warning: Undefined property: class@anonymous::$insert_id in D:\meowseo\tests\properties\Property14RedirectMatchingCorrectnessTest.php on line 558
   Ôöé
   Ôöé Warning: Undefined property: class@anonymous::$insert_id in D:\meowseo\tests\properties\Property14RedirectMatchingCorrectnessTest.php on line 558
   Ôöé
   Ôöé Warning: Undefined property: class@anonymous::$insert_id in D:\meowseo\tests\properties\Property14RedirectMatchingCorrectnessTest.php on line 558
   Ôöé
   Ôöé Warning: Undefined property: class@anonymous::$insert_id in D:\meowseo\tests\properties\Property14RedirectMatchingCorrectnessTest.php on line 558
   Ôöé
   Ôöé Warning: Undefined property: class@anonymous::$insert_id in D:\meowseo\tests\properties\Property14RedirectMatchingCorrectnessTest.php on line 558
   Ôöé
   Ôöé Warning: Undefined property: class@anonymous::$insert_id in D:\meowseo\tests\properties\Property14RedirectMatchingCorrectnessTest.php on line 558
   Ôöé
   Ôöé Warning: Undefined property: class@anonymous::$insert_id in D:\meowseo\tests\properties\Property14RedirectMatchingCorrectnessTest.php on line 558
   Ôöé
   Ôöé Warning: Undefined property: class@anonymous::$insert_id in D:\meowseo\tests\properties\Property14RedirectMatchingCorrectnessTest.php on line 558
   Ôöé
   Ôöé Warning: Undefined property: class@anonymous::$insert_id in D:\meowseo\tests\properties\Property14RedirectMatchingCorrectnessTest.php on line 558
   Ôöé
   Ôöé Warning: Undefined property: class@anonymous::$insert_id in D:\meowseo\tests\properties\Property14RedirectMatchingCorrectnessTest.php on line 558
   Ôöé
   Ôöé Warning: Undefined property: class@anonymous::$insert_id in D:\meowseo\tests\properties\Property14RedirectMatchingCorrectnessTest.php on line 558
   Ôöé
   Ôöé Warning: Undefined property: class@anonymous::$insert_id in D:\meowseo\tests\properties\Property14RedirectMatchingCorrectnessTest.php on line 558
   Ôöé
   Ôöé Warning: Undefined property: class@anonymous::$insert_id in D:\meowseo\tests\properties\Property14RedirectMatchingCorrectnessTest.php on line 558
   Ôöé
   Ôöé Warning: Undefined property: class@anonymous::$insert_id in D:\meowseo\tests\properties\Property14RedirectMatchingCorrectnessTest.php on line 558
   Ôöé
   Ôöé Warning: Undefined property: class@anonymous::$insert_id in D:\meowseo\tests\properties\Property14RedirectMatchingCorrectnessTest.php on line 558
   Ôöé
   Ôöé Warning: Undefined property: class@anonymous::$insert_id in D:\meowseo\tests\properties\Property14RedirectMatchingCorrectnessTest.php on line 558
   Ôöé
   Ôöé Warning: Undefined property: class@anonymous::$insert_id in D:\meowseo\tests\properties\Property14RedirectMatchingCorrectnessTest.php on line 558
   Ôöé
   Ôöé Warning: Undefined property: class@anonymous::$insert_id in D:\meowseo\tests\properties\Property14RedirectMatchingCorrectnessTest.php on line 558
   Ôöé
   Ôöé Warning: Undefined property: class@anonymous::$insert_id in D:\meowseo\tests\properties\Property14RedirectMatchingCorrectnessTest.php on line 558
   Ôöé
   Ôöé Warning: Undefined property: class@anonymous::$insert_id in D:\meowseo\tests\properties\Property14RedirectMatchingCorrectnessTest.php on line 558
   Ôöé
   Ôöé Warning: Undefined property: class@anonymous::$insert_id in D:\meowseo\tests\properties\Property14RedirectMatchingCorrectnessTest.php on line 558
   Ôöé
   Ôöé Warning: Undefined property: class@anonymous::$insert_id in D:\meowseo\tests\properties\Property14RedirectMatchingCorrectnessTest.php on line 558
   Ôöé
   Ôöé Warning: Undefined property: class@anonymous::$insert_id in D:\meowseo\tests\properties\Property14RedirectMatchingCorrectnessTest.php on line 558
   Ôöé
   Ôöé Warning: Undefined property: class@anonymous::$insert_id in D:\meowseo\tests\properties\Property14RedirectMatchingCorrectnessTest.php on line 558
   Ôöé
   Ôöé Warning: Undefined property: class@anonymous::$insert_id in D:\meowseo\tests\properties\Property14RedirectMatchingCorrectnessTest.php on line 558
   Ôöé
   Ôöé Warning: Undefined property: class@anonymous::$insert_id in D:\meowseo\tests\properties\Property14RedirectMatchingCorrectnessTest.php on line 558
   Ôöé
   Ôöé Warning: Undefined property: class@anonymous::$insert_id in D:\meowseo\tests\properties\Property14RedirectMatchingCorrectnessTest.php on line 558
   Ôöé
   Ôöé Warning: Undefined property: class@anonymous::$insert_id in D:\meowseo\tests\properties\Property14RedirectMatchingCorrectnessTest.php on line 558
   Ôöé
   Ôöé Warning: Undefined property: class@anonymous::$insert_id in D:\meowseo\tests\properties\Property14RedirectMatchingCorrectnessTest.php on line 558
   Ôöé
   Ôöé Warning: Undefined property: class@anonymous::$insert_id in D:\meowseo\tests\properties\Property14RedirectMatchingCorrectnessTest.php on line 558
   Ôöé
   Ôöé Warning: Undefined property: class@anonymous::$insert_id in D:\meowseo\tests\properties\Property14RedirectMatchingCorrectnessTest.php on line 558
   Ôöé
   Ôöé Warning: Undefined property: class@anonymous::$insert_id in D:\meowseo\tests\properties\Property14RedirectMatchingCorrectnessTest.php on line 558
   Ôöé
   Ôöé Warning: Undefined property: class@anonymous::$insert_id in D:\meowseo\tests\properties\Property14RedirectMatchingCorrectnessTest.php on line 558
   Ôöé
   Ôöé Warning: Undefined property: class@anonymous::$insert_id in D:\meowseo\tests\properties\Property14RedirectMatchingCorrectnessTest.php on line 558
   Ôöé
   Ôöé Warning: Undefined property: class@anonymous::$insert_id in D:\meowseo\tests\properties\Property14RedirectMatchingCorrectnessTest.php on line 558
   Ôöé
   Ôöé Warning: Undefined property: class@anonymous::$insert_id in D:\meowseo\tests\properties\Property14RedirectMatchingCorrectnessTest.php on line 558
   Ôöé
   Ôöé Warning: Undefined property: class@anonymous::$insert_id in D:\meowseo\tests\properties\Property14RedirectMatchingCorrectnessTest.php on line 558
   Ôöé
   Ôöé Warning: Undefined property: class@anonymous::$insert_id in D:\meowseo\tests\properties\Property14RedirectMatchingCorrectnessTest.php on line 558
   Ôöé
   Ôöé Warning: Undefined property: class@anonymous::$insert_id in D:\meowseo\tests\properties\Property14RedirectMatchingCorrectnessTest.php on line 558
   Ôöé
   Ôöé Warning: Undefined property: class@anonymous::$insert_id in D:\meowseo\tests\properties\Property14RedirectMatchingCorrectnessTest.php on line 558
   Ôöé
   Ôöé Warning: Undefined property: class@anonymous::$insert_id in D:\meowseo\tests\properties\Property14RedirectMatchingCorrectnessTest.php on line 558
   Ôöé
   Ôöé Warning: Undefined property: class@anonymous::$insert_id in D:\meowseo\tests\properties\Property14RedirectMatchingCorrectnessTest.php on line 558
   Ôöé
   Ôöé Warning: Undefined property: class@anonymous::$insert_id in D:\meowseo\tests\properties\Property14RedirectMatchingCorrectnessTest.php on line 558
   Ôöé
   Ôöé Warning: Undefined property: class@anonymous::$insert_id in D:\meowseo\tests\properties\Property14RedirectMatchingCorrectnessTest.php on line 558
   Ôöé
   Ôöé Warning: Undefined property: class@anonymous::$insert_id in D:\meowseo\tests\properties\Property14RedirectMatchingCorrectnessTest.php on line 558
   Ôöé
   Ôöé Warning: Undefined property: class@anonymous::$insert_id in D:\meowseo\tests\properties\Property14RedirectMatchingCorrectnessTest.php on line 558
   Ôöé
   Ôöé Warning: Undefined property: class@anonymous::$insert_id in D:\meowseo\tests\properties\Property14RedirectMatchingCorrectnessTest.php on line 558
   Ôöé
   Ôöé Warning: Undefined property: class@anonymous::$insert_id in D:\meowseo\tests\properties\Property14RedirectMatchingCorrectnessTest.php on line 558
   Ôöé
   Ôöé Warning: Undefined property: class@anonymous::$insert_id in D:\meowseo\tests\properties\Property14RedirectMatchingCorrectnessTest.php on line 558
   Ôöé
   Ôöé Warning: Undefined property: class@anonymous::$insert_id in D:\meowseo\tests\properties\Property14RedirectMatchingCorrectnessTest.php on line 558
   Ôöé
   Ôöé Warning: Undefined property: class@anonymous::$insert_id in D:\meowseo\tests\properties\Property14RedirectMatchingCorrectnessTest.php on line 558
   Ôöé
   Ôöé Warning: Undefined property: class@anonymous::$insert_id in D:\meowseo\tests\properties\Property14RedirectMatchingCorrectnessTest.php on line 558
   Ôöé
   Ôöé Warning: Undefined property: class@anonymous::$insert_id in D:\meowseo\tests\properties\Property14RedirectMatchingCorrectnessTest.php on line 558
   Ôöé
   Ôöé Warning: Undefined property: class@anonymous::$insert_id in D:\meowseo\tests\properties\Property14RedirectMatchingCorrectnessTest.php on line 558
   Ôöé
   Ôöé Warning: Undefined property: class@anonymous::$insert_id in D:\meowseo\tests\properties\Property14RedirectMatchingCorrectnessTest.php on line 558
   Ôöé
   Ôöé Warning: Undefined property: class@anonymous::$insert_id in D:\meowseo\tests\properties\Property14RedirectMatchingCorrectnessTest.php on line 558
   Ôöé
   Ôöé Warning: Undefined property: class@anonymous::$insert_id in D:\meowseo\tests\properties\Property14RedirectMatchingCorrectnessTest.php on line 558
   Ôöé
   Ôöé Warning: Undefined property: class@anonymous::$insert_id in D:\meowseo\tests\properties\Property14RedirectMatchingCorrectnessTest.php on line 558
   Ôöé
   Ôöé Warning: Undefined property: class@anonymous::$insert_id in D:\meowseo\tests\properties\Property14RedirectMatchingCorrectnessTest.php on line 558
   Ôöé
   Ôöé Warning: Undefined property: class@anonymous::$insert_id in D:\meowseo\tests\properties\Property14RedirectMatchingCorrectnessTest.php on line 558
   Ôöé
   Ôöé Warning: Undefined property: class@anonymous::$insert_id in D:\meowseo\tests\properties\Property14RedirectMatchingCorrectnessTest.php on line 558
   Ôöé
   Ôöé Warning: Undefined property: class@anonymous::$insert_id in D:\meowseo\tests\properties\Property14RedirectMatchingCorrectnessTest.php on line 558
   Ôöé
   Ôöé Warning: Undefined property: class@anonymous::$insert_id in D:\meowseo\tests\properties\Property14RedirectMatchingCorrectnessTest.php on line 558
   Ôöé
   Ôöé Warning: Undefined property: class@anonymous::$insert_id in D:\meowseo\tests\properties\Property14RedirectMatchingCorrectnessTest.php on line 558
   Ôöé
   Ôöé Warning: Undefined property: class@anonymous::$insert_id in D:\meowseo\tests\properties\Property14RedirectMatchingCorrectnessTest.php on line 558
   Ôöé
   Ôöé Warning: Undefined property: class@anonymous::$insert_id in D:\meowseo\tests\properties\Property14RedirectMatchingCorrectnessTest.php on line 558
   Ôöé
   Ôöé Warning: Undefined property: class@anonymous::$insert_id in D:\meowseo\tests\properties\Property14RedirectMatchingCorrectnessTest.php on line 558
   Ôöé
   Ôöé Warning: Undefined property: class@anonymous::$insert_id in D:\meowseo\tests\properties\Property14RedirectMatchingCorrectnessTest.php on line 558
   Ôöé
   Ôöé Warning: Undefined property: class@anonymous::$insert_id in D:\meowseo\tests\properties\Property14RedirectMatchingCorrectnessTest.php on line 558
   Ôöé
   Ôöé Warning: Undefined property: class@anonymous::$insert_id in D:\meowseo\tests\properties\Property14RedirectMatchingCorrectnessTest.php on line 558
   Ôöé
   Ôöé Warning: Undefined property: class@anonymous::$insert_id in D:\meowseo\tests\properties\Property14RedirectMatchingCorrectnessTest.php on line 558
   Ôöé
   Ôöé Warning: Undefined property: class@anonymous::$insert_id in D:\meowseo\tests\properties\Property14RedirectMatchingCorrectnessTest.php on line 558
   Ôöé
   Ôöé Warning: Undefined property: class@anonymous::$insert_id in D:\meowseo\tests\properties\Property14RedirectMatchingCorrectnessTest.php on line 558
   Ôöé
   Ôöé Warning: Undefined property: class@anonymous::$insert_id in D:\meowseo\tests\properties\Property14RedirectMatchingCorrectnessTest.php on line 558
   Ôöé
   Ôöé Warning: Undefined property: class@anonymous::$insert_id in D:\meowseo\tests\properties\Property14RedirectMatchingCorrectnessTest.php on line 558
   Ôöé
   Ôöé Warning: Undefined property: class@anonymous::$insert_id in D:\meowseo\tests\properties\Property14RedirectMatchingCorrectnessTest.php on line 558
   Ôöé
   Ôöé Warning: Undefined property: class@anonymous::$insert_id in D:\meowseo\tests\properties\Property14RedirectMatchingCorrectnessTest.php on line 558
   Ôöé
   Ôöé Warning: Undefined property: class@anonymous::$insert_id in D:\meowseo\tests\properties\Property14RedirectMatchingCorrectnessTest.php on line 558
   Ôöé
   Ôöé Warning: Undefined property: class@anonymous::$insert_id in D:\meowseo\tests\properties\Property14RedirectMatchingCorrectnessTest.php on line 558
   Ôöé
   Ôöé Warning: Undefined property: class@anonymous::$insert_id in D:\meowseo\tests\properties\Property14RedirectMatchingCorrectnessTest.php on line 558
   Ôöé
   Ôöé Warning: Undefined property: class@anonymous::$insert_id in D:\meowseo\tests\properties\Property14RedirectMatchingCorrectnessTest.php on line 558
   Ôöé
   Ôöé Warning: Undefined property: class@anonymous::$insert_id in D:\meowseo\tests\properties\Property14RedirectMatchingCorrectnessTest.php on line 558
   Ôöé
   Ôöé Warning: Undefined property: class@anonymous::$insert_id in D:\meowseo\tests\properties\Property14RedirectMatchingCorrectnessTest.php on line 558
   Ôöé
   Ôöé Warning: Undefined property: class@anonymous::$insert_id in D:\meowseo\tests\properties\Property14RedirectMatchingCorrectnessTest.php on line 558
   Ôöé
   Ôöé Warning: Undefined property: class@anonymous::$insert_id in D:\meowseo\tests\properties\Property14RedirectMatchingCorrectnessTest.php on line 558
   Ôöé
   Ôöé Warning: Undefined property: class@anonymous::$insert_id in D:\meowseo\tests\properties\Property14RedirectMatchingCorrectnessTest.php on line 558
   Ôöé
   Ôöé Warning: Undefined property: class@anonymous::$insert_id in D:\meowseo\tests\properties\Property14RedirectMatchingCorrectnessTest.php on line 558
   Ôöé
   Ôöé Warning: Undefined property: class@anonymous::$insert_id in D:\meowseo\tests\properties\Property14RedirectMatchingCorrectnessTest.php on line 558
   Ôöé
   Ôöé Warning: Undefined property: class@anonymous::$insert_id in D:\meowseo\tests\properties\Property14RedirectMatchingCorrectnessTest.php on line 558
   Ôöé
   Ôöé Warning: Undefined property: class@anonymous::$insert_id in D:\meowseo\tests\properties\Property14RedirectMatchingCorrectnessTest.php on line 558
   Ôöé
   Ôöé Warning: Undefined property: class@anonymous::$insert_id in D:\meowseo\tests\properties\Property14RedirectMatchingCorrectnessTest.php on line 558
   Ôöé
   Ôöé Warning: Undefined property: class@anonymous::$insert_id in D:\meowseo\tests\properties\Property14RedirectMatchingCorrectnessTest.php on line 558
   Ôöé
   Ôöé Warning: Undefined property: class@anonymous::$insert_id in D:\meowseo\tests\properties\Property14RedirectMatchingCorrectnessTest.php on line 558
   Ôöé
   Ôöé Warning: Undefined property: class@anonymous::$insert_id in D:\meowseo\tests\properties\Property14RedirectMatchingCorrectnessTest.php on line 558
   Ôöé
   Ôöé Warning: Undefined property: class@anonymous::$insert_id in D:\meowseo\tests\properties\Property14RedirectMatchingCorrectnessTest.php on line 558
   Ôöé
   Ôöé Warning: Undefined property: class@anonymous::$insert_id in D:\meowseo\tests\properties\Property14RedirectMatchingCorrectnessTest.php on line 558
   Ôöé
   Ôöé Warning: Undefined property: class@anonymous::$insert_id in D:\meowseo\tests\properties\Property14RedirectMatchingCorrectnessTest.php on line 558
   Ôöé
   Ôöé Warning: Undefined property: class@anonymous::$insert_id in D:\meowseo\tests\properties\Property14RedirectMatchingCorrectnessTest.php on line 558
   Ôöé
   Ôöé Warning: Undefined property: class@anonymous::$insert_id in D:\meowseo\tests\properties\Property14RedirectMatchingCorrectnessTest.php on line 558
   Ôöé
   Ôöé Warning: Undefined property: class@anonymous::$insert_id in D:\meowseo\tests\properties\Property14RedirectMatchingCorrectnessTest.php on line 558
   Ôöé
   Ôöé Warning: Undefined property: class@anonymous::$insert_id in D:\meowseo\tests\properties\Property14RedirectMatchingCorrectnessTest.php on line 558
   Ôöé
   Ôöé Warning: Undefined property: class@anonymous::$insert_id in D:\meowseo\tests\properties\Property14RedirectMatchingCorrectnessTest.php on line 558
   Ôöé
   Ôöé Warning: Undefined property: class@anonymous::$insert_id in D:\meowseo\tests\properties\Property14RedirectMatchingCorrectnessTest.php on line 558
   Ôöé
   Ôöé Warning: Undefined property: class@anonymous::$insert_id in D:\meowseo\tests\properties\Property14RedirectMatchingCorrectnessTest.php on line 558
   Ôöé
   Ôöé Warning: Undefined property: class@anonymous::$insert_id in D:\meowseo\tests\properties\Property14RedirectMatchingCorrectnessTest.php on line 558
   Ôöé
   Ôöé Warning: Undefined property: class@anonymous::$insert_id in D:\meowseo\tests\properties\Property14RedirectMatchingCorrectnessTest.php on line 558
   Ôöé
   Ôöé Warning: Undefined property: class@anonymous::$insert_id in D:\meowseo\tests\properties\Property14RedirectMatchingCorrectnessTest.php on line 558
   Ôöé
   Ôöé Warning: Undefined property: class@anonymous::$insert_id in D:\meowseo\tests\properties\Property14RedirectMatchingCorrectnessTest.php on line 558
   Ôöé
   Ôöé Warning: Undefined property: class@anonymous::$insert_id in D:\meowseo\tests\properties\Property14RedirectMatchingCorrectnessTest.php on line 558
   Ôöé
   Ôöé Warning: Undefined property: class@anonymous::$insert_id in D:\meowseo\tests\properties\Property14RedirectMatchingCorrectnessTest.php on line 558
   Ôöé
   Ôöé Warning: Undefined property: class@anonymous::$insert_id in D:\meowseo\tests\properties\Property14RedirectMatchingCorrectnessTest.php on line 558
   Ôöé
   Ôöé Warning: Undefined property: class@anonymous::$insert_id in D:\meowseo\tests\properties\Property14RedirectMatchingCorrectnessTest.php on line 558
   Ôöé
   Ôöé Warning: Undefined property: class@anonymous::$insert_id in D:\meowseo\tests\properties\Property14RedirectMatchingCorrectnessTest.php on line 558
   Ôöé
   Ôöé Warning: Undefined property: class@anonymous::$insert_id in D:\meowseo\tests\properties\Property14RedirectMatchingCorrectnessTest.php on line 558
   Ôöé
   Ôöé Warning: Undefined property: class@anonymous::$insert_id in D:\meowseo\tests\properties\Property14RedirectMatchingCorrectnessTest.php on line 558
   Ôöé
   Ôöé Warning: Undefined property: class@anonymous::$insert_id in D:\meowseo\tests\properties\Property14RedirectMatchingCorrectnessTest.php on line 558
   Ôöé
   Ôöé Warning: Undefined property: class@anonymous::$insert_id in D:\meowseo\tests\properties\Property14RedirectMatchingCorrectnessTest.php on line 558
   Ôöé
   Ôöé Warning: Undefined property: class@anonymous::$insert_id in D:\meowseo\tests\properties\Property14RedirectMatchingCorrectnessTest.php on line 558
   Ôöé
   Ôöé Warning: Undefined property: class@anonymous::$insert_id in D:\meowseo\tests\properties\Property14RedirectMatchingCorrectnessTest.php on line 558
   Ôöé
   Ôöé Warning: Undefined property: class@anonymous::$insert_id in D:\meowseo\tests\properties\Property14RedirectMatchingCorrectnessTest.php on line 558
   Ôöé
   Ôöé Warning: Undefined property: class@anonymous::$insert_id in D:\meowseo\tests\properties\Property14RedirectMatchingCorrectnessTest.php on line 558
   Ôöé
   Ôöé Warning: Undefined property: class@anonymous::$insert_id in D:\meowseo\tests\properties\Property14RedirectMatchingCorrectnessTest.php on line 558
   Ôöé
   Ôöé Warning: Undefined property: class@anonymous::$insert_id in D:\meowseo\tests\properties\Property14RedirectMatchingCorrectnessTest.php on line 558
   Ôöé
   Ôöé Warning: Undefined property: class@anonymous::$insert_id in D:\meowseo\tests\properties\Property14RedirectMatchingCorrectnessTest.php on line 558
   Ôöé
   Ôöé Warning: Undefined property: class@anonymous::$insert_id in D:\meowseo\tests\properties\Property14RedirectMatchingCorrectnessTest.php on line 558
   Ôöé
   Ôöé Warning: Undefined property: class@anonymous::$insert_id in D:\meowseo\tests\properties\Property14RedirectMatchingCorrectnessTest.php on line 558
   Ôöé
   Ôöé Warning: Undefined property: class@anonymous::$insert_id in D:\meowseo\tests\properties\Property14RedirectMatchingCorrectnessTest.php on line 558
   Ôöé
   Ôöé Warning: Undefined property: class@anonymous::$insert_id in D:\meowseo\tests\properties\Property14RedirectMatchingCorrectnessTest.php on line 558
   Ôöé
   Ôöé Warning: Undefined property: class@anonymous::$insert_id in D:\meowseo\tests\properties\Property14RedirectMatchingCorrectnessTest.php on line 558
   Ôöé
   Ôöé Warning: Undefined property: class@anonymous::$insert_id in D:\meowseo\tests\properties\Property14RedirectMatchingCorrectnessTest.php on line 558
   Ôöé
   Ôöé Warning: Undefined property: class@anonymous::$insert_id in D:\meowseo\tests\properties\Property14RedirectMatchingCorrectnessTest.php on line 558
   Ôöé
   Ôöé Warning: Undefined property: class@anonymous::$insert_id in D:\meowseo\tests\properties\Property14RedirectMatchingCorrectnessTest.php on line 558
   Ôöé
   Ôöé Warning: Undefined property: class@anonymous::$insert_id in D:\meowseo\tests\properties\Property14RedirectMatchingCorrectnessTest.php on line 558
   Ôöé
   Ôöé Warning: Undefined property: class@anonymous::$insert_id in D:\meowseo\tests\properties\Property14RedirectMatchingCorrectnessTest.php on line 558
   Ôöé
   Ôöé Warning: Undefined property: class@anonymous::$insert_id in D:\meowseo\tests\properties\Property14RedirectMatchingCorrectnessTest.php on line 558
   Ôöé
   Ôöé Warning: Undefined property: class@anonymous::$insert_id in D:\meowseo\tests\properties\Property14RedirectMatchingCorrectnessTest.php on line 558
   Ôöé
   Ôöé Warning: Undefined property: class@anonymous::$insert_id in D:\meowseo\tests\properties\Property14RedirectMatchingCorrectnessTest.php on line 558
   Ôöé
   Ôöé Warning: Undefined property: class@anonymous::$insert_id in D:\meowseo\tests\properties\Property14RedirectMatchingCorrectnessTest.php on line 558
   Ôöé
   Ôöé Warning: Undefined property: class@anonymous::$insert_id in D:\meowseo\tests\properties\Property14RedirectMatchingCorrectnessTest.php on line 558
   Ôöé
   Ôöé Warning: Undefined property: class@anonymous::$insert_id in D:\meowseo\tests\properties\Property14RedirectMatchingCorrectnessTest.php on line 558
   Ôöé
   Ôöé Warning: Undefined property: class@anonymous::$insert_id in D:\meowseo\tests\properties\Property14RedirectMatchingCorrectnessTest.php on line 558
   Ôöé
   Ôöé Warning: Undefined property: class@anonymous::$insert_id in D:\meowseo\tests\properties\Property14RedirectMatchingCorrectnessTest.php on line 558
   Ôöé
   Ôöé Warning: Undefined property: class@anonymous::$insert_id in D:\meowseo\tests\properties\Property14RedirectMatchingCorrectnessTest.php on line 558
   Ôöé
   Ôöé Warning: Undefined property: class@anonymous::$insert_id in D:\meowseo\tests\properties\Property14RedirectMatchingCorrectnessTest.php on line 558
   Ôöé
   Ôöé Warning: Undefined property: class@anonymous::$insert_id in D:\meowseo\tests\properties\Property14RedirectMatchingCorrectnessTest.php on line 558
   Ôöé
   Ôöé Warning: Undefined property: class@anonymous::$insert_id in D:\meowseo\tests\properties\Property14RedirectMatchingCorrectnessTest.php on line 558
   Ôöé
   Ôöé Warning: Undefined property: class@anonymous::$insert_id in D:\meowseo\tests\properties\Property14RedirectMatchingCorrectnessTest.php on line 558
   Ôöé
   Ôöé Warning: Undefined property: class@anonymous::$insert_id in D:\meowseo\tests\properties\Property14RedirectMatchingCorrectnessTest.php on line 558
   Ôöé
   Ôöé Warning: Undefined property: class@anonymous::$insert_id in D:\meowseo\tests\properties\Property14RedirectMatchingCorrectnessTest.php on line 558
   Ôöé
   Ôöé Warning: Undefined property: class@anonymous::$insert_id in D:\meowseo\tests\properties\Property14RedirectMatchingCorrectnessTest.php on line 558
   Ôöé
   Ôöé Warning: Undefined property: class@anonymous::$insert_id in D:\meowseo\tests\properties\Property14RedirectMatchingCorrectnessTest.php on line 558
   Ôöé
   Ôöé Warning: Undefined property: class@anonymous::$insert_id in D:\meowseo\tests\properties\Property14RedirectMatchingCorrectnessTest.php on line 558
   Ôöé
   Ôöé Warning: Undefined property: class@anonymous::$insert_id in D:\meowseo\tests\properties\Property14RedirectMatchingCorrectnessTest.php on line 558
   Ôöé
   Ôöé Warning: Undefined property: class@anonymous::$insert_id in D:\meowseo\tests\properties\Property14RedirectMatchingCorrectnessTest.php on line 558
   Ôöé
   Ôöé Warning: Undefined property: class@anonymous::$insert_id in D:\meowseo\tests\properties\Property14RedirectMatchingCorrectnessTest.php on line 558
   Ôöé
   Ôöé Warning: Undefined property: class@anonymous::$insert_id in D:\meowseo\tests\properties\Property14RedirectMatchingCorrectnessTest.php on line 558
   Ôöé
   Ôöé Warning: Undefined property: class@anonymous::$insert_id in D:\meowseo\tests\properties\Property14RedirectMatchingCorrectnessTest.php on line 558
   Ôöé
   Ôöé Warning: Undefined property: class@anonymous::$insert_id in D:\meowseo\tests\properties\Property14RedirectMatchingCorrectnessTest.php on line 558
   Ôöé
   Ôöé Warning: Undefined property: class@anonymous::$insert_id in D:\meowseo\tests\properties\Property14RedirectMatchingCorrectnessTest.php on line 558
   Ôöé
   Ôöé Warning: Undefined property: class@anonymous::$insert_id in D:\meowseo\tests\properties\Property14RedirectMatchingCorrectnessTest.php on line 558
   Ôöé
   Ôöé Warning: Undefined property: class@anonymous::$insert_id in D:\meowseo\tests\properties\Property14RedirectMatchingCorrectnessTest.php on line 558
   Ôöé
   Ôöé Warning: Undefined property: class@anonymous::$insert_id in D:\meowseo\tests\properties\Property14RedirectMatchingCorrectnessTest.php on line 558
   Ôöé
   Ôöé Warning: Undefined property: class@anonymous::$insert_id in D:\meowseo\tests\properties\Property14RedirectMatchingCorrectnessTest.php on line 558
   Ôöé
   Ôöé Warning: Undefined property: class@anonymous::$insert_id in D:\meowseo\tests\properties\Property14RedirectMatchingCorrectnessTest.php on line 558
   Ôöé
   Ôöé Warning: Undefined property: class@anonymous::$insert_id in D:\meowseo\tests\properties\Property14RedirectMatchingCorrectnessTest.php on line 558
   Ôöé
   Ôöé Warning: Undefined property: class@anonymous::$insert_id in D:\meowseo\tests\properties\Property14RedirectMatchingCorrectnessTest.php on line 558
   Ôöé
   Ôöé Warning: Undefined property: class@anonymous::$insert_id in D:\meowseo\tests\properties\Property14RedirectMatchingCorrectnessTest.php on line 558
   Ôöé
   Ôöé Warning: Undefined property: class@anonymous::$insert_id in D:\meowseo\tests\properties\Property14RedirectMatchingCorrectnessTest.php on line 558
   Ôöé
   Ôöé Warning: Undefined property: class@anonymous::$insert_id in D:\meowseo\tests\properties\Property14RedirectMatchingCorrectnessTest.php on line 558
   Ôöé
   Ôöé Warning: Undefined property: class@anonymous::$insert_id in D:\meowseo\tests\properties\Property14RedirectMatchingCorrectnessTest.php on line 558
   Ôöé
   Ôöé Warning: Undefined property: class@anonymous::$insert_id in D:\meowseo\tests\properties\Property14RedirectMatchingCorrectnessTest.php on line 558
   Ôöé
   Ôöé Warning: Undefined property: class@anonymous::$insert_id in D:\meowseo\tests\properties\Property14RedirectMatchingCorrectnessTest.php on line 558
   Ôöé
   Ôöé Warning: Undefined property: class@anonymous::$insert_id in D:\meowseo\tests\properties\Property14RedirectMatchingCorrectnessTest.php on line 558
   Ôöé
   Ôöé Warning: Undefined property: class@anonymous::$insert_id in D:\meowseo\tests\properties\Property14RedirectMatchingCorrectnessTest.php on line 558
   Ôöé
   Ôöé Warning: Undefined property: class@anonymous::$insert_id in D:\meowseo\tests\properties\Property14RedirectMatchingCorrectnessTest.php on line 558
   Ôöé
   Ôöé Warning: Undefined property: class@anonymous::$insert_id in D:\meowseo\tests\properties\Property14RedirectMatchingCorrectnessTest.php on line 558
   Ôöé
   Ôöé Warning: Undefined property: class@anonymous::$insert_id in D:\meowseo\tests\properties\Property14RedirectMatchingCorrectnessTest.php on line 558
   Ôöé
   Ôöé Warning: Undefined property: class@anonymous::$insert_id in D:\meowseo\tests\properties\Property14RedirectMatchingCorrectnessTest.php on line 558
   Ôöé
   Ôöé Warning: Undefined property: class@anonymous::$insert_id in D:\meowseo\tests\properties\Property14RedirectMatchingCorrectnessTest.php on line 558
   Ôöé
   Ôöé Warning: Undefined property: class@anonymous::$insert_id in D:\meowseo\tests\properties\Property14RedirectMatchingCorrectnessTest.php on line 558
   Ôöé
   Ôöé Warning: Undefined property: class@anonymous::$insert_id in D:\meowseo\tests\properties\Property14RedirectMatchingCorrectnessTest.php on line 558
   Ôöé
   Ôöé Warning: Undefined property: class@anonymous::$insert_id in D:\meowseo\tests\properties\Property14RedirectMatchingCorrectnessTest.php on line 558
   Ôöé
   Ôöé Warning: Undefined property: class@anonymous::$insert_id in D:\meowseo\tests\properties\Property14RedirectMatchingCorrectnessTest.php on line 558
   Ôöé
   Ôöé Warning: Undefined property: class@anonymous::$insert_id in D:\meowseo\tests\properties\Property14RedirectMatchingCorrectnessTest.php on line 558
   Ôöé
   Ôöé Warning: Undefined property: class@anonymous::$insert_id in D:\meowseo\tests\properties\Property14RedirectMatchingCorrectnessTest.php on line 558
   Ôöé
   Ôöé Warning: Undefined property: class@anonymous::$insert_id in D:\meowseo\tests\properties\Property14RedirectMatchingCorrectnessTest.php on line 558
   Ôöé
   Ôöé Warning: Undefined property: class@anonymous::$insert_id in D:\meowseo\tests\properties\Property14RedirectMatchingCorrectnessTest.php on line 558
   Ôöé
   Ôöé Warning: Undefined property: class@anonymous::$insert_id in D:\meowseo\tests\properties\Property14RedirectMatchingCorrectnessTest.php on line 558
   Ôöé
   Ôöé Warning: Undefined property: class@anonymous::$insert_id in D:\meowseo\tests\properties\Property14RedirectMatchingCorrectnessTest.php on line 558
   Ôöé
   Ôöé Warning: Undefined property: class@anonymous::$insert_id in D:\meowseo\tests\properties\Property14RedirectMatchingCorrectnessTest.php on line 558
   Ôöé
   Ôöé Warning: Undefined property: class@anonymous::$insert_id in D:\meowseo\tests\properties\Property14RedirectMatchingCorrectnessTest.php on line 558
   Ôöé
   Ôöé Warning: Undefined property: class@anonymous::$insert_id in D:\meowseo\tests\properties\Property14RedirectMatchingCorrectnessTest.php on line 558
   Ôöé
   Ôöé Warning: Undefined property: class@anonymous::$insert_id in D:\meowseo\tests\properties\Property14RedirectMatchingCorrectnessTest.php on line 558
   Ôöé
   Ôöé Warning: Undefined property: class@anonymous::$insert_id in D:\meowseo\tests\properties\Property14RedirectMatchingCorrectnessTest.php on line 558
   Ôöé
   Ôöé Warning: Undefined property: class@anonymous::$insert_id in D:\meowseo\tests\properties\Property14RedirectMatchingCorrectnessTest.php on line 558
   Ôöé
   Ôöé Warning: Undefined property: class@anonymous::$insert_id in D:\meowseo\tests\properties\Property14RedirectMatchingCorrectnessTest.php on line 558
   Ôöé
   Ôöé Warning: Undefined property: class@anonymous::$insert_id in D:\meowseo\tests\properties\Property14RedirectMatchingCorrectnessTest.php on line 558
   Ôöé
   Ôöé Warning: Undefined property: class@anonymous::$insert_id in D:\meowseo\tests\properties\Property14RedirectMatchingCorrectnessTest.php on line 558
   Ôöé
   Ôöé Warning: Undefined property: class@anonymous::$insert_id in D:\meowseo\tests\properties\Property14RedirectMatchingCorrectnessTest.php on line 558
   Ôöé
   Ôöé Warning: Undefined property: class@anonymous::$insert_id in D:\meowseo\tests\properties\Property14RedirectMatchingCorrectnessTest.php on line 558
   Ôöé
   Ôöé Warning: Undefined property: class@anonymous::$insert_id in D:\meowseo\tests\properties\Property14RedirectMatchingCorrectnessTest.php on line 558
   Ôöé
   Ôöé Warning: Undefined property: class@anonymous::$insert_id in D:\meowseo\tests\properties\Property14RedirectMatchingCorrectnessTest.php on line 558
   Ôöé
   Ôöé Warning: Undefined property: class@anonymous::$insert_id in D:\meowseo\tests\properties\Property14RedirectMatchingCorrectnessTest.php on line 558
   Ôöé
   Ôöé Warning: Undefined property: class@anonymous::$insert_id in D:\meowseo\tests\properties\Property14RedirectMatchingCorrectnessTest.php on line 558
   Ôöé
   Ôöé Warning: Undefined property: class@anonymous::$insert_id in D:\meowseo\tests\properties\Property14RedirectMatchingCorrectnessTest.php on line 558
   Ôöé
   Ôöé Warning: Undefined property: class@anonymous::$insert_id in D:\meowseo\tests\properties\Property14RedirectMatchingCorrectnessTest.php on line 558
   Ôöé
   Ôöé Warning: Undefined property: class@anonymous::$insert_id in D:\meowseo\tests\properties\Property14RedirectMatchingCorrectnessTest.php on line 558
   Ôöé
   Ôöé Warning: Undefined property: class@anonymous::$insert_id in D:\meowseo\tests\properties\Property14RedirectMatchingCorrectnessTest.php on line 558
   Ôöé
   Ôöé Warning: Undefined property: class@anonymous::$insert_id in D:\meowseo\tests\properties\Property14RedirectMatchingCorrectnessTest.php on line 558
   Ôöé
   Ôöé Warning: Undefined property: class@anonymous::$insert_id in D:\meowseo\tests\properties\Property14RedirectMatchingCorrectnessTest.php on line 558
   Ôöé
   Ôöé Warning: Undefined property: class@anonymous::$insert_id in D:\meowseo\tests\properties\Property14RedirectMatchingCorrectnessTest.php on line 558
   Ôöé
   Ôöé Warning: Undefined property: class@anonymous::$insert_id in D:\meowseo\tests\properties\Property14RedirectMatchingCorrectnessTest.php on line 558
   Ôöé
   Ôöé Warning: Undefined property: class@anonymous::$insert_id in D:\meowseo\tests\properties\Property14RedirectMatchingCorrectnessTest.php on line 558
   Ôöé
   Ôöé Warning: Undefined property: class@anonymous::$insert_id in D:\meowseo\tests\properties\Property14RedirectMatchingCorrectnessTest.php on line 558
   Ôöé
   Ôöé Warning: Undefined property: class@anonymous::$insert_id in D:\meowseo\tests\properties\Property14RedirectMatchingCorrectnessTest.php on line 558
   Ôöé
   Ôöé Warning: Undefined property: class@anonymous::$insert_id in D:\meowseo\tests\properties\Property14RedirectMatchingCorrectnessTest.php on line 558
   Ôöé
   Ôöé Warning: Undefined property: class@anonymous::$insert_id in D:\meowseo\tests\properties\Property14RedirectMatchingCorrectnessTest.php on line 558
   Ôöé
   Ôöé Warning: Undefined property: class@anonymous::$insert_id in D:\meowseo\tests\properties\Property14RedirectMatchingCorrectnessTest.php on line 558
   Ôöé
   Ôöé Warning: Undefined property: class@anonymous::$insert_id in D:\meowseo\tests\properties\Property14RedirectMatchingCorrectnessTest.php on line 558
   Ôöé
   Ôöé Warning: Undefined property: class@anonymous::$insert_id in D:\meowseo\tests\properties\Property14RedirectMatchingCorrectnessTest.php on line 558
   Ôöé
   Ôöé Warning: Undefined property: class@anonymous::$insert_id in D:\meowseo\tests\properties\Property14RedirectMatchingCorrectnessTest.php on line 558
   Ôöé
   Ôöé Warning: Undefined property: class@anonymous::$insert_id in D:\meowseo\tests\properties\Property14RedirectMatchingCorrectnessTest.php on line 558
   Ôöé
   Ôöé Warning: Undefined property: class@anonymous::$insert_id in D:\meowseo\tests\properties\Property14RedirectMatchingCorrectnessTest.php on line 558
   Ôöé
   Ôöé Warning: Undefined property: class@anonymous::$insert_id in D:\meowseo\tests\properties\Property14RedirectMatchingCorrectnessTest.php on line 558
   Ôöé
   Ôöé Warning: Undefined property: class@anonymous::$insert_id in D:\meowseo\tests\properties\Property14RedirectMatchingCorrectnessTest.php on line 558
   Ôöé
   Ôöé Warning: Undefined property: class@anonymous::$insert_id in D:\meowseo\tests\properties\Property14RedirectMatchingCorrectnessTest.php on line 558
   Ôöé
   Ôöé Warning: Undefined property: class@anonymous::$insert_id in D:\meowseo\tests\properties\Property14RedirectMatchingCorrectnessTest.php on line 558
   Ôöé
   Ôöé Warning: Undefined property: class@anonymous::$insert_id in D:\meowseo\tests\properties\Property14RedirectMatchingCorrectnessTest.php on line 558
   Ôöé
   Ôöé Warning: Undefined property: class@anonymous::$insert_id in D:\meowseo\tests\properties\Property14RedirectMatchingCorrectnessTest.php on line 558
   Ôöé
   Ôöé Warning: Undefined property: class@anonymous::$insert_id in D:\meowseo\tests\properties\Property14RedirectMatchingCorrectnessTest.php on line 558
   Ôöé
   Ôöé Warning: Undefined property: class@anonymous::$insert_id in D:\meowseo\tests\properties\Property14RedirectMatchingCorrectnessTest.php on line 558
   Ôöé
   Ôöé Warning: Undefined property: class@anonymous::$insert_id in D:\meowseo\tests\properties\Property14RedirectMatchingCorrectnessTest.php on line 558
   Ôöé
   Ôöé Warning: Undefined property: class@anonymous::$insert_id in D:\meowseo\tests\properties\Property14RedirectMatchingCorrectnessTest.php on line 558
   Ôöé
   Ôöé Warning: Undefined property: class@anonymous::$insert_id in D:\meowseo\tests\properties\Property14RedirectMatchingCorrectnessTest.php on line 558
   Ôöé
   Ôöé Warning: Undefined property: class@anonymous::$insert_id in D:\meowseo\tests\properties\Property14RedirectMatchingCorrectnessTest.php on line 558
   Ôöé
   Ôöé Warning: Undefined property: class@anonymous::$insert_id in D:\meowseo\tests\properties\Property14RedirectMatchingCorrectnessTest.php on line 558
   Ôöé
   Ôöé Warning: Undefined property: class@anonymous::$insert_id in D:\meowseo\tests\properties\Property14RedirectMatchingCorrectnessTest.php on line 558
   Ôöé
   Ôöé Warning: Undefined property: class@anonymous::$insert_id in D:\meowseo\tests\properties\Property14RedirectMatchingCorrectnessTest.php on line 558
   Ôöé
   Ôöé Warning: Undefined property: class@anonymous::$insert_id in D:\meowseo\tests\properties\Property14RedirectMatchingCorrectnessTest.php on line 558
   Ôöé
   Ôöé Warning: Undefined property: class@anonymous::$insert_id in D:\meowseo\tests\properties\Property14RedirectMatchingCorrectnessTest.php on line 558
   Ôöé
   Ôöé Warning: Undefined property: class@anonymous::$insert_id in D:\meowseo\tests\properties\Property14RedirectMatchingCorrectnessTest.php on line 558
   Ôöé
   Ôöé Warning: Undefined property: class@anonymous::$insert_id in D:\meowseo\tests\properties\Property14RedirectMatchingCorrectnessTest.php on line 558
   Ôöé
   Ôöé Warning: Undefined property: class@anonymous::$insert_id in D:\meowseo\tests\properties\Property14RedirectMatchingCorrectnessTest.php on line 558
   Ôöé
   Ôöé Warning: Undefined property: class@anonymous::$insert_id in D:\meowseo\tests\properties\Property14RedirectMatchingCorrectnessTest.php on line 558
   Ôöé
   Ôöé Warning: Undefined property: class@anonymous::$insert_id in D:\meowseo\tests\properties\Property14RedirectMatchingCorrectnessTest.php on line 558
   Ôöé
   Ôöé Warning: Undefined property: class@anonymous::$insert_id in D:\meowseo\tests\properties\Property14RedirectMatchingCorrectnessTest.php on line 558
   Ôöé
   Ôöé Warning: Undefined property: class@anonymous::$insert_id in D:\meowseo\tests\properties\Property14RedirectMatchingCorrectnessTest.php on line 558
   Ôöé
   Ôöé Warning: Undefined property: class@anonymous::$insert_id in D:\meowseo\tests\properties\Property14RedirectMatchingCorrectnessTest.php on line 558
   Ôöé
   Ôöé Warning: Undefined property: class@anonymous::$insert_id in D:\meowseo\tests\properties\Property14RedirectMatchingCorrectnessTest.php on line 558
   Ôöé
   Ôöé Warning: Undefined property: class@anonymous::$insert_id in D:\meowseo\tests\properties\Property14RedirectMatchingCorrectnessTest.php on line 558
   Ôöé
   Ôöé Warning: Undefined property: class@anonymous::$insert_id in D:\meowseo\tests\properties\Property14RedirectMatchingCorrectnessTest.php on line 558
   Ôöé
   Ôöé Warning: Undefined property: class@anonymous::$insert_id in D:\meowseo\tests\properties\Property14RedirectMatchingCorrectnessTest.php on line 558
   Ôöé
   Ôöé Warning: Undefined property: class@anonymous::$insert_id in D:\meowseo\tests\properties\Property14RedirectMatchingCorrectnessTest.php on line 558
   Ôöé
   Ôöé Warning: Undefined property: class@anonymous::$insert_id in D:\meowseo\tests\properties\Property14RedirectMatchingCorrectnessTest.php on line 558
   Ôöé
   Ôöé Warning: Undefined property: class@anonymous::$insert_id in D:\meowseo\tests\properties\Property14RedirectMatchingCorrectnessTest.php on line 558
   Ôöé
   Ôöé Warning: Undefined property: class@anonymous::$insert_id in D:\meowseo\tests\properties\Property14RedirectMatchingCorrectnessTest.php on line 558
   Ôöé
   Ôöé Warning: Undefined property: class@anonymous::$insert_id in D:\meowseo\tests\properties\Property14RedirectMatchingCorrectnessTest.php on line 558
   Ôöé
   Ôöé Warning: Undefined property: class@anonymous::$insert_id in D:\meowseo\tests\properties\Property14RedirectMatchingCorrectnessTest.php on line 558
   Ôöé
   Ôöé Warning: Undefined property: class@anonymous::$insert_id in D:\meowseo\tests\properties\Property14RedirectMatchingCorrectnessTest.php on line 558
   Ôöé
   Ôöé Warning: Undefined property: class@anonymous::$insert_id in D:\meowseo\tests\properties\Property14RedirectMatchingCorrectnessTest.php on line 558
   Ôöé
   Ôöé Warning: Undefined property: class@anonymous::$insert_id in D:\meowseo\tests\properties\Property14RedirectMatchingCorrectnessTest.php on line 558
   Ôöé
   Ôöé Warning: Undefined property: class@anonymous::$insert_id in D:\meowseo\tests\properties\Property14RedirectMatchingCorrectnessTest.php on line 558
   Ôöé
   Ôöé Warning: Undefined property: class@anonymous::$insert_id in D:\meowseo\tests\properties\Property14RedirectMatchingCorrectnessTest.php on line 558
   Ôöé
   Ôöé Warning: Undefined property: class@anonymous::$insert_id in D:\meowseo\tests\properties\Property14RedirectMatchingCorrectnessTest.php on line 558
   Ôöé
   Ôöé Warning: Undefined property: class@anonymous::$insert_id in D:\meowseo\tests\properties\Property14RedirectMatchingCorrectnessTest.php on line 558
   Ôöé
   Ôöé Warning: Undefined property: class@anonymous::$insert_id in D:\meowseo\tests\properties\Property14RedirectMatchingCorrectnessTest.php on line 558
   Ôöé
   Ôöé Warning: Undefined property: class@anonymous::$insert_id in D:\meowseo\tests\properties\Property14RedirectMatchingCorrectnessTest.php on line 558
   Ôöé
   Ôöé Warning: Undefined property: class@anonymous::$insert_id in D:\meowseo\tests\properties\Property14RedirectMatchingCorrectnessTest.php on line 558
   Ôöé
   Ôöé Warning: Undefined property: class@anonymous::$insert_id in D:\meowseo\tests\properties\Property14RedirectMatchingCorrectnessTest.php on line 558
   Ôöé
   Ôöé Warning: Undefined property: class@anonymous::$insert_id in D:\meowseo\tests\properties\Property14RedirectMatchingCorrectnessTest.php on line 558
   Ôöé
   Ôöé Warning: Undefined property: class@anonymous::$insert_id in D:\meowseo\tests\properties\Property14RedirectMatchingCorrectnessTest.php on line 558
   Ôöé
   Ôöé Warning: Undefined property: class@anonymous::$insert_id in D:\meowseo\tests\properties\Property14RedirectMatchingCorrectnessTest.php on line 558
   Ôöé
   Ôöé Warning: Undefined property: class@anonymous::$insert_id in D:\meowseo\tests\properties\Property14RedirectMatchingCorrectnessTest.php on line 558
   Ôöé
   Ôöé Warning: Undefined property: class@anonymous::$insert_id in D:\meowseo\tests\properties\Property14RedirectMatchingCorrectnessTest.php on line 558
   Ôöé
   Ôöé Warning: Undefined property: class@anonymous::$insert_id in D:\meowseo\tests\properties\Property14RedirectMatchingCorrectnessTest.php on line 558
   Ôöé
   Ôöé Warning: Undefined property: class@anonymous::$insert_id in D:\meowseo\tests\properties\Property14RedirectMatchingCorrectnessTest.php on line 558
   Ôöé
   Ôöé Warning: Undefined property: class@anonymous::$insert_id in D:\meowseo\tests\properties\Property14RedirectMatchingCorrectnessTest.php on line 558
   Ôöé
   Ôöé Warning: Undefined property: class@anonymous::$insert_id in D:\meowseo\tests\properties\Property14RedirectMatchingCorrectnessTest.php on line 558
   Ôöé
   Ôöé Warning: Undefined property: class@anonymous::$insert_id in D:\meowseo\tests\properties\Property14RedirectMatchingCorrectnessTest.php on line 558
   Ôöé
   Ôöé Warning: Undefined property: class@anonymous::$insert_id in D:\meowseo\tests\properties\Property14RedirectMatchingCorrectnessTest.php on line 558
   Ôöé
   Ôöé Warning: Undefined property: class@anonymous::$insert_id in D:\meowseo\tests\properties\Property14RedirectMatchingCorrectnessTest.php on line 558
   Ôöé
   Ôöé Warning: Undefined property: class@anonymous::$insert_id in D:\meowseo\tests\properties\Property14RedirectMatchingCorrectnessTest.php on line 558
   Ôöé
   Ôöé Warning: Undefined property: class@anonymous::$insert_id in D:\meowseo\tests\properties\Property14RedirectMatchingCorrectnessTest.php on line 558
   Ôöé
   Ôöé Warning: Undefined property: class@anonymous::$insert_id in D:\meowseo\tests\properties\Property14RedirectMatchingCorrectnessTest.php on line 558
   Ôöé
   Ôöé Warning: Undefined property: class@anonymous::$insert_id in D:\meowseo\tests\properties\Property14RedirectMatchingCorrectnessTest.php on line 558
   Ôöé
   Ôöé Warning: Undefined property: class@anonymous::$insert_id in D:\meowseo\tests\properties\Property14RedirectMatchingCorrectnessTest.php on line 558
   Ôöé
   Ôöé Warning: Undefined property: class@anonymous::$insert_id in D:\meowseo\tests\properties\Property14RedirectMatchingCorrectnessTest.php on line 558
   Ôöé
   Ôöé Warning: Undefined property: class@anonymous::$insert_id in D:\meowseo\tests\properties\Property14RedirectMatchingCorrectnessTest.php on line 558
   Ôöé
   Ôöé Warning: Undefined property: class@anonymous::$insert_id in D:\meowseo\tests\properties\Property14RedirectMatchingCorrectnessTest.php on line 558
   Ôöé
   Ôöé Warning: Undefined property: class@anonymous::$insert_id in D:\meowseo\tests\properties\Property14RedirectMatchingCorrectnessTest.php on line 558
   Ôöé
   Ôöé Warning: Undefined property: class@anonymous::$insert_id in D:\meowseo\tests\properties\Property14RedirectMatchingCorrectnessTest.php on line 558
   Ôöé
   Ôöé Warning: Undefined property: class@anonymous::$insert_id in D:\meowseo\tests\properties\Property14RedirectMatchingCorrectnessTest.php on line 558
   Ôöé
   Ôöé Warning: Undefined property: class@anonymous::$insert_id in D:\meowseo\tests\properties\Property14RedirectMatchingCorrectnessTest.php on line 558
   Ôöé
   Ôöé Warning: Undefined property: class@anonymous::$insert_id in D:\meowseo\tests\properties\Property14RedirectMatchingCorrectnessTest.php on line 558
   Ôöé
   Ôöé Warning: Undefined property: class@anonymous::$insert_id in D:\meowseo\tests\properties\Property14RedirectMatchingCorrectnessTest.php on line 558
   Ôöé
   Ôöé Warning: Undefined property: class@anonymous::$insert_id in D:\meowseo\tests\properties\Property14RedirectMatchingCorrectnessTest.php on line 558
   Ôöé
   Ôöé Warning: Undefined property: class@anonymous::$insert_id in D:\meowseo\tests\properties\Property14RedirectMatchingCorrectnessTest.php on line 558
   Ôöé
   Ôöé Warning: Undefined property: class@anonymous::$insert_id in D:\meowseo\tests\properties\Property14RedirectMatchingCorrectnessTest.php on line 558
   Ôöé
   Ôöé Warning: Undefined property: class@anonymous::$insert_id in D:\meowseo\tests\properties\Property14RedirectMatchingCorrectnessTest.php on line 558
   Ôöé
   Ôöé Warning: Undefined property: class@anonymous::$insert_id in D:\meowseo\tests\properties\Property14RedirectMatchingCorrectnessTest.php on line 558
   Ôöé
   Ôöé Warning: Undefined property: class@anonymous::$insert_id in D:\meowseo\tests\properties\Property14RedirectMatchingCorrectnessTest.php on line 558
   Ôöé
   Ôöé Warning: Undefined property: class@anonymous::$insert_id in D:\meowseo\tests\properties\Property14RedirectMatchingCorrectnessTest.php on line 558
   Ôöé
   Ôöé Warning: Undefined property: class@anonymous::$insert_id in D:\meowseo\tests\properties\Property14RedirectMatchingCorrectnessTest.php on line 558
   Ôöé
   Ôöé Warning: Undefined property: class@anonymous::$insert_id in D:\meowseo\tests\properties\Property14RedirectMatchingCorrectnessTest.php on line 558
   Ôöé
   Ôöé Warning: Undefined property: class@anonymous::$insert_id in D:\meowseo\tests\properties\Property14RedirectMatchingCorrectnessTest.php on line 558
   Ôöé
   Ôöé Warning: Undefined property: class@anonymous::$insert_id in D:\meowseo\tests\properties\Property14RedirectMatchingCorrectnessTest.php on line 558
   Ôöé
   Ôöé Warning: Undefined property: class@anonymous::$insert_id in D:\meowseo\tests\properties\Property14RedirectMatchingCorrectnessTest.php on line 558
   Ôöé
   Ôöé Warning: Undefined property: class@anonymous::$insert_id in D:\meowseo\tests\properties\Property14RedirectMatchingCorrectnessTest.php on line 558
   Ôöé
   Ôöé Warning: Undefined property: class@anonymous::$insert_id in D:\meowseo\tests\properties\Property14RedirectMatchingCorrectnessTest.php on line 558
   Ôöé
   Ôöé Warning: Undefined property: class@anonymous::$insert_id in D:\meowseo\tests\properties\Property14RedirectMatchingCorrectnessTest.php on line 558
   Ôöé
   Ôöé Warning: Undefined property: class@anonymous::$insert_id in D:\meowseo\tests\properties\Property14RedirectMatchingCorrectnessTest.php on line 558
   Ôöé
   Ôöé Warning: Undefined property: class@anonymous::$insert_id in D:\meowseo\tests\properties\Property14RedirectMatchingCorrectnessTest.php on line 558
   Ôöé
   Ôöé Warning: Undefined property: class@anonymous::$insert_id in D:\meowseo\tests\properties\Property14RedirectMatchingCorrectnessTest.php on line 558
   Ôöé
   Ôöé Warning: Undefined property: class@anonymous::$insert_id in D:\meowseo\tests\properties\Property14RedirectMatchingCorrectnessTest.php on line 558
   Ôöé
   Ôöé Warning: Undefined property: class@anonymous::$insert_id in D:\meowseo\tests\properties\Property14RedirectMatchingCorrectnessTest.php on line 558
   Ôöé
   Ôöé Warning: Undefined property: class@anonymous::$insert_id in D:\meowseo\tests\properties\Property14RedirectMatchingCorrectnessTest.php on line 558
   Ôöé
   Ôöé Warning: Undefined property: class@anonymous::$insert_id in D:\meowseo\tests\properties\Property14RedirectMatchingCorrectnessTest.php on line 558
   Ôöé
   Ôöé Warning: Undefined property: class@anonymous::$insert_id in D:\meowseo\tests\properties\Property14RedirectMatchingCorrectnessTest.php on line 558
   Ôöé
   Ôöé Warning: Undefined property: class@anonymous::$insert_id in D:\meowseo\tests\properties\Property14RedirectMatchingCorrectnessTest.php on line 558
   Ôöé
   Ôöé Warning: Undefined property: class@anonymous::$insert_id in D:\meowseo\tests\properties\Property14RedirectMatchingCorrectnessTest.php on line 558
   Ôöé
   Ôöé Warning: Undefined property: class@anonymous::$insert_id in D:\meowseo\tests\properties\Property14RedirectMatchingCorrectnessTest.php on line 558
   Ôöé
   Ôöé Warning: Undefined property: class@anonymous::$insert_id in D:\meowseo\tests\properties\Property14RedirectMatchingCorrectnessTest.php on line 558
   Ôöé
   Ôöé Warning: Undefined property: class@anonymous::$insert_id in D:\meowseo\tests\properties\Property14RedirectMatchingCorrectnessTest.php on line 558
   Ôöé
   Ôöé Warning: Undefined property: class@anonymous::$insert_id in D:\meowseo\tests\properties\Property14RedirectMatchingCorrectnessTest.php on line 558
   Ôöé
   Ôöé Warning: Undefined property: class@anonymous::$insert_id in D:\meowseo\tests\properties\Property14RedirectMatchingCorrectnessTest.php on line 558
   Ôöé
   Ôöé Warning: Undefined property: class@anonymous::$insert_id in D:\meowseo\tests\properties\Property14RedirectMatchingCorrectnessTest.php on line 558
   Ôöé
   Ôöé Warning: Undefined property: class@anonymous::$insert_id in D:\meowseo\tests\properties\Property14RedirectMatchingCorrectnessTest.php on line 558
   Ôöé
   Ôöé Warning: Undefined property: class@anonymous::$insert_id in D:\meowseo\tests\properties\Property14RedirectMatchingCorrectnessTest.php on line 558
   Ôöé
   Ôöé Warning: Undefined property: class@anonymous::$insert_id in D:\meowseo\tests\properties\Property14RedirectMatchingCorrectnessTest.php on line 558
   Ôöé
   Ôöé Warning: Undefined property: class@anonymous::$insert_id in D:\meowseo\tests\properties\Property14RedirectMatchingCorrectnessTest.php on line 558
   Ôöé
   Ôöé Warning: Undefined property: class@anonymous::$insert_id in D:\meowseo\tests\properties\Property14RedirectMatchingCorrectnessTest.php on line 558
   Ôöé
   Ôöé Warning: Undefined property: class@anonymous::$insert_id in D:\meowseo\tests\properties\Property14RedirectMatchingCorrectnessTest.php on line 558
   Ôöé
   Ôöé Warning: Undefined property: class@anonymous::$insert_id in D:\meowseo\tests\properties\Property14RedirectMatchingCorrectnessTest.php on line 558
   Ôöé
   Ôöé Warning: Undefined property: class@anonymous::$insert_id in D:\meowseo\tests\properties\Property14RedirectMatchingCorrectnessTest.php on line 558
   Ôöé
   Ôöé Warning: Undefined property: class@anonymous::$insert_id in D:\meowseo\tests\properties\Property14RedirectMatchingCorrectnessTest.php on line 558
   Ôöé
   Ôöé Warning: Undefined property: class@anonymous::$insert_id in D:\meowseo\tests\properties\Property14RedirectMatchingCorrectnessTest.php on line 558
   Ôöé
   Ôöé Warning: Undefined property: class@anonymous::$insert_id in D:\meowseo\tests\properties\Property14RedirectMatchingCorrectnessTest.php on line 558
   Ôöé
   Ôöé Warning: Undefined property: class@anonymous::$insert_id in D:\meowseo\tests\properties\Property14RedirectMatchingCorrectnessTest.php on line 558
   Ôöé
   Ôöé Warning: Undefined property: class@anonymous::$insert_id in D:\meowseo\tests\properties\Property14RedirectMatchingCorrectnessTest.php on line 558
   Ôöé
   Ôöé Warning: Undefined property: class@anonymous::$insert_id in D:\meowseo\tests\properties\Property14RedirectMatchingCorrectnessTest.php on line 558
   Ôöé
   Ôöé Warning: Undefined property: class@anonymous::$insert_id in D:\meowseo\tests\properties\Property14RedirectMatchingCorrectnessTest.php on line 558
   Ôöé
   Ôöé Warning: Undefined property: class@anonymous::$insert_id in D:\meowseo\tests\properties\Property14RedirectMatchingCorrectnessTest.php on line 558
   Ôöé
   Ôöé Warning: Undefined property: class@anonymous::$insert_id in D:\meowseo\tests\properties\Property14RedirectMatchingCorrectnessTest.php on line 558
   Ôöé
   Ôöé Warning: Undefined property: class@anonymous::$insert_id in D:\meowseo\tests\properties\Property14RedirectMatchingCorrectnessTest.php on line 558
   Ôöé
   Ôöé Warning: Undefined property: class@anonymous::$insert_id in D:\meowseo\tests\properties\Property14RedirectMatchingCorrectnessTest.php on line 558
   Ôöé
   Ôöé Warning: Undefined property: class@anonymous::$insert_id in D:\meowseo\tests\properties\Property14RedirectMatchingCorrectnessTest.php on line 558
   Ôöé
   Ôöé Warning: Undefined property: class@anonymous::$insert_id in D:\meowseo\tests\properties\Property14RedirectMatchingCorrectnessTest.php on line 558
   Ôöé
   Ôöé Warning: Undefined property: class@anonymous::$insert_id in D:\meowseo\tests\properties\Property14RedirectMatchingCorrectnessTest.php on line 558
   Ôöé
   Ôöé Warning: Undefined property: class@anonymous::$insert_id in D:\meowseo\tests\properties\Property14RedirectMatchingCorrectnessTest.php on line 558
   Ôöé
   Ôöé Warning: Undefined property: class@anonymous::$insert_id in D:\meowseo\tests\properties\Property14RedirectMatchingCorrectnessTest.php on line 558
   Ôöé
   Ôöé Warning: Undefined property: class@anonymous::$insert_id in D:\meowseo\tests\properties\Property14RedirectMatchingCorrectnessTest.php on line 558
   Ôöé
   Ôöé Warning: Undefined property: class@anonymous::$insert_id in D:\meowseo\tests\properties\Property14RedirectMatchingCorrectnessTest.php on line 558
   Ôöé
   Ôöé Warning: Undefined property: class@anonymous::$insert_id in D:\meowseo\tests\properties\Property14RedirectMatchingCorrectnessTest.php on line 558
   Ôöé
   Ôöé Warning: Undefined property: class@anonymous::$insert_id in D:\meowseo\tests\properties\Property14RedirectMatchingCorrectnessTest.php on line 558
   Ôöé
   Ôöé Warning: Undefined property: class@anonymous::$insert_id in D:\meowseo\tests\properties\Property14RedirectMatchingCorrectnessTest.php on line 558
   Ôöé
   Ôöé Warning: Undefined property: class@anonymous::$insert_id in D:\meowseo\tests\properties\Property14RedirectMatchingCorrectnessTest.php on line 558
   Ôöé
   Ôöé Warning: Undefined property: class@anonymous::$insert_id in D:\meowseo\tests\properties\Property14RedirectMatchingCorrectnessTest.php on line 558
   Ôöé
   Ôöé Warning: Undefined property: class@anonymous::$insert_id in D:\meowseo\tests\properties\Property14RedirectMatchingCorrectnessTest.php on line 558
   Ôöé
   Ôöé Warning: Undefined property: class@anonymous::$insert_id in D:\meowseo\tests\properties\Property14RedirectMatchingCorrectnessTest.php on line 558
   Ôöé
   Ôöé Warning: Undefined property: class@anonymous::$insert_id in D:\meowseo\tests\properties\Property14RedirectMatchingCorrectnessTest.php on line 558
   Ôöé
   Ôöé Warning: Undefined property: class@anonymous::$insert_id in D:\meowseo\tests\properties\Property14RedirectMatchingCorrectnessTest.php on line 558
   Ôöé
   Ôöé Warning: Undefined property: class@anonymous::$insert_id in D:\meowseo\tests\properties\Property14RedirectMatchingCorrectnessTest.php on line 558
   Ôöé
   Ôöé Warning: Undefined property: class@anonymous::$insert_id in D:\meowseo\tests\properties\Property14RedirectMatchingCorrectnessTest.php on line 558
   Ôöé
   Ôöé Warning: Undefined property: class@anonymous::$insert_id in D:\meowseo\tests\properties\Property14RedirectMatchingCorrectnessTest.php on line 558
   Ôöé
   Ôöé Warning: Undefined property: class@anonymous::$insert_id in D:\meowseo\tests\properties\Property14RedirectMatchingCorrectnessTest.php on line 558
   Ôöé
   Ôöé Warning: Undefined property: class@anonymous::$insert_id in D:\meowseo\tests\properties\Property14RedirectMatchingCorrectnessTest.php on line 558
   Ôöé
   Ôöé Warning: Undefined property: class@anonymous::$insert_id in D:\meowseo\tests\properties\Property14RedirectMatchingCorrectnessTest.php on line 558
   Ôöé
   Ôöé Warning: Undefined property: class@anonymous::$insert_id in D:\meowseo\tests\properties\Property14RedirectMatchingCorrectnessTest.php on line 558
   Ôöé
   Ôöé Warning: Undefined property: class@anonymous::$insert_id in D:\meowseo\tests\properties\Property14RedirectMatchingCorrectnessTest.php on line 558
   Ôöé
   Ôöé Warning: Undefined property: class@anonymous::$insert_id in D:\meowseo\tests\properties\Property14RedirectMatchingCorrectnessTest.php on line 558
   Ôöé
   Ôöé Warning: Undefined property: class@anonymous::$insert_id in D:\meowseo\tests\properties\Property14RedirectMatchingCorrectnessTest.php on line 558
   Ôöé
   Ôöé Warning: Undefined property: class@anonymous::$insert_id in D:\meowseo\tests\properties\Property14RedirectMatchingCorrectnessTest.php on line 558
   Ôöé
   Ôöé Warning: Undefined property: class@anonymous::$insert_id in D:\meowseo\tests\properties\Property14RedirectMatchingCorrectnessTest.php on line 558
   Ôöé
   Ôöé Warning: Undefined property: class@anonymous::$insert_id in D:\meowseo\tests\properties\Property14RedirectMatchingCorrectnessTest.php on line 558
   Ôöé
   Ôöé Warning: Undefined property: class@anonymous::$insert_id in D:\meowseo\tests\properties\Property14RedirectMatchingCorrectnessTest.php on line 558
   Ôöé
   Ôöé Warning: Undefined property: class@anonymous::$insert_id in D:\meowseo\tests\properties\Property14RedirectMatchingCorrectnessTest.php on line 558
   Ôöé
   Ôöé Warning: Undefined property: class@anonymous::$insert_id in D:\meowseo\tests\properties\Property14RedirectMatchingCorrectnessTest.php on line 558
   Ôöé
   Ôöé Warning: Undefined property: class@anonymous::$insert_id in D:\meowseo\tests\properties\Property14RedirectMatchingCorrectnessTest.php on line 558
   Ôöé
   Ôöé Warning: Undefined property: class@anonymous::$insert_id in D:\meowseo\tests\properties\Property14RedirectMatchingCorrectnessTest.php on line 558
   Ôöé
   Ôöé Warning: Undefined property: class@anonymous::$insert_id in D:\meowseo\tests\properties\Property14RedirectMatchingCorrectnessTest.php on line 558
   Ôöé
   Ôöé Warning: Undefined property: class@anonymous::$insert_id in D:\meowseo\tests\properties\Property14RedirectMatchingCorrectnessTest.php on line 558
   Ôöé
   Ôöé Warning: Undefined property: class@anonymous::$insert_id in D:\meowseo\tests\properties\Property14RedirectMatchingCorrectnessTest.php on line 558
   Ôöé
   Ôöé Warning: Undefined property: class@anonymous::$insert_id in D:\meowseo\tests\properties\Property14RedirectMatchingCorrectnessTest.php on line 558
   Ôöé
   Ôöé Warning: Undefined property: class@anonymous::$insert_id in D:\meowseo\tests\properties\Property14RedirectMatchingCorrectnessTest.php on line 558
   Ôöé
   Ôöé Warning: Undefined property: class@anonymous::$insert_id in D:\meowseo\tests\properties\Property14RedirectMatchingCorrectnessTest.php on line 558
   Ôöé
   Ôöé Warning: Undefined property: class@anonymous::$insert_id in D:\meowseo\tests\properties\Property14RedirectMatchingCorrectnessTest.php on line 558
   Ôöé
   Ôöé Warning: Undefined property: class@anonymous::$insert_id in D:\meowseo\tests\properties\Property14RedirectMatchingCorrectnessTest.php on line 558
   Ôöé
   Ôöé Warning: Undefined property: class@anonymous::$insert_id in D:\meowseo\tests\properties\Property14RedirectMatchingCorrectnessTest.php on line 558
   Ôöé
   Ôöé Warning: Undefined property: class@anonymous::$insert_id in D:\meowseo\tests\properties\Property14RedirectMatchingCorrectnessTest.php on line 558
   Ôöé
   Ôöé Warning: Undefined property: class@anonymous::$insert_id in D:\meowseo\tests\properties\Property14RedirectMatchingCorrectnessTest.php on line 558
   Ôöé
   Ôöé Warning: Undefined property: class@anonymous::$insert_id in D:\meowseo\tests\properties\Property14RedirectMatchingCorrectnessTest.php on line 558
   Ôöé
   Ôöé Warning: Undefined property: class@anonymous::$insert_id in D:\meowseo\tests\properties\Property14RedirectMatchingCorrectnessTest.php on line 558
   Ôöé
   Ôöé Warning: Undefined property: class@anonymous::$insert_id in D:\meowseo\tests\properties\Property14RedirectMatchingCorrectnessTest.php on line 558
   Ôöé
   Ôöé Warning: Undefined property: class@anonymous::$insert_id in D:\meowseo\tests\properties\Property14RedirectMatchingCorrectnessTest.php on line 558
   Ôöé
   Ôöé Warning: Undefined property: class@anonymous::$insert_id in D:\meowseo\tests\properties\Property14RedirectMatchingCorrectnessTest.php on line 558
   Ôöé
   Ôöé Warning: Undefined property: class@anonymous::$insert_id in D:\meowseo\tests\properties\Property14RedirectMatchingCorrectnessTest.php on line 558
   Ôöé
   Ôöé Warning: Undefined property: class@anonymous::$insert_id in D:\meowseo\tests\properties\Property14RedirectMatchingCorrectnessTest.php on line 558
   Ôöé
   Ôöé Warning: Undefined property: class@anonymous::$insert_id in D:\meowseo\tests\properties\Property14RedirectMatchingCorrectnessTest.php on line 558
   Ôöé
   Ôöé Warning: Undefined property: class@anonymous::$insert_id in D:\meowseo\tests\properties\Property14RedirectMatchingCorrectnessTest.php on line 558
   Ôöé
   Ôöé Warning: Undefined property: class@anonymous::$insert_id in D:\meowseo\tests\properties\Property14RedirectMatchingCorrectnessTest.php on line 558
   Ôöé
   Ôöé Warning: Undefined property: class@anonymous::$insert_id in D:\meowseo\tests\properties\Property14RedirectMatchingCorrectnessTest.php on line 558
   Ôöé
   Ôöé Warning: Undefined property: class@anonymous::$insert_id in D:\meowseo\tests\properties\Property14RedirectMatchingCorrectnessTest.php on line 558
   Ôöé
   Ôöé Warning: Undefined property: class@anonymous::$insert_id in D:\meowseo\tests\properties\Property14RedirectMatchingCorrectnessTest.php on line 558
   Ôöé
   Ôöé Warning: Undefined property: class@anonymous::$insert_id in D:\meowseo\tests\properties\Property14RedirectMatchingCorrectnessTest.php on line 558
   Ôöé
   Ôöé Warning: Undefined property: class@anonymous::$insert_id in D:\meowseo\tests\properties\Property14RedirectMatchingCorrectnessTest.php on line 558
   Ôöé
   Ôöé Warning: Undefined property: class@anonymous::$insert_id in D:\meowseo\tests\properties\Property14RedirectMatchingCorrectnessTest.php on line 558
   Ôöé
   Ôöé Warning: Undefined property: class@anonymous::$insert_id in D:\meowseo\tests\properties\Property14RedirectMatchingCorrectnessTest.php on line 558
   Ôöé
   Ôöé Warning: Undefined property: class@anonymous::$insert_id in D:\meowseo\tests\properties\Property14RedirectMatchingCorrectnessTest.php on line 558
   Ôöé
   Ôöé Warning: Undefined property: class@anonymous::$insert_id in D:\meowseo\tests\properties\Property14RedirectMatchingCorrectnessTest.php on line 558
   Ôöé
   Ôöé Warning: Undefined property: class@anonymous::$insert_id in D:\meowseo\tests\properties\Property14RedirectMatchingCorrectnessTest.php on line 558
   Ôöé
   Ôöé Warning: Undefined property: class@anonymous::$insert_id in D:\meowseo\tests\properties\Property14RedirectMatchingCorrectnessTest.php on line 558
   Ôöé
   Ôöé Warning: Undefined property: class@anonymous::$insert_id in D:\meowseo\tests\properties\Property14RedirectMatchingCorrectnessTest.php on line 558
   Ôöé
   Ôöé Warning: Undefined property: class@anonymous::$insert_id in D:\meowseo\tests\properties\Property14RedirectMatchingCorrectnessTest.php on line 558
   Ôöé
   Ôöé Warning: Undefined property: class@anonymous::$insert_id in D:\meowseo\tests\properties\Property14RedirectMatchingCorrectnessTest.php on line 558
   Ôöé
   Ôöé Warning: Undefined property: class@anonymous::$insert_id in D:\meowseo\tests\properties\Property14RedirectMatchingCorrectnessTest.php on line 558
   Ôöé
   Ôöé Warning: Undefined property: class@anonymous::$insert_id in D:\meowseo\tests\properties\Property14RedirectMatchingCorrectnessTest.php on line 558
   Ôöé
   Ôöé Warning: Undefined property: class@anonymous::$insert_id in D:\meowseo\tests\properties\Property14RedirectMatchingCorrectnessTest.php on line 558
   Ôöé
   Ôöé Warning: Undefined property: class@anonymous::$insert_id in D:\meowseo\tests\properties\Property14RedirectMatchingCorrectnessTest.php on line 558
   Ôöé
   Ôöé Warning: Undefined property: class@anonymous::$insert_id in D:\meowseo\tests\properties\Property14RedirectMatchingCorrectnessTest.php on line 558
   Ôöé
   Ôöé Warning: Undefined property: class@anonymous::$insert_id in D:\meowseo\tests\properties\Property14RedirectMatchingCorrectnessTest.php on line 558
   Ôöé
   Ôöé Warning: Undefined property: class@anonymous::$insert_id in D:\meowseo\tests\properties\Property14RedirectMatchingCorrectnessTest.php on line 558
   Ôöé
   Ôöé Warning: Undefined property: class@anonymous::$insert_id in D:\meowseo\tests\properties\Property14RedirectMatchingCorrectnessTest.php on line 558
   Ôöé
   Ôöé Warning: Undefined property: class@anonymous::$insert_id in D:\meowseo\tests\properties\Property14RedirectMatchingCorrectnessTest.php on line 558
   Ôöé
   Ôöé Warning: Undefined property: class@anonymous::$insert_id in D:\meowseo\tests\properties\Property14RedirectMatchingCorrectnessTest.php on line 558
   Ôöé
   Ôöé Warning: Undefined property: class@anonymous::$insert_id in D:\meowseo\tests\properties\Property14RedirectMatchingCorrectnessTest.php on line 558
   Ôöé
   Ôöé Warning: Undefined property: class@anonymous::$insert_id in D:\meowseo\tests\properties\Property14RedirectMatchingCorrectnessTest.php on line 558
   Ôöé
   Ôöé Warning: Undefined property: class@anonymous::$insert_id in D:\meowseo\tests\properties\Property14RedirectMatchingCorrectnessTest.php on line 558
   Ôöé
   Ôöé Warning: Undefined property: class@anonymous::$insert_id in D:\meowseo\tests\properties\Property14RedirectMatchingCorrectnessTest.php on line 558
   Ôöé
   Ôöé Warning: Undefined property: class@anonymous::$insert_id in D:\meowseo\tests\properties\Property14RedirectMatchingCorrectnessTest.php on line 558
   Ôöé
   Ôöé Warning: Undefined property: class@anonymous::$insert_id in D:\meowseo\tests\properties\Property14RedirectMatchingCorrectnessTest.php on line 558
   Ôöé
   Ôöé Warning: Undefined property: class@anonymous::$insert_id in D:\meowseo\tests\properties\Property14RedirectMatchingCorrectnessTest.php on line 558
   Ôöé
   Ôöé Warning: Undefined property: class@anonymous::$insert_id in D:\meowseo\tests\properties\Property14RedirectMatchingCorrectnessTest.php on line 558
   Ôöé
   Ôöé Warning: Undefined property: class@anonymous::$insert_id in D:\meowseo\tests\properties\Property14RedirectMatchingCorrectnessTest.php on line 558
   Ôöé
   Ôöé Warning: Undefined property: class@anonymous::$insert_id in D:\meowseo\tests\properties\Property14RedirectMatchingCorrectnessTest.php on line 558
   Ôöé
   Ôöé Warning: Undefined property: class@anonymous::$insert_id in D:\meowseo\tests\properties\Property14RedirectMatchingCorrectnessTest.php on line 558
   Ôöé
   Ôöé Warning: Undefined property: class@anonymous::$insert_id in D:\meowseo\tests\properties\Property14RedirectMatchingCorrectnessTest.php on line 558
   Ôöé
   Ôöé Warning: Undefined property: class@anonymous::$insert_id in D:\meowseo\tests\properties\Property14RedirectMatchingCorrectnessTest.php on line 558
   Ôöé
   Ôöé Warning: Undefined property: class@anonymous::$insert_id in D:\meowseo\tests\properties\Property14RedirectMatchingCorrectnessTest.php on line 558
   Ôöé
   Ôöé Warning: Undefined property: class@anonymous::$insert_id in D:\meowseo\tests\properties\Property14RedirectMatchingCorrectnessTest.php on line 558
   Ôöé
   Ôöé Warning: Undefined property: class@anonymous::$insert_id in D:\meowseo\tests\properties\Property14RedirectMatchingCorrectnessTest.php on line 558
   Ôöé
   Ôöé Warning: Undefined property: class@anonymous::$insert_id in D:\meowseo\tests\properties\Property14RedirectMatchingCorrectnessTest.php on line 558
   Ôöé
   Ôöé Warning: Undefined property: class@anonymous::$insert_id in D:\meowseo\tests\properties\Property14RedirectMatchingCorrectnessTest.php on line 558
   Ôöé
   Ôöé Warning: Undefined property: class@anonymous::$insert_id in D:\meowseo\tests\properties\Property14RedirectMatchingCorrectnessTest.php on line 558
   Ôöé
   Ôöé Warning: Undefined property: class@anonymous::$insert_id in D:\meowseo\tests\properties\Property14RedirectMatchingCorrectnessTest.php on line 558
   Ôöé
   Ôöé Warning: Undefined property: class@anonymous::$insert_id in D:\meowseo\tests\properties\Property14RedirectMatchingCorrectnessTest.php on line 558
   Ôöé
   Ôöé Warning: Undefined property: class@anonymous::$insert_id in D:\meowseo\tests\properties\Property14RedirectMatchingCorrectnessTest.php on line 558
   Ôöé
   Ôöé Warning: Undefined property: class@anonymous::$insert_id in D:\meowseo\tests\properties\Property14RedirectMatchingCorrectnessTest.php on line 558
   Ôöé
   Ôöé Warning: Undefined property: class@anonymous::$insert_id in D:\meowseo\tests\properties\Property14RedirectMatchingCorrectnessTest.php on line 558
   Ôöé
   Ôöé Warning: Undefined property: class@anonymous::$insert_id in D:\meowseo\tests\properties\Property14RedirectMatchingCorrectnessTest.php on line 558
   Ôöé
   Ôöé Warning: Undefined property: class@anonymous::$insert_id in D:\meowseo\tests\properties\Property14RedirectMatchingCorrectnessTest.php on line 558
   Ôöé
   Ôöé Warning: Undefined property: class@anonymous::$insert_id in D:\meowseo\tests\properties\Property14RedirectMatchingCorrectnessTest.php on line 558
   Ôöé
   Ôöé Warning: Undefined property: class@anonymous::$insert_id in D:\meowseo\tests\properties\Property14RedirectMatchingCorrectnessTest.php on line 558
   Ôöé
   Ôöé Warning: Undefined property: class@anonymous::$insert_id in D:\meowseo\tests\properties\Property14RedirectMatchingCorrectnessTest.php on line 558
   Ôöé
   Ôöé Warning: Undefined property: class@anonymous::$insert_id in D:\meowseo\tests\properties\Property14RedirectMatchingCorrectnessTest.php on line 558
   Ôöé

Warning: Undefined property: class@anonymous::$insert_id in D:\meowseo\tests\properties\Property14RedirectMatchingCorrectnessTest.php on line 558

Warning: Undefined property: class@anonymous::$insert_id in D:\meowseo\tests\properties\Property14RedirectMatchingCorrectnessTest.php on line 558

Warning: Undefined property: class@anonymous::$insert_id in D:\meowseo\tests\properties\Property14RedirectMatchingCorrectnessTest.php on line 558

Warning: Undefined property: class@anonymous::$insert_id in D:\meowseo\tests\properties\Property14RedirectMatchingCorrectnessTest.php on line 558

Warning: Undefined property: class@anonymous::$insert_id in D:\meowseo\tests\properties\Property14RedirectMatchingCorrectnessTest.php on line 558

Warning: Undefined property: class@anonymous::$insert_id in D:\meowseo\tests\properties\Property14RedirectMatchingCorrectnessTest.php on line 558

Warning: Undefined property: class@anonymous::$insert_id in D:\meowseo\tests\properties\Property14RedirectMatchingCorrectnessTest.php on line 558

Warning: Undefined property: class@anonymous::$insert_id in D:\meowseo\tests\properties\Property14RedirectMatchingCorrectnessTest.php on line 558

Warning: Undefined property: class@anonymous::$insert_id in D:\meowseo\tests\properties\Property14RedirectMatchingCorrectnessTest.php on line 558

Warning: Undefined property: class@anonymous::$insert_id in D:\meowseo\tests\properties\Property14RedirectMatchingCorrectnessTest.php on line 558

Warning: Undefined property: class@anonymous::$insert_id in D:\meowseo\tests\properties\Property14RedirectMatchingCorrectnessTest.php on line 558

Warning: Undefined property: class@anonymous::$insert_id in D:\meowseo\tests\properties\Property14RedirectMatchingCorrectnessTest.php on line 558

Warning: Undefined property: class@anonymous::$insert_id in D:\meowseo\tests\properties\Property14RedirectMatchingCorrectnessTest.php on line 558

Warning: Undefined property: class@anonymous::$insert_id in D:\meowseo\tests\properties\Property14RedirectMatchingCorrectnessTest.php on line 558

Warning: Undefined property: class@anonymous::$insert_id in D:\meowseo\tests\properties\Property14RedirectMatchingCorrectnessTest.php on line 558

Warning: Undefined property: class@anonymous::$insert_id in D:\meowseo\tests\properties\Property14RedirectMatchingCorrectnessTest.php on line 558

Warning: Undefined property: class@anonymous::$insert_id in D:\meowseo\tests\properties\Property14RedirectMatchingCorrectnessTest.php on line 558

Warning: Undefined property: class@anonymous::$insert_id in D:\meowseo\tests\properties\Property14RedirectMatchingCorrectnessTest.php on line 558

Warning: Undefined property: class@anonymous::$insert_id in D:\meowseo\tests\properties\Property14RedirectMatchingCorrectnessTest.php on line 558

Warning: Undefined property: class@anonymous::$insert_id in D:\meowseo\tests\properties\Property14RedirectMatchingCorrectnessTest.php on line 558

Warning: Undefined property: class@anonymous::$insert_id in D:\meowseo\tests\properties\Property14RedirectMatchingCorrectnessTest.php on line 558

Warning: Undefined property: class@anonymous::$insert_id in D:\meowseo\tests\properties\Property14RedirectMatchingCorrectnessTest.php on line 558

Warning: Undefined property: class@anonymous::$insert_id in D:\meowseo\tests\properties\Property14RedirectMatchingCorrectnessTest.php on line 558

Warning: Undefined property: class@anonymous::$insert_id in D:\meowseo\tests\properties\Property14RedirectMatchingCorrectnessTest.php on line 558

Warning: Undefined property: class@anonymous::$insert_id in D:\meowseo\tests\properties\Property14RedirectMatchingCorrectnessTest.php on line 558

Warning: Undefined property: class@anonymous::$insert_id in D:\meowseo\tests\properties\Property14RedirectMatchingCorrectnessTest.php on line 558

Warning: Undefined property: class@anonymous::$insert_id in D:\meowseo\tests\properties\Property14RedirectMatchingCorrectnessTest.php on line 558

Warning: Undefined property: class@anonymous::$insert_id in D:\meowseo\tests\properties\Property14RedirectMatchingCorrectnessTest.php on line 558

Warning: Undefined property: class@anonymous::$insert_id in D:\meowseo\tests\properties\Property14RedirectMatchingCorrectnessTest.php on line 558

Warning: Undefined property: class@anonymous::$insert_id in D:\meowseo\tests\properties\Property14RedirectMatchingCorrectnessTest.php on line 558

Warning: Undefined property: class@anonymous::$insert_id in D:\meowseo\tests\properties\Property14RedirectMatchingCorrectnessTest.php on line 558

Warning: Undefined property: class@anonymous::$insert_id in D:\meowseo\tests\properties\Property14RedirectMatchingCorrectnessTest.php on line 558

Warning: Undefined property: class@anonymous::$insert_id in D:\meowseo\tests\properties\Property14RedirectMatchingCorrectnessTest.php on line 558

Warning: Undefined property: class@anonymous::$insert_id in D:\meowseo\tests\properties\Property14RedirectMatchingCorrectnessTest.php on line 558

Warning: Undefined property: class@anonymous::$insert_id in D:\meowseo\tests\properties\Property14RedirectMatchingCorrectnessTest.php on line 558

Warning: Undefined property: class@anonymous::$insert_id in D:\meowseo\tests\properties\Property14RedirectMatchingCorrectnessTest.php on line 558

Warning: Undefined property: class@anonymous::$insert_id in D:\meowseo\tests\properties\Property14RedirectMatchingCorrectnessTest.php on line 558

Warning: Undefined property: class@anonymous::$insert_id in D:\meowseo\tests\properties\Property14RedirectMatchingCorrectnessTest.php on line 558

Warning: Undefined property: class@anonymous::$insert_id in D:\meowseo\tests\properties\Property14RedirectMatchingCorrectnessTest.php on line 558

Warning: Undefined property: class@anonymous::$insert_id in D:\meowseo\tests\properties\Property14RedirectMatchingCorrectnessTest.php on line 558

Warning: Undefined property: class@anonymous::$insert_id in D:\meowseo\tests\properties\Property14RedirectMatchingCorrectnessTest.php on line 558

Warning: Undefined property: class@anonymous::$insert_id in D:\meowseo\tests\properties\Property14RedirectMatchingCorrectnessTest.php on line 558

Warning: Undefined property: class@anonymous::$insert_id in D:\meowseo\tests\properties\Property14RedirectMatchingCorrectnessTest.php on line 558

Warning: Undefined property: class@anonymous::$insert_id in D:\meowseo\tests\properties\Property14RedirectMatchingCorrectnessTest.php on line 558

Warning: Undefined property: class@anonymous::$insert_id in D:\meowseo\tests\properties\Property14RedirectMatchingCorrectnessTest.php on line 558

Warning: Undefined property: class@anonymous::$insert_id in D:\meowseo\tests\properties\Property14RedirectMatchingCorrectnessTest.php on line 558

Warning: Undefined property: class@anonymous::$insert_id in D:\meowseo\tests\properties\Property14RedirectMatchingCorrectnessTest.php on line 558

Warning: Undefined property: class@anonymous::$insert_id in D:\meowseo\tests\properties\Property14RedirectMatchingCorrectnessTest.php on line 558

Warning: Undefined property: class@anonymous::$insert_id in D:\meowseo\tests\properties\Property14RedirectMatchingCorrectnessTest.php on line 558

Warning: Undefined property: class@anonymous::$insert_id in D:\meowseo\tests\properties\Property14RedirectMatchingCorrectnessTest.php on line 558

Warning: Undefined property: class@anonymous::$insert_id in D:\meowseo\tests\properties\Property14RedirectMatchingCorrectnessTest.php on line 558

Warning: Undefined property: class@anonymous::$insert_id in D:\meowseo\tests\properties\Property14RedirectMatchingCorrectnessTest.php on line 558

Warning: Undefined property: class@anonymous::$insert_id in D:\meowseo\tests\properties\Property14RedirectMatchingCorrectnessTest.php on line 558

Warning: Undefined property: class@anonymous::$insert_id in D:\meowseo\tests\properties\Property14RedirectMatchingCorrectnessTest.php on line 558

Warning: Undefined property: class@anonymous::$insert_id in D:\meowseo\tests\properties\Property14RedirectMatchingCorrectnessTest.php on line 558

Warning: Undefined property: class@anonymous::$insert_id in D:\meowseo\tests\properties\Property14RedirectMatchingCorrectnessTest.php on line 558

Warning: Undefined property: class@anonymous::$insert_id in D:\meowseo\tests\properties\Property14RedirectMatchingCorrectnessTest.php on line 558

Warning: Undefined property: class@anonymous::$insert_id in D:\meowseo\tests\properties\Property14RedirectMatchingCorrectnessTest.php on line 558

Warning: Undefined property: class@anonymous::$insert_id in D:\meowseo\tests\properties\Property14RedirectMatchingCorrectnessTest.php on line 558

Warning: Undefined property: class@anonymous::$insert_id in D:\meowseo\tests\properties\Property14RedirectMatchingCorrectnessTest.php on line 558

Warning: Undefined property: class@anonymous::$insert_id in D:\meowseo\tests\properties\Property14RedirectMatchingCorrectnessTest.php on line 558

Warning: Undefined property: class@anonymous::$insert_id in D:\meowseo\tests\properties\Property14RedirectMatchingCorrectnessTest.php on line 558

Warning: Undefined property: class@anonymous::$insert_id in D:\meowseo\tests\properties\Property14RedirectMatchingCorrectnessTest.php on line 558

Warning: Undefined property: class@anonymous::$insert_id in D:\meowseo\tests\properties\Property14RedirectMatchingCorrectnessTest.php on line 558

Warning: Undefined property: class@anonymous::$insert_id in D:\meowseo\tests\properties\Property14RedirectMatchingCorrectnessTest.php on line 558

Warning: Undefined property: class@anonymous::$insert_id in D:\meowseo\tests\properties\Property14RedirectMatchingCorrectnessTest.php on line 558

Warning: Undefined property: class@anonymous::$insert_id in D:\meowseo\tests\properties\Property14RedirectMatchingCorrectnessTest.php on line 558

Warning: Undefined property: class@anonymous::$insert_id in D:\meowseo\tests\properties\Property14RedirectMatchingCorrectnessTest.php on line 558

Warning: Undefined property: class@anonymous::$insert_id in D:\meowseo\tests\properties\Property14RedirectMatchingCorrectnessTest.php on line 558

Warning: Undefined property: class@anonymous::$insert_id in D:\meowseo\tests\properties\Property14RedirectMatchingCorrectnessTest.php on line 558

Warning: Undefined property: class@anonymous::$insert_id in D:\meowseo\tests\properties\Property14RedirectMatchingCorrectnessTest.php on line 558

Warning: Undefined property: class@anonymous::$insert_id in D:\meowseo\tests\properties\Property14RedirectMatchingCorrectnessTest.php on line 558

Warning: Undefined property: class@anonymous::$insert_id in D:\meowseo\tests\properties\Property14RedirectMatchingCorrectnessTest.php on line 558

Warning: Undefined property: class@anonymous::$insert_id in D:\meowseo\tests\properties\Property14RedirectMatchingCorrectnessTest.php on line 558

Warning: Undefined property: class@anonymous::$insert_id in D:\meowseo\tests\properties\Property14RedirectMatchingCorrectnessTest.php on line 558

Warning: Undefined property: class@anonymous::$insert_id in D:\meowseo\tests\properties\Property14RedirectMatchingCorrectnessTest.php on line 558

Warning: Undefined property: class@anonymous::$insert_id in D:\meowseo\tests\properties\Property14RedirectMatchingCorrectnessTest.php on line 558

Warning: Undefined property: class@anonymous::$insert_id in D:\meowseo\tests\properties\Property14RedirectMatchingCorrectnessTest.php on line 558

Warning: Undefined property: class@anonymous::$insert_id in D:\meowseo\tests\properties\Property14RedirectMatchingCorrectnessTest.php on line 558

Warning: Undefined property: class@anonymous::$insert_id in D:\meowseo\tests\properties\Property14RedirectMatchingCorrectnessTest.php on line 558

Warning: Undefined property: class@anonymous::$insert_id in D:\meowseo\tests\properties\Property14RedirectMatchingCorrectnessTest.php on line 558

Warning: Undefined property: class@anonymous::$insert_id in D:\meowseo\tests\properties\Property14RedirectMatchingCorrectnessTest.php on line 558

Warning: Undefined property: class@anonymous::$insert_id in D:\meowseo\tests\properties\Property14RedirectMatchingCorrectnessTest.php on line 558

Warning: Undefined property: class@anonymous::$insert_id in D:\meowseo\tests\properties\Property14RedirectMatchingCorrectnessTest.php on line 558

Warning: Undefined property: class@anonymous::$insert_id in D:\meowseo\tests\properties\Property14RedirectMatchingCorrectnessTest.php on line 558

Warning: Undefined property: class@anonymous::$insert_id in D:\meowseo\tests\properties\Property14RedirectMatchingCorrectnessTest.php on line 558

Warning: Undefined property: class@anonymous::$insert_id in D:\meowseo\tests\properties\Property14RedirectMatchingCorrectnessTest.php on line 558

Warning: Undefined property: class@anonymous::$insert_id in D:\meowseo\tests\properties\Property14RedirectMatchingCorrectnessTest.php on line 558

Warning: Undefined property: class@anonymous::$insert_id in D:\meowseo\tests\properties\Property14RedirectMatchingCorrectnessTest.php on line 558

Warning: Undefined property: class@anonymous::$insert_id in D:\meowseo\tests\properties\Property14RedirectMatchingCorrectnessTest.php on line 558

Warning: Undefined property: class@anonymous::$insert_id in D:\meowseo\tests\properties\Property14RedirectMatchingCorrectnessTest.php on line 558

Warning: Undefined property: class@anonymous::$insert_id in D:\meowseo\tests\properties\Property14RedirectMatchingCorrectnessTest.php on line 558

Warning: Undefined property: class@anonymous::$insert_id in D:\meowseo\tests\properties\Property14RedirectMatchingCorrectnessTest.php on line 558

Warning: Undefined property: class@anonymous::$insert_id in D:\meowseo\tests\properties\Property14RedirectMatchingCorrectnessTest.php on line 558

Warning: Undefined property: class@anonymous::$insert_id in D:\meowseo\tests\properties\Property14RedirectMatchingCorrectnessTest.php on line 558

Warning: Undefined property: class@anonymous::$insert_id in D:\meowseo\tests\properties\Property14RedirectMatchingCorrectnessTest.php on line 558

Warning: Undefined property: class@anonymous::$insert_id in D:\meowseo\tests\properties\Property14RedirectMatchingCorrectnessTest.php on line 558

Warning: Undefined property: class@anonymous::$insert_id in D:\meowseo\tests\properties\Property14RedirectMatchingCorrectnessTest.php on line 558

Warning: Undefined property: class@anonymous::$insert_id in D:\meowseo\tests\properties\Property14RedirectMatchingCorrectnessTest.php on line 558

Warning: Undefined property: class@anonymous::$insert_id in D:\meowseo\tests\properties\Property14RedirectMatchingCorrectnessTest.php on line 558

Warning: Undefined property: class@anonymous::$insert_id in D:\meowseo\tests\properties\Property14RedirectMatchingCorrectnessTest.php on line 558

Warning: Undefined property: class@anonymous::$insert_id in D:\meowseo\tests\properties\Property14RedirectMatchingCorrectnessTest.php on line 558

Warning: Undefined property: class@anonymous::$insert_id in D:\meowseo\tests\properties\Property14RedirectMatchingCorrectnessTest.php on line 558

Warning: Undefined property: class@anonymous::$insert_id in D:\meowseo\tests\properties\Property14RedirectMatchingCorrectnessTest.php on line 558

Warning: Undefined property: class@anonymous::$insert_id in D:\meowseo\tests\properties\Property14RedirectMatchingCorrectnessTest.php on line 558

Warning: Undefined property: class@anonymous::$insert_id in D:\meowseo\tests\properties\Property14RedirectMatchingCorrectnessTest.php on line 558

Warning: Undefined property: class@anonymous::$insert_id in D:\meowseo\tests\properties\Property14RedirectMatchingCorrectnessTest.php on line 558

Warning: Undefined property: class@anonymous::$insert_id in D:\meowseo\tests\properties\Property14RedirectMatchingCorrectnessTest.php on line 558

Warning: Undefined property: class@anonymous::$insert_id in D:\meowseo\tests\properties\Property14RedirectMatchingCorrectnessTest.php on line 558

Warning: Undefined property: class@anonymous::$insert_id in D:\meowseo\tests\properties\Property14RedirectMatchingCorrectnessTest.php on line 558

Warning: Undefined property: class@anonymous::$insert_id in D:\meowseo\tests\properties\Property14RedirectMatchingCorrectnessTest.php on line 558

Warning: Undefined property: class@anonymous::$insert_id in D:\meowseo\tests\properties\Property14RedirectMatchingCorrectnessTest.php on line 558

Warning: Undefined property: class@anonymous::$insert_id in D:\meowseo\tests\properties\Property14RedirectMatchingCorrectnessTest.php on line 558

Warning: Undefined property: class@anonymous::$insert_id in D:\meowseo\tests\properties\Property14RedirectMatchingCorrectnessTest.php on line 558

Warning: Undefined property: class@anonymous::$insert_id in D:\meowseo\tests\properties\Property14RedirectMatchingCorrectnessTest.php on line 558

Warning: Undefined property: class@anonymous::$insert_id in D:\meowseo\tests\properties\Property14RedirectMatchingCorrectnessTest.php on line 558

Warning: Undefined property: class@anonymous::$insert_id in D:\meowseo\tests\properties\Property14RedirectMatchingCorrectnessTest.php on line 558

Warning: Undefined property: class@anonymous::$insert_id in D:\meowseo\tests\properties\Property14RedirectMatchingCorrectnessTest.php on line 558

Warning: Undefined property: class@anonymous::$insert_id in D:\meowseo\tests\properties\Property14RedirectMatchingCorrectnessTest.php on line 558

Warning: Undefined property: class@anonymous::$insert_id in D:\meowseo\tests\properties\Property14RedirectMatchingCorrectnessTest.php on line 558

Warning: Undefined property: class@anonymous::$insert_id in D:\meowseo\tests\properties\Property14RedirectMatchingCorrectnessTest.php on line 558

Warning: Undefined property: class@anonymous::$insert_id in D:\meowseo\tests\properties\Property14RedirectMatchingCorrectnessTest.php on line 558

Warning: Undefined property: class@anonymous::$insert_id in D:\meowseo\tests\properties\Property14RedirectMatchingCorrectnessTest.php on line 558

Warning: Undefined property: class@anonymous::$insert_id in D:\meowseo\tests\properties\Property14RedirectMatchingCorrectnessTest.php on line 558

Warning: Undefined property: class@anonymous::$insert_id in D:\meowseo\tests\properties\Property14RedirectMatchingCorrectnessTest.php on line 558

Warning: Undefined property: class@anonymous::$insert_id in D:\meowseo\tests\properties\Property14RedirectMatchingCorrectnessTest.php on line 558

Warning: Undefined property: class@anonymous::$insert_id in D:\meowseo\tests\properties\Property14RedirectMatchingCorrectnessTest.php on line 558

Warning: Undefined property: class@anonymous::$insert_id in D:\meowseo\tests\properties\Property14RedirectMatchingCorrectnessTest.php on line 558

Warning: Undefined property: class@anonymous::$insert_id in D:\meowseo\tests\properties\Property14RedirectMatchingCorrectnessTest.php on line 558

Warning: Undefined property: class@anonymous::$insert_id in D:\meowseo\tests\properties\Property14RedirectMatchingCorrectnessTest.php on line 558

Warning: Undefined property: class@anonymous::$insert_id in D:\meowseo\tests\properties\Property14RedirectMatchingCorrectnessTest.php on line 558

Warning: Undefined property: class@anonymous::$insert_id in D:\meowseo\tests\properties\Property14RedirectMatchingCorrectnessTest.php on line 558

Warning: Undefined property: class@anonymous::$insert_id in D:\meowseo\tests\properties\Property14RedirectMatchingCorrectnessTest.php on line 558

Warning: Undefined property: class@anonymous::$insert_id in D:\meowseo\tests\properties\Property14RedirectMatchingCorrectnessTest.php on line 558

Warning: Undefined property: class@anonymous::$insert_id in D:\meowseo\tests\properties\Property14RedirectMatchingCorrectnessTest.php on line 558

Warning: Undefined property: class@anonymous::$insert_id in D:\meowseo\tests\properties\Property14RedirectMatchingCorrectnessTest.php on line 558

Warning: Undefined property: class@anonymous::$insert_id in D:\meowseo\tests\properties\Property14RedirectMatchingCorrectnessTest.php on line 558

Warning: Undefined property: class@anonymous::$insert_id in D:\meowseo\tests\properties\Property14RedirectMatchingCorrectnessTest.php on line 558

Warning: Undefined property: class@anonymous::$insert_id in D:\meowseo\tests\properties\Property14RedirectMatchingCorrectnessTest.php on line 558

Warning: Undefined property: class@anonymous::$insert_id in D:\meowseo\tests\properties\Property14RedirectMatchingCorrectnessTest.php on line 558

Warning: Undefined property: class@anonymous::$insert_id in D:\meowseo\tests\properties\Property14RedirectMatchingCorrectnessTest.php on line 558

Warning: Undefined property: class@anonymous::$insert_id in D:\meowseo\tests\properties\Property14RedirectMatchingCorrectnessTest.php on line 558

Warning: Undefined property: class@anonymous::$insert_id in D:\meowseo\tests\properties\Property14RedirectMatchingCorrectnessTest.php on line 558

Warning: Undefined property: class@anonymous::$insert_id in D:\meowseo\tests\properties\Property14RedirectMatchingCorrectnessTest.php on line 558

Warning: Undefined property: class@anonymous::$insert_id in D:\meowseo\tests\properties\Property14RedirectMatchingCorrectnessTest.php on line 558

Warning: Undefined property: class@anonymous::$insert_id in D:\meowseo\tests\properties\Property14RedirectMatchingCorrectnessTest.php on line 558

Warning: Undefined property: class@anonymous::$insert_id in D:\meowseo\tests\properties\Property14RedirectMatchingCorrectnessTest.php on line 558

Warning: Undefined property: class@anonymous::$insert_id in D:\meowseo\tests\properties\Property14RedirectMatchingCorrectnessTest.php on line 558

Warning: Undefined property: class@anonymous::$insert_id in D:\meowseo\tests\properties\Property14RedirectMatchingCorrectnessTest.php on line 558

Warning: Undefined property: class@anonymous::$insert_id in D:\meowseo\tests\properties\Property14RedirectMatchingCorrectnessTest.php on line 558

Warning: Undefined property: class@anonymous::$insert_id in D:\meowseo\tests\properties\Property14RedirectMatchingCorrectnessTest.php on line 558

Warning: Undefined property: class@anonymous::$insert_id in D:\meowseo\tests\properties\Property14RedirectMatchingCorrectnessTest.php on line 558

Warning: Undefined property: class@anonymous::$insert_id in D:\meowseo\tests\properties\Property14RedirectMatchingCorrectnessTest.php on line 558

Warning: Undefined property: class@anonymous::$insert_id in D:\meowseo\tests\properties\Property14RedirectMatchingCorrectnessTest.php on line 558

Warning: Undefined property: class@anonymous::$insert_id in D:\meowseo\tests\properties\Property14RedirectMatchingCorrectnessTest.php on line 558

Warning: Undefined property: class@anonymous::$insert_id in D:\meowseo\tests\properties\Property14RedirectMatchingCorrectnessTest.php on line 558

Warning: Undefined property: class@anonymous::$insert_id in D:\meowseo\tests\properties\Property14RedirectMatchingCorrectnessTest.php on line 558

Warning: Undefined property: class@anonymous::$insert_id in D:\meowseo\tests\properties\Property14RedirectMatchingCorrectnessTest.php on line 558

Warning: Undefined property: class@anonymous::$insert_id in D:\meowseo\tests\properties\Property14RedirectMatchingCorrectnessTest.php on line 558

Warning: Undefined property: class@anonymous::$insert_id in D:\meowseo\tests\properties\Property14RedirectMatchingCorrectnessTest.php on line 558

Warning: Undefined property: class@anonymous::$insert_id in D:\meowseo\tests\properties\Property14RedirectMatchingCorrectnessTest.php on line 558

Warning: Undefined property: class@anonymous::$insert_id in D:\meowseo\tests\properties\Property14RedirectMatchingCorrectnessTest.php on line 558

Warning: Undefined property: class@anonymous::$insert_id in D:\meowseo\tests\properties\Property14RedirectMatchingCorrectnessTest.php on line 558

Warning: Undefined property: class@anonymous::$insert_id in D:\meowseo\tests\properties\Property14RedirectMatchingCorrectnessTest.php on line 558

Warning: Undefined property: class@anonymous::$insert_id in D:\meowseo\tests\properties\Property14RedirectMatchingCorrectnessTest.php on line 558

Warning: Undefined property: class@anonymous::$insert_id in D:\meowseo\tests\properties\Property14RedirectMatchingCorrectnessTest.php on line 558

Warning: Undefined property: class@anonymous::$insert_id in D:\meowseo\tests\properties\Property14RedirectMatchingCorrectnessTest.php on line 558

Warning: Undefined property: class@anonymous::$insert_id in D:\meowseo\tests\properties\Property14RedirectMatchingCorrectnessTest.php on line 558

Warning: Undefined property: class@anonymous::$insert_id in D:\meowseo\tests\properties\Property14RedirectMatchingCorrectnessTest.php on line 558

Warning: Undefined property: class@anonymous::$insert_id in D:\meowseo\tests\properties\Property14RedirectMatchingCorrectnessTest.php on line 558

Warning: Undefined property: class@anonymous::$insert_id in D:\meowseo\tests\properties\Property14RedirectMatchingCorrectnessTest.php on line 558

Warning: Undefined property: class@anonymous::$insert_id in D:\meowseo\tests\properties\Property14RedirectMatchingCorrectnessTest.php on line 558

Warning: Undefined property: class@anonymous::$insert_id in D:\meowseo\tests\properties\Property14RedirectMatchingCorrectnessTest.php on line 558

Warning: Undefined property: class@anonymous::$insert_id in D:\meowseo\tests\properties\Property14RedirectMatchingCorrectnessTest.php on line 558

Warning: Undefined property: class@anonymous::$insert_id in D:\meowseo\tests\properties\Property14RedirectMatchingCorrectnessTest.php on line 558

Warning: Undefined property: class@anonymous::$insert_id in D:\meowseo\tests\properties\Property14RedirectMatchingCorrectnessTest.php on line 558

Warning: Undefined property: class@anonymous::$insert_id in D:\meowseo\tests\properties\Property14RedirectMatchingCorrectnessTest.php on line 558

Warning: Undefined property: class@anonymous::$insert_id in D:\meowseo\tests\properties\Property14RedirectMatchingCorrectnessTest.php on line 558

Warning: Undefined property: class@anonymous::$insert_id in D:\meowseo\tests\properties\Property14RedirectMatchingCorrectnessTest.php on line 558

Warning: Undefined property: class@anonymous::$insert_id in D:\meowseo\tests\properties\Property14RedirectMatchingCorrectnessTest.php on line 558

Warning: Undefined property: class@anonymous::$insert_id in D:\meowseo\tests\properties\Property14RedirectMatchingCorrectnessTest.php on line 558

Warning: Undefined property: class@anonymous::$insert_id in D:\meowseo\tests\properties\Property14RedirectMatchingCorrectnessTest.php on line 558

Warning: Undefined property: class@anonymous::$insert_id in D:\meowseo\tests\properties\Property14RedirectMatchingCorrectnessTest.php on line 558

Warning: Undefined property: class@anonymous::$insert_id in D:\meowseo\tests\properties\Property14RedirectMatchingCorrectnessTest.php on line 558

Warning: Undefined property: class@anonymous::$insert_id in D:\meowseo\tests\properties\Property14RedirectMatchingCorrectnessTest.php on line 558

Warning: Undefined property: class@anonymous::$insert_id in D:\meowseo\tests\properties\Property14RedirectMatchingCorrectnessTest.php on line 558

Warning: Undefined property: class@anonymous::$insert_id in D:\meowseo\tests\properties\Property14RedirectMatchingCorrectnessTest.php on line 558

Warning: Undefined property: class@anonymous::$insert_id in D:\meowseo\tests\properties\Property14RedirectMatchingCorrectnessTest.php on line 558

Warning: Undefined property: class@anonymous::$insert_id in D:\meowseo\tests\properties\Property14RedirectMatchingCorrectnessTest.php on line 558

Warning: Undefined property: class@anonymous::$insert_id in D:\meowseo\tests\properties\Property14RedirectMatchingCorrectnessTest.php on line 558

Warning: Undefined property: class@anonymous::$insert_id in D:\meowseo\tests\properties\Property14RedirectMatchingCorrectnessTest.php on line 558

Warning: Undefined property: class@anonymous::$insert_id in D:\meowseo\tests\properties\Property14RedirectMatchingCorrectnessTest.php on line 558

Warning: Undefined property: class@anonymous::$insert_id in D:\meowseo\tests\properties\Property14RedirectMatchingCorrectnessTest.php on line 558

Warning: Undefined property: class@anonymous::$insert_id in D:\meowseo\tests\properties\Property14RedirectMatchingCorrectnessTest.php on line 558

Warning: Undefined property: class@anonymous::$insert_id in D:\meowseo\tests\properties\Property14RedirectMatchingCorrectnessTest.php on line 558

Warning: Undefined property: class@anonymous::$insert_id in D:\meowseo\tests\properties\Property14RedirectMatchingCorrectnessTest.php on line 558

Warning: Undefined property: class@anonymous::$insert_id in D:\meowseo\tests\properties\Property14RedirectMatchingCorrectnessTest.php on line 558

Warning: Undefined property: class@anonymous::$insert_id in D:\meowseo\tests\properties\Property14RedirectMatchingCorrectnessTest.php on line 558

Warning: Undefined property: class@anonymous::$insert_id in D:\meowseo\tests\properties\Property14RedirectMatchingCorrectnessTest.php on line 558

Warning: Undefined property: class@anonymous::$insert_id in D:\meowseo\tests\properties\Property14RedirectMatchingCorrectnessTest.php on line 558

Warning: Undefined property: class@anonymous::$insert_id in D:\meowseo\tests\properties\Property14RedirectMatchingCorrectnessTest.php on line 558

Warning: Undefined property: class@anonymous::$insert_id in D:\meowseo\tests\properties\Property14RedirectMatchingCorrectnessTest.php on line 558

Warning: Undefined property: class@anonymous::$insert_id in D:\meowseo\tests\properties\Property14RedirectMatchingCorrectnessTest.php on line 558

Warning: Undefined property: class@anonymous::$insert_id in D:\meowseo\tests\properties\Property14RedirectMatchingCorrectnessTest.php on line 558

Warning: Undefined property: class@anonymous::$insert_id in D:\meowseo\tests\properties\Property14RedirectMatchingCorrectnessTest.php on line 558

Warning: Undefined property: class@anonymous::$insert_id in D:\meowseo\tests\properties\Property14RedirectMatchingCorrectnessTest.php on line 558

Warning: Undefined property: class@anonymous::$insert_id in D:\meowseo\tests\properties\Property14RedirectMatchingCorrectnessTest.php on line 558

Warning: Undefined property: class@anonymous::$insert_id in D:\meowseo\tests\properties\Property14RedirectMatchingCorrectnessTest.php on line 558

Warning: Undefined property: class@anonymous::$insert_id in D:\meowseo\tests\properties\Property14RedirectMatchingCorrectnessTest.php on line 558

Warning: Undefined property: class@anonymous::$insert_id in D:\meowseo\tests\properties\Property14RedirectMatchingCorrectnessTest.php on line 558

Warning: Undefined property: class@anonymous::$insert_id in D:\meowseo\tests\properties\Property14RedirectMatchingCorrectnessTest.php on line 558

Warning: Undefined property: class@anonymous::$insert_id in D:\meowseo\tests\properties\Property14RedirectMatchingCorrectnessTest.php on line 558

Warning: Undefined property: class@anonymous::$insert_id in D:\meowseo\tests\properties\Property14RedirectMatchingCorrectnessTest.php on line 558

Warning: Undefined property: class@anonymous::$insert_id in D:\meowseo\tests\properties\Property14RedirectMatchingCorrectnessTest.php on line 558

Warning: Undefined property: class@anonymous::$insert_id in D:\meowseo\tests\properties\Property14RedirectMatchingCorrectnessTest.php on line 558

Warning: Undefined property: class@anonymous::$insert_id in D:\meowseo\tests\properties\Property14RedirectMatchingCorrectnessTest.php on line 558

Warning: Undefined property: class@anonymous::$insert_id in D:\meowseo\tests\properties\Property14RedirectMatchingCorrectnessTest.php on line 558

Warning: Undefined property: class@anonymous::$insert_id in D:\meowseo\tests\properties\Property14RedirectMatchingCorrectnessTest.php on line 558

Warning: Undefined property: class@anonymous::$insert_id in D:\meowseo\tests\properties\Property14RedirectMatchingCorrectnessTest.php on line 558

Warning: Undefined property: class@anonymous::$insert_id in D:\meowseo\tests\properties\Property14RedirectMatchingCorrectnessTest.php on line 558

Warning: Undefined property: class@anonymous::$insert_id in D:\meowseo\tests\properties\Property14RedirectMatchingCorrectnessTest.php on line 558

Warning: Undefined property: class@anonymous::$insert_id in D:\meowseo\tests\properties\Property14RedirectMatchingCorrectnessTest.php on line 558

Warning: Undefined property: class@anonymous::$insert_id in D:\meowseo\tests\properties\Property14RedirectMatchingCorrectnessTest.php on line 558

Warning: Undefined property: class@anonymous::$insert_id in D:\meowseo\tests\properties\Property14RedirectMatchingCorrectnessTest.php on line 558

Warning: Undefined property: class@anonymous::$insert_id in D:\meowseo\tests\properties\Property14RedirectMatchingCorrectnessTest.php on line 558

Warning: Undefined property: class@anonymous::$insert_id in D:\meowseo\tests\properties\Property14RedirectMatchingCorrectnessTest.php on line 558

Warning: Undefined property: class@anonymous::$insert_id in D:\meowseo\tests\properties\Property14RedirectMatchingCorrectnessTest.php on line 558

Warning: Undefined property: class@anonymous::$insert_id in D:\meowseo\tests\properties\Property14RedirectMatchingCorrectnessTest.php on line 558

Warning: Undefined property: class@anonymous::$insert_id in D:\meowseo\tests\properties\Property14RedirectMatchingCorrectnessTest.php on line 558

Warning: Undefined property: class@anonymous::$insert_id in D:\meowseo\tests\properties\Property14RedirectMatchingCorrectnessTest.php on line 558

Warning: Undefined property: class@anonymous::$insert_id in D:\meowseo\tests\properties\Property14RedirectMatchingCorrectnessTest.php on line 558

Warning: Undefined property: class@anonymous::$insert_id in D:\meowseo\tests\properties\Property14RedirectMatchingCorrectnessTest.php on line 558

Warning: Undefined property: class@anonymous::$insert_id in D:\meowseo\tests\properties\Property14RedirectMatchingCorrectnessTest.php on line 558

Warning: Undefined property: class@anonymous::$insert_id in D:\meowseo\tests\properties\Property14RedirectMatchingCorrectnessTest.php on line 558

Warning: Undefined property: class@anonymous::$insert_id in D:\meowseo\tests\properties\Property14RedirectMatchingCorrectnessTest.php on line 558

Warning: Undefined property: class@anonymous::$insert_id in D:\meowseo\tests\properties\Property14RedirectMatchingCorrectnessTest.php on line 558

Warning: Undefined property: class@anonymous::$insert_id in D:\meowseo\tests\properties\Property14RedirectMatchingCorrectnessTest.php on line 558

Warning: Undefined property: class@anonymous::$insert_id in D:\meowseo\tests\properties\Property14RedirectMatchingCorrectnessTest.php on line 558

Warning: Undefined property: class@anonymous::$insert_id in D:\meowseo\tests\properties\Property14RedirectMatchingCorrectnessTest.php on line 558

Warning: Undefined property: class@anonymous::$insert_id in D:\meowseo\tests\properties\Property14RedirectMatchingCorrectnessTest.php on line 558

Warning: Undefined property: class@anonymous::$insert_id in D:\meowseo\tests\properties\Property14RedirectMatchingCorrectnessTest.php on line 558

Warning: Undefined property: class@anonymous::$insert_id in D:\meowseo\tests\properties\Property14RedirectMatchingCorrectnessTest.php on line 558

Warning: Undefined property: class@anonymous::$insert_id in D:\meowseo\tests\properties\Property14RedirectMatchingCorrectnessTest.php on line 558

Warning: Undefined property: class@anonymous::$insert_id in D:\meowseo\tests\properties\Property14RedirectMatchingCorrectnessTest.php on line 558

Warning: Undefined property: class@anonymous::$insert_id in D:\meowseo\tests\properties\Property14RedirectMatchingCorrectnessTest.php on line 558

Warning: Undefined property: class@anonymous::$insert_id in D:\meowseo\tests\properties\Property14RedirectMatchingCorrectnessTest.php on line 558

Warning: Undefined property: class@anonymous::$insert_id in D:\meowseo\tests\properties\Property14RedirectMatchingCorrectnessTest.php on line 558

Warning: Undefined property: class@anonymous::$insert_id in D:\meowseo\tests\properties\Property14RedirectMatchingCorrectnessTest.php on line 558

Warning: Undefined property: class@anonymous::$insert_id in D:\meowseo\tests\properties\Property14RedirectMatchingCorrectnessTest.php on line 558

Warning: Undefined property: class@anonymous::$insert_id in D:\meowseo\tests\properties\Property14RedirectMatchingCorrectnessTest.php on line 558

Warning: Undefined property: class@anonymous::$insert_id in D:\meowseo\tests\properties\Property14RedirectMatchingCorrectnessTest.php on line 558

Warning: Undefined property: class@anonymous::$insert_id in D:\meowseo\tests\properties\Property14RedirectMatchingCorrectnessTest.php on line 558

Warning: Undefined property: class@anonymous::$insert_id in D:\meowseo\tests\properties\Property14RedirectMatchingCorrectnessTest.php on line 558

Warning: Undefined property: class@anonymous::$insert_id in D:\meowseo\tests\properties\Property14RedirectMatchingCorrectnessTest.php on line 558

Warning: Undefined property: class@anonymous::$insert_id in D:\meowseo\tests\properties\Property14RedirectMatchingCorrectnessTest.php on line 558

Warning: Undefined property: class@anonymous::$insert_id in D:\meowseo\tests\properties\Property14RedirectMatchingCorrectnessTest.php on line 558

Warning: Undefined property: class@anonymous::$insert_id in D:\meowseo\tests\properties\Property14RedirectMatchingCorrectnessTest.php on line 558

Warning: Undefined property: class@anonymous::$insert_id in D:\meowseo\tests\properties\Property14RedirectMatchingCorrectnessTest.php on line 558

Warning: Undefined property: class@anonymous::$insert_id in D:\meowseo\tests\properties\Property14RedirectMatchingCorrectnessTest.php on line 558

Warning: Undefined property: class@anonymous::$insert_id in D:\meowseo\tests\properties\Property14RedirectMatchingCorrectnessTest.php on line 558

Warning: Undefined property: class@anonymous::$insert_id in D:\meowseo\tests\properties\Property14RedirectMatchingCorrectnessTest.php on line 558

Warning: Undefined property: class@anonymous::$insert_id in D:\meowseo\tests\properties\Property14RedirectMatchingCorrectnessTest.php on line 558

Warning: Undefined property: class@anonymous::$insert_id in D:\meowseo\tests\properties\Property14RedirectMatchingCorrectnessTest.php on line 558

Warning: Undefined property: class@anonymous::$insert_id in D:\meowseo\tests\properties\Property14RedirectMatchingCorrectnessTest.php on line 558

Warning: Undefined property: class@anonymous::$insert_id in D:\meowseo\tests\properties\Property14RedirectMatchingCorrectnessTest.php on line 558

Warning: Undefined property: class@anonymous::$insert_id in D:\meowseo\tests\properties\Property14RedirectMatchingCorrectnessTest.php on line 558

Warning: Undefined property: class@anonymous::$insert_id in D:\meowseo\tests\properties\Property14RedirectMatchingCorrectnessTest.php on line 558

Warning: Undefined property: class@anonymous::$insert_id in D:\meowseo\tests\properties\Property14RedirectMatchingCorrectnessTest.php on line 558

Warning: Undefined property: class@anonymous::$insert_id in D:\meowseo\tests\properties\Property14RedirectMatchingCorrectnessTest.php on line 558

Warning: Undefined property: class@anonymous::$insert_id in D:\meowseo\tests\properties\Property14RedirectMatchingCorrectnessTest.php on line 558

Warning: Undefined property: class@anonymous::$insert_id in D:\meowseo\tests\properties\Property14RedirectMatchingCorrectnessTest.php on line 558

Warning: Undefined property: class@anonymous::$insert_id in D:\meowseo\tests\properties\Property14RedirectMatchingCorrectnessTest.php on line 558

Warning: Undefined property: class@anonymous::$insert_id in D:\meowseo\tests\properties\Property14RedirectMatchingCorrectnessTest.php on line 558

Warning: Undefined property: class@anonymous::$insert_id in D:\meowseo\tests\properties\Property14RedirectMatchingCorrectnessTest.php on line 558

Warning: Undefined property: class@anonymous::$insert_id in D:\meowseo\tests\properties\Property14RedirectMatchingCorrectnessTest.php on line 558

Warning: Undefined property: class@anonymous::$insert_id in D:\meowseo\tests\properties\Property14RedirectMatchingCorrectnessTest.php on line 558

Warning: Undefined property: class@anonymous::$insert_id in D:\meowseo\tests\properties\Property14RedirectMatchingCorrectnessTest.php on line 558

Warning: Undefined property: class@anonymous::$insert_id in D:\meowseo\tests\properties\Property14RedirectMatchingCorrectnessTest.php on line 558

Warning: Undefined property: class@anonymous::$insert_id in D:\meowseo\tests\properties\Property14RedirectMatchingCorrectnessTest.php on line 558

Warning: Undefined property: class@anonymous::$insert_id in D:\meowseo\tests\properties\Property14RedirectMatchingCorrectnessTest.php on line 558

Warning: Undefined property: class@anonymous::$insert_id in D:\meowseo\tests\properties\Property14RedirectMatchingCorrectnessTest.php on line 558

Warning: Undefined property: class@anonymous::$insert_id in D:\meowseo\tests\properties\Property14RedirectMatchingCorrectnessTest.php on line 558

Warning: Undefined property: class@anonymous::$insert_id in D:\meowseo\tests\properties\Property14RedirectMatchingCorrectnessTest.php on line 558

Warning: Undefined property: class@anonymous::$insert_id in D:\meowseo\tests\properties\Property14RedirectMatchingCorrectnessTest.php on line 558

Warning: Undefined property: class@anonymous::$insert_id in D:\meowseo\tests\properties\Property14RedirectMatchingCorrectnessTest.php on line 558

Warning: Undefined property: class@anonymous::$insert_id in D:\meowseo\tests\properties\Property14RedirectMatchingCorrectnessTest.php on line 558

Warning: Undefined property: class@anonymous::$insert_id in D:\meowseo\tests\properties\Property14RedirectMatchingCorrectnessTest.php on line 558

Warning: Undefined property: class@anonymous::$insert_id in D:\meowseo\tests\properties\Property14RedirectMatchingCorrectnessTest.php on line 558

Warning: Undefined property: class@anonymous::$insert_id in D:\meowseo\tests\properties\Property14RedirectMatchingCorrectnessTest.php on line 558

Warning: Undefined property: class@anonymous::$insert_id in D:\meowseo\tests\properties\Property14RedirectMatchingCorrectnessTest.php on line 558

Warning: Undefined property: class@anonymous::$insert_id in D:\meowseo\tests\properties\Property14RedirectMatchingCorrectnessTest.php on line 558

Warning: Undefined property: class@anonymous::$insert_id in D:\meowseo\tests\properties\Property14RedirectMatchingCorrectnessTest.php on line 558

Warning: Undefined property: class@anonymous::$insert_id in D:\meowseo\tests\properties\Property14RedirectMatchingCorrectnessTest.php on line 558

Warning: Undefined property: class@anonymous::$insert_id in D:\meowseo\tests\properties\Property14RedirectMatchingCorrectnessTest.php on line 558

Warning: Undefined property: class@anonymous::$insert_id in D:\meowseo\tests\properties\Property14RedirectMatchingCorrectnessTest.php on line 558

Warning: Undefined property: class@anonymous::$insert_id in D:\meowseo\tests\properties\Property14RedirectMatchingCorrectnessTest.php on line 558

Warning: Undefined property: class@anonymous::$insert_id in D:\meowseo\tests\properties\Property14RedirectMatchingCorrectnessTest.php on line 558

Warning: Undefined property: class@anonymous::$insert_id in D:\meowseo\tests\properties\Property14RedirectMatchingCorrectnessTest.php on line 558

Warning: Undefined property: class@anonymous::$insert_id in D:\meowseo\tests\properties\Property14RedirectMatchingCorrectnessTest.php on line 558

Warning: Undefined property: class@anonymous::$insert_id in D:\meowseo\tests\properties\Property14RedirectMatchingCorrectnessTest.php on line 558

Warning: Undefined property: class@anonymous::$insert_id in D:\meowseo\tests\properties\Property14RedirectMatchingCorrectnessTest.php on line 558

Warning: Undefined property: class@anonymous::$insert_id in D:\meowseo\tests\properties\Property14RedirectMatchingCorrectnessTest.php on line 558

Warning: Undefined property: class@anonymous::$insert_id in D:\meowseo\tests\properties\Property14RedirectMatchingCorrectnessTest.php on line 558

Warning: Undefined property: class@anonymous::$insert_id in D:\meowseo\tests\properties\Property14RedirectMatchingCorrectnessTest.php on line 558

Warning: Undefined property: class@anonymous::$insert_id in D:\meowseo\tests\properties\Property14RedirectMatchingCorrectnessTest.php on line 558

Warning: Undefined property: class@anonymous::$insert_id in D:\meowseo\tests\properties\Property14RedirectMatchingCorrectnessTest.php on line 558

Warning: Undefined property: class@anonymous::$insert_id in D:\meowseo\tests\properties\Property14RedirectMatchingCorrectnessTest.php on line 558

Warning: Undefined property: class@anonymous::$insert_id in D:\meowseo\tests\properties\Property14RedirectMatchingCorrectnessTest.php on line 558

Warning: Undefined property: class@anonymous::$insert_id in D:\meowseo\tests\properties\Property14RedirectMatchingCorrectnessTest.php on line 558

Warning: Undefined property: class@anonymous::$insert_id in D:\meowseo\tests\properties\Property14RedirectMatchingCorrectnessTest.php on line 558

Warning: Undefined property: class@anonymous::$insert_id in D:\meowseo\tests\properties\Property14RedirectMatchingCorrectnessTest.php on line 558

Warning: Undefined property: class@anonymous::$insert_id in D:\meowseo\tests\properties\Property14RedirectMatchingCorrectnessTest.php on line 558

Warning: Undefined property: class@anonymous::$insert_id in D:\meowseo\tests\properties\Property14RedirectMatchingCorrectnessTest.php on line 558

Warning: Undefined property: class@anonymous::$insert_id in D:\meowseo\tests\properties\Property14RedirectMatchingCorrectnessTest.php on line 558

Warning: Undefined property: class@anonymous::$insert_id in D:\meowseo\tests\properties\Property14RedirectMatchingCorrectnessTest.php on line 558

Warning: Undefined property: class@anonymous::$insert_id in D:\meowseo\tests\properties\Property14RedirectMatchingCorrectnessTest.php on line 558

Warning: Undefined property: class@anonymous::$insert_id in D:\meowseo\tests\properties\Property14RedirectMatchingCorrectnessTest.php on line 558

Warning: Undefined property: class@anonymous::$insert_id in D:\meowseo\tests\properties\Property14RedirectMatchingCorrectnessTest.php on line 558

Warning: Undefined property: class@anonymous::$insert_id in D:\meowseo\tests\properties\Property14RedirectMatchingCorrectnessTest.php on line 558

Warning: Undefined property: class@anonymous::$insert_id in D:\meowseo\tests\properties\Property14RedirectMatchingCorrectnessTest.php on line 558

Warning: Undefined property: class@anonymous::$insert_id in D:\meowseo\tests\properties\Property14RedirectMatchingCorrectnessTest.php on line 558

Warning: Undefined property: class@anonymous::$insert_id in D:\meowseo\tests\properties\Property14RedirectMatchingCorrectnessTest.php on line 558

Warning: Undefined property: class@anonymous::$insert_id in D:\meowseo\tests\properties\Property14RedirectMatchingCorrectnessTest.php on line 558

Warning: Undefined property: class@anonymous::$insert_id in D:\meowseo\tests\properties\Property14RedirectMatchingCorrectnessTest.php on line 558

Warning: Undefined property: class@anonymous::$insert_id in D:\meowseo\tests\properties\Property14RedirectMatchingCorrectnessTest.php on line 558

Warning: Undefined property: class@anonymous::$insert_id in D:\meowseo\tests\properties\Property14RedirectMatchingCorrectnessTest.php on line 558

Warning: Undefined property: class@anonymous::$insert_id in D:\meowseo\tests\properties\Property14RedirectMatchingCorrectnessTest.php on line 558

Warning: Undefined property: class@anonymous::$insert_id in D:\meowseo\tests\properties\Property14RedirectMatchingCorrectnessTest.php on line 558

Warning: Undefined property: class@anonymous::$insert_id in D:\meowseo\tests\properties\Property14RedirectMatchingCorrectnessTest.php on line 558

Warning: Undefined property: class@anonymous::$insert_id in D:\meowseo\tests\properties\Property14RedirectMatchingCorrectnessTest.php on line 558

Warning: Undefined property: class@anonymous::$insert_id in D:\meowseo\tests\properties\Property14RedirectMatchingCorrectnessTest.php on line 558

Warning: Undefined property: class@anonymous::$insert_id in D:\meowseo\tests\properties\Property14RedirectMatchingCorrectnessTest.php on line 558

Warning: Undefined property: class@anonymous::$insert_id in D:\meowseo\tests\properties\Property14RedirectMatchingCorrectnessTest.php on line 558

Warning: Undefined property: class@anonymous::$insert_id in D:\meowseo\tests\properties\Property14RedirectMatchingCorrectnessTest.php on line 558

Warning: Undefined property: class@anonymous::$insert_id in D:\meowseo\tests\properties\Property14RedirectMatchingCorrectnessTest.php on line 558

Warning: Undefined property: class@anonymous::$insert_id in D:\meowseo\tests\properties\Property14RedirectMatchingCorrectnessTest.php on line 558

Warning: Undefined property: class@anonymous::$insert_id in D:\meowseo\tests\properties\Property14RedirectMatchingCorrectnessTest.php on line 558

Warning: Undefined property: class@anonymous::$insert_id in D:\meowseo\tests\properties\Property14RedirectMatchingCorrectnessTest.php on line 558

Warning: Undefined property: class@anonymous::$insert_id in D:\meowseo\tests\properties\Property14RedirectMatchingCorrectnessTest.php on line 558

Warning: Undefined property: class@anonymous::$insert_id in D:\meowseo\tests\properties\Property14RedirectMatchingCorrectnessTest.php on line 558

Warning: Undefined property: class@anonymous::$insert_id in D:\meowseo\tests\properties\Property14RedirectMatchingCorrectnessTest.php on line 558

Warning: Undefined property: class@anonymous::$insert_id in D:\meowseo\tests\properties\Property14RedirectMatchingCorrectnessTest.php on line 558

Warning: Undefined property: class@anonymous::$insert_id in D:\meowseo\tests\properties\Property14RedirectMatchingCorrectnessTest.php on line 558

Warning: Undefined property: class@anonymous::$insert_id in D:\meowseo\tests\properties\Property14RedirectMatchingCorrectnessTest.php on line 558

Warning: Undefined property: class@anonymous::$insert_id in D:\meowseo\tests\properties\Property14RedirectMatchingCorrectnessTest.php on line 558

Warning: Undefined property: class@anonymous::$insert_id in D:\meowseo\tests\properties\Property14RedirectMatchingCorrectnessTest.php on line 558

Warning: Undefined property: class@anonymous::$insert_id in D:\meowseo\tests\properties\Property14RedirectMatchingCorrectnessTest.php on line 558

Warning: Undefined property: class@anonymous::$insert_id in D:\meowseo\tests\properties\Property14RedirectMatchingCorrectnessTest.php on line 558

Warning: Undefined property: class@anonymous::$insert_id in D:\meowseo\tests\properties\Property14RedirectMatchingCorrectnessTest.php on line 558

Warning: Undefined property: class@anonymous::$insert_id in D:\meowseo\tests\properties\Property14RedirectMatchingCorrectnessTest.php on line 558

Warning: Undefined property: class@anonymous::$insert_id in D:\meowseo\tests\properties\Property14RedirectMatchingCorrectnessTest.php on line 558

Warning: Undefined property: class@anonymous::$insert_id in D:\meowseo\tests\properties\Property14RedirectMatchingCorrectnessTest.php on line 558

Warning: Undefined property: class@anonymous::$insert_id in D:\meowseo\tests\properties\Property14RedirectMatchingCorrectnessTest.php on line 558

Warning: Undefined property: class@anonymous::$insert_id in D:\meowseo\tests\properties\Property14RedirectMatchingCorrectnessTest.php on line 558

Warning: Undefined property: class@anonymous::$insert_id in D:\meowseo\tests\properties\Property14RedirectMatchingCorrectnessTest.php on line 558

Warning: Undefined property: class@anonymous::$insert_id in D:\meowseo\tests\properties\Property14RedirectMatchingCorrectnessTest.php on line 558

Warning: Undefined property: class@anonymous::$insert_id in D:\meowseo\tests\properties\Property14RedirectMatchingCorrectnessTest.php on line 558

Warning: Undefined property: class@anonymous::$insert_id in D:\meowseo\tests\properties\Property14RedirectMatchingCorrectnessTest.php on line 558

Warning: Undefined property: class@anonymous::$insert_id in D:\meowseo\tests\properties\Property14RedirectMatchingCorrectnessTest.php on line 558

Warning: Undefined property: class@anonymous::$insert_id in D:\meowseo\tests\properties\Property14RedirectMatchingCorrectnessTest.php on line 558

Warning: Undefined property: class@anonymous::$insert_id in D:\meowseo\tests\properties\Property14RedirectMatchingCorrectnessTest.php on line 558

Warning: Undefined property: class@anonymous::$insert_id in D:\meowseo\tests\properties\Property14RedirectMatchingCorrectnessTest.php on line 558

Warning: Undefined property: class@anonymous::$insert_id in D:\meowseo\tests\properties\Property14RedirectMatchingCorrectnessTest.php on line 558

Warning: Undefined property: class@anonymous::$insert_id in D:\meowseo\tests\properties\Property14RedirectMatchingCorrectnessTest.php on line 558

Warning: Undefined property: class@anonymous::$insert_id in D:\meowseo\tests\properties\Property14RedirectMatchingCorrectnessTest.php on line 558

Warning: Undefined property: class@anonymous::$insert_id in D:\meowseo\tests\properties\Property14RedirectMatchingCorrectnessTest.php on line 558

Warning: Undefined property: class@anonymous::$insert_id in D:\meowseo\tests\properties\Property14RedirectMatchingCorrectnessTest.php on line 558

Warning: Undefined property: class@anonymous::$insert_id in D:\meowseo\tests\properties\Property14RedirectMatchingCorrectnessTest.php on line 558

Warning: Undefined property: class@anonymous::$insert_id in D:\meowseo\tests\properties\Property14RedirectMatchingCorrectnessTest.php on line 558

Warning: Undefined property: class@anonymous::$insert_id in D:\meowseo\tests\properties\Property14RedirectMatchingCorrectnessTest.php on line 558

Warning: Undefined property: class@anonymous::$insert_id in D:\meowseo\tests\properties\Property14RedirectMatchingCorrectnessTest.php on line 558

Warning: Undefined property: class@anonymous::$insert_id in D:\meowseo\tests\properties\Property14RedirectMatchingCorrectnessTest.php on line 558

Warning: Undefined property: class@anonymous::$insert_id in D:\meowseo\tests\properties\Property14RedirectMatchingCorrectnessTest.php on line 558

Warning: Undefined property: class@anonymous::$insert_id in D:\meowseo\tests\properties\Property14RedirectMatchingCorrectnessTest.php on line 558

Warning: Undefined property: class@anonymous::$insert_id in D:\meowseo\tests\properties\Property14RedirectMatchingCorrectnessTest.php on line 558

Warning: Undefined property: class@anonymous::$insert_id in D:\meowseo\tests\properties\Property14RedirectMatchingCorrectnessTest.php on line 558

Warning: Undefined property: class@anonymous::$insert_id in D:\meowseo\tests\properties\Property14RedirectMatchingCorrectnessTest.php on line 558

Warning: Undefined property: class@anonymous::$insert_id in D:\meowseo\tests\properties\Property14RedirectMatchingCorrectnessTest.php on line 558

Warning: Undefined property: class@anonymous::$insert_id in D:\meowseo\tests\properties\Property14RedirectMatchingCorrectnessTest.php on line 558

Warning: Undefined property: class@anonymous::$insert_id in D:\meowseo\tests\properties\Property14RedirectMatchingCorrectnessTest.php on line 558

Warning: Undefined property: class@anonymous::$insert_id in D:\meowseo\tests\properties\Property14RedirectMatchingCorrectnessTest.php on line 558

Warning: Undefined property: class@anonymous::$insert_id in D:\meowseo\tests\properties\Property14RedirectMatchingCorrectnessTest.php on line 558

Warning: Undefined property: class@anonymous::$insert_id in D:\meowseo\tests\properties\Property14RedirectMatchingCorrectnessTest.php on line 558

Warning: Undefined property: class@anonymous::$insert_id in D:\meowseo\tests\properties\Property14RedirectMatchingCorrectnessTest.php on line 558

Warning: Undefined property: class@anonymous::$insert_id in D:\meowseo\tests\properties\Property14RedirectMatchingCorrectnessTest.php on line 558

Warning: Undefined property: class@anonymous::$insert_id in D:\meowseo\tests\properties\Property14RedirectMatchingCorrectnessTest.php on line 558

Warning: Undefined property: class@anonymous::$insert_id in D:\meowseo\tests\properties\Property14RedirectMatchingCorrectnessTest.php on line 558

Warning: Undefined property: class@anonymous::$insert_id in D:\meowseo\tests\properties\Property14RedirectMatchingCorrectnessTest.php on line 558

Warning: Undefined property: class@anonymous::$insert_id in D:\meowseo\tests\properties\Property14RedirectMatchingCorrectnessTest.php on line 558

Warning: Undefined property: class@anonymous::$insert_id in D:\meowseo\tests\properties\Property14RedirectMatchingCorrectnessTest.php on line 558

Warning: Undefined property: class@anonymous::$insert_id in D:\meowseo\tests\properties\Property14RedirectMatchingCorrectnessTest.php on line 558

Warning: Undefined property: class@anonymous::$insert_id in D:\meowseo\tests\properties\Property14RedirectMatchingCorrectnessTest.php on line 558

Warning: Undefined property: class@anonymous::$insert_id in D:\meowseo\tests\properties\Property14RedirectMatchingCorrectnessTest.php on line 558

Warning: Undefined property: class@anonymous::$insert_id in D:\meowseo\tests\properties\Property14RedirectMatchingCorrectnessTest.php on line 558

Warning: Undefined property: class@anonymous::$insert_id in D:\meowseo\tests\properties\Property14RedirectMatchingCorrectnessTest.php on line 558

Warning: Undefined property: class@anonymous::$insert_id in D:\meowseo\tests\properties\Property14RedirectMatchingCorrectnessTest.php on line 558

Warning: Undefined property: class@anonymous::$insert_id in D:\meowseo\tests\properties\Property14RedirectMatchingCorrectnessTest.php on line 558

Warning: Undefined property: class@anonymous::$insert_id in D:\meowseo\tests\properties\Property14RedirectMatchingCorrectnessTest.php on line 558

Warning: Undefined property: class@anonymous::$insert_id in D:\meowseo\tests\properties\Property14RedirectMatchingCorrectnessTest.php on line 558

Warning: Undefined property: class@anonymous::$insert_id in D:\meowseo\tests\properties\Property14RedirectMatchingCorrectnessTest.php on line 558

Warning: Undefined property: class@anonymous::$insert_id in D:\meowseo\tests\properties\Property14RedirectMatchingCorrectnessTest.php on line 558

Warning: Undefined property: class@anonymous::$insert_id in D:\meowseo\tests\properties\Property14RedirectMatchingCorrectnessTest.php on line 558

Warning: Undefined property: class@anonymous::$insert_id in D:\meowseo\tests\properties\Property14RedirectMatchingCorrectnessTest.php on line 558

Warning: Undefined property: class@anonymous::$insert_id in D:\meowseo\tests\properties\Property14RedirectMatchingCorrectnessTest.php on line 558

Warning: Undefined property: class@anonymous::$insert_id in D:\meowseo\tests\properties\Property14RedirectMatchingCorrectnessTest.php on line 558

Warning: Undefined property: class@anonymous::$insert_id in D:\meowseo\tests\properties\Property14RedirectMatchingCorrectnessTest.php on line 558

Warning: Undefined property: class@anonymous::$insert_id in D:\meowseo\tests\properties\Property14RedirectMatchingCorrectnessTest.php on line 558

Warning: Undefined property: class@anonymous::$insert_id in D:\meowseo\tests\properties\Property14RedirectMatchingCorrectnessTest.php on line 558

Warning: Undefined property: class@anonymous::$insert_id in D:\meowseo\tests\properties\Property14RedirectMatchingCorrectnessTest.php on line 558

Warning: Undefined property: class@anonymous::$insert_id in D:\meowseo\tests\properties\Property14RedirectMatchingCorrectnessTest.php on line 558

Warning: Undefined property: class@anonymous::$insert_id in D:\meowseo\tests\properties\Property14RedirectMatchingCorrectnessTest.php on line 558

Warning: Undefined property: class@anonymous::$insert_id in D:\meowseo\tests\properties\Property14RedirectMatchingCorrectnessTest.php on line 558

Warning: Undefined property: class@anonymous::$insert_id in D:\meowseo\tests\properties\Property14RedirectMatchingCorrectnessTest.php on line 558

Warning: Undefined property: class@anonymous::$insert_id in D:\meowseo\tests\properties\Property14RedirectMatchingCorrectnessTest.php on line 558

Warning: Undefined property: class@anonymous::$insert_id in D:\meowseo\tests\properties\Property14RedirectMatchingCorrectnessTest.php on line 558

Warning: Undefined property: class@anonymous::$insert_id in D:\meowseo\tests\properties\Property14RedirectMatchingCorrectnessTest.php on line 558

Warning: Undefined property: class@anonymous::$insert_id in D:\meowseo\tests\properties\Property14RedirectMatchingCorrectnessTest.php on line 558

Warning: Undefined property: class@anonymous::$insert_id in D:\meowseo\tests\properties\Property14RedirectMatchingCorrectnessTest.php on line 558

Warning: Undefined property: class@anonymous::$insert_id in D:\meowseo\tests\properties\Property14RedirectMatchingCorrectnessTest.php on line 558

Warning: Undefined property: class@anonymous::$insert_id in D:\meowseo\tests\properties\Property14RedirectMatchingCorrectnessTest.php on line 558

Warning: Undefined property: class@anonymous::$insert_id in D:\meowseo\tests\properties\Property14RedirectMatchingCorrectnessTest.php on line 558

Warning: Undefined property: class@anonymous::$insert_id in D:\meowseo\tests\properties\Property14RedirectMatchingCorrectnessTest.php on line 558

Warning: Undefined property: class@anonymous::$insert_id in D:\meowseo\tests\properties\Property14RedirectMatchingCorrectnessTest.php on line 558

Warning: Undefined property: class@anonymous::$insert_id in D:\meowseo\tests\properties\Property14RedirectMatchingCorrectnessTest.php on line 558

Warning: Undefined property: class@anonymous::$insert_id in D:\meowseo\tests\properties\Property14RedirectMatchingCorrectnessTest.php on line 558

Warning: Undefined property: class@anonymous::$insert_id in D:\meowseo\tests\properties\Property14RedirectMatchingCorrectnessTest.php on line 558

Warning: Undefined property: class@anonymous::$insert_id in D:\meowseo\tests\properties\Property14RedirectMatchingCorrectnessTest.php on line 558

Warning: Undefined property: class@anonymous::$insert_id in D:\meowseo\tests\properties\Property14RedirectMatchingCorrectnessTest.php on line 558

Warning: Undefined property: class@anonymous::$insert_id in D:\meowseo\tests\properties\Property14RedirectMatchingCorrectnessTest.php on line 558

Warning: Undefined property: class@anonymous::$insert_id in D:\meowseo\tests\properties\Property14RedirectMatchingCorrectnessTest.php on line 558

Warning: Undefined property: class@anonymous::$insert_id in D:\meowseo\tests\properties\Property14RedirectMatchingCorrectnessTest.php on line 558

Warning: Undefined property: class@anonymous::$insert_id in D:\meowseo\tests\properties\Property14RedirectMatchingCorrectnessTest.php on line 558

Warning: Undefined property: class@anonymous::$insert_id in D:\meowseo\tests\properties\Property14RedirectMatchingCorrectnessTest.php on line 558

Warning: Undefined property: class@anonymous::$insert_id in D:\meowseo\tests\properties\Property14RedirectMatchingCorrectnessTest.php on line 558

Warning: Undefined property: class@anonymous::$insert_id in D:\meowseo\tests\properties\Property14RedirectMatchingCorrectnessTest.php on line 558

Warning: Undefined property: class@anonymous::$insert_id in D:\meowseo\tests\properties\Property14RedirectMatchingCorrectnessTest.php on line 558

Warning: Undefined property: class@anonymous::$insert_id in D:\meowseo\tests\properties\Property14RedirectMatchingCorrectnessTest.php on line 558

Warning: Undefined property: class@anonymous::$insert_id in D:\meowseo\tests\properties\Property14RedirectMatchingCorrectnessTest.php on line 558

Warning: Undefined property: class@anonymous::$insert_id in D:\meowseo\tests\properties\Property14RedirectMatchingCorrectnessTest.php on line 558

Warning: Undefined property: class@anonymous::$insert_id in D:\meowseo\tests\properties\Property14RedirectMatchingCorrectnessTest.php on line 558

Warning: Undefined property: class@anonymous::$insert_id in D:\meowseo\tests\properties\Property14RedirectMatchingCorrectnessTest.php on line 558

Warning: Undefined property: class@anonymous::$insert_id in D:\meowseo\tests\properties\Property14RedirectMatchingCorrectnessTest.php on line 558

Warning: Undefined property: class@anonymous::$insert_id in D:\meowseo\tests\properties\Property14RedirectMatchingCorrectnessTest.php on line 558

Warning: Undefined property: class@anonymous::$insert_id in D:\meowseo\tests\properties\Property14RedirectMatchingCorrectnessTest.php on line 558

Warning: Undefined property: class@anonymous::$insert_id in D:\meowseo\tests\properties\Property14RedirectMatchingCorrectnessTest.php on line 558

Warning: Undefined property: class@anonymous::$insert_id in D:\meowseo\tests\properties\Property14RedirectMatchingCorrectnessTest.php on line 558

Warning: Undefined property: class@anonymous::$insert_id in D:\meowseo\tests\properties\Property14RedirectMatchingCorrectnessTest.php on line 558

Warning: Undefined property: class@anonymous::$insert_id in D:\meowseo\tests\properties\Property14RedirectMatchingCorrectnessTest.php on line 558

Warning: Undefined property: class@anonymous::$insert_id in D:\meowseo\tests\properties\Property14RedirectMatchingCorrectnessTest.php on line 558

Warning: Undefined property: class@anonymous::$insert_id in D:\meowseo\tests\properties\Property14RedirectMatchingCorrectnessTest.php on line 558

Warning: Undefined property: class@anonymous::$insert_id in D:\meowseo\tests\properties\Property14RedirectMatchingCorrectnessTest.php on line 558

Warning: Undefined property: class@anonymous::$insert_id in D:\meowseo\tests\properties\Property14RedirectMatchingCorrectnessTest.php on line 558

Warning: Undefined property: class@anonymous::$insert_id in D:\meowseo\tests\properties\Property14RedirectMatchingCorrectnessTest.php on line 558

Warning: Undefined property: class@anonymous::$insert_id in D:\meowseo\tests\properties\Property14RedirectMatchingCorrectnessTest.php on line 558

Warning: Undefined property: class@anonymous::$insert_id in D:\meowseo\tests\properties\Property14RedirectMatchingCorrectnessTest.php on line 558

Warning: Undefined property: class@anonymous::$insert_id in D:\meowseo\tests\properties\Property14RedirectMatchingCorrectnessTest.php on line 558

Warning: Undefined property: class@anonymous::$insert_id in D:\meowseo\tests\properties\Property14RedirectMatchingCorrectnessTest.php on line 558

Warning: Undefined property: class@anonymous::$insert_id in D:\meowseo\tests\properties\Property14RedirectMatchingCorrectnessTest.php on line 558

Warning: Undefined property: class@anonymous::$insert_id in D:\meowseo\tests\properties\Property14RedirectMatchingCorrectnessTest.php on line 558

Warning: Undefined property: class@anonymous::$insert_id in D:\meowseo\tests\properties\Property14RedirectMatchingCorrectnessTest.php on line 558

Warning: Undefined property: class@anonymous::$insert_id in D:\meowseo\tests\properties\Property14RedirectMatchingCorrectnessTest.php on line 558

Warning: Undefined property: class@anonymous::$insert_id in D:\meowseo\tests\properties\Property14RedirectMatchingCorrectnessTest.php on line 558

Warning: Undefined property: class@anonymous::$insert_id in D:\meowseo\tests\properties\Property14RedirectMatchingCorrectnessTest.php on line 558

Warning: Undefined property: class@anonymous::$insert_id in D:\meowseo\tests\properties\Property14RedirectMatchingCorrectnessTest.php on line 558

Warning: Undefined property: class@anonymous::$insert_id in D:\meowseo\tests\properties\Property14RedirectMatchingCorrectnessTest.php on line 558

Warning: Undefined property: class@anonymous::$insert_id in D:\meowseo\tests\properties\Property14RedirectMatchingCorrectnessTest.php on line 558

Warning: Undefined property: class@anonymous::$insert_id in D:\meowseo\tests\properties\Property14RedirectMatchingCorrectnessTest.php on line 558

Warning: Undefined property: class@anonymous::$insert_id in D:\meowseo\tests\properties\Property14RedirectMatchingCorrectnessTest.php on line 558

Warning: Undefined property: class@anonymous::$insert_id in D:\meowseo\tests\properties\Property14RedirectMatchingCorrectnessTest.php on line 558

Warning: Undefined property: class@anonymous::$insert_id in D:\meowseo\tests\properties\Property14RedirectMatchingCorrectnessTest.php on line 558

Warning: Undefined property: class@anonymous::$insert_id in D:\meowseo\tests\properties\Property14RedirectMatchingCorrectnessTest.php on line 558

Warning: Undefined property: class@anonymous::$insert_id in D:\meowseo\tests\properties\Property14RedirectMatchingCorrectnessTest.php on line 558

Warning: Undefined property: class@anonymous::$insert_id in D:\meowseo\tests\properties\Property14RedirectMatchingCorrectnessTest.php on line 558

Warning: Undefined property: class@anonymous::$insert_id in D:\meowseo\tests\properties\Property14RedirectMatchingCorrectnessTest.php on line 558

Warning: Undefined property: class@anonymous::$insert_id in D:\meowseo\tests\properties\Property14RedirectMatchingCorrectnessTest.php on line 558

Warning: Undefined property: class@anonymous::$insert_id in D:\meowseo\tests\properties\Property14RedirectMatchingCorrectnessTest.php on line 558

Warning: Undefined property: class@anonymous::$insert_id in D:\meowseo\tests\properties\Property14RedirectMatchingCorrectnessTest.php on line 558

Warning: Undefined property: class@anonymous::$insert_id in D:\meowseo\tests\properties\Property14RedirectMatchingCorrectnessTest.php on line 558

Warning: Undefined property: class@anonymous::$insert_id in D:\meowseo\tests\properties\Property14RedirectMatchingCorrectnessTest.php on line 558

Warning: Undefined property: class@anonymous::$insert_id in D:\meowseo\tests\properties\Property14RedirectMatchingCorrectnessTest.php on line 558

Warning: Undefined property: class@anonymous::$insert_id in D:\meowseo\tests\properties\Property14RedirectMatchingCorrectnessTest.php on line 558

Warning: Undefined property: class@anonymous::$insert_id in D:\meowseo\tests\properties\Property14RedirectMatchingCorrectnessTest.php on line 558

Warning: Undefined property: class@anonymous::$insert_id in D:\meowseo\tests\properties\Property14RedirectMatchingCorrectnessTest.php on line 558

Warning: Undefined property: class@anonymous::$insert_id in D:\meowseo\tests\properties\Property14RedirectMatchingCorrectnessTest.php on line 558

Warning: Undefined property: class@anonymous::$insert_id in D:\meowseo\tests\properties\Property14RedirectMatchingCorrectnessTest.php on line 558

Warning: Undefined property: class@anonymous::$insert_id in D:\meowseo\tests\properties\Property14RedirectMatchingCorrectnessTest.php on line 558

Warning: Undefined property: class@anonymous::$insert_id in D:\meowseo\tests\properties\Property14RedirectMatchingCorrectnessTest.php on line 558

Warning: Undefined property: class@anonymous::$insert_id in D:\meowseo\tests\properties\Property14RedirectMatchingCorrectnessTest.php on line 558

Warning: Undefined property: class@anonymous::$insert_id in D:\meowseo\tests\properties\Property14RedirectMatchingCorrectnessTest.php on line 558

Warning: Undefined property: class@anonymous::$insert_id in D:\meowseo\tests\properties\Property14RedirectMatchingCorrectnessTest.php on line 558

Warning: Undefined property: class@anonymous::$insert_id in D:\meowseo\tests\properties\Property14RedirectMatchingCorrectnessTest.php on line 558

Warning: Undefined property: class@anonymous::$insert_id in D:\meowseo\tests\properties\Property14RedirectMatchingCorrectnessTest.php on line 558

Warning: Undefined property: class@anonymous::$insert_id in D:\meowseo\tests\properties\Property14RedirectMatchingCorrectnessTest.php on line 558

Warning: Undefined property: class@anonymous::$insert_id in D:\meowseo\tests\properties\Property14RedirectMatchingCorrectnessTest.php on line 558

Warning: Undefined property: class@anonymous::$insert_id in D:\meowseo\tests\properties\Property14RedirectMatchingCorrectnessTest.php on line 558

Warning: Undefined property: class@anonymous::$insert_id in D:\meowseo\tests\properties\Property14RedirectMatchingCorrectnessTest.php on line 558

Warning: Undefined property: class@anonymous::$insert_id in D:\meowseo\tests\properties\Property14RedirectMatchingCorrectnessTest.php on line 558

Warning: Undefined property: class@anonymous::$insert_id in D:\meowseo\tests\properties\Property14RedirectMatchingCorrectnessTest.php on line 558

Warning: Undefined property: class@anonymous::$insert_id in D:\meowseo\tests\properties\Property14RedirectMatchingCorrectnessTest.php on line 558

Warning: Undefined property: class@anonymous::$insert_id in D:\meowseo\tests\properties\Property14RedirectMatchingCorrectnessTest.php on line 558

Warning: Undefined property: class@anonymous::$insert_id in D:\meowseo\tests\properties\Property14RedirectMatchingCorrectnessTest.php on line 558

Warning: Undefined property: class@anonymous::$insert_id in D:\meowseo\tests\properties\Property14RedirectMatchingCorrectnessTest.php on line 558

Warning: Undefined property: class@anonymous::$insert_id in D:\meowseo\tests\properties\Property14RedirectMatchingCorrectnessTest.php on line 558

Warning: Undefined property: class@anonymous::$insert_id in D:\meowseo\tests\properties\Property14RedirectMatchingCorrectnessTest.php on line 558

Warning: Undefined property: class@anonymous::$insert_id in D:\meowseo\tests\properties\Property14RedirectMatchingCorrectnessTest.php on line 558

Warning: Undefined property: class@anonymous::$insert_id in D:\meowseo\tests\properties\Property14RedirectMatchingCorrectnessTest.php on line 558

Warning: Undefined property: class@anonymous::$insert_id in D:\meowseo\tests\properties\Property14RedirectMatchingCorrectnessTest.php on line 558

Warning: Undefined property: class@anonymous::$insert_id in D:\meowseo\tests\properties\Property14RedirectMatchingCorrectnessTest.php on line 558

Warning: Undefined property: class@anonymous::$insert_id in D:\meowseo\tests\properties\Property14RedirectMatchingCorrectnessTest.php on line 558

Warning: Undefined property: class@anonymous::$insert_id in D:\meowseo\tests\properties\Property14RedirectMatchingCorrectnessTest.php on line 558

Warning: Undefined property: class@anonymous::$insert_id in D:\meowseo\tests\properties\Property14RedirectMatchingCorrectnessTest.php on line 558

Warning: Undefined property: class@anonymous::$insert_id in D:\meowseo\tests\properties\Property14RedirectMatchingCorrectnessTest.php on line 558

Warning: Undefined property: class@anonymous::$insert_id in D:\meowseo\tests\properties\Property14RedirectMatchingCorrectnessTest.php on line 558

Warning: Undefined property: class@anonymous::$insert_id in D:\meowseo\tests\properties\Property14RedirectMatchingCorrectnessTest.php on line 558

Warning: Undefined property: class@anonymous::$insert_id in D:\meowseo\tests\properties\Property14RedirectMatchingCorrectnessTest.php on line 558

Warning: Undefined property: class@anonymous::$insert_id in D:\meowseo\tests\properties\Property14RedirectMatchingCorrectnessTest.php on line 558

Warning: Undefined property: class@anonymous::$insert_id in D:\meowseo\tests\properties\Property14RedirectMatchingCorrectnessTest.php on line 558

Warning: Undefined property: class@anonymous::$insert_id in D:\meowseo\tests\properties\Property14RedirectMatchingCorrectnessTest.php on line 558

Warning: Undefined property: class@anonymous::$insert_id in D:\meowseo\tests\properties\Property14RedirectMatchingCorrectnessTest.php on line 558

Warning: Undefined property: class@anonymous::$insert_id in D:\meowseo\tests\properties\Property14RedirectMatchingCorrectnessTest.php on line 558

Warning: Undefined property: class@anonymous::$insert_id in D:\meowseo\tests\properties\Property14RedirectMatchingCorrectnessTest.php on line 558

Warning: Undefined property: class@anonymous::$insert_id in D:\meowseo\tests\properties\Property14RedirectMatchingCorrectnessTest.php on line 558

Warning: Undefined property: class@anonymous::$insert_id in D:\meowseo\tests\properties\Property14RedirectMatchingCorrectnessTest.php on line 558

Warning: Undefined property: class@anonymous::$insert_id in D:\meowseo\tests\properties\Property14RedirectMatchingCorrectnessTest.php on line 558

Warning: Undefined property: class@anonymous::$insert_id in D:\meowseo\tests\properties\Property14RedirectMatchingCorrectnessTest.php on line 558

Warning: Undefined property: class@anonymous::$insert_id in D:\meowseo\tests\properties\Property14RedirectMatchingCorrectnessTest.php on line 558

Warning: Undefined property: class@anonymous::$insert_id in D:\meowseo\tests\properties\Property14RedirectMatchingCorrectnessTest.php on line 558

Warning: Undefined property: class@anonymous::$insert_id in D:\meowseo\tests\properties\Property14RedirectMatchingCorrectnessTest.php on line 558

Warning: Undefined property: class@anonymous::$insert_id in D:\meowseo\tests\properties\Property14RedirectMatchingCorrectnessTest.php on line 558

Warning: Undefined property: class@anonymous::$insert_id in D:\meowseo\tests\properties\Property14RedirectMatchingCorrectnessTest.php on line 558

Warning: Undefined property: class@anonymous::$insert_id in D:\meowseo\tests\properties\Property14RedirectMatchingCorrectnessTest.php on line 558

Warning: Undefined property: class@anonymous::$insert_id in D:\meowseo\tests\properties\Property14RedirectMatchingCorrectnessTest.php on line 558

Warning: Undefined property: class@anonymous::$insert_id in D:\meowseo\tests\properties\Property14RedirectMatchingCorrectnessTest.php on line 558

Warning: Undefined property: class@anonymous::$insert_id in D:\meowseo\tests\properties\Property14RedirectMatchingCorrectnessTest.php on line 558

Warning: Undefined property: class@anonymous::$insert_id in D:\meowseo\tests\properties\Property14RedirectMatchingCorrectnessTest.php on line 558

Warning: Undefined property: class@anonymous::$insert_id in D:\meowseo\tests\properties\Property14RedirectMatchingCorrectnessTest.php on line 558

Warning: Undefined property: class@anonymous::$insert_id in D:\meowseo\tests\properties\Property14RedirectMatchingCorrectnessTest.php on line 558

Warning: Undefined property: class@anonymous::$insert_id in D:\meowseo\tests\properties\Property14RedirectMatchingCorrectnessTest.php on line 558

Warning: Undefined property: class@anonymous::$insert_id in D:\meowseo\tests\properties\Property14RedirectMatchingCorrectnessTest.php on line 558

Warning: Undefined property: class@anonymous::$insert_id in D:\meowseo\tests\properties\Property14RedirectMatchingCorrectnessTest.php on line 558

Warning: Undefined property: class@anonymous::$insert_id in D:\meowseo\tests\properties\Property14RedirectMatchingCorrectnessTest.php on line 558

Warning: Undefined property: class@anonymous::$insert_id in D:\meowseo\tests\properties\Property14RedirectMatchingCorrectnessTest.php on line 558

Warning: Undefined property: class@anonymous::$insert_id in D:\meowseo\tests\properties\Property14RedirectMatchingCorrectnessTest.php on line 558

Warning: Undefined property: class@anonymous::$insert_id in D:\meowseo\tests\properties\Property14RedirectMatchingCorrectnessTest.php on line 558

Warning: Undefined property: class@anonymous::$insert_id in D:\meowseo\tests\properties\Property14RedirectMatchingCorrectnessTest.php on line 558

Warning: Undefined property: class@anonymous::$insert_id in D:\meowseo\tests\properties\Property14RedirectMatchingCorrectnessTest.php on line 558

Warning: Undefined property: class@anonymous::$insert_id in D:\meowseo\tests\properties\Property14RedirectMatchingCorrectnessTest.php on line 558

Warning: Undefined property: class@anonymous::$insert_id in D:\meowseo\tests\properties\Property14RedirectMatchingCorrectnessTest.php on line 558

Warning: Undefined property: class@anonymous::$insert_id in D:\meowseo\tests\properties\Property14RedirectMatchingCorrectnessTest.php on line 558

Warning: Undefined property: class@anonymous::$insert_id in D:\meowseo\tests\properties\Property14RedirectMatchingCorrectnessTest.php on line 558

Warning: Undefined property: class@anonymous::$insert_id in D:\meowseo\tests\properties\Property14RedirectMatchingCorrectnessTest.php on line 558

Warning: Undefined property: class@anonymous::$insert_id in D:\meowseo\tests\properties\Property14RedirectMatchingCorrectnessTest.php on line 558

Warning: Undefined property: class@anonymous::$insert_id in D:\meowseo\tests\properties\Property14RedirectMatchingCorrectnessTest.php on line 558

Warning: Undefined property: class@anonymous::$insert_id in D:\meowseo\tests\properties\Property14RedirectMatchingCorrectnessTest.php on line 558

Warning: Undefined property: class@anonymous::$insert_id in D:\meowseo\tests\properties\Property14RedirectMatchingCorrectnessTest.php on line 558

Warning: Undefined property: class@anonymous::$insert_id in D:\meowseo\tests\properties\Property14RedirectMatchingCorrectnessTest.php on line 558

Warning: Undefined property: class@anonymous::$insert_id in D:\meowseo\tests\properties\Property14RedirectMatchingCorrectnessTest.php on line 558

Warning: Undefined property: class@anonymous::$insert_id in D:\meowseo\tests\properties\Property14RedirectMatchingCorrectnessTest.php on line 558

Warning: Undefined property: class@anonymous::$insert_id in D:\meowseo\tests\properties\Property14RedirectMatchingCorrectnessTest.php on line 558

Warning: Undefined property: class@anonymous::$insert_id in D:\meowseo\tests\properties\Property14RedirectMatchingCorrectnessTest.php on line 558

Warning: Undefined property: class@anonymous::$insert_id in D:\meowseo\tests\properties\Property14RedirectMatchingCorrectnessTest.php on line 558

Warning: Undefined property: class@anonymous::$insert_id in D:\meowseo\tests\properties\Property14RedirectMatchingCorrectnessTest.php on line 558

Warning: Undefined property: class@anonymous::$insert_id in D:\meowseo\tests\properties\Property14RedirectMatchingCorrectnessTest.php on line 558

Warning: Undefined property: class@anonymous::$insert_id in D:\meowseo\tests\properties\Property14RedirectMatchingCorrectnessTest.php on line 558

Warning: Undefined property: class@anonymous::$insert_id in D:\meowseo\tests\properties\Property14RedirectMatchingCorrectnessTest.php on line 558

Warning: Undefined property: class@anonymous::$insert_id in D:\meowseo\tests\properties\Property14RedirectMatchingCorrectnessTest.php on line 558

Warning: Undefined property: class@anonymous::$insert_id in D:\meowseo\tests\properties\Property14RedirectMatchingCorrectnessTest.php on line 558

Warning: Undefined property: class@anonymous::$insert_id in D:\meowseo\tests\properties\Property14RedirectMatchingCorrectnessTest.php on line 558

Warning: Undefined property: class@anonymous::$insert_id in D:\meowseo\tests\properties\Property14RedirectMatchingCorrectnessTest.php on line 558

Warning: Undefined property: class@anonymous::$insert_id in D:\meowseo\tests\properties\Property14RedirectMatchingCorrectnessTest.php on line 558

Warning: Undefined property: class@anonymous::$insert_id in D:\meowseo\tests\properties\Property14RedirectMatchingCorrectnessTest.php on line 558

Warning: Undefined property: class@anonymous::$insert_id in D:\meowseo\tests\properties\Property14RedirectMatchingCorrectnessTest.php on line 558

Warning: Undefined property: class@anonymous::$insert_id in D:\meowseo\tests\properties\Property14RedirectMatchingCorrectnessTest.php on line 558

Warning: Undefined property: class@anonymous::$insert_id in D:\meowseo\tests\properties\Property14RedirectMatchingCorrectnessTest.php on line 558

Warning: Undefined property: class@anonymous::$insert_id in D:\meowseo\tests\properties\Property14RedirectMatchingCorrectnessTest.php on line 558

Warning: Undefined property: class@anonymous::$insert_id in D:\meowseo\tests\properties\Property14RedirectMatchingCorrectnessTest.php on line 558

Warning: Undefined property: class@anonymous::$insert_id in D:\meowseo\tests\properties\Property14RedirectMatchingCorrectnessTest.php on line 558

Warning: Undefined property: class@anonymous::$insert_id in D:\meowseo\tests\properties\Property14RedirectMatchingCorrectnessTest.php on line 558

Warning: Undefined property: class@anonymous::$insert_id in D:\meowseo\tests\properties\Property14RedirectMatchingCorrectnessTest.php on line 558

Warning: Undefined property: class@anonymous::$insert_id in D:\meowseo\tests\properties\Property14RedirectMatchingCorrectnessTest.php on line 558

Warning: Undefined property: class@anonymous::$insert_id in D:\meowseo\tests\properties\Property14RedirectMatchingCorrectnessTest.php on line 558

Warning: Undefined property: class@anonymous::$insert_id in D:\meowseo\tests\properties\Property14RedirectMatchingCorrectnessTest.php on line 558

Warning: Undefined property: class@anonymous::$insert_id in D:\meowseo\tests\properties\Property14RedirectMatchingCorrectnessTest.php on line 558

Warning: Undefined property: class@anonymous::$insert_id in D:\meowseo\tests\properties\Property14RedirectMatchingCorrectnessTest.php on line 558

Warning: Undefined property: class@anonymous::$insert_id in D:\meowseo\tests\properties\Property14RedirectMatchingCorrectnessTest.php on line 558

Warning: Undefined property: class@anonymous::$insert_id in D:\meowseo\tests\properties\Property14RedirectMatchingCorrectnessTest.php on line 558

Warning: Undefined property: class@anonymous::$insert_id in D:\meowseo\tests\properties\Property14RedirectMatchingCorrectnessTest.php on line 558

Warning: Undefined property: class@anonymous::$insert_id in D:\meowseo\tests\properties\Property14RedirectMatchingCorrectnessTest.php on line 558

Warning: Undefined property: class@anonymous::$insert_id in D:\meowseo\tests\properties\Property14RedirectMatchingCorrectnessTest.php on line 558

Warning: Undefined property: class@anonymous::$insert_id in D:\meowseo\tests\properties\Property14RedirectMatchingCorrectnessTest.php on line 558

Warning: Undefined property: class@anonymous::$insert_id in D:\meowseo\tests\properties\Property14RedirectMatchingCorrectnessTest.php on line 558

Warning: Undefined property: class@anonymous::$insert_id in D:\meowseo\tests\properties\Property14RedirectMatchingCorrectnessTest.php on line 558

Warning: Undefined property: class@anonymous::$insert_id in D:\meowseo\tests\properties\Property14RedirectMatchingCorrectnessTest.php on line 558

Warning: Undefined property: class@anonymous::$insert_id in D:\meowseo\tests\properties\Property14RedirectMatchingCorrectnessTest.php on line 558

Warning: Undefined property: class@anonymous::$insert_id in D:\meowseo\tests\properties\Property14RedirectMatchingCorrectnessTest.php on line 558

Warning: Undefined property: class@anonymous::$insert_id in D:\meowseo\tests\properties\Property14RedirectMatchingCorrectnessTest.php on line 558

Warning: Undefined property: class@anonymous::$insert_id in D:\meowseo\tests\properties\Property14RedirectMatchingCorrectnessTest.php on line 558

Warning: Undefined property: class@anonymous::$insert_id in D:\meowseo\tests\properties\Property14RedirectMatchingCorrectnessTest.php on line 558

Warning: Undefined property: class@anonymous::$insert_id in D:\meowseo\tests\properties\Property14RedirectMatchingCorrectnessTest.php on line 558

Warning: Undefined property: class@anonymous::$insert_id in D:\meowseo\tests\properties\Property14RedirectMatchingCorrectnessTest.php on line 558

Warning: Undefined property: class@anonymous::$insert_id in D:\meowseo\tests\properties\Property14RedirectMatchingCorrectnessTest.php on line 558

Warning: Undefined property: class@anonymous::$insert_id in D:\meowseo\tests\properties\Property14RedirectMatchingCorrectnessTest.php on line 558

Warning: Undefined property: class@anonymous::$insert_id in D:\meowseo\tests\properties\Property14RedirectMatchingCorrectnessTest.php on line 558

Warning: Undefined property: class@anonymous::$insert_id in D:\meowseo\tests\properties\Property14RedirectMatchingCorrectnessTest.php on line 558

Warning: Undefined property: class@anonymous::$insert_id in D:\meowseo\tests\properties\Property14RedirectMatchingCorrectnessTest.php on line 558

Warning: Undefined property: class@anonymous::$insert_id in D:\meowseo\tests\properties\Property14RedirectMatchingCorrectnessTest.php on line 558

Warning: Undefined property: class@anonymous::$insert_id in D:\meowseo\tests\properties\Property14RedirectMatchingCorrectnessTest.php on line 558

Warning: Undefined property: class@anonymous::$insert_id in D:\meowseo\tests\properties\Property14RedirectMatchingCorrectnessTest.php on line 558

Warning: Undefined property: class@anonymous::$insert_id in D:\meowseo\tests\properties\Property14RedirectMatchingCorrectnessTest.php on line 558

Warning: Undefined property: class@anonymous::$insert_id in D:\meowseo\tests\properties\Property14RedirectMatchingCorrectnessTest.php on line 558

Warning: Undefined property: class@anonymous::$insert_id in D:\meowseo\tests\properties\Property14RedirectMatchingCorrectnessTest.php on line 558

Warning: Undefined property: class@anonymous::$insert_id in D:\meowseo\tests\properties\Property14RedirectMatchingCorrectnessTest.php on line 558

Warning: Undefined property: class@anonymous::$insert_id in D:\meowseo\tests\properties\Property14RedirectMatchingCorrectnessTest.php on line 558

Warning: Undefined property: class@anonymous::$insert_id in D:\meowseo\tests\properties\Property14RedirectMatchingCorrectnessTest.php on line 558

Warning: Undefined property: class@anonymous::$insert_id in D:\meowseo\tests\properties\Property14RedirectMatchingCorrectnessTest.php on line 558

Warning: Undefined property: class@anonymous::$insert_id in D:\meowseo\tests\properties\Property14RedirectMatchingCorrectnessTest.php on line 558

Warning: Undefined property: class@anonymous::$insert_id in D:\meowseo\tests\properties\Property14RedirectMatchingCorrectnessTest.php on line 558

Warning: Undefined property: class@anonymous::$insert_id in D:\meowseo\tests\properties\Property14RedirectMatchingCorrectnessTest.php on line 558

Warning: Undefined property: class@anonymous::$insert_id in D:\meowseo\tests\properties\Property14RedirectMatchingCorrectnessTest.php on line 558

Warning: Undefined property: class@anonymous::$insert_id in D:\meowseo\tests\properties\Property14RedirectMatchingCorrectnessTest.php on line 558

Warning: Undefined property: class@anonymous::$insert_id in D:\meowseo\tests\properties\Property14RedirectMatchingCorrectnessTest.php on line 558

Warning: Undefined property: class@anonymous::$insert_id in D:\meowseo\tests\properties\Property14RedirectMatchingCorrectnessTest.php on line 558

Warning: Undefined property: class@anonymous::$insert_id in D:\meowseo\tests\properties\Property14RedirectMatchingCorrectnessTest.php on line 558

Warning: Undefined property: class@anonymous::$insert_id in D:\meowseo\tests\properties\Property14RedirectMatchingCorrectnessTest.php on line 558

Warning: Undefined property: class@anonymous::$insert_id in D:\meowseo\tests\properties\Property14RedirectMatchingCorrectnessTest.php on line 558

Warning: Undefined property: class@anonymous::$insert_id in D:\meowseo\tests\properties\Property14RedirectMatchingCorrectnessTest.php on line 558

Warning: Undefined property: class@anonymous::$insert_id in D:\meowseo\tests\properties\Property14RedirectMatchingCorrectnessTest.php on line 558

Warning: Undefined property: class@anonymous::$insert_id in D:\meowseo\tests\properties\Property14RedirectMatchingCorrectnessTest.php on line 558

Warning: Undefined property: class@anonymous::$insert_id in D:\meowseo\tests\properties\Property14RedirectMatchingCorrectnessTest.php on line 558

Warning: Undefined property: class@anonymous::$insert_id in D:\meowseo\tests\properties\Property14RedirectMatchingCorrectnessTest.php on line 558

Warning: Undefined property: class@anonymous::$insert_id in D:\meowseo\tests\properties\Property14RedirectMatchingCorrectnessTest.php on line 558

Warning: Undefined property: class@anonymous::$insert_id in D:\meowseo\tests\properties\Property14RedirectMatchingCorrectnessTest.php on line 558

Warning: Undefined property: class@anonymous::$insert_id in D:\meowseo\tests\properties\Property14RedirectMatchingCorrectnessTest.php on line 558

Warning: Undefined property: class@anonymous::$insert_id in D:\meowseo\tests\properties\Property14RedirectMatchingCorrectnessTest.php on line 558

Warning: Undefined property: class@anonymous::$insert_id in D:\meowseo\tests\properties\Property14RedirectMatchingCorrectnessTest.php on line 558

Warning: Undefined property: class@anonymous::$insert_id in D:\meowseo\tests\properties\Property14RedirectMatchingCorrectnessTest.php on line 558

Warning: Undefined property: class@anonymous::$insert_id in D:\meowseo\tests\properties\Property14RedirectMatchingCorrectnessTest.php on line 558

Warning: Undefined property: class@anonymous::$insert_id in D:\meowseo\tests\properties\Property14RedirectMatchingCorrectnessTest.php on line 558

Warning: Undefined property: class@anonymous::$insert_id in D:\meowseo\tests\properties\Property14RedirectMatchingCorrectnessTest.php on line 558

Warning: Undefined property: class@anonymous::$insert_id in D:\meowseo\tests\properties\Property14RedirectMatchingCorrectnessTest.php on line 558

Warning: Undefined property: class@anonymous::$insert_id in D:\meowseo\tests\properties\Property14RedirectMatchingCorrectnessTest.php on line 558

Warning: Undefined property: class@anonymous::$insert_id in D:\meowseo\tests\properties\Property14RedirectMatchingCorrectnessTest.php on line 558

Warning: Undefined property: class@anonymous::$insert_id in D:\meowseo\tests\properties\Property14RedirectMatchingCorrectnessTest.php on line 558

Warning: Undefined property: class@anonymous::$insert_id in D:\meowseo\tests\properties\Property14RedirectMatchingCorrectnessTest.php on line 558

Warning: Undefined property: class@anonymous::$insert_id in D:\meowseo\tests\properties\Property14RedirectMatchingCorrectnessTest.php on line 558

Warning: Undefined property: class@anonymous::$insert_id in D:\meowseo\tests\properties\Property14RedirectMatchingCorrectnessTest.php on line 558

Warning: Undefined property: class@anonymous::$insert_id in D:\meowseo\tests\properties\Property14RedirectMatchingCorrectnessTest.php on line 558

Warning: Undefined property: class@anonymous::$insert_id in D:\meowseo\tests\properties\Property14RedirectMatchingCorrectnessTest.php on line 558

Warning: Undefined property: class@anonymous::$insert_id in D:\meowseo\tests\properties\Property14RedirectMatchingCorrectnessTest.php on line 558

Warning: Undefined property: class@anonymous::$insert_id in D:\meowseo\tests\properties\Property14RedirectMatchingCorrectnessTest.php on line 558

Warning: Undefined property: class@anonymous::$insert_id in D:\meowseo\tests\properties\Property14RedirectMatchingCorrectnessTest.php on line 558

Warning: Undefined property: class@anonymous::$insert_id in D:\meowseo\tests\properties\Property14RedirectMatchingCorrectnessTest.php on line 558

Warning: Undefined property: class@anonymous::$insert_id in D:\meowseo\tests\properties\Property14RedirectMatchingCorrectnessTest.php on line 558

Warning: Undefined property: class@anonymous::$insert_id in D:\meowseo\tests\properties\Property14RedirectMatchingCorrectnessTest.php on line 558

Warning: Undefined property: class@anonymous::$insert_id in D:\meowseo\tests\properties\Property14RedirectMatchingCorrectnessTest.php on line 558

Warning: Undefined property: class@anonymous::$insert_id in D:\meowseo\tests\properties\Property14RedirectMatchingCorrectnessTest.php on line 558

Warning: Undefined property: class@anonymous::$insert_id in D:\meowseo\tests\properties\Property14RedirectMatchingCorrectnessTest.php on line 558

Warning: Undefined property: class@anonymous::$insert_id in D:\meowseo\tests\properties\Property14RedirectMatchingCorrectnessTest.php on line 558

Warning: Undefined property: class@anonymous::$insert_id in D:\meowseo\tests\properties\Property14RedirectMatchingCorrectnessTest.php on line 558

Warning: Undefined property: class@anonymous::$insert_id in D:\meowseo\tests\properties\Property14RedirectMatchingCorrectnessTest.php on line 558

Warning: Undefined property: class@anonymous::$insert_id in D:\meowseo\tests\properties\Property14RedirectMatchingCorrectnessTest.php on line 558

Warning: Undefined property: class@anonymous::$insert_id in D:\meowseo\tests\properties\Property14RedirectMatchingCorrectnessTest.php on line 558

Warning: Undefined property: class@anonymous::$insert_id in D:\meowseo\tests\properties\Property14RedirectMatchingCorrectnessTest.php on line 558

Warning: Undefined property: class@anonymous::$insert_id in D:\meowseo\tests\properties\Property14RedirectMatchingCorrectnessTest.php on line 558

Warning: Undefined property: class@anonymous::$insert_id in D:\meowseo\tests\properties\Property14RedirectMatchingCorrectnessTest.php on line 558

Warning: Undefined property: class@anonymous::$insert_id in D:\meowseo\tests\properties\Property14RedirectMatchingCorrectnessTest.php on line 558

Warning: Undefined property: class@anonymous::$insert_id in D:\meowseo\tests\properties\Property14RedirectMatchingCorrectnessTest.php on line 558

Warning: Undefined property: class@anonymous::$insert_id in D:\meowseo\tests\properties\Property14RedirectMatchingCorrectnessTest.php on line 558

Warning: Undefined property: class@anonymous::$insert_id in D:\meowseo\tests\properties\Property14RedirectMatchingCorrectnessTest.php on line 558

Warning: Undefined property: class@anonymous::$insert_id in D:\meowseo\tests\properties\Property14RedirectMatchingCorrectnessTest.php on line 558

Warning: Undefined property: class@anonymous::$insert_id in D:\meowseo\tests\properties\Property14RedirectMatchingCorrectnessTest.php on line 558

Warning: Undefined property: class@anonymous::$insert_id in D:\meowseo\tests\properties\Property14RedirectMatchingCorrectnessTest.php on line 558

Warning: Undefined property: class@anonymous::$insert_id in D:\meowseo\tests\properties\Property14RedirectMatchingCorrectnessTest.php on line 558

Warning: Undefined property: class@anonymous::$insert_id in D:\meowseo\tests\properties\Property14RedirectMatchingCorrectnessTest.php on line 558

Warning: Undefined property: class@anonymous::$insert_id in D:\meowseo\tests\properties\Property14RedirectMatchingCorrectnessTest.php on line 558

Warning: Undefined property: class@anonymous::$insert_id in D:\meowseo\tests\properties\Property14RedirectMatchingCorrectnessTest.php on line 558

Warning: Undefined property: class@anonymous::$insert_id in D:\meowseo\tests\properties\Property14RedirectMatchingCorrectnessTest.php on line 558

Warning: Undefined property: class@anonymous::$insert_id in D:\meowseo\tests\properties\Property14RedirectMatchingCorrectnessTest.php on line 558

Warning: Undefined property: class@anonymous::$insert_id in D:\meowseo\tests\properties\Property14RedirectMatchingCorrectnessTest.php on line 558

Warning: Undefined property: class@anonymous::$insert_id in D:\meowseo\tests\properties\Property14RedirectMatchingCorrectnessTest.php on line 558

Warning: Undefined property: class@anonymous::$insert_id in D:\meowseo\tests\properties\Property14RedirectMatchingCorrectnessTest.php on line 558

Warning: Undefined property: class@anonymous::$insert_id in D:\meowseo\tests\properties\Property14RedirectMatchingCorrectnessTest.php on line 558

Warning: Undefined property: class@anonymous::$insert_id in D:\meowseo\tests\properties\Property14RedirectMatchingCorrectnessTest.php on line 558

Warning: Undefined property: class@anonymous::$insert_id in D:\meowseo\tests\properties\Property14RedirectMatchingCorrectnessTest.php on line 558

Warning: Undefined property: class@anonymous::$insert_id in D:\meowseo\tests\properties\Property14RedirectMatchingCorrectnessTest.php on line 558

Warning: Undefined property: class@anonymous::$insert_id in D:\meowseo\tests\properties\Property14RedirectMatchingCorrectnessTest.php on line 558

Warning: Undefined property: class@anonymous::$insert_id in D:\meowseo\tests\properties\Property14RedirectMatchingCorrectnessTest.php on line 558

Warning: Undefined property: class@anonymous::$insert_id in D:\meowseo\tests\properties\Property14RedirectMatchingCorrectnessTest.php on line 558

Warning: Undefined property: class@anonymous::$insert_id in D:\meowseo\tests\properties\Property14RedirectMatchingCorrectnessTest.php on line 558

Warning: Undefined property: class@anonymous::$insert_id in D:\meowseo\tests\properties\Property14RedirectMatchingCorrectnessTest.php on line 558

Warning: Undefined property: class@anonymous::$insert_id in D:\meowseo\tests\properties\Property14RedirectMatchingCorrectnessTest.php on line 558

Warning: Undefined property: class@anonymous::$insert_id in D:\meowseo\tests\properties\Property14RedirectMatchingCorrectnessTest.php on line 558

Warning: Undefined property: class@anonymous::$insert_id in D:\meowseo\tests\properties\Property14RedirectMatchingCorrectnessTest.php on line 558

Warning: Undefined property: class@anonymous::$insert_id in D:\meowseo\tests\properties\Property14RedirectMatchingCorrectnessTest.php on line 558

Warning: Undefined property: class@anonymous::$insert_id in D:\meowseo\tests\properties\Property14RedirectMatchingCorrectnessTest.php on line 558

Warning: Undefined property: class@anonymous::$insert_id in D:\meowseo\tests\properties\Property14RedirectMatchingCorrectnessTest.php on line 558

Warning: Undefined property: class@anonymous::$insert_id in D:\meowseo\tests\properties\Property14RedirectMatchingCorrectnessTest.php on line 558

Warning: Undefined property: class@anonymous::$insert_id in D:\meowseo\tests\properties\Property14RedirectMatchingCorrectnessTest.php on line 558

Warning: Undefined property: class@anonymous::$insert_id in D:\meowseo\tests\properties\Property14RedirectMatchingCorrectnessTest.php on line 558

Warning: Undefined property: class@anonymous::$insert_id in D:\meowseo\tests\properties\Property14RedirectMatchingCorrectnessTest.php on line 558

Warning: Undefined property: class@anonymous::$insert_id in D:\meowseo\tests\properties\Property14RedirectMatchingCorrectnessTest.php on line 558

Warning: Undefined property: class@anonymous::$insert_id in D:\meowseo\tests\properties\Property14RedirectMatchingCorrectnessTest.php on line 558

Warning: Undefined property: class@anonymous::$insert_id in D:\meowseo\tests\properties\Property14RedirectMatchingCorrectnessTest.php on line 558

Warning: Undefined property: class@anonymous::$insert_id in D:\meowseo\tests\properties\Property14RedirectMatchingCorrectnessTest.php on line 558

Warning: Undefined property: class@anonymous::$insert_id in D:\meowseo\tests\properties\Property14RedirectMatchingCorrectnessTest.php on line 558

Warning: Undefined property: class@anonymous::$insert_id in D:\meowseo\tests\properties\Property14RedirectMatchingCorrectnessTest.php on line 558

Warning: Undefined property: class@anonymous::$insert_id in D:\meowseo\tests\properties\Property14RedirectMatchingCorrectnessTest.php on line 558

Warning: Undefined property: class@anonymous::$insert_id in D:\meowseo\tests\properties\Property14RedirectMatchingCorrectnessTest.php on line 558

Warning: Undefined property: class@anonymous::$insert_id in D:\meowseo\tests\properties\Property14RedirectMatchingCorrectnessTest.php on line 558

Warning: Undefined property: class@anonymous::$insert_id in D:\meowseo\tests\properties\Property14RedirectMatchingCorrectnessTest.php on line 558

Warning: Undefined property: class@anonymous::$insert_id in D:\meowseo\tests\properties\Property14RedirectMatchingCorrectnessTest.php on line 558

Warning: Undefined property: class@anonymous::$insert_id in D:\meowseo\tests\properties\Property14RedirectMatchingCorrectnessTest.php on line 558

Warning: Undefined property: class@anonymous::$insert_id in D:\meowseo\tests\properties\Property14RedirectMatchingCorrectnessTest.php on line 558

Warning: Undefined property: class@anonymous::$insert_id in D:\meowseo\tests\properties\Property14RedirectMatchingCorrectnessTest.php on line 558

Warning: Undefined property: class@anonymous::$insert_id in D:\meowseo\tests\properties\Property14RedirectMatchingCorrectnessTest.php on line 558

Warning: Undefined property: class@anonymous::$insert_id in D:\meowseo\tests\properties\Property14RedirectMatchingCorrectnessTest.php on line 558

Warning: Undefined property: class@anonymous::$insert_id in D:\meowseo\tests\properties\Property14RedirectMatchingCorrectnessTest.php on line 558

Warning: Undefined property: class@anonymous::$insert_id in D:\meowseo\tests\properties\Property14RedirectMatchingCorrectnessTest.php on line 558

Warning: Undefined property: class@anonymous::$insert_id in D:\meowseo\tests\properties\Property14RedirectMatchingCorrectnessTest.php on line 558

Warning: Undefined property: class@anonymous::$insert_id in D:\meowseo\tests\properties\Property14RedirectMatchingCorrectnessTest.php on line 558

Warning: Undefined property: class@anonymous::$insert_id in D:\meowseo\tests\properties\Property14RedirectMatchingCorrectnessTest.php on line 558

Warning: Undefined property: class@anonymous::$insert_id in D:\meowseo\tests\properties\Property14RedirectMatchingCorrectnessTest.php on line 558

Warning: Undefined property: class@anonymous::$insert_id in D:\meowseo\tests\properties\Property14RedirectMatchingCorrectnessTest.php on line 558

Warning: Undefined property: class@anonymous::$insert_id in D:\meowseo\tests\properties\Property14RedirectMatchingCorrectnessTest.php on line 558

Warning: Undefined property: class@anonymous::$insert_id in D:\meowseo\tests\properties\Property14RedirectMatchingCorrectnessTest.php on line 558

Warning: Undefined property: class@anonymous::$insert_id in D:\meowseo\tests\properties\Property14RedirectMatchingCorrectnessTest.php on line 558

Warning: Undefined property: class@anonymous::$insert_id in D:\meowseo\tests\properties\Property14RedirectMatchingCorrectnessTest.php on line 558

Warning: Undefined property: class@anonymous::$insert_id in D:\meowseo\tests\properties\Property14RedirectMatchingCorrectnessTest.php on line 558

Warning: Undefined property: class@anonymous::$insert_id in D:\meowseo\tests\properties\Property14RedirectMatchingCorrectnessTest.php on line 558

Warning: Undefined property: class@anonymous::$insert_id in D:\meowseo\tests\properties\Property14RedirectMatchingCorrectnessTest.php on line 558

Warning: Undefined property: class@anonymous::$insert_id in D:\meowseo\tests\properties\Property14RedirectMatchingCorrectnessTest.php on line 558

Warning: Undefined property: class@anonymous::$insert_id in D:\meowseo\tests\properties\Property14RedirectMatchingCorrectnessTest.php on line 558

Warning: Undefined property: class@anonymous::$insert_id in D:\meowseo\tests\properties\Property14RedirectMatchingCorrectnessTest.php on line 558

Warning: Undefined property: class@anonymous::$insert_id in D:\meowseo\tests\properties\Property14RedirectMatchingCorrectnessTest.php on line 558

Warning: Undefined property: class@anonymous::$insert_id in D:\meowseo\tests\properties\Property14RedirectMatchingCorrectnessTest.php on line 558

Warning: Undefined property: class@anonymous::$insert_id in D:\meowseo\tests\properties\Property14RedirectMatchingCorrectnessTest.php on line 558

Warning: Undefined property: class@anonymous::$insert_id in D:\meowseo\tests\properties\Property14RedirectMatchingCorrectnessTest.php on line 558

Warning: Undefined property: class@anonymous::$insert_id in D:\meowseo\tests\properties\Property14RedirectMatchingCorrectnessTest.php on line 558

Warning: Undefined property: class@anonymous::$insert_id in D:\meowseo\tests\properties\Property14RedirectMatchingCorrectnessTest.php on line 558

Warning: Undefined property: class@anonymous::$insert_id in D:\meowseo\tests\properties\Property14RedirectMatchingCorrectnessTest.php on line 558

Warning: Undefined property: class@anonymous::$insert_id in D:\meowseo\tests\properties\Property14RedirectMatchingCorrectnessTest.php on line 558

Warning: Undefined property: class@anonymous::$insert_id in D:\meowseo\tests\properties\Property14RedirectMatchingCorrectnessTest.php on line 558

Warning: Undefined property: class@anonymous::$insert_id in D:\meowseo\tests\properties\Property14RedirectMatchingCorrectnessTest.php on line 558

Warning: Undefined property: class@anonymous::$insert_id in D:\meowseo\tests\properties\Property14RedirectMatchingCorrectnessTest.php on line 558

Warning: Undefined property: class@anonymous::$insert_id in D:\meowseo\tests\properties\Property14RedirectMatchingCorrectnessTest.php on line 558

Warning: Undefined property: class@anonymous::$insert_id in D:\meowseo\tests\properties\Property14RedirectMatchingCorrectnessTest.php on line 558

Warning: Undefined property: class@anonymous::$insert_id in D:\meowseo\tests\properties\Property14RedirectMatchingCorrectnessTest.php on line 558

Warning: Undefined property: class@anonymous::$insert_id in D:\meowseo\tests\properties\Property14RedirectMatchingCorrectnessTest.php on line 558

Warning: Undefined property: class@anonymous::$insert_id in D:\meowseo\tests\properties\Property14RedirectMatchingCorrectnessTest.php on line 558

Warning: Undefined property: class@anonymous::$insert_id in D:\meowseo\tests\properties\Property14RedirectMatchingCorrectnessTest.php on line 558

Warning: Undefined property: class@anonymous::$insert_id in D:\meowseo\tests\properties\Property14RedirectMatchingCorrectnessTest.php on line 558

Warning: Undefined property: class@anonymous::$insert_id in D:\meowseo\tests\properties\Property14RedirectMatchingCorrectnessTest.php on line 558

Warning: Undefined property: class@anonymous::$insert_id in D:\meowseo\tests\properties\Property14RedirectMatchingCorrectnessTest.php on line 558

Warning: Undefined property: class@anonymous::$insert_id in D:\meowseo\tests\properties\Property14RedirectMatchingCorrectnessTest.php on line 558

Warning: Undefined property: class@anonymous::$insert_id in D:\meowseo\tests\properties\Property14RedirectMatchingCorrectnessTest.php on line 558

Warning: Undefined property: class@anonymous::$insert_id in D:\meowseo\tests\properties\Property14RedirectMatchingCorrectnessTest.php on line 558

Warning: Undefined property: class@anonymous::$insert_id in D:\meowseo\tests\properties\Property14RedirectMatchingCorrectnessTest.php on line 558

Warning: Undefined property: class@anonymous::$insert_id in D:\meowseo\tests\properties\Property14RedirectMatchingCorrectnessTest.php on line 558

Warning: Undefined property: class@anonymous::$insert_id in D:\meowseo\tests\properties\Property14RedirectMatchingCorrectnessTest.php on line 558

Warning: Undefined property: class@anonymous::$insert_id in D:\meowseo\tests\properties\Property14RedirectMatchingCorrectnessTest.php on line 558

Warning: Undefined property: class@anonymous::$insert_id in D:\meowseo\tests\properties\Property14RedirectMatchingCorrectnessTest.php on line 558

Warning: Undefined property: class@anonymous::$insert_id in D:\meowseo\tests\properties\Property14RedirectMatchingCorrectnessTest.php on line 558

Warning: Undefined property: class@anonymous::$insert_id in D:\meowseo\tests\properties\Property14RedirectMatchingCorrectnessTest.php on line 558

Warning: Undefined property: class@anonymous::$insert_id in D:\meowseo\tests\properties\Property14RedirectMatchingCorrectnessTest.php on line 558

Warning: Undefined property: class@anonymous::$insert_id in D:\meowseo\tests\properties\Property14RedirectMatchingCorrectnessTest.php on line 558

Warning: Undefined property: class@anonymous::$insert_id in D:\meowseo\tests\properties\Property14RedirectMatchingCorrectnessTest.php on line 558

Warning: Undefined property: class@anonymous::$insert_id in D:\meowseo\tests\properties\Property14RedirectMatchingCorrectnessTest.php on line 558

Warning: Undefined property: class@anonymous::$insert_id in D:\meowseo\tests\properties\Property14RedirectMatchingCorrectnessTest.php on line 558

Warning: Undefined property: class@anonymous::$insert_id in D:\meowseo\tests\properties\Property14RedirectMatchingCorrectnessTest.php on line 558

Warning: Undefined property: class@anonymous::$insert_id in D:\meowseo\tests\properties\Property14RedirectMatchingCorrectnessTest.php on line 558

Warning: Undefined property: class@anonymous::$insert_id in D:\meowseo\tests\properties\Property14RedirectMatchingCorrectnessTest.php on line 558

Warning: Undefined property: class@anonymous::$insert_id in D:\meowseo\tests\properties\Property14RedirectMatchingCorrectnessTest.php on line 558

Warning: Undefined property: class@anonymous::$insert_id in D:\meowseo\tests\properties\Property14RedirectMatchingCorrectnessTest.php on line 558

Warning: Undefined property: class@anonymous::$insert_id in D:\meowseo\tests\properties\Property14RedirectMatchingCorrectnessTest.php on line 558

Warning: Undefined property: class@anonymous::$insert_id in D:\meowseo\tests\properties\Property14RedirectMatchingCorrectnessTest.php on line 558

Warning: Undefined property: class@anonymous::$insert_id in D:\meowseo\tests\properties\Property14RedirectMatchingCorrectnessTest.php on line 558

Warning: Undefined property: class@anonymous::$insert_id in D:\meowseo\tests\properties\Property14RedirectMatchingCorrectnessTest.php on line 558

Warning: Undefined property: class@anonymous::$insert_id in D:\meowseo\tests\properties\Property14RedirectMatchingCorrectnessTest.php on line 558

Warning: Undefined property: class@anonymous::$insert_id in D:\meowseo\tests\properties\Property14RedirectMatchingCorrectnessTest.php on line 558

Warning: Undefined property: class@anonymous::$insert_id in D:\meowseo\tests\properties\Property14RedirectMatchingCorrectnessTest.php on line 558

Warning: Undefined property: class@anonymous::$insert_id in D:\meowseo\tests\properties\Property14RedirectMatchingCorrectnessTest.php on line 558

Warning: Undefined property: class@anonymous::$insert_id in D:\meowseo\tests\properties\Property14RedirectMatchingCorrectnessTest.php on line 558

Warning: Undefined property: class@anonymous::$insert_id in D:\meowseo\tests\properties\Property14RedirectMatchingCorrectnessTest.php on line 558

Warning: Undefined property: class@anonymous::$insert_id in D:\meowseo\tests\properties\Property14RedirectMatchingCorrectnessTest.php on line 558

Warning: Undefined property: class@anonymous::$insert_id in D:\meowseo\tests\properties\Property14RedirectMatchingCorrectnessTest.php on line 558

Warning: Undefined property: class@anonymous::$insert_id in D:\meowseo\tests\properties\Property14RedirectMatchingCorrectnessTest.php on line 558

Warning: Undefined property: class@anonymous::$insert_id in D:\meowseo\tests\properties\Property14RedirectMatchingCorrectnessTest.php on line 558

Warning: Undefined property: class@anonymous::$insert_id in D:\meowseo\tests\properties\Property14RedirectMatchingCorrectnessTest.php on line 558

Warning: Undefined property: class@anonymous::$insert_id in D:\meowseo\tests\properties\Property14RedirectMatchingCorrectnessTest.php on line 558

Warning: Undefined property: class@anonymous::$insert_id in D:\meowseo\tests\properties\Property14RedirectMatchingCorrectnessTest.php on line 558

Warning: Undefined property: class@anonymous::$insert_id in D:\meowseo\tests\properties\Property14RedirectMatchingCorrectnessTest.php on line 558

Warning: Undefined property: class@anonymous::$insert_id in D:\meowseo\tests\properties\Property14RedirectMatchingCorrectnessTest.php on line 558

Warning: Undefined property: class@anonymous::$insert_id in D:\meowseo\tests\properties\Property14RedirectMatchingCorrectnessTest.php on line 558

Warning: Undefined property: class@anonymous::$insert_id in D:\meowseo\tests\properties\Property14RedirectMatchingCorrectnessTest.php on line 558

Warning: Undefined property: class@anonymous::$insert_id in D:\meowseo\tests\properties\Property14RedirectMatchingCorrectnessTest.php on line 558

Warning: Undefined property: class@anonymous::$insert_id in D:\meowseo\tests\properties\Property14RedirectMatchingCorrectnessTest.php on line 558

Warning: Undefined property: class@anonymous::$insert_id in D:\meowseo\tests\properties\Property14RedirectMatchingCorrectnessTest.php on line 558

Warning: Undefined property: class@anonymous::$insert_id in D:\meowseo\tests\properties\Property14RedirectMatchingCorrectnessTest.php on line 558

Warning: Undefined property: class@anonymous::$insert_id in D:\meowseo\tests\properties\Property14RedirectMatchingCorrectnessTest.php on line 558

Warning: Undefined property: class@anonymous::$insert_id in D:\meowseo\tests\properties\Property14RedirectMatchingCorrectnessTest.php on line 558

Warning: Undefined property: class@anonymous::$insert_id in D:\meowseo\tests\properties\Property14RedirectMatchingCorrectnessTest.php on line 558

Warning: Undefined property: class@anonymous::$insert_id in D:\meowseo\tests\properties\Property14RedirectMatchingCorrectnessTest.php on line 558

Warning: Undefined property: class@anonymous::$insert_id in D:\meowseo\tests\properties\Property14RedirectMatchingCorrectnessTest.php on line 558

Warning: Undefined property: class@anonymous::$insert_id in D:\meowseo\tests\properties\Property14RedirectMatchingCorrectnessTest.php on line 558

Warning: Undefined property: class@anonymous::$insert_id in D:\meowseo\tests\properties\Property14RedirectMatchingCorrectnessTest.php on line 558

Warning: Undefined property: class@anonymous::$insert_id in D:\meowseo\tests\properties\Property14RedirectMatchingCorrectnessTest.php on line 558

Warning: Undefined property: class@anonymous::$insert_id in D:\meowseo\tests\properties\Property14RedirectMatchingCorrectnessTest.php on line 558

Warning: Undefined property: class@anonymous::$insert_id in D:\meowseo\tests\properties\Property14RedirectMatchingCorrectnessTest.php on line 558

Warning: Undefined property: class@anonymous::$insert_id in D:\meowseo\tests\properties\Property14RedirectMatchingCorrectnessTest.php on line 558

Warning: Undefined property: class@anonymous::$insert_id in D:\meowseo\tests\properties\Property14RedirectMatchingCorrectnessTest.php on line 558

Warning: Undefined property: class@anonymous::$insert_id in D:\meowseo\tests\properties\Property14RedirectMatchingCorrectnessTest.php on line 558

Warning: Undefined property: class@anonymous::$insert_id in D:\meowseo\tests\properties\Property14RedirectMatchingCorrectnessTest.php on line 558

Warning: Undefined property: class@anonymous::$insert_id in D:\meowseo\tests\properties\Property14RedirectMatchingCorrectnessTest.php on line 558

Warning: Undefined property: class@anonymous::$insert_id in D:\meowseo\tests\properties\Property14RedirectMatchingCorrectnessTest.php on line 558

Warning: Undefined property: class@anonymous::$insert_id in D:\meowseo\tests\properties\Property14RedirectMatchingCorrectnessTest.php on line 558

Warning: Undefined property: class@anonymous::$insert_id in D:\meowseo\tests\properties\Property14RedirectMatchingCorrectnessTest.php on line 558

Warning: Undefined property: class@anonymous::$insert_id in D:\meowseo\tests\properties\Property14RedirectMatchingCorrectnessTest.php on line 558

Warning: Undefined property: class@anonymous::$insert_id in D:\meowseo\tests\properties\Property14RedirectMatchingCorrectnessTest.php on line 558

Warning: Undefined property: class@anonymous::$insert_id in D:\meowseo\tests\properties\Property14RedirectMatchingCorrectnessTest.php on line 558

Warning: Undefined property: class@anonymous::$insert_id in D:\meowseo\tests\properties\Property14RedirectMatchingCorrectnessTest.php on line 558

Warning: Undefined property: class@anonymous::$insert_id in D:\meowseo\tests\properties\Property14RedirectMatchingCorrectnessTest.php on line 558

Warning: Undefined property: class@anonymous::$insert_id in D:\meowseo\tests\properties\Property14RedirectMatchingCorrectnessTest.php on line 558

Warning: Undefined property: class@anonymous::$insert_id in D:\meowseo\tests\properties\Property14RedirectMatchingCorrectnessTest.php on line 558

Warning: Undefined property: class@anonymous::$insert_id in D:\meowseo\tests\properties\Property14RedirectMatchingCorrectnessTest.php on line 558

Warning: Undefined property: class@anonymous::$insert_id in D:\meowseo\tests\properties\Property14RedirectMatchingCorrectnessTest.php on line 558

Warning: Undefined property: class@anonymous::$insert_id in D:\meowseo\tests\properties\Property14RedirectMatchingCorrectnessTest.php on line 558

Warning: Undefined property: class@anonymous::$insert_id in D:\meowseo\tests\properties\Property14RedirectMatchingCorrectnessTest.php on line 558

Warning: Undefined property: class@anonymous::$insert_id in D:\meowseo\tests\properties\Property14RedirectMatchingCorrectnessTest.php on line 558

Warning: Undefined property: class@anonymous::$insert_id in D:\meowseo\tests\properties\Property14RedirectMatchingCorrectnessTest.php on line 558

Warning: Undefined property: class@anonymous::$insert_id in D:\meowseo\tests\properties\Property14RedirectMatchingCorrectnessTest.php on line 558

Warning: Undefined property: class@anonymous::$insert_id in D:\meowseo\tests\properties\Property14RedirectMatchingCorrectnessTest.php on line 558

Warning: Undefined property: class@anonymous::$insert_id in D:\meowseo\tests\properties\Property14RedirectMatchingCorrectnessTest.php on line 558

Warning: Undefined property: class@anonymous::$insert_id in D:\meowseo\tests\properties\Property14RedirectMatchingCorrectnessTest.php on line 558

Warning: Undefined property: class@anonymous::$insert_id in D:\meowseo\tests\properties\Property14RedirectMatchingCorrectnessTest.php on line 558

Warning: Undefined property: class@anonymous::$insert_id in D:\meowseo\tests\properties\Property14RedirectMatchingCorrectnessTest.php on line 558

Warning: Undefined property: class@anonymous::$insert_id in D:\meowseo\tests\properties\Property14RedirectMatchingCorrectnessTest.php on line 558

Warning: Undefined property: class@anonymous::$insert_id in D:\meowseo\tests\properties\Property14RedirectMatchingCorrectnessTest.php on line 558

Warning: Undefined property: class@anonymous::$insert_id in D:\meowseo\tests\properties\Property14RedirectMatchingCorrectnessTest.php on line 558

Warning: Undefined property: class@anonymous::$insert_id in D:\meowseo\tests\properties\Property14RedirectMatchingCorrectnessTest.php on line 558

Warning: Undefined property: class@anonymous::$insert_id in D:\meowseo\tests\properties\Property14RedirectMatchingCorrectnessTest.php on line 558

Warning: Undefined property: class@anonymous::$insert_id in D:\meowseo\tests\properties\Property14RedirectMatchingCorrectnessTest.php on line 558

Warning: Undefined property: class@anonymous::$insert_id in D:\meowseo\tests\properties\Property14RedirectMatchingCorrectnessTest.php on line 558

Warning: Undefined property: class@anonymous::$insert_id in D:\meowseo\tests\properties\Property14RedirectMatchingCorrectnessTest.php on line 558

Warning: Undefined property: class@anonymous::$insert_id in D:\meowseo\tests\properties\Property14RedirectMatchingCorrectnessTest.php on line 558

Warning: Undefined property: class@anonymous::$insert_id in D:\meowseo\tests\properties\Property14RedirectMatchingCorrectnessTest.php on line 558

Warning: Undefined property: class@anonymous::$insert_id in D:\meowseo\tests\properties\Property14RedirectMatchingCorrectnessTest.php on line 558

Warning: Undefined property: class@anonymous::$insert_id in D:\meowseo\tests\properties\Property14RedirectMatchingCorrectnessTest.php on line 558

Warning: Undefined property: class@anonymous::$insert_id in D:\meowseo\tests\properties\Property14RedirectMatchingCorrectnessTest.php on line 558

Warning: Undefined property: class@anonymous::$insert_id in D:\meowseo\tests\properties\Property14RedirectMatchingCorrectnessTest.php on line 558

Warning: Undefined property: class@anonymous::$insert_id in D:\meowseo\tests\properties\Property14RedirectMatchingCorrectnessTest.php on line 558

Warning: Undefined property: class@anonymous::$insert_id in D:\meowseo\tests\properties\Property14RedirectMatchingCorrectnessTest.php on line 558

Warning: Undefined property: class@anonymous::$insert_id in D:\meowseo\tests\properties\Property14RedirectMatchingCorrectnessTest.php on line 558

Warning: Undefined property: class@anonymous::$insert_id in D:\meowseo\tests\properties\Property14RedirectMatchingCorrectnessTest.php on line 558

Warning: Undefined property: class@anonymous::$insert_id in D:\meowseo\tests\properties\Property14RedirectMatchingCorrectnessTest.php on line 558

Warning: Undefined property: class@anonymous::$insert_id in D:\meowseo\tests\properties\Property14RedirectMatchingCorrectnessTest.php on line 558

Warning: Undefined property: class@anonymous::$insert_id in D:\meowseo\tests\properties\Property14RedirectMatchingCorrectnessTest.php on line 558

Warning: Undefined property: class@anonymous::$insert_id in D:\meowseo\tests\properties\Property14RedirectMatchingCorrectnessTest.php on line 558

Warning: Undefined property: class@anonymous::$insert_id in D:\meowseo\tests\properties\Property14RedirectMatchingCorrectnessTest.php on line 558

Warning: Undefined property: class@anonymous::$insert_id in D:\meowseo\tests\properties\Property14RedirectMatchingCorrectnessTest.php on line 558

Warning: Undefined property: class@anonymous::$insert_id in D:\meowseo\tests\properties\Property14RedirectMatchingCorrectnessTest.php on line 558

Warning: Undefined property: class@anonymous::$insert_id in D:\meowseo\tests\properties\Property14RedirectMatchingCorrectnessTest.php on line 558

Warning: Undefined property: class@anonymous::$insert_id in D:\meowseo\tests\properties\Property14RedirectMatchingCorrectnessTest.php on line 558

Warning: Undefined property: class@anonymous::$insert_id in D:\meowseo\tests\properties\Property14RedirectMatchingCorrectnessTest.php on line 558

Warning: Undefined property: class@anonymous::$insert_id in D:\meowseo\tests\properties\Property14RedirectMatchingCorrectnessTest.php on line 558

Warning: Undefined property: class@anonymous::$insert_id in D:\meowseo\tests\properties\Property14RedirectMatchingCorrectnessTest.php on line 558

Warning: Undefined property: class@anonymous::$insert_id in D:\meowseo\tests\properties\Property14RedirectMatchingCorrectnessTest.php on line 558

Warning: Undefined property: class@anonymous::$insert_id in D:\meowseo\tests\properties\Property14RedirectMatchingCorrectnessTest.php on line 558

Warning: Undefined property: class@anonymous::$insert_id in D:\meowseo\tests\properties\Property14RedirectMatchingCorrectnessTest.php on line 558

Warning: Undefined property: class@anonymous::$insert_id in D:\meowseo\tests\properties\Property14RedirectMatchingCorrectnessTest.php on line 558

Warning: Undefined property: class@anonymous::$insert_id in D:\meowseo\tests\properties\Property14RedirectMatchingCorrectnessTest.php on line 558

Warning: Undefined property: class@anonymous::$insert_id in D:\meowseo\tests\properties\Property14RedirectMatchingCorrectnessTest.php on line 558

Warning: Undefined property: class@anonymous::$insert_id in D:\meowseo\tests\properties\Property14RedirectMatchingCorrectnessTest.php on line 558

Warning: Undefined property: class@anonymous::$insert_id in D:\meowseo\tests\properties\Property14RedirectMatchingCorrectnessTest.php on line 558

Warning: Undefined property: class@anonymous::$insert_id in D:\meowseo\tests\properties\Property14RedirectMatchingCorrectnessTest.php on line 558

Warning: Undefined property: class@anonymous::$insert_id in D:\meowseo\tests\properties\Property14RedirectMatchingCorrectnessTest.php on line 558

Warning: Undefined property: class@anonymous::$insert_id in D:\meowseo\tests\properties\Property14RedirectMatchingCorrectnessTest.php on line 558

Warning: Undefined property: class@anonymous::$insert_id in D:\meowseo\tests\properties\Property14RedirectMatchingCorrectnessTest.php on line 558

Warning: Undefined property: class@anonymous::$insert_id in D:\meowseo\tests\properties\Property14RedirectMatchingCorrectnessTest.php on line 558

Warning: Undefined property: class@anonymous::$insert_id in D:\meowseo\tests\properties\Property14RedirectMatchingCorrectnessTest.php on line 558

Warning: Undefined property: class@anonymous::$insert_id in D:\meowseo\tests\properties\Property14RedirectMatchingCorrectnessTest.php on line 558

Warning: Undefined property: class@anonymous::$insert_id in D:\meowseo\tests\properties\Property14RedirectMatchingCorrectnessTest.php on line 558

Warning: Undefined property: class@anonymous::$insert_id in D:\meowseo\tests\properties\Property14RedirectMatchingCorrectnessTest.php on line 558

Warning: Undefined property: class@anonymous::$insert_id in D:\meowseo\tests\properties\Property14RedirectMatchingCorrectnessTest.php on line 558

Warning: Undefined property: class@anonymous::$insert_id in D:\meowseo\tests\properties\Property14RedirectMatchingCorrectnessTest.php on line 558

Warning: Undefined property: class@anonymous::$insert_id in D:\meowseo\tests\properties\Property14RedirectMatchingCorrectnessTest.php on line 558

Warning: Undefined property: class@anonymous::$insert_id in D:\meowseo\tests\properties\Property14RedirectMatchingCorrectnessTest.php on line 558

Warning: Undefined property: class@anonymous::$insert_id in D:\meowseo\tests\properties\Property14RedirectMatchingCorrectnessTest.php on line 558

Warning: Undefined property: class@anonymous::$insert_id in D:\meowseo\tests\properties\Property14RedirectMatchingCorrectnessTest.php on line 558

Warning: Undefined property: class@anonymous::$insert_id in D:\meowseo\tests\properties\Property14RedirectMatchingCorrectnessTest.php on line 558

Warning: Undefined property: class@anonymous::$insert_id in D:\meowseo\tests\properties\Property14RedirectMatchingCorrectnessTest.php on line 558

Warning: Undefined property: class@anonymous::$insert_id in D:\meowseo\tests\properties\Property14RedirectMatchingCorrectnessTest.php on line 558

Warning: Undefined property: class@anonymous::$insert_id in D:\meowseo\tests\properties\Property14RedirectMatchingCorrectnessTest.php on line 558

Warning: Undefined property: class@anonymous::$insert_id in D:\meowseo\tests\properties\Property14RedirectMatchingCorrectnessTest.php on line 558

Warning: Undefined property: class@anonymous::$insert_id in D:\meowseo\tests\properties\Property14RedirectMatchingCorrectnessTest.php on line 558

Warning: Undefined property: class@anonymous::$insert_id in D:\meowseo\tests\properties\Property14RedirectMatchingCorrectnessTest.php on line 558

Warning: Undefined property: class@anonymous::$insert_id in D:\meowseo\tests\properties\Property14RedirectMatchingCorrectnessTest.php on line 558

Warning: Undefined property: class@anonymous::$insert_id in D:\meowseo\tests\properties\Property14RedirectMatchingCorrectnessTest.php on line 558

Warning: Undefined property: class@anonymous::$insert_id in D:\meowseo\tests\properties\Property14RedirectMatchingCorrectnessTest.php on line 558

Warning: Undefined property: class@anonymous::$insert_id in D:\meowseo\tests\properties\Property14RedirectMatchingCorrectnessTest.php on line 558

Warning: Undefined property: class@anonymous::$insert_id in D:\meowseo\tests\properties\Property14RedirectMatchingCorrectnessTest.php on line 558

Warning: Undefined property: class@anonymous::$insert_id in D:\meowseo\tests\properties\Property14RedirectMatchingCorrectnessTest.php on line 558

Warning: Undefined property: class@anonymous::$insert_id in D:\meowseo\tests\properties\Property14RedirectMatchingCorrectnessTest.php on line 558

Warning: Undefined property: class@anonymous::$insert_id in D:\meowseo\tests\properties\Property14RedirectMatchingCorrectnessTest.php on line 558

Warning: Undefined property: class@anonymous::$insert_id in D:\meowseo\tests\properties\Property14RedirectMatchingCorrectnessTest.php on line 558

Warning: Undefined property: class@anonymous::$insert_id in D:\meowseo\tests\properties\Property14RedirectMatchingCorrectnessTest.php on line 558

Warning: Undefined property: class@anonymous::$insert_id in D:\meowseo\tests\properties\Property14RedirectMatchingCorrectnessTest.php on line 558

Warning: Undefined property: class@anonymous::$insert_id in D:\meowseo\tests\properties\Property14RedirectMatchingCorrectnessTest.php on line 558

Warning: Undefined property: class@anonymous::$insert_id in D:\meowseo\tests\properties\Property14RedirectMatchingCorrectnessTest.php on line 558

Warning: Undefined property: class@anonymous::$insert_id in D:\meowseo\tests\properties\Property14RedirectMatchingCorrectnessTest.php on line 558

Warning: Undefined property: class@anonymous::$insert_id in D:\meowseo\tests\properties\Property14RedirectMatchingCorrectnessTest.php on line 558

Warning: Undefined property: class@anonymous::$insert_id in D:\meowseo\tests\properties\Property14RedirectMatchingCorrectnessTest.php on line 558

Warning: Undefined property: class@anonymous::$insert_id in D:\meowseo\tests\properties\Property14RedirectMatchingCorrectnessTest.php on line 558

Warning: Undefined property: class@anonymous::$insert_id in D:\meowseo\tests\properties\Property14RedirectMatchingCorrectnessTest.php on line 558

Warning: Undefined property: class@anonymous::$insert_id in D:\meowseo\tests\properties\Property14RedirectMatchingCorrectnessTest.php on line 558

Warning: Undefined property: class@anonymous::$insert_id in D:\meowseo\tests\properties\Property14RedirectMatchingCorrectnessTest.php on line 558

Warning: Undefined property: class@anonymous::$insert_id in D:\meowseo\tests\properties\Property14RedirectMatchingCorrectnessTest.php on line 558

Warning: Undefined property: class@anonymous::$insert_id in D:\meowseo\tests\properties\Property14RedirectMatchingCorrectnessTest.php on line 558

Warning: Undefined property: class@anonymous::$insert_id in D:\meowseo\tests\properties\Property14RedirectMatchingCorrectnessTest.php on line 558

Warning: Undefined property: class@anonymous::$insert_id in D:\meowseo\tests\properties\Property14RedirectMatchingCorrectnessTest.php on line 558

Warning: Undefined property: class@anonymous::$insert_id in D:\meowseo\tests\properties\Property14RedirectMatchingCorrectnessTest.php on line 558

Warning: Undefined property: class@anonymous::$insert_id in D:\meowseo\tests\properties\Property14RedirectMatchingCorrectnessTest.php on line 558

Warning: Undefined property: class@anonymous::$insert_id in D:\meowseo\tests\properties\Property14RedirectMatchingCorrectnessTest.php on line 558

Warning: Undefined property: class@anonymous::$insert_id in D:\meowseo\tests\properties\Property14RedirectMatchingCorrectnessTest.php on line 558

Warning: Undefined property: class@anonymous::$insert_id in D:\meowseo\tests\properties\Property14RedirectMatchingCorrectnessTest.php on line 558

Warning: Undefined property: class@anonymous::$insert_id in D:\meowseo\tests\properties\Property14RedirectMatchingCorrectnessTest.php on line 558

Warning: Undefined property: class@anonymous::$insert_id in D:\meowseo\tests\properties\Property14RedirectMatchingCorrectnessTest.php on line 558

Warning: Undefined property: class@anonymous::$insert_id in D:\meowseo\tests\properties\Property14RedirectMatchingCorrectnessTest.php on line 558

Warning: Undefined property: class@anonymous::$insert_id in D:\meowseo\tests\properties\Property14RedirectMatchingCorrectnessTest.php on line 558

Warning: Undefined property: class@anonymous::$insert_id in D:\meowseo\tests\properties\Property14RedirectMatchingCorrectnessTest.php on line 558

Warning: Undefined property: class@anonymous::$insert_id in D:\meowseo\tests\properties\Property14RedirectMatchingCorrectnessTest.php on line 558

Warning: Undefined property: class@anonymous::$insert_id in D:\meowseo\tests\properties\Property14RedirectMatchingCorrectnessTest.php on line 558

Warning: Undefined property: class@anonymous::$insert_id in D:\meowseo\tests\properties\Property14RedirectMatchingCorrectnessTest.php on line 558

Warning: Undefined property: class@anonymous::$insert_id in D:\meowseo\tests\properties\Property14RedirectMatchingCorrectnessTest.php on line 558

Warning: Undefined property: class@anonymous::$insert_id in D:\meowseo\tests\properties\Property14RedirectMatchingCorrectnessTest.php on line 558

Warning: Undefined property: class@anonymous::$insert_id in D:\meowseo\tests\properties\Property14RedirectMatchingCorrectnessTest.php on line 558

Warning: Undefined property: class@anonymous::$insert_id in D:\meowseo\tests\properties\Property14RedirectMatchingCorrectnessTest.php on line 558

Warning: Undefined property: class@anonymous::$insert_id in D:\meowseo\tests\properties\Property14RedirectMatchingCorrectnessTest.php on line 558

Warning: Undefined property: class@anonymous::$insert_id in D:\meowseo\tests\properties\Property14RedirectMatchingCorrectnessTest.php on line 558

Warning: Undefined property: class@anonymous::$insert_id in D:\meowseo\tests\properties\Property14RedirectMatchingCorrectnessTest.php on line 558

Warning: Undefined property: class@anonymous::$insert_id in D:\meowseo\tests\properties\Property14RedirectMatchingCorrectnessTest.php on line 558

Warning: Undefined property: class@anonymous::$insert_id in D:\meowseo\tests\properties\Property14RedirectMatchingCorrectnessTest.php on line 558

Warning: Undefined property: class@anonymous::$insert_id in D:\meowseo\tests\properties\Property14RedirectMatchingCorrectnessTest.php on line 558

Warning: Undefined property: class@anonymous::$insert_id in D:\meowseo\tests\properties\Property14RedirectMatchingCorrectnessTest.php on line 558

Warning: Undefined property: class@anonymous::$insert_id in D:\meowseo\tests\properties\Property14RedirectMatchingCorrectnessTest.php on line 558

Warning: Undefined property: class@anonymous::$insert_id in D:\meowseo\tests\properties\Property14RedirectMatchingCorrectnessTest.php on line 558

Warning: Undefined property: class@anonymous::$insert_id in D:\meowseo\tests\properties\Property14RedirectMatchingCorrectnessTest.php on line 558

Warning: Undefined property: class@anonymous::$insert_id in D:\meowseo\tests\properties\Property14RedirectMatchingCorrectnessTest.php on line 558

Warning: Undefined property: class@anonymous::$insert_id in D:\meowseo\tests\properties\Property14RedirectMatchingCorrectnessTest.php on line 558

Warning: Undefined property: class@anonymous::$insert_id in D:\meowseo\tests\properties\Property14RedirectMatchingCorrectnessTest.php on line 558

Warning: Undefined property: class@anonymous::$insert_id in D:\meowseo\tests\properties\Property14RedirectMatchingCorrectnessTest.php on line 558

Warning: Undefined property: class@anonymous::$insert_id in D:\meowseo\tests\properties\Property14RedirectMatchingCorrectnessTest.php on line 558

Warning: Undefined property: class@anonymous::$insert_id in D:\meowseo\tests\properties\Property14RedirectMatchingCorrectnessTest.php on line 558

Warning: Undefined property: class@anonymous::$insert_id in D:\meowseo\tests\properties\Property14RedirectMatchingCorrectnessTest.php on line 558

Warning: Undefined property: class@anonymous::$insert_id in D:\meowseo\tests\properties\Property14RedirectMatchingCorrectnessTest.php on line 558

Warning: Undefined property: class@anonymous::$insert_id in D:\meowseo\tests\properties\Property14RedirectMatchingCorrectnessTest.php on line 558

Warning: Undefined property: class@anonymous::$insert_id in D:\meowseo\tests\properties\Property14RedirectMatchingCorrectnessTest.php on line 558

Warning: Undefined property: class@anonymous::$insert_id in D:\meowseo\tests\properties\Property14RedirectMatchingCorrectnessTest.php on line 558

Warning: Undefined property: class@anonymous::$insert_id in D:\meowseo\tests\properties\Property14RedirectMatchingCorrectnessTest.php on line 558

Warning: Undefined property: class@anonymous::$insert_id in D:\meowseo\tests\properties\Property14RedirectMatchingCorrectnessTest.php on line 558

Warning: Undefined property: class@anonymous::$insert_id in D:\meowseo\tests\properties\Property14RedirectMatchingCorrectnessTest.php on line 558

Warning: Undefined property: class@anonymous::$insert_id in D:\meowseo\tests\properties\Property14RedirectMatchingCorrectnessTest.php on line 558

Warning: Undefined property: class@anonymous::$insert_id in D:\meowseo\tests\properties\Property14RedirectMatchingCorrectnessTest.php on line 558

Warning: Undefined property: class@anonymous::$insert_id in D:\meowseo\tests\properties\Property14RedirectMatchingCorrectnessTest.php on line 558

Warning: Undefined property: class@anonymous::$insert_id in D:\meowseo\tests\properties\Property14RedirectMatchingCorrectnessTest.php on line 558

Warning: Undefined property: class@anonymous::$insert_id in D:\meowseo\tests\properties\Property14RedirectMatchingCorrectnessTest.php on line 558

Warning: Undefined property: class@anonymous::$insert_id in D:\meowseo\tests\properties\Property14RedirectMatchingCorrectnessTest.php on line 558

Warning: Undefined property: class@anonymous::$insert_id in D:\meowseo\tests\properties\Property14RedirectMatchingCorrectnessTest.php on line 558

Warning: Undefined property: class@anonymous::$insert_id in D:\meowseo\tests\properties\Property14RedirectMatchingCorrectnessTest.php on line 558

Warning: Undefined property: class@anonymous::$insert_id in D:\meowseo\tests\properties\Property14RedirectMatchingCorrectnessTest.php on line 558

Warning: Undefined property: class@anonymous::$insert_id in D:\meowseo\tests\properties\Property14RedirectMatchingCorrectnessTest.php on line 558

Warning: Undefined property: class@anonymous::$insert_id in D:\meowseo\tests\properties\Property14RedirectMatchingCorrectnessTest.php on line 558

Warning: Undefined property: class@anonymous::$insert_id in D:\meowseo\tests\properties\Property14RedirectMatchingCorrectnessTest.php on line 558

Warning: Undefined property: class@anonymous::$insert_id in D:\meowseo\tests\properties\Property14RedirectMatchingCorrectnessTest.php on line 558

Warning: Undefined property: class@anonymous::$insert_id in D:\meowseo\tests\properties\Property14RedirectMatchingCorrectnessTest.php on line 558

Warning: Undefined property: class@anonymous::$insert_id in D:\meowseo\tests\properties\Property14RedirectMatchingCorrectnessTest.php on line 558

Warning: Undefined property: class@anonymous::$insert_id in D:\meowseo\tests\properties\Property14RedirectMatchingCorrectnessTest.php on line 558

Warning: Undefined property: class@anonymous::$insert_id in D:\meowseo\tests\properties\Property14RedirectMatchingCorrectnessTest.php on line 558

Warning: Undefined property: class@anonymous::$insert_id in D:\meowseo\tests\properties\Property14RedirectMatchingCorrectnessTest.php on line 558

Warning: Undefined property: class@anonymous::$insert_id in D:\meowseo\tests\properties\Property14RedirectMatchingCorrectnessTest.php on line 558

Warning: Undefined property: class@anonymous::$insert_id in D:\meowseo\tests\properties\Property14RedirectMatchingCorrectnessTest.php on line 558

Warning: Undefined property: class@anonymous::$insert_id in D:\meowseo\tests\properties\Property14RedirectMatchingCorrectnessTest.php on line 558

Warning: Undefined property: class@anonymous::$insert_id in D:\meowseo\tests\properties\Property14RedirectMatchingCorrectnessTest.php on line 558

Warning: Undefined property: class@anonymous::$insert_id in D:\meowseo\tests\properties\Property14RedirectMatchingCorrectnessTest.php on line 558

Warning: Undefined property: class@anonymous::$insert_id in D:\meowseo\tests\properties\Property14RedirectMatchingCorrectnessTest.php on line 558

Warning: Undefined property: class@anonymous::$insert_id in D:\meowseo\tests\properties\Property14RedirectMatchingCorrectnessTest.php on line 558

Warning: Undefined property: class@anonymous::$insert_id in D:\meowseo\tests\properties\Property14RedirectMatchingCorrectnessTest.php on line 558

Warning: Undefined property: class@anonymous::$insert_id in D:\meowseo\tests\properties\Property14RedirectMatchingCorrectnessTest.php on line 558

Warning: Undefined property: class@anonymous::$insert_id in D:\meowseo\tests\properties\Property14RedirectMatchingCorrectnessTest.php on line 558

Warning: Undefined property: class@anonymous::$insert_id in D:\meowseo\tests\properties\Property14RedirectMatchingCorrectnessTest.php on line 558

Warning: Undefined property: class@anonymous::$insert_id in D:\meowseo\tests\properties\Property14RedirectMatchingCorrectnessTest.php on line 558

Warning: Undefined property: class@anonymous::$insert_id in D:\meowseo\tests\properties\Property14RedirectMatchingCorrectnessTest.php on line 558

Warning: Undefined property: class@anonymous::$insert_id in D:\meowseo\tests\properties\Property14RedirectMatchingCorrectnessTest.php on line 558

Warning: Undefined property: class@anonymous::$insert_id in D:\meowseo\tests\properties\Property14RedirectMatchingCorrectnessTest.php on line 558

Warning: Undefined property: class@anonymous::$insert_id in D:\meowseo\tests\properties\Property14RedirectMatchingCorrectnessTest.php on line 558

Warning: Undefined property: class@anonymous::$insert_id in D:\meowseo\tests\properties\Property14RedirectMatchingCorrectnessTest.php on line 558

Warning: Undefined property: class@anonymous::$insert_id in D:\meowseo\tests\properties\Property14RedirectMatchingCorrectnessTest.php on line 558

Warning: Undefined property: class@anonymous::$insert_id in D:\meowseo\tests\properties\Property14RedirectMatchingCorrectnessTest.php on line 558

Warning: Undefined property: class@anonymous::$insert_id in D:\meowseo\tests\properties\Property14RedirectMatchingCorrectnessTest.php on line 558

Warning: Undefined property: class@anonymous::$insert_id in D:\meowseo\tests\properties\Property14RedirectMatchingCorrectnessTest.php on line 558

Warning: Undefined property: class@anonymous::$insert_id in D:\meowseo\tests\properties\Property14RedirectMatchingCorrectnessTest.php on line 558

Warning: Undefined property: class@anonymous::$insert_id in D:\meowseo\tests\properties\Property14RedirectMatchingCorrectnessTest.php on line 558

Warning: Undefined property: class@anonymous::$insert_id in D:\meowseo\tests\properties\Property14RedirectMatchingCorrectnessTest.php on line 558

Warning: Undefined property: class@anonymous::$insert_id in D:\meowseo\tests\properties\Property14RedirectMatchingCorrectnessTest.php on line 558

Warning: Undefined property: class@anonymous::$insert_id in D:\meowseo\tests\properties\Property14RedirectMatchingCorrectnessTest.php on line 558

Warning: Undefined property: class@anonymous::$insert_id in D:\meowseo\tests\properties\Property14RedirectMatchingCorrectnessTest.php on line 558

Warning: Undefined property: class@anonymous::$insert_id in D:\meowseo\tests\properties\Property14RedirectMatchingCorrectnessTest.php on line 558

Warning: Undefined property: class@anonymous::$insert_id in D:\meowseo\tests\properties\Property14RedirectMatchingCorrectnessTest.php on line 558

Warning: Undefined property: class@anonymous::$insert_id in D:\meowseo\tests\properties\Property14RedirectMatchingCorrectnessTest.php on line 558

Warning: Undefined property: class@anonymous::$insert_id in D:\meowseo\tests\properties\Property14RedirectMatchingCorrectnessTest.php on line 558

Warning: Undefined property: class@anonymous::$insert_id in D:\meowseo\tests\properties\Property14RedirectMatchingCorrectnessTest.php on line 558

Warning: Undefined property: class@anonymous::$insert_id in D:\meowseo\tests\properties\Property14RedirectMatchingCorrectnessTest.php on line 558

Warning: Undefined property: class@anonymous::$insert_id in D:\meowseo\tests\properties\Property14RedirectMatchingCorrectnessTest.php on line 558

Warning: Undefined property: class@anonymous::$insert_id in D:\meowseo\tests\properties\Property14RedirectMatchingCorrectnessTest.php on line 558

Warning: Undefined property: class@anonymous::$insert_id in D:\meowseo\tests\properties\Property14RedirectMatchingCorrectnessTest.php on line 558

Warning: Undefined property: class@anonymous::$insert_id in D:\meowseo\tests\properties\Property14RedirectMatchingCorrectnessTest.php on line 558

Warning: Undefined property: class@anonymous::$insert_id in D:\meowseo\tests\properties\Property14RedirectMatchingCorrectnessTest.php on line 558

Warning: Undefined property: class@anonymous::$insert_id in D:\meowseo\tests\properties\Property14RedirectMatchingCorrectnessTest.php on line 558

Warning: Undefined property: class@anonymous::$insert_id in D:\meowseo\tests\properties\Property14RedirectMatchingCorrectnessTest.php on line 558

Warning: Undefined property: class@anonymous::$insert_id in D:\meowseo\tests\properties\Property14RedirectMatchingCorrectnessTest.php on line 558

Warning: Undefined property: class@anonymous::$insert_id in D:\meowseo\tests\properties\Property14RedirectMatchingCorrectnessTest.php on line 558

Warning: Undefined property: class@anonymous::$insert_id in D:\meowseo\tests\properties\Property14RedirectMatchingCorrectnessTest.php on line 558

Warning: Undefined property: class@anonymous::$insert_id in D:\meowseo\tests\properties\Property14RedirectMatchingCorrectnessTest.php on line 558

Warning: Undefined property: class@anonymous::$insert_id in D:\meowseo\tests\properties\Property14RedirectMatchingCorrectnessTest.php on line 558

Warning: Undefined property: class@anonymous::$insert_id in D:\meowseo\tests\properties\Property14RedirectMatchingCorrectnessTest.php on line 558

Warning: Undefined property: class@anonymous::$insert_id in D:\meowseo\tests\properties\Property14RedirectMatchingCorrectnessTest.php on line 558

Warning: Undefined property: class@anonymous::$insert_id in D:\meowseo\tests\properties\Property14RedirectMatchingCorrectnessTest.php on line 558

Warning: Undefined property: class@anonymous::$insert_id in D:\meowseo\tests\properties\Property14RedirectMatchingCorrectnessTest.php on line 558

Warning: Undefined property: class@anonymous::$insert_id in D:\meowseo\tests\properties\Property14RedirectMatchingCorrectnessTest.php on line 558

Warning: Undefined property: class@anonymous::$insert_id in D:\meowseo\tests\properties\Property14RedirectMatchingCorrectnessTest.php on line 558

Warning: Undefined property: class@anonymous::$insert_id in D:\meowseo\tests\properties\Property14RedirectMatchingCorrectnessTest.php on line 558

Warning: Undefined property: class@anonymous::$insert_id in D:\meowseo\tests\properties\Property14RedirectMatchingCorrectnessTest.php on line 558

Warning: Undefined property: class@anonymous::$insert_id in D:\meowseo\tests\properties\Property14RedirectMatchingCorrectnessTest.php on line 558

Warning: Undefined property: class@anonymous::$insert_id in D:\meowseo\tests\properties\Property14RedirectMatchingCorrectnessTest.php on line 558

Warning: Undefined property: class@anonymous::$insert_id in D:\meowseo\tests\properties\Property14RedirectMatchingCorrectnessTest.php on line 558

Warning: Undefined property: class@anonymous::$insert_id in D:\meowseo\tests\properties\Property14RedirectMatchingCorrectnessTest.php on line 558

Warning: Undefined property: class@anonymous::$insert_id in D:\meowseo\tests\properties\Property14RedirectMatchingCorrectnessTest.php on line 558

Warning: Undefined property: class@anonymous::$insert_id in D:\meowseo\tests\properties\Property14RedirectMatchingCorrectnessTest.php on line 558

Warning: Undefined property: class@anonymous::$insert_id in D:\meowseo\tests\properties\Property14RedirectMatchingCorrectnessTest.php on line 558

Warning: Undefined property: class@anonymous::$insert_id in D:\meowseo\tests\properties\Property14RedirectMatchingCorrectnessTest.php on line 558

Warning: Undefined property: class@anonymous::$insert_id in D:\meowseo\tests\properties\Property14RedirectMatchingCorrectnessTest.php on line 558

Warning: Undefined property: class@anonymous::$insert_id in D:\meowseo\tests\properties\Property14RedirectMatchingCorrectnessTest.php on line 558

Warning: Undefined property: class@anonymous::$insert_id in D:\meowseo\tests\properties\Property14RedirectMatchingCorrectnessTest.php on line 558

Warning: Undefined property: class@anonymous::$insert_id in D:\meowseo\tests\properties\Property14RedirectMatchingCorrectnessTest.php on line 558

Warning: Undefined property: class@anonymous::$insert_id in D:\meowseo\tests\properties\Property14RedirectMatchingCorrectnessTest.php on line 558

Warning: Undefined property: class@anonymous::$insert_id in D:\meowseo\tests\properties\Property14RedirectMatchingCorrectnessTest.php on line 558

Warning: Undefined property: class@anonymous::$insert_id in D:\meowseo\tests\properties\Property14RedirectMatchingCorrectnessTest.php on line 558

Warning: Undefined property: class@anonymous::$insert_id in D:\meowseo\tests\properties\Property14RedirectMatchingCorrectnessTest.php on line 558

Warning: Undefined property: class@anonymous::$insert_id in D:\meowseo\tests\properties\Property14RedirectMatchingCorrectnessTest.php on line 558

Warning: Undefined property: class@anonymous::$insert_id in D:\meowseo\tests\properties\Property14RedirectMatchingCorrectnessTest.php on line 558

Warning: Undefined property: class@anonymous::$insert_id in D:\meowseo\tests\properties\Property14RedirectMatchingCorrectnessTest.php on line 558

Warning: Undefined property: class@anonymous::$insert_id in D:\meowseo\tests\properties\Property14RedirectMatchingCorrectnessTest.php on line 558

Warning: Undefined property: class@anonymous::$insert_id in D:\meowseo\tests\properties\Property14RedirectMatchingCorrectnessTest.php on line 558

Warning: Undefined property: class@anonymous::$insert_id in D:\meowseo\tests\properties\Property14RedirectMatchingCorrectnessTest.php on line 558

Warning: Undefined property: class@anonymous::$insert_id in D:\meowseo\tests\properties\Property14RedirectMatchingCorrectnessTest.php on line 558

Warning: Undefined property: class@anonymous::$insert_id in D:\meowseo\tests\properties\Property14RedirectMatchingCorrectnessTest.php on line 558

Warning: Undefined property: class@anonymous::$insert_id in D:\meowseo\tests\properties\Property14RedirectMatchingCorrectnessTest.php on line 558

Warning: Undefined property: class@anonymous::$insert_id in D:\meowseo\tests\properties\Property14RedirectMatchingCorrectnessTest.php on line 558

Warning: Undefined property: class@anonymous::$insert_id in D:\meowseo\tests\properties\Property14RedirectMatchingCorrectnessTest.php on line 558

Warning: Undefined property: class@anonymous::$insert_id in D:\meowseo\tests\properties\Property14RedirectMatchingCorrectnessTest.php on line 558

Warning: Undefined property: class@anonymous::$insert_id in D:\meowseo\tests\properties\Property14RedirectMatchingCorrectnessTest.php on line 558

Warning: Undefined property: class@anonymous::$insert_id in D:\meowseo\tests\properties\Property14RedirectMatchingCorrectnessTest.php on line 558

Warning: Undefined property: class@anonymous::$insert_id in D:\meowseo\tests\properties\Property14RedirectMatchingCorrectnessTest.php on line 558

Warning: Undefined property: class@anonymous::$insert_id in D:\meowseo\tests\properties\Property14RedirectMatchingCorrectnessTest.php on line 558

Warning: Undefined property: class@anonymous::$insert_id in D:\meowseo\tests\properties\Property14RedirectMatchingCorrectnessTest.php on line 558

Warning: Undefined property: class@anonymous::$insert_id in D:\meowseo\tests\properties\Property14RedirectMatchingCorrectnessTest.php on line 558

Warning: Undefined property: class@anonymous::$insert_id in D:\meowseo\tests\properties\Property14RedirectMatchingCorrectnessTest.php on line 558

Warning: Undefined property: class@anonymous::$insert_id in D:\meowseo\tests\properties\Property14RedirectMatchingCorrectnessTest.php on line 558

Warning: Undefined property: class@anonymous::$insert_id in D:\meowseo\tests\properties\Property14RedirectMatchingCorrectnessTest.php on line 558

Warning: Undefined property: class@anonymous::$insert_id in D:\meowseo\tests\properties\Property14RedirectMatchingCorrectnessTest.php on line 558

Warning: Undefined property: class@anonymous::$insert_id in D:\meowseo\tests\properties\Property14RedirectMatchingCorrectnessTest.php on line 558

Warning: Undefined property: class@anonymous::$insert_id in D:\meowseo\tests\properties\Property14RedirectMatchingCorrectnessTest.php on line 558

Warning: Undefined property: class@anonymous::$insert_id in D:\meowseo\tests\properties\Property14RedirectMatchingCorrectnessTest.php on line 558

Warning: Undefined property: class@anonymous::$insert_id in D:\meowseo\tests\properties\Property14RedirectMatchingCorrectnessTest.php on line 558

Warning: Undefined property: class@anonymous::$insert_id in D:\meowseo\tests\properties\Property14RedirectMatchingCorrectnessTest.php on line 558

Warning: Undefined property: class@anonymous::$insert_id in D:\meowseo\tests\properties\Property14RedirectMatchingCorrectnessTest.php on line 558

Warning: Undefined property: class@anonymous::$insert_id in D:\meowseo\tests\properties\Property14RedirectMatchingCorrectnessTest.php on line 558

Warning: Undefined property: class@anonymous::$insert_id in D:\meowseo\tests\properties\Property14RedirectMatchingCorrectnessTest.php on line 558

Warning: Undefined property: class@anonymous::$insert_id in D:\meowseo\tests\properties\Property14RedirectMatchingCorrectnessTest.php on line 558

Warning: Undefined property: class@anonymous::$insert_id in D:\meowseo\tests\properties\Property14RedirectMatchingCorrectnessTest.php on line 558

Warning: Undefined property: class@anonymous::$insert_id in D:\meowseo\tests\properties\Property14RedirectMatchingCorrectnessTest.php on line 558

Warning: Undefined property: class@anonymous::$insert_id in D:\meowseo\tests\properties\Property14RedirectMatchingCorrectnessTest.php on line 558

Warning: Undefined property: class@anonymous::$insert_id in D:\meowseo\tests\properties\Property14RedirectMatchingCorrectnessTest.php on line 558

Warning: Undefined property: class@anonymous::$insert_id in D:\meowseo\tests\properties\Property14RedirectMatchingCorrectnessTest.php on line 558

Warning: Undefined property: class@anonymous::$insert_id in D:\meowseo\tests\properties\Property14RedirectMatchingCorrectnessTest.php on line 558

Warning: Undefined property: class@anonymous::$insert_id in D:\meowseo\tests\properties\Property14RedirectMatchingCorrectnessTest.php on line 558

Warning: Undefined property: class@anonymous::$insert_id in D:\meowseo\tests\properties\Property14RedirectMatchingCorrectnessTest.php on line 558

Warning: Undefined property: class@anonymous::$insert_id in D:\meowseo\tests\properties\Property14RedirectMatchingCorrectnessTest.php on line 558

Warning: Undefined property: class@anonymous::$insert_id in D:\meowseo\tests\properties\Property14RedirectMatchingCorrectnessTest.php on line 558

Warning: Undefined property: class@anonymous::$insert_id in D:\meowseo\tests\properties\Property14RedirectMatchingCorrectnessTest.php on line 558

Warning: Undefined property: class@anonymous::$insert_id in D:\meowseo\tests\properties\Property14RedirectMatchingCorrectnessTest.php on line 558

Warning: Undefined property: class@anonymous::$insert_id in D:\meowseo\tests\properties\Property14RedirectMatchingCorrectnessTest.php on line 558

Warning: Undefined property: class@anonymous::$insert_id in D:\meowseo\tests\properties\Property14RedirectMatchingCorrectnessTest.php on line 558

Warning: Undefined property: class@anonymous::$insert_id in D:\meowseo\tests\properties\Property14RedirectMatchingCorrectnessTest.php on line 558

Warning: Undefined property: class@anonymous::$insert_id in D:\meowseo\tests\properties\Property14RedirectMatchingCorrectnessTest.php on line 558

Warning: Undefined property: class@anonymous::$insert_id in D:\meowseo\tests\properties\Property14RedirectMatchingCorrectnessTest.php on line 558

Warning: Undefined property: class@anonymous::$insert_id in D:\meowseo\tests\properties\Property14RedirectMatchingCorrectnessTest.php on line 558

Warning: Undefined property: class@anonymous::$insert_id in D:\meowseo\tests\properties\Property14RedirectMatchingCorrectnessTest.php on line 558

Warning: Undefined property: class@anonymous::$insert_id in D:\meowseo\tests\properties\Property14RedirectMatchingCorrectnessTest.php on line 558

Warning: Undefined property: class@anonymous::$insert_id in D:\meowseo\tests\properties\Property14RedirectMatchingCorrectnessTest.php on line 558

Warning: Undefined property: class@anonymous::$insert_id in D:\meowseo\tests\properties\Property14RedirectMatchingCorrectnessTest.php on line 558

Warning: Undefined property: class@anonymous::$insert_id in D:\meowseo\tests\properties\Property14RedirectMatchingCorrectnessTest.php on line 558

Warning: Undefined property: class@anonymous::$insert_id in D:\meowseo\tests\properties\Property14RedirectMatchingCorrectnessTest.php on line 558

Warning: Undefined property: class@anonymous::$insert_id in D:\meowseo\tests\properties\Property14RedirectMatchingCorrectnessTest.php on line 558

Warning: Undefined property: class@anonymous::$insert_id in D:\meowseo\tests\properties\Property14RedirectMatchingCorrectnessTest.php on line 558

Warning: Undefined property: class@anonymous::$insert_id in D:\meowseo\tests\properties\Property14RedirectMatchingCorrectnessTest.php on line 558

Warning: Undefined property: class@anonymous::$insert_id in D:\meowseo\tests\properties\Property14RedirectMatchingCorrectnessTest.php on line 558

Warning: Undefined property: class@anonymous::$insert_id in D:\meowseo\tests\properties\Property14RedirectMatchingCorrectnessTest.php on line 558

Warning: Undefined property: class@anonymous::$insert_id in D:\meowseo\tests\properties\Property14RedirectMatchingCorrectnessTest.php on line 558

Warning: Undefined property: class@anonymous::$insert_id in D:\meowseo\tests\properties\Property14RedirectMatchingCorrectnessTest.php on line 558

Warning: Undefined property: class@anonymous::$insert_id in D:\meowseo\tests\properties\Property14RedirectMatchingCorrectnessTest.php on line 558

Warning: Undefined property: class@anonymous::$insert_id in D:\meowseo\tests\properties\Property14RedirectMatchingCorrectnessTest.php on line 558

Warning: Undefined property: class@anonymous::$insert_id in D:\meowseo\tests\properties\Property14RedirectMatchingCorrectnessTest.php on line 558

Warning: Undefined property: class@anonymous::$insert_id in D:\meowseo\tests\properties\Property14RedirectMatchingCorrectnessTest.php on line 558

Warning: Undefined property: class@anonymous::$insert_id in D:\meowseo\tests\properties\Property14RedirectMatchingCorrectnessTest.php on line 558

Warning: Undefined property: class@anonymous::$insert_id in D:\meowseo\tests\properties\Property14RedirectMatchingCorrectnessTest.php on line 558

Warning: Undefined property: class@anonymous::$insert_id in D:\meowseo\tests\properties\Property14RedirectMatchingCorrectnessTest.php on line 558

Warning: Undefined property: class@anonymous::$insert_id in D:\meowseo\tests\properties\Property14RedirectMatchingCorrectnessTest.php on line 558

Warning: Undefined property: class@anonymous::$insert_id in D:\meowseo\tests\properties\Property14RedirectMatchingCorrectnessTest.php on line 558

Warning: Undefined property: class@anonymous::$insert_id in D:\meowseo\tests\properties\Property14RedirectMatchingCorrectnessTest.php on line 558

Warning: Undefined property: class@anonymous::$insert_id in D:\meowseo\tests\properties\Property14RedirectMatchingCorrectnessTest.php on line 558

Warning: Undefined property: class@anonymous::$insert_id in D:\meowseo\tests\properties\Property14RedirectMatchingCorrectnessTest.php on line 558

Warning: Undefined property: class@anonymous::$insert_id in D:\meowseo\tests\properties\Property14RedirectMatchingCorrectnessTest.php on line 558

Warning: Undefined property: class@anonymous::$insert_id in D:\meowseo\tests\properties\Property14RedirectMatchingCorrectnessTest.php on line 558

Warning: Undefined property: class@anonymous::$insert_id in D:\meowseo\tests\properties\Property14RedirectMatchingCorrectnessTest.php on line 558

Warning: Undefined property: class@anonymous::$insert_id in D:\meowseo\tests\properties\Property14RedirectMatchingCorrectnessTest.php on line 558

Warning: Undefined property: class@anonymous::$insert_id in D:\meowseo\tests\properties\Property14RedirectMatchingCorrectnessTest.php on line 558

Warning: Undefined property: class@anonymous::$insert_id in D:\meowseo\tests\properties\Property14RedirectMatchingCorrectnessTest.php on line 558

Warning: Undefined property: class@anonymous::$insert_id in D:\meowseo\tests\properties\Property14RedirectMatchingCorrectnessTest.php on line 558

Warning: Undefined property: class@anonymous::$insert_id in D:\meowseo\tests\properties\Property14RedirectMatchingCorrectnessTest.php on line 558

Warning: Undefined property: class@anonymous::$insert_id in D:\meowseo\tests\properties\Property14RedirectMatchingCorrectnessTest.php on line 558

Warning: Undefined property: class@anonymous::$insert_id in D:\meowseo\tests\properties\Property14RedirectMatchingCorrectnessTest.php on line 558

Warning: Undefined property: class@anonymous::$insert_id in D:\meowseo\tests\properties\Property14RedirectMatchingCorrectnessTest.php on line 558

Warning: Undefined property: class@anonymous::$insert_id in D:\meowseo\tests\properties\Property14RedirectMatchingCorrectnessTest.php on line 558

Warning: Undefined property: class@anonymous::$insert_id in D:\meowseo\tests\properties\Property14RedirectMatchingCorrectnessTest.php on line 558

Warning: Undefined property: class@anonymous::$insert_id in D:\meowseo\tests\properties\Property14RedirectMatchingCorrectnessTest.php on line 558

Warning: Undefined property: class@anonymous::$insert_id in D:\meowseo\tests\properties\Property14RedirectMatchingCorrectnessTest.php on line 558

Warning: Undefined property: class@anonymous::$insert_id in D:\meowseo\tests\properties\Property14RedirectMatchingCorrectnessTest.php on line 558

Warning: Undefined property: class@anonymous::$insert_id in D:\meowseo\tests\properties\Property14RedirectMatchingCorrectnessTest.php on line 558

Warning: Undefined property: class@anonymous::$insert_id in D:\meowseo\tests\properties\Property14RedirectMatchingCorrectnessTest.php on line 558

Warning: Undefined property: class@anonymous::$insert_id in D:\meowseo\tests\properties\Property14RedirectMatchingCorrectnessTest.php on line 558

Warning: Undefined property: class@anonymous::$insert_id in D:\meowseo\tests\properties\Property14RedirectMatchingCorrectnessTest.php on line 558

Warning: Undefined property: class@anonymous::$insert_id in D:\meowseo\tests\properties\Property14RedirectMatchingCorrectnessTest.php on line 558

Warning: Undefined property: class@anonymous::$insert_id in D:\meowseo\tests\properties\Property14RedirectMatchingCorrectnessTest.php on line 558

Warning: Undefined property: class@anonymous::$insert_id in D:\meowseo\tests\properties\Property14RedirectMatchingCorrectnessTest.php on line 558

Warning: Undefined property: class@anonymous::$insert_id in D:\meowseo\tests\properties\Property14RedirectMatchingCorrectnessTest.php on line 558

Warning: Undefined property: class@anonymous::$insert_id in D:\meowseo\tests\properties\Property14RedirectMatchingCorrectnessTest.php on line 558

Warning: Undefined property: class@anonymous::$insert_id in D:\meowseo\tests\properties\Property14RedirectMatchingCorrectnessTest.php on line 558

Warning: Undefined property: class@anonymous::$insert_id in D:\meowseo\tests\properties\Property14RedirectMatchingCorrectnessTest.php on line 558

Warning: Undefined property: class@anonymous::$insert_id in D:\meowseo\tests\properties\Property14RedirectMatchingCorrectnessTest.php on line 558

Warning: Undefined property: class@anonymous::$insert_id in D:\meowseo\tests\properties\Property14RedirectMatchingCorrectnessTest.php on line 558

Warning: Undefined property: class@anonymous::$insert_id in D:\meowseo\tests\properties\Property14RedirectMatchingCorrectnessTest.php on line 558

Warning: Undefined property: class@anonymous::$insert_id in D:\meowseo\tests\properties\Property14RedirectMatchingCorrectnessTest.php on line 558

Warning: Undefined property: class@anonymous::$insert_id in D:\meowseo\tests\properties\Property14RedirectMatchingCorrectnessTest.php on line 558

Warning: Undefined property: class@anonymous::$insert_id in D:\meowseo\tests\properties\Property14RedirectMatchingCorrectnessTest.php on line 558

Warning: Undefined property: class@anonymous::$insert_id in D:\meowseo\tests\properties\Property14RedirectMatchingCorrectnessTest.php on line 558

Warning: Undefined property: class@anonymous::$insert_id in D:\meowseo\tests\properties\Property14RedirectMatchingCorrectnessTest.php on line 558

Warning: Undefined property: class@anonymous::$insert_id in D:\meowseo\tests\properties\Property14RedirectMatchingCorrectnessTest.php on line 558

Warning: Undefined property: class@anonymous::$insert_id in D:\meowseo\tests\properties\Property14RedirectMatchingCorrectnessTest.php on line 558

Warning: Undefined property: class@anonymous::$insert_id in D:\meowseo\tests\properties\Property14RedirectMatchingCorrectnessTest.php on line 558

Warning: Undefined property: class@anonymous::$insert_id in D:\meowseo\tests\properties\Property14RedirectMatchingCorrectnessTest.php on line 558

Warning: Undefined property: class@anonymous::$insert_id in D:\meowseo\tests\properties\Property14RedirectMatchingCorrectnessTest.php on line 558

Warning: Undefined property: class@anonymous::$insert_id in D:\meowseo\tests\properties\Property14RedirectMatchingCorrectnessTest.php on line 558

Warning: Undefined property: class@anonymous::$insert_id in D:\meowseo\tests\properties\Property14RedirectMatchingCorrectnessTest.php on line 558

Warning: Undefined property: class@anonymous::$insert_id in D:\meowseo\tests\properties\Property14RedirectMatchingCorrectnessTest.php on line 558

Warning: Undefined property: class@anonymous::$insert_id in D:\meowseo\tests\properties\Property14RedirectMatchingCorrectnessTest.php on line 558

Warning: Undefined property: class@anonymous::$insert_id in D:\meowseo\tests\properties\Property14RedirectMatchingCorrectnessTest.php on line 558

Warning: Undefined property: class@anonymous::$insert_id in D:\meowseo\tests\properties\Property14RedirectMatchingCorrectnessTest.php on line 558

Warning: Undefined property: class@anonymous::$insert_id in D:\meowseo\tests\properties\Property14RedirectMatchingCorrectnessTest.php on line 558

Warning: Undefined property: class@anonymous::$insert_id in D:\meowseo\tests\properties\Property14RedirectMatchingCorrectnessTest.php on line 558

Warning: Undefined property: class@anonymous::$insert_id in D:\meowseo\tests\properties\Property14RedirectMatchingCorrectnessTest.php on line 558

Warning: Undefined property: class@anonymous::$insert_id in D:\meowseo\tests\properties\Property14RedirectMatchingCorrectnessTest.php on line 558

Warning: Undefined property: class@anonymous::$insert_id in D:\meowseo\tests\properties\Property14RedirectMatchingCorrectnessTest.php on line 558

Warning: Undefined property: class@anonymous::$insert_id in D:\meowseo\tests\properties\Property14RedirectMatchingCorrectnessTest.php on line 558

Warning: Undefined property: class@anonymous::$insert_id in D:\meowseo\tests\properties\Property14RedirectMatchingCorrectnessTest.php on line 558

Warning: Undefined property: class@anonymous::$insert_id in D:\meowseo\tests\properties\Property14RedirectMatchingCorrectnessTest.php on line 558

Warning: Undefined property: class@anonymous::$insert_id in D:\meowseo\tests\properties\Property14RedirectMatchingCorrectnessTest.php on line 558

Warning: Undefined property: class@anonymous::$insert_id in D:\meowseo\tests\properties\Property14RedirectMatchingCorrectnessTest.php on line 558

Warning: Undefined property: class@anonymous::$insert_id in D:\meowseo\tests\properties\Property14RedirectMatchingCorrectnessTest.php on line 558

Warning: Undefined property: class@anonymous::$insert_id in D:\meowseo\tests\properties\Property14RedirectMatchingCorrectnessTest.php on line 558

Warning: Undefined property: class@anonymous::$insert_id in D:\meowseo\tests\properties\Property14RedirectMatchingCorrectnessTest.php on line 558

Warning: Undefined property: class@anonymous::$insert_id in D:\meowseo\tests\properties\Property14RedirectMatchingCorrectnessTest.php on line 558

Warning: Undefined property: class@anonymous::$insert_id in D:\meowseo\tests\properties\Property14RedirectMatchingCorrectnessTest.php on line 558

Warning: Undefined property: class@anonymous::$insert_id in D:\meowseo\tests\properties\Property14RedirectMatchingCorrectnessTest.php on line 558

Warning: Undefined property: class@anonymous::$insert_id in D:\meowseo\tests\properties\Property14RedirectMatchingCorrectnessTest.php on line 558

Warning: Undefined property: class@anonymous::$insert_id in D:\meowseo\tests\properties\Property14RedirectMatchingCorrectnessTest.php on line 558

Warning: Undefined property: class@anonymous::$insert_id in D:\meowseo\tests\properties\Property14RedirectMatchingCorrectnessTest.php on line 558

Warning: Undefined property: class@anonymous::$insert_id in D:\meowseo\tests\properties\Property14RedirectMatchingCorrectnessTest.php on line 558

Warning: Undefined property: class@anonymous::$insert_id in D:\meowseo\tests\properties\Property14RedirectMatchingCorrectnessTest.php on line 558

Warning: Undefined property: class@anonymous::$insert_id in D:\meowseo\tests\properties\Property14RedirectMatchingCorrectnessTest.php on line 558

Warning: Undefined property: class@anonymous::$insert_id in D:\meowseo\tests\properties\Property14RedirectMatchingCorrectnessTest.php on line 558

Warning: Undefined property: class@anonymous::$insert_id in D:\meowseo\tests\properties\Property14RedirectMatchingCorrectnessTest.php on line 558

Warning: Undefined property: class@anonymous::$insert_id in D:\meowseo\tests\properties\Property14RedirectMatchingCorrectnessTest.php on line 558

Warning: Undefined property: class@anonymous::$insert_id in D:\meowseo\tests\properties\Property14RedirectMatchingCorrectnessTest.php on line 558

Warning: Undefined property: class@anonymous::$insert_id in D:\meowseo\tests\properties\Property14RedirectMatchingCorrectnessTest.php on line 558

Warning: Undefined property: class@anonymous::$insert_id in D:\meowseo\tests\properties\Property14RedirectMatchingCorrectnessTest.php on line 558

Warning: Undefined property: class@anonymous::$insert_id in D:\meowseo\tests\properties\Property14RedirectMatchingCorrectnessTest.php on line 558

Warning: Undefined property: class@anonymous::$insert_id in D:\meowseo\tests\properties\Property14RedirectMatchingCorrectnessTest.php on line 558

Warning: Undefined property: class@anonymous::$insert_id in D:\meowseo\tests\properties\Property14RedirectMatchingCorrectnessTest.php on line 558

Warning: Undefined property: class@anonymous::$insert_id in D:\meowseo\tests\properties\Property14RedirectMatchingCorrectnessTest.php on line 558

Warning: Undefined property: class@anonymous::$insert_id in D:\meowseo\tests\properties\Property14RedirectMatchingCorrectnessTest.php on line 558

Warning: Undefined property: class@anonymous::$insert_id in D:\meowseo\tests\properties\Property14RedirectMatchingCorrectnessTest.php on line 558

Warning: Undefined property: class@anonymous::$insert_id in D:\meowseo\tests\properties\Property14RedirectMatchingCorrectnessTest.php on line 558

Warning: Undefined property: class@anonymous::$insert_id in D:\meowseo\tests\properties\Property14RedirectMatchingCorrectnessTest.php on line 558

Warning: Undefined property: class@anonymous::$insert_id in D:\meowseo\tests\properties\Property14RedirectMatchingCorrectnessTest.php on line 558

Warning: Undefined property: class@anonymous::$insert_id in D:\meowseo\tests\properties\Property14RedirectMatchingCorrectnessTest.php on line 558

Warning: Undefined property: class@anonymous::$insert_id in D:\meowseo\tests\properties\Property14RedirectMatchingCorrectnessTest.php on line 558

Warning: Undefined property: class@anonymous::$insert_id in D:\meowseo\tests\properties\Property14RedirectMatchingCorrectnessTest.php on line 558

Warning: Undefined property: class@anonymous::$insert_id in D:\meowseo\tests\properties\Property14RedirectMatchingCorrectnessTest.php on line 558

Warning: Undefined property: class@anonymous::$insert_id in D:\meowseo\tests\properties\Property14RedirectMatchingCorrectnessTest.php on line 558

Warning: Undefined property: class@anonymous::$insert_id in D:\meowseo\tests\properties\Property14RedirectMatchingCorrectnessTest.php on line 558

Warning: Undefined property: class@anonymous::$insert_id in D:\meowseo\tests\properties\Property14RedirectMatchingCorrectnessTest.php on line 558

Warning: Undefined property: class@anonymous::$insert_id in D:\meowseo\tests\properties\Property14RedirectMatchingCorrectnessTest.php on line 558

Warning: Undefined property: class@anonymous::$insert_id in D:\meowseo\tests\properties\Property14RedirectMatchingCorrectnessTest.php on line 558

Warning: Undefined property: class@anonymous::$insert_id in D:\meowseo\tests\properties\Property14RedirectMatchingCorrectnessTest.php on line 558

Warning: Undefined property: class@anonymous::$insert_id in D:\meowseo\tests\properties\Property14RedirectMatchingCorrectnessTest.php on line 558

Warning: Undefined property: class@anonymous::$insert_id in D:\meowseo\tests\properties\Property14RedirectMatchingCorrectnessTest.php on line 558

Warning: Undefined property: class@anonymous::$insert_id in D:\meowseo\tests\properties\Property14RedirectMatchingCorrectnessTest.php on line 558

Warning: Undefined property: class@anonymous::$insert_id in D:\meowseo\tests\properties\Property14RedirectMatchingCorrectnessTest.php on line 558

Warning: Undefined property: class@anonymous::$insert_id in D:\meowseo\tests\properties\Property14RedirectMatchingCorrectnessTest.php on line 558

Warning: Undefined property: class@anonymous::$insert_id in D:\meowseo\tests\properties\Property14RedirectMatchingCorrectnessTest.php on line 558

Warning: Undefined property: class@anonymous::$insert_id in D:\meowseo\tests\properties\Property14RedirectMatchingCorrectnessTest.php on line 558

Warning: Undefined property: class@anonymous::$insert_id in D:\meowseo\tests\properties\Property14RedirectMatchingCorrectnessTest.php on line 558

Warning: Undefined property: class@anonymous::$insert_id in D:\meowseo\tests\properties\Property14RedirectMatchingCorrectnessTest.php on line 558

Warning: Undefined property: class@anonymous::$insert_id in D:\meowseo\tests\properties\Property14RedirectMatchingCorrectnessTest.php on line 558

Warning: Undefined property: class@anonymous::$insert_id in D:\meowseo\tests\properties\Property14RedirectMatchingCorrectnessTest.php on line 558

Warning: Undefined property: class@anonymous::$insert_id in D:\meowseo\tests\properties\Property14RedirectMatchingCorrectnessTest.php on line 558

Warning: Undefined property: class@anonymous::$insert_id in D:\meowseo\tests\properties\Property14RedirectMatchingCorrectnessTest.php on line 558

Warning: Undefined property: class@anonymous::$insert_id in D:\meowseo\tests\properties\Property14RedirectMatchingCorrectnessTest.php on line 558

Warning: Undefined property: class@anonymous::$insert_id in D:\meowseo\tests\properties\Property14RedirectMatchingCorrectnessTest.php on line 558

 Ô£ÿ Redirect matching case sensitive [1.32 ms]
   Ôöé
   Ôöé Lowercase URL should match
   Ôöé Failed asserting that null is not null.
   Ôöé
   Ôöé D:\meowseo\tests\properties\Property14RedirectMatchingCorrectnessTest.php:508
   Ôöé D:\meowseo\vendor\giorgiosironi\eris\src\Quantifier\Evaluation.php:52
   Ôöé D:\meowseo\vendor\giorgiosironi\eris\src\Quantifier\ForAll.php:171
   Ôöé D:\meowseo\vendor\giorgiosironi\eris\src\Quantifier\ForAll.php:194
   Ôöé D:\meowseo\tests\properties\Property14RedirectMatchingCorrectnessTest.php:491
   Ôöé

Warning: Undefined property: class@anonymous::$insert_id in D:\meowseo\tests\properties\Property14RedirectMatchingCorrectnessTest.php on line 558

Reproduce with:
ERIS_SEED=1776632971308614 vendor/bin/phpunit --filter 'MeowSEO\\Tests\\Property14RedirectMatchingCorrectnessTest::test_redirect_matching_case_sensitive'

Property15Filter Matching (MeowSEO\Tests\Property15FilterMatching)
 Ô£ö Level filter matches all entries [8.12 ms]
 Ô£ö Module filter matches all entries [6.63 ms]
 Ô£ö Date range filter matches all entries [24.86 ms]
 Ô£ö Combined filters match all entries [6.23 ms]
 Ô£ö Empty result sets are valid [0.14 ms]
 Ô£ö Single matching entry is valid [0.07 ms]
 Ô£ö Multiple matching entries all match [0.14 ms]
 Ô£ö Date range boundary conditions [0.14 ms]
 Ô£ö No matching entries returns empty [0.09 ms]

Property15_404Buffering (MeowSEO\Tests\Property15_404Buffering)
 Ô£ÿ 404 buffering prevents synchronous db writes [0.43 ms]
   Ôöé
   Ôöé Bucket should contain all hits
   Ôöé Failed asserting that actual size 10 matches expected size 1.
   Ôöé
   Ôöé D:\meowseo\tests\properties\Property15_404BufferingTest.php:130
   Ôöé D:\meowseo\vendor\giorgiosironi\eris\src\Quantifier\Evaluation.php:52
   Ôöé D:\meowseo\vendor\giorgiosironi\eris\src\Shrinker\Multiple.php:102
   Ôöé D:\meowseo\vendor\giorgiosironi\eris\src\Quantifier\ForAll.php:169
   Ôöé D:\meowseo\vendor\giorgiosironi\eris\src\Quantifier\Evaluation.php:57
   Ôöé D:\meowseo\vendor\giorgiosironi\eris\src\Quantifier\ForAll.php:171
   Ôöé D:\meowseo\vendor\giorgiosironi\eris\src\Quantifier\ForAll.php:194
   Ôöé D:\meowseo\tests\properties\Property15_404BufferingTest.php:89
   Ôöé

Reproduce with:
ERIS_SEED=1776632971308614 vendor/bin/phpunit --filter 'MeowSEO\\Tests\\Property15_404BufferingTest::test_404_buffering_prevents_synchronous_db_writes'

 Ô£ö Bucket keys use per minute format [4.60 ms]
 Ô£ö Bucket ttl is 120 seconds [3.42 ms]
 Ô£ö Multiple hits same url aggregated in bucket [33.48 ms]
 Ô£ö Bucket data includes required fields [7.94 ms]
 Ô£ö Bucket data not written to database during buffering [5.63 ms]
 Ô£ö Bucket keys for different minutes are separate [4.81 ms]

Property16_404Hit Count Preservation (MeowSEO\Tests\Property16_404HitCountPreservation)
 Ô£ÿ 404 flush preserves total hit counts [0.13 ms]
   Ôöé
   Ôöé Error: Call to undefined method class@anonymous::query()
   Ôöé
   Ôöé D:\meowseo\tests\properties\Property16_404HitCountPreservationTest.php:69
   Ôöé D:\meowseo\tests\properties\Property16_404HitCountPreservationTest.php:40
   Ôöé

 Ô£ÿ Hit counts incremented not overwritten [0.08 ms]
   Ôöé
   Ôöé Error: Call to undefined method class@anonymous::query()
   Ôöé
   Ôöé D:\meowseo\tests\properties\Property16_404HitCountPreservationTest.php:69
   Ôöé D:\meowseo\tests\properties\Property16_404HitCountPreservationTest.php:40
   Ôöé

 Ô£ÿ Multiple urls tracked independently [0.18 ms]
   Ôöé
   Ôöé Error: Call to undefined method class@anonymous::query()
   Ôöé
   Ôöé D:\meowseo\tests\properties\Property16_404HitCountPreservationTest.php:69
   Ôöé D:\meowseo\tests\properties\Property16_404HitCountPreservationTest.php:40
   Ôöé

 Ô£ÿ Last seen timestamp updated to most recent [0.08 ms]
   Ôöé
   Ôöé Error: Call to undefined method class@anonymous::query()
   Ôöé
   Ôöé D:\meowseo\tests\properties\Property16_404HitCountPreservationTest.php:69
   Ôöé D:\meowseo\tests\properties\Property16_404HitCountPreservationTest.php:40
   Ôöé

 Ô£ÿ Aggregated hits correctly summed [0.06 ms]
   Ôöé
   Ôöé Error: Call to undefined method class@anonymous::query()
   Ôöé
   Ôöé D:\meowseo\tests\properties\Property16_404HitCountPreservationTest.php:69
   Ôöé D:\meowseo\tests\properties\Property16_404HitCountPreservationTest.php:40
   Ôöé

 Ô£ÿ Hit count never decreases [0.06 ms]
   Ôöé
   Ôöé Error: Call to undefined method class@anonymous::query()
   Ôöé
   Ôöé D:\meowseo\tests\properties\Property16_404HitCountPreservationTest.php:69
   Ôöé D:\meowseo\tests\properties\Property16_404HitCountPreservationTest.php:40
   Ôöé

 Ô£ÿ Concurrent flushes preserve hit counts [0.07 ms]
   Ôöé
   Ôöé Error: Call to undefined method class@anonymous::query()
   Ôöé
   Ôöé D:\meowseo\tests\properties\Property16_404HitCountPreservationTest.php:69
   Ôöé D:\meowseo\tests\properties\Property16_404HitCountPreservationTest.php:40
   Ôöé

 Ô£ÿ First seen timestamp preserved [0.06 ms]
   Ôöé
   Ôöé Error: Call to undefined method class@anonymous::query()
   Ôöé
   Ôöé D:\meowseo\tests\properties\Property16_404HitCountPreservationTest.php:69
   Ôöé D:\meowseo\tests\properties\Property16_404HitCountPreservationTest.php:40
   Ôöé

Property17System Info Inclusion (MeowSEO\Tests\Property17SystemInfoInclusion)
 Ô£ö System info includes plugin version [5.14 ms]
 Ô£ö System info includes wordpress version [5.99 ms]
 Ô£ö System info includes php version [4.47 ms]
 Ô£ö System info includes all three versions [15.05 ms]
 Ô£ö System info included with empty entries [0.14 ms]
 Ô£ö System info consistent across calls [5.70 ms]
 Ô£ö System info has correct format [8.74 ms]
 Ô£ö System info included with various log levels [0.26 ms]
 Ô£ö System info included with various modules [0.12 ms]
 Ô£ö System info appears before entries [10.54 ms]
 Ô£ö System info header structure [8.49 ms]

Property17_GSCQueue Processing Limit (MeowSEO\Tests\Property17_GSCQueueProcessingLimit)
 Ô£ÿ Gsc queue processor respects 10 item limit [0.27 ms]
   Ôöé
   Ôöé Error: Call to undefined method class@anonymous::query()
   Ôöé
   Ôöé D:\meowseo\tests\properties\Property17_GSCQueueProcessingLimitTest.php:76
   Ôöé D:\meowseo\tests\properties\Property17_GSCQueueProcessingLimitTest.php:47
   Ôöé

 Ô£ÿ Queue returns exactly 10 when more available [0.23 ms]
   Ôöé
   Ôöé Error: Call to undefined method class@anonymous::query()
   Ôöé
   Ôöé D:\meowseo\tests\properties\Property17_GSCQueueProcessingLimitTest.php:76
   Ôöé D:\meowseo\tests\properties\Property17_GSCQueueProcessingLimitTest.php:47
   Ôöé

 Ô£ÿ Queue returns fewer than 10 when fewer available [0.17 ms]
   Ôöé
   Ôöé Error: Call to undefined method class@anonymous::query()
   Ôöé
   Ôöé D:\meowseo\tests\properties\Property17_GSCQueueProcessingLimitTest.php:76
   Ôöé D:\meowseo\tests\properties\Property17_GSCQueueProcessingLimitTest.php:47
   Ôöé

 Ô£ÿ Only pending entries fetched [0.17 ms]
   Ôöé
   Ôöé Error: Call to undefined method class@anonymous::query()
   Ôöé
   Ôöé D:\meowseo\tests\properties\Property17_GSCQueueProcessingLimitTest.php:76
   Ôöé D:\meowseo\tests\properties\Property17_GSCQueueProcessingLimitTest.php:47
   Ôöé

 Ô£ÿ Entries with future retry after not fetched [0.13 ms]
   Ôöé
   Ôöé Error: Call to undefined method class@anonymous::query()
   Ôöé
   Ôöé D:\meowseo\tests\properties\Property17_GSCQueueProcessingLimitTest.php:76
   Ôöé D:\meowseo\tests\properties\Property17_GSCQueueProcessingLimitTest.php:47
   Ôöé

 Ô£ÿ Queue entries ordered by creation time [0.12 ms]
   Ôöé
   Ôöé Error: Call to undefined method class@anonymous::query()
   Ôöé
   Ôöé D:\meowseo\tests\properties\Property17_GSCQueueProcessingLimitTest.php:76
   Ôöé D:\meowseo\tests\properties\Property17_GSCQueueProcessingLimitTest.php:47
   Ôöé

 Ô£ÿ Multiple consecutive fetches process all entries [0.12 ms]
   Ôöé
   Ôöé Error: Call to undefined method class@anonymous::query()
   Ôöé
   Ôöé D:\meowseo\tests\properties\Property17_GSCQueueProcessingLimitTest.php:76
   Ôöé D:\meowseo\tests\properties\Property17_GSCQueueProcessingLimitTest.php:47
   Ôöé

 Ô£ÿ Empty queue returns empty array [0.12 ms]
   Ôöé
   Ôöé Error: Call to undefined method class@anonymous::query()
   Ôöé
   Ôöé D:\meowseo\tests\properties\Property17_GSCQueueProcessingLimitTest.php:76
   Ôöé D:\meowseo\tests\properties\Property17_GSCQueueProcessingLimitTest.php:47
   Ôöé

 Ô£ÿ Limit parameter is respected [0.13 ms]
   Ôöé
   Ôöé Error: Call to undefined method class@anonymous::query()
   Ôöé
   Ôöé D:\meowseo\tests\properties\Property17_GSCQueueProcessingLimitTest.php:76
   Ôöé D:\meowseo\tests\properties\Property17_GSCQueueProcessingLimitTest.php:47
   Ôöé

Property18Module List Inclusion (MeowSEO\Tests\Property18ModuleListInclusion)
 Ô£ö Module list included in formatted output [6.63 ms]
 Ô£ö Module list appears in system information section [7.52 ms]
 Ô£ö Module list consistent across multiple calls [8.07 ms]
 Ô£ö Module list includes all active modules [10.89 ms]
 Ô£ö Module list has correct markdown formatting [3.89 ms]
 Ô£ö Module list appears before log entries [9.57 ms]
 Ô£ö Module list included with empty log entries [0.19 ms]
 Ô£ö Module list included with various log levels [0.16 ms]
 Ô£ö Module list included with various modules [0.24 ms]
 Ô£ö Module list header structure is correct [3.72 ms]
 Ô£ö Module list appears after other system info [7.90 ms]

Property18_GSCExponential Backoff (MeowSEO\Tests\Property18_GSCExponentialBackoff)
 Ô£ÿ Exponential backoff delay is correct [0.20 ms]
   Ôöé
   Ôöé Error: Call to undefined method class@anonymous::query()
   Ôöé
   Ôöé D:\meowseo\tests\properties\Property18_GSCExponentialBackoffTest.php:68
   Ôöé D:\meowseo\tests\properties\Property18_GSCExponentialBackoffTest.php:39
   Ôöé

 Ô£ÿ Backoff increases exponentially with attempts [0.15 ms]
   Ôöé
   Ôöé Error: Call to undefined method class@anonymous::query()
   Ôöé
   Ôöé D:\meowseo\tests\properties\Property18_GSCExponentialBackoffTest.php:68
   Ôöé D:\meowseo\tests\properties\Property18_GSCExponentialBackoffTest.php:39
   Ôöé

 Ô£ÿ Backoff formula produces correct values [0.09 ms]
   Ôöé
   Ôöé Error: Call to undefined method class@anonymous::query()
   Ôöé
   Ôöé D:\meowseo\tests\properties\Property18_GSCExponentialBackoffTest.php:68
   Ôöé D:\meowseo\tests\properties\Property18_GSCExponentialBackoffTest.php:39
   Ôöé

 Ô£ÿ Backoff prevents immediate retry [0.07 ms]
   Ôöé
   Ôöé Error: Call to undefined method class@anonymous::query()
   Ôöé
   Ôöé D:\meowseo\tests\properties\Property18_GSCExponentialBackoffTest.php:68
   Ôöé D:\meowseo\tests\properties\Property18_GSCExponentialBackoffTest.php:39
   Ôöé

 Ô£ÿ Backoff applied consistently [0.07 ms]
   Ôöé
   Ôöé Error: Call to undefined method class@anonymous::query()
   Ôöé
   Ôöé D:\meowseo\tests\properties\Property18_GSCExponentialBackoffTest.php:68
   Ôöé D:\meowseo\tests\properties\Property18_GSCExponentialBackoffTest.php:39
   Ôöé

 Ô£ÿ Backoff handles maximum attempts [0.06 ms]
   Ôöé
   Ôöé Error: Call to undefined method class@anonymous::query()
   Ôöé
   Ôöé D:\meowseo\tests\properties\Property18_GSCExponentialBackoffTest.php:68
   Ôöé D:\meowseo\tests\properties\Property18_GSCExponentialBackoffTest.php:39
   Ôöé

 Ô£ÿ Backoff delay is in seconds [0.06 ms]
   Ôöé
   Ôöé Error: Call to undefined method class@anonymous::query()
   Ôöé
   Ôöé D:\meowseo\tests\properties\Property18_GSCExponentialBackoffTest.php:68
   Ôöé D:\meowseo\tests\properties\Property18_GSCExponentialBackoffTest.php:39
   Ôöé

 Ô£ÿ Multiple rate limits accumulate backoff [0.06 ms]
   Ôöé
   Ôöé Error: Call to undefined method class@anonymous::query()
   Ôöé
   Ôöé D:\meowseo\tests\properties\Property18_GSCExponentialBackoffTest.php:68
   Ôöé D:\meowseo\tests\properties\Property18_GSCExponentialBackoffTest.php:39
   Ôöé

Property19Entry Field Inclusion (MeowSEO\Tests\Property19EntryFieldInclusion)
 Ô£ö Entry includes message in formatted output [6.65 ms]
 Ô£ö Entry includes level in formatted output [0.19 ms]
 Ô£ö Entry includes module in formatted output [5.64 ms]
 Ô£ö Entry includes timestamp in formatted output [3.37 ms]
 Ô£ö Entry includes all four fields [38.26 ms]
 Ô£ö Entry fields consistent across calls [30.41 ms]
 Ô£ö Entry fields with various log levels [0.28 ms]
 Ô£ö Entry fields with various modules [0.20 ms]
 Ô£ö Entry fields with empty context [7.35 ms]
 Ô£ö Entry fields with null stack trace [9.83 ms]
 Ô£ö Entry fields appear in correct format [4.94 ms]
 Ô£ö Entry fields with multiple entries [4.76 ms]

Property1Log Storage (MeowSEO\Tests\Property1LogStorage)
 Ô£ö Debug method stores log entry [18.78 ms]
 Ô£ö Info method stores log entry [4.11 ms]
 Ô£ö Warning method stores log entry [6.18 ms]
 Ô£ö Error method stores log entry [9.49 ms]
 Ô£ö Critical method stores log entry [7.11 ms]
 Ô£ö All log methods store required fields [11.18 ms]
 Ô£ö Message hash is consistent [5.84 ms]
 Ô£ö Different messages produce different hashes [19.94 ms]

Property20Stack Trace Inclusion (MeowSEO\Tests\Property20StackTraceInclusion)
 Ô£ö Stack trace included when present [4.07 ms]
 Ô£ö Stack trace not included when null [21.90 ms]
 Ô£ö Stack trace not included when empty [6.75 ms]
 Ô£ö Stack trace with various formats [0.29 ms]
 Ô£ö Stack trace with multiple frames [5.50 ms]
 Ô£ö Stack trace consistent across calls [3.37 ms]
 Ô£ö Stack trace with various log levels [0.12 ms]
 Ô£ö Stack trace with context data [8.90 ms]
 Ô£ö Stack trace in multiple entries [9.15 ms]
 Ô£ö Stack trace appears in code block [3.60 ms]
 Ô£ö Stack trace with special characters [0.32 ms]

Property21Stack Frame Formatting (MeowSEO\Tests\Property21StackFrameFormatting)
 Ô£ö Each frame includes file path and line number [4.58 ms]
 Ô£ö Frame numbers are preserved [3.58 ms]
 Ô£ö Function names are preserved [3.12 ms]
 Ô£ö Various file path formats [0.34 ms]
 Ô£ö Various line number formats [2.88 ms]
 Ô£ö All frames in multi frame traces [4.87 ms]
 Ô£ö Frame format consistency [2.37 ms]
 Ô£ö Frame order preservation [13.54 ms]
 Ô£ö Complex function signatures [0.20 ms]
 Ô£ö Single frame trace [1.24 ms]
 Ô£ö Frame formatting in multiple entries [5.83 ms]
 Ô£ö Deterministic frame formatting [2.35 ms]
 Ô£ö Frame count accuracy [1.43 ms]

Property21_Credential Encryption (MeowSEO\Tests\Property21_CredentialEncryption)
 Ô£ö Credential encryption round trip is lossless [11.15 ms]
 Ô£ö Encrypted credentials differ from plaintext [5.45 ms]
 Ô£ö Multiple credentials updates independent [8.93 ms]
 Ô£ö Credentials with special characters preserved [4.08 ms]
 Ô£ö Deleted credentials cannot be retrieved [4.38 ms]
 Ô£ö Credentials array structure preserved [6.34 ms]
 Ô£ö Empty credentials handled gracefully [0.17 ms]
 Ô£ö Credentials never exposed in plaintext [3.67 ms]

Property22GSCContext Fields (MeowSEO\Tests\Property22GSCContextFields)
 Ô£ö Gsc log includes job type [3.87 ms]
 Ô£ö Gsc log includes payload summary [7.67 ms]
 Ô£ö Gsc log includes both required fields [16.10 ms]
 Ô£ö Gsc context fields preserved with other data [5.83 ms]
 Ô£ö Gsc context fields present at all log levels [2.64 ms]
 Ô£ö Gsc payload summary is descriptive [5.57 ms]

Property23Token Sanitization (MeowSEO\Tests\Property23TokenSanitization)
 Ô£ö Access token is redacted [4.50 ms]
 Ô£ö Refresh token is redacted [5.71 ms]
 Ô£ö Multiple tokens are redacted [7.90 ms]
 Ô£ö Tokens with various formats are redacted [2.01 ms]
 Ô£ö Tokens in nested context are redacted [4.99 ms]

Property26Rest Response Structure (MeowSEO\Tests\Property26RestResponseStructure)
 Ô£ö Rest response contains all required fields [2.30 ms]
 Ô£ö Response logs field is array [1.68 ms]
 Ô£ö Response pagination fields are integers [1.67 ms]
 Ô£ö Response page matches request [17.09 ms]
 Ô£ö Response per page matches request [1.89 ms]
 Ô£ö Response total is non negative [2.52 ms]
 Ô£ö Response pages is non negative [2.48 ms]
 Ô£ö Response page is positive [2.55 ms]
 Ô£ö Response per page is positive [2.46 ms]

Property27Capability Check (MeowSEO\Tests\Property27CapabilityCheck)
 Ô£ö All endpoints require manage options capability [1.29 ms]
 Ô£ö All endpoints grant access with manage options [0.91 ms]
 Ô£ö Delete endpoint requires capability and nonce [1.00 ms]
 Ô£ö Capability check is deterministic [0.92 ms]
 Ô£ö Get endpoints return boolean permission [0.84 ms]
 Ô£ö Delete without capability returns 403 error [1.14 ms]

Property28Nonce Verification (MeowSEO\Tests\Property28NonceVerification)
 Ô£ö Delete request without nonce returns 403 [2.62 ms]
 Ôå® Delete request with invalid nonce returns 403 [0.19 ms]
   Ôöé
   Ôöé Skipping due to Eris/WP_UnitTestCase compatibility issues
   Ôöé
   Ôöé D:\meowseo\tests\properties\Property28NonceVerificationTest.php:125
   Ôöé

 Ôå® Delete request without manage options returns 403 [0.11 ms]
   Ôöé
   Ôöé Skipping due to Eris/WP_UnitTestCase compatibility issues
   Ôöé
   Ôöé D:\meowseo\tests\properties\Property28NonceVerificationTest.php:191
   Ôöé

 Ô£ö Delete request with valid nonce and capability succeeds [20.68 ms]
 Ô£ö Nonce verification is required for delete [3.81 ms]
 Ô£ö Get request does not require nonce [1.79 ms]

Property29Sensitive Key Redaction (MeowSEO\Tests\Property29SensitiveKeyRedaction)
 Ô£ö Token keys are redacted [4.08 ms]
 Ô£ö Api key keys are redacted [7.46 ms]
 Ô£ö Password keys are redacted [4.01 ms]
 Ô£ö Secret keys are redacted [5.25 ms]
 Ô£ö Multiple sensitive keys are redacted [8.84 ms]
 Ô£ö Case insensitive sensitive key matching [4.22 ms]

Property2Automatic Field Capture (MeowSEO\Tests\Property2AutomaticFieldCapture)
 Ô£ö Timestamp is automatically captured [8.29 ms]
 Ô£ö Module name is automatically captured [4.16 ms]
 Ô£ö Log level is automatically captured [4.32 ms]
 Ô£ö All automatic fields are populated [6.66 ms]
 Ô£ö Automatic fields are consistent with and without context [16.49 ms]
 Ô£ö Automatic fields populated for all log levels [6.59 ms]

Property30Nested Sanitization (MeowSEO\Tests\Property30NestedSanitization)
 Ô£ö One level nested sanitization [6.29 ms]
 Ô£ö Multiple levels nested sanitization [7.09 ms]
 Ô£ö Mixed sensitive and non sensitive nested [8.79 ms]
 Ô£ö Arrays of sensitive data [10.22 ms]
 Ô£ö All sensitive keys redacted at all depths [5.65 ms]

Property31Non Sensitive Preservation (MeowSEO\Tests\Property31NonSensitivePreservation)
 Ô£ö String values preserved [3.78 ms]
 Ô£ö Numeric values preserved [1.88 ms]
 Ô£ö Boolean values preserved [1.76 ms]
 Ô£ö Array values preserved [3.08 ms]
 Ô£ö Mixed types preserved [6.93 ms]
 Ô£ö Nested non sensitive data preserved [25.95 ms]
 Ô£ö Null values preserved [0.19 ms]
 Ô£ö Empty strings preserved [0.10 ms]

Property32Context Parsing (MeowSEO\Tests\Property32ContextParsing)
 Ô£ö Parse context with strings [10.95 ms]
 Ô£ö Parse context with integers [3.77 ms]
 Ô£ö Parse context with booleans [3.00 ms]
 Ô£ö Parse context with floats [2.64 ms]
 Ô£ö Parse context with null values [3.15 ms]
 Ô£ö Parse context with nested arrays [3.95 ms]
 Ô£ö Parse context with mixed types [4.58 ms]
 Ô£ö Parse context with empty arrays [4.45 ms]
 Ô£ö Parse context with numeric string keys [3.42 ms]
 Ô£ö Parse context with special characters [3.34 ms]
 Ô£ö Parse context with empty string [0.10 ms]
 Ô£ö Parse context is deterministic [4.03 ms]
 Ô£ö Parse context with large nested structures [4.30 ms]
 Ô£ö Parse context with many keys [16.68 ms]

Property33Format Parse Round Trip (MeowSEO\Tests\Property33FormatParseRoundTrip)
 Ô£ö Format parse round trip preserves context [7.01 ms]
 Ô£ö Format parse round trip with complex context [11.13 ms]
 Ô£ö Format parse round trip with empty context [0.30 ms]
 Ô£ö Format parse round trip is deterministic [3.07 ms]
 Ô£ö Format parse round trip with stack traces [0.29 ms]
 Ô£ö Format parse round trip with all log levels [0.14 ms]
 Ô£ö Format parse round trip with all modules [0.12 ms]

Property3Context Serialization (MeowSEO\Tests\Property3ContextSerialization)
 Ô£ö Context serialization round trip with strings [4.46 ms]
 Ô£ö Context serialization round trip with integers [2.60 ms]
 Ô£ö Context serialization round trip with booleans [1.12 ms]
 Ô£ö Context serialization round trip with floats [1.04 ms]
 Ô£ö Context serialization round trip with nested arrays [4.13 ms]
 Ô£ö Context serialization round trip with mixed types [4.12 ms]
 Ô£ö Context serialization round trip with empty arrays [4.56 ms]
 Ô£ö Context serialization round trip with numeric string keys [3.22 ms]
 Ô£ö Context serialization is deterministic [16.75 ms]
 Ô£ö Context serialization round trip with special characters [3.26 ms]

Property4PHPError Capture (MeowSEO\Tests\Property4PHPErrorCapture)
 Ô£ö E warning errors are captured [4.59 ms]
 Ô£ö E notice errors are captured [4.63 ms]
 Ô£ö E deprecated errors are captured [4.09 ms]
 Ô£ö Multiple error types are captured [4.33 ms]

Property4SEOMeta Key Prefix (MeowSEO\Tests\Property4SEOMetaKeyPrefix)
 Ô£ö Seo meta uses consistent key prefix [5.11 ms]
 Ô£ö All seo meta fields use prefix [3.60 ms]
 Ô£ö Seo meta prefix is deterministic [1.18 ms]
 Ô£ö No seo meta without prefix [2.13 ms]

Property5Error Field Capture (MeowSEO\Tests\Property5ErrorFieldCapture)
 Ô£ö Error fields are captured [7.81 ms]
 Ô£ö Error level is correctly set [4.71 ms]
 Ô£ö File path is included [4.42 ms]
 Ô£ö Line number is included [16.56 ms]

Property5Title Fallback (MeowSEO\Tests\Property5TitleFallback)
 Ô£ö Seo title fallback follows pattern [5.46 ms]
 Ô£ö Seo title fallback pattern is correct [3.44 ms]
 Ô£ö Seo title fallback is deterministic [3.02 ms]

Property6Description Fallback (MeowSEO\Tests\Property6DescriptionFallback)
 Ô£ö Meta description fallback is bounded and html stripped [11.29 ms]
 Ô£ö Meta description fallback never exceeds 155 chars [7.78 ms]
 Ô£ö Meta description fallback strips html tags [8.07 ms]
 Ô£ö Custom meta description takes precedence [8.39 ms]
 Ô£ö Meta description fallback is deterministic [8.52 ms]

Property6PHPError Level Mapping (MeowSEO\Tests\Property6PHPErrorLevelMapping)
 Ô£ö E warning maps to warning [3.87 ms]
 Ô£ö E notice maps to info [4.62 ms]
 Ô£ö E deprecated maps to debug [3.96 ms]
 Ô£ö E user notice maps to info [15.97 ms]
 Ô£ö E user deprecated maps to debug [3.88 ms]
 Ô£ö All error types map to valid levels [4.55 ms]

Property7Exception Logging (MeowSEO\Tests\Property7ExceptionLogging)
 Ô£ö Exceptions are logged [6.34 ms]
 Ô£ö Exception level is error [4.48 ms]
 Ô£ö Multiple exceptions are logged [7.92 ms]
 Ô£ö Different exception types are logged [5.02 ms]

Property7SEOScore Calculation (MeowSEO\Tests\Property7SEOScoreCalculation)
 Ô£ö Seo score is proportional to passing checks [17.83 ms]
 Ô£ö Seo score increases with more passing checks [28.37 ms]
 Ô£ö Seo score is deterministic [33.09 ms]
 Ô£ö Seo score is always integer [16.20 ms]
 Ô£ö All checks are boolean [36.51 ms]
 Ô£ö Score zero means no checks pass [0.15 ms]
 Ô£ö Score 100 means all checks pass [0.16 ms]

Property8Exception Field Capture (MeowSEO\Tests\Property8ExceptionFieldCapture)
 Ô£ö Exception message is captured [5.33 ms]
 Ô£ö Exception class name is captured [7.32 ms]
 Ô£ö Exception file path is captured [5.61 ms]
 Ô£ö Exception line number is captured [7.16 ms]
 Ô£ö Exception stack trace is captured [5.44 ms]
 Ô£ö All exception fields are captured together [7.13 ms]

Property8Score Color Mapping (MeowSEO\Tests\Property8ScoreColorMapping)
 Ô£ö Score color mapping is total and exhaustive [2.15 ms]
 Ô£ö Score color mapping is deterministic [3.16 ms]
 Ô£ö Low scores map to red [0.09 ms]
 Ô£ö Medium scores map to orange [0.05 ms]
 Ô£ö High scores map to green [0.05 ms]
 Ô£ö Color mapping has no gaps [1.21 ms]
 Ô£ö Boundary scores map correctly [0.06 ms]

Property9Module Boot Continuation (MeowSEO\Tests\Property9ModuleBootContinuation)
 Ô£ö First module throws subsequent modules boot [13.57 ms]
 Ô£ö Middle module throws remaining modules boot [10.68 ms]
 Ô£ö Last module throws all previous boot [9.29 ms]
 Ô£ö Multiple modules throw all logged [27.96 ms]
 Ô£ö Mix of successful and failing modules [13.40 ms]

Property9Readability Score Bounds (MeowSEO\Tests\Property9ReadabilityScoreBounds)
 Ô£ö Readability score is bounded [6.10 ms]
 Ô£ö Readability score is deterministic [4.93 ms]
 Ô£ö Readability score with short sentences is higher [0.87 ms]
 Ô£ö Readability score with short paragraphs is higher [0.31 ms]
 Ô£ö Readability score with transition words is higher [0.27 ms]
 Ô£ö Empty content has score zero [0.06 ms]
 Ô£ö All checks are boolean [4.65 ms]
 Ô£ö Readability score is proportional to passing checks [3.65 ms]
 Ô£ö Readability score color is valid [3.44 ms]
 Ô£ö Readability score bounds are inclusive [7.45 ms]

Schema Property01Valid JSONLDScript Tag (MeowSEO\Tests\SchemaProperty01ValidJSONLDScriptTag)
 Ô£ö Schema output is valid jsonld script tag [13.62 ms]

Schema Property02Required Nodes Always Present (MeowSEO\Tests\SchemaProperty02RequiredNodesAlwaysPresent)
 Ô£ö Required schema nodes always present [10.32 ms]

Schema Property06Consistent Id Format (MeowSEO\Tests\Properties\SchemaProperty06ConsistentIdFormat)
 Ô£ö Get id url generates consistent format [6.89 ms]
 Ô£ö Id url part is valid [3.79 ms]
 Ô£ö Id fragment part is non empty [4.36 ms]
 Ô£ö Id contains exactly one hash [3.25 ms]
 Ô£ö Id url matches post permalink [16.79 ms]

Time: 00:09.233, Memory: 182.00 MB

Summary of non-successful tests:

_Breadcrumbs (MeowSEO\Tests\_Breadcrumbs)
 Ôå® Breadcrumbs includes product cat taxonomy [2.71 ms]
   Ôöé
   Ôöé WooCommerce is not active
   Ôöé
   Ôöé D:\meowseo\tests\BreadcrumbsTest.php:67
   Ôöé

 Ôå® Breadcrumbs includes shop page for product categories [0.13 ms]
   Ôöé
   Ôöé WooCommerce is not active
   Ôöé
   Ôöé D:\meowseo\tests\BreadcrumbsTest.php:95
   Ôöé

 Ôå® Breadcrumbs includes category hierarchy [0.08 ms]
   Ôöé
   Ôöé WooCommerce is not active
   Ôöé
   Ôöé D:\meowseo\tests\BreadcrumbsTest.php:123
   Ôöé

Duplicate Menu Registration Bug Condition (MeowSEO\Tests\Bugfix\DuplicateMenuRegistrationBugCondition)
 Ôÿó Only admin class hooks into admin menu [17.31 ms]
   Ôöé
   Ôöé Test code or tested code printed unexpected output: 
   Ôöé === Bug Condition Exploration Results ===
   Ôöé Total MeowSEO admin_menu callbacks: 2
   Ôöé   - Class: MeowSEO\Admin, Method: register_admin_menu
   Ôöé   - Class: MeowSEO\Admin\Log_Viewer, Method: register_admin_menu
   Ôöé =========================================
   Ôöé

Archive Title Patterns E2E (MeowSEO\Tests\E2E\ArchiveTitlePatternsE2E)
 Ôå® Category archive title [0.07 ms]
   Ôöé
   Ôöé WordPress test framework is not available. These tests require a full WordPress installation with the WordPress Test Suite.
   Ôöé
   Ôöé D:\meowseo\tests\e2e\ArchiveTitlePatternsE2ETest.php:74
   Ôöé

 Ôå® Tag archive title [0.05 ms]
   Ôöé
   Ôöé WordPress test framework is not available. These tests require a full WordPress installation with the WordPress Test Suite.
   Ôöé
   Ôöé D:\meowseo\tests\e2e\ArchiveTitlePatternsE2ETest.php:74
   Ôöé

 Ôå® Author page title [0.04 ms]
   Ôöé
   Ôöé WordPress test framework is not available. These tests require a full WordPress installation with the WordPress Test Suite.
   Ôöé
   Ôöé D:\meowseo\tests\e2e\ArchiveTitlePatternsE2ETest.php:74
   Ôöé

 Ôå® Search results title [0.04 ms]
   Ôöé
   Ôöé WordPress test framework is not available. These tests require a full WordPress installation with the WordPress Test Suite.
   Ôöé
   Ôöé D:\meowseo\tests\e2e\ArchiveTitlePatternsE2ETest.php:74
   Ôöé

 Ôå® Date archive title [0.04 ms]
   Ôöé
   Ôöé WordPress test framework is not available. These tests require a full WordPress installation with the WordPress Test Suite.
   Ôöé
   Ôöé D:\meowseo\tests\e2e\ArchiveTitlePatternsE2ETest.php:74
   Ôöé

 Ôå® 404 page title [0.08 ms]
   Ôöé
   Ôöé WordPress test framework is not available. These tests require a full WordPress installation with the WordPress Test Suite.
   Ôöé
   Ôöé D:\meowseo\tests\e2e\ArchiveTitlePatternsE2ETest.php:74
   Ôöé

 Ôå® Pagination variable [0.06 ms]
   Ôöé
   Ôöé WordPress test framework is not available. These tests require a full WordPress installation with the WordPress Test Suite.
   Ôöé
   Ôöé D:\meowseo\tests\e2e\ArchiveTitlePatternsE2ETest.php:74
   Ôöé

 Ôå® All variables replaced [0.04 ms]
   Ôöé
   Ôöé WordPress test framework is not available. These tests require a full WordPress installation with the WordPress Test Suite.
   Ôöé
   Ôöé D:\meowseo\tests\e2e\ArchiveTitlePatternsE2ETest.php:74
   Ôöé

 Ôå® Title output structure [0.04 ms]
   Ôöé
   Ôöé WordPress test framework is not available. These tests require a full WordPress installation with the WordPress Test Suite.
   Ôöé
   Ôöé D:\meowseo\tests\e2e\ArchiveTitlePatternsE2ETest.php:74
   Ôöé

 Ôå® Custom taxonomy archive title [0.03 ms]
   Ôöé
   Ôöé WordPress test framework is not available. These tests require a full WordPress installation with the WordPress Test Suite.
   Ôöé
   Ôöé D:\meowseo\tests\e2e\ArchiveTitlePatternsE2ETest.php:74
   Ôöé

 Ôå® Year date archive title [0.03 ms]
   Ôöé
   Ôöé WordPress test framework is not available. These tests require a full WordPress installation with the WordPress Test Suite.
   Ôöé
   Ôöé D:\meowseo\tests\e2e\ArchiveTitlePatternsE2ETest.php:74
   Ôöé

 Ôå® Day date archive title [0.04 ms]
   Ôöé
   Ôöé WordPress test framework is not available. These tests require a full WordPress installation with the WordPress Test Suite.
   Ôöé
   Ôöé D:\meowseo\tests\e2e\ArchiveTitlePatternsE2ETest.php:74
   Ôöé

 Ôå® Empty search query [0.09 ms]
   Ôöé
   Ôöé WordPress test framework is not available. These tests require a full WordPress installation with the WordPress Test Suite.
   Ôöé
   Ôöé D:\meowseo\tests\e2e\ArchiveTitlePatternsE2ETest.php:74
   Ôöé

 Ôå® Pattern with multiple variables [0.06 ms]
   Ôöé
   Ôöé WordPress test framework is not available. These tests require a full WordPress installation with the WordPress Test Suite.
   Ôöé
   Ôöé D:\meowseo\tests\e2e\ArchiveTitlePatternsE2ETest.php:74
   Ôöé

 Ôå® Homepage title [0.04 ms]
   Ôöé
   Ôöé WordPress test framework is not available. These tests require a full WordPress installation with the WordPress Test Suite.
   Ôöé
   Ôöé D:\meowseo\tests\e2e\ArchiveTitlePatternsE2ETest.php:74
   Ôöé

 Ôå® Posttype variable [0.04 ms]
   Ôöé
   Ôöé WordPress test framework is not available. These tests require a full WordPress installation with the WordPress Test Suite.
   Ôöé
   Ôöé D:\meowseo\tests\e2e\ArchiveTitlePatternsE2ETest.php:74
   Ôöé

GSCQueue Rate Limit (MeowSEO\Tests\Integration\GSCQueueRateLimit)
 Ôêà Duplicate job prevention [1.40 ms]
   Ôöé
   Ôöé Duplicate prevention works in production but mock DB has JSON comparison limitations
   Ôöé
   Ôöé D:\meowseo\tests\integration\GSCQueueRateLimitTest.php:195
   Ôöé

Meta Module Real Hooks (MeowSEO\Tests\Integration\MetaModuleRealHooks)
 Ôå® Wp head output contains all expected tags [0.06 ms]
   Ôöé
   Ôöé WordPress test framework is not available. These tests require a full WordPress installation with the WordPress Test Suite.
   Ôöé
   Ôöé D:\meowseo\tests\integration\MetaModuleRealHooksTest.php:33
   Ôöé

 Ôå® Document title parts filter returns empty array [0.07 ms]
   Ôöé
   Ôöé WordPress test framework is not available. These tests require a full WordPress installation with the WordPress Test Suite.
   Ôöé
   Ôöé D:\meowseo\tests\integration\MetaModuleRealHooksTest.php:33
   Ôöé

 Ôå® No duplicate title tags output [0.05 ms]
   Ôöé
   Ôöé WordPress test framework is not available. These tests require a full WordPress installation with the WordPress Test Suite.
   Ôöé
   Ôöé D:\meowseo\tests\integration\MetaModuleRealHooksTest.php:33
   Ôöé

 Ôå® Meta tag output order [0.12 ms]
   Ôöé
   Ôöé WordPress test framework is not available. These tests require a full WordPress installation with the WordPress Test Suite.
   Ôöé
   Ôöé D:\meowseo\tests\integration\MetaModuleRealHooksTest.php:33
   Ôöé

 Ôå® Title tag uses custom seo title [0.05 ms]
   Ôöé
   Ôöé WordPress test framework is not available. These tests require a full WordPress installation with the WordPress Test Suite.
   Ôöé
   Ôöé D:\meowseo\tests\integration\MetaModuleRealHooksTest.php:33
   Ôöé

 Ôå® Meta description uses custom value [0.05 ms]
   Ôöé
   Ôöé WordPress test framework is not available. These tests require a full WordPress installation with the WordPress Test Suite.
   Ôöé
   Ôöé D:\meowseo\tests\integration\MetaModuleRealHooksTest.php:33
   Ôöé

 Ôå® Canonical url is output [0.05 ms]
   Ôöé
   Ôöé WordPress test framework is not available. These tests require a full WordPress installation with the WordPress Test Suite.
   Ôöé
   Ôöé D:\meowseo\tests\integration\MetaModuleRealHooksTest.php:33
   Ôöé

 Ôå® Robots meta tag is output [0.04 ms]
   Ôöé
   Ôöé WordPress test framework is not available. These tests require a full WordPress installation with the WordPress Test Suite.
   Ôöé
   Ôöé D:\meowseo\tests\integration\MetaModuleRealHooksTest.php:33
   Ôöé

 Ôå® No duplicate meta description tags [0.04 ms]
   Ôöé
   Ôöé WordPress test framework is not available. These tests require a full WordPress installation with the WordPress Test Suite.
   Ôöé
   Ôöé D:\meowseo\tests\integration\MetaModuleRealHooksTest.php:33
   Ôöé

 Ôå® No duplicate canonical tags [0.04 ms]
   Ôöé
   Ôöé WordPress test framework is not available. These tests require a full WordPress installation with the WordPress Test Suite.
   Ôöé
   Ôöé D:\meowseo\tests\integration\MetaModuleRealHooksTest.php:33
   Ôöé

 Ôå® Theme title tag support is removed [0.04 ms]
   Ôöé
   Ôöé WordPress test framework is not available. These tests require a full WordPress installation with the WordPress Test Suite.
   Ôöé
   Ôöé D:\meowseo\tests\integration\MetaModuleRealHooksTest.php:33
   Ôöé

Performance Benchmark (MeowSEO\Tests\Integration\PerformanceBenchmark)
 Ôå® Database queries with cache [0.04 ms]
   Ôöé
   Ôöé WordPress test framework is not available. These tests require a full WordPress installation with the WordPress Test Suite.
   Ôöé
   Ôöé D:\meowseo\tests\integration\PerformanceBenchmarkTest.php:33
   Ôöé

 Ôå® Memory usage [0.07 ms]
   Ôöé
   Ôöé WordPress test framework is not available. These tests require a full WordPress installation with the WordPress Test Suite.
   Ôöé
   Ôöé D:\meowseo\tests\integration\PerformanceBenchmarkTest.php:33
   Ôöé

 Ôå® Execution time [0.05 ms]
   Ôöé
   Ôöé WordPress test framework is not available. These tests require a full WordPress installation with the WordPress Test Suite.
   Ôöé
   Ôöé D:\meowseo\tests\integration\PerformanceBenchmarkTest.php:33
   Ôöé

 Ôå® Cache hit rate [0.05 ms]
   Ôöé
   Ôöé WordPress test framework is not available. These tests require a full WordPress installation with the WordPress Test Suite.
   Ôöé
   Ôöé D:\meowseo\tests\integration\PerformanceBenchmarkTest.php:33
   Ôöé

 Ôå® Performance with large content [0.04 ms]
   Ôöé
   Ôöé WordPress test framework is not available. These tests require a full WordPress installation with the WordPress Test Suite.
   Ôöé
   Ôöé D:\meowseo\tests\integration\PerformanceBenchmarkTest.php:33
   Ôöé

 Ôå® Performance with many meta fields [0.05 ms]
   Ôöé
   Ôöé WordPress test framework is not available. These tests require a full WordPress installation with the WordPress Test Suite.
   Ôöé
   Ôöé D:\meowseo\tests\integration\PerformanceBenchmarkTest.php:33
   Ôöé

Plugin Compatibility (MeowSEO\Tests\Integration\PluginCompatibility)
 Ôå® Hreflang output with wpml [0.06 ms]
   Ôöé
   Ôöé WordPress test framework is not available. These tests require a full WordPress installation with the WordPress Test Suite.
   Ôöé
   Ôöé D:\meowseo\tests\integration\PluginCompatibilityTest.php:33
   Ôöé

 Ôå® Hreflang output with polylang [0.04 ms]
   Ôöé
   Ôöé WordPress test framework is not available. These tests require a full WordPress installation with the WordPress Test Suite.
   Ôöé
   Ôöé D:\meowseo\tests\integration\PluginCompatibilityTest.php:33
   Ôöé

 Ôå® No hreflang without multilingual plugins [0.04 ms]
   Ôöé
   Ôöé WordPress test framework is not available. These tests require a full WordPress installation with the WordPress Test Suite.
   Ôöé
   Ôöé D:\meowseo\tests\integration\PluginCompatibilityTest.php:33
   Ôöé

 Ôå® No conflicts with yoast [0.04 ms]
   Ôöé
   Ôöé WordPress test framework is not available. These tests require a full WordPress installation with the WordPress Test Suite.
   Ôöé
   Ôöé D:\meowseo\tests\integration\PluginCompatibilityTest.php:33
   Ôöé

 Ôå® No conflicts with rankmath [0.04 ms]
   Ôöé
   Ôöé WordPress test framework is not available. These tests require a full WordPress installation with the WordPress Test Suite.
   Ôöé
   Ôöé D:\meowseo\tests\integration\PluginCompatibilityTest.php:33
   Ôöé

 Ôå® Document title parts filter returns empty [0.04 ms]
   Ôöé
   Ôöé WordPress test framework is not available. These tests require a full WordPress installation with the WordPress Test Suite.
   Ôöé
   Ôöé D:\meowseo\tests\integration\PluginCompatibilityTest.php:33
   Ôöé

Theme Compatibility (MeowSEO\Tests\Integration\ThemeCompatibility)
 Ôå® No duplicate title tags twentytwentyfour [0.07 ms]
   Ôöé
   Ôöé WordPress test framework is not available. These tests require a full WordPress installation with the WordPress Test Suite.
   Ôöé
   Ôöé D:\meowseo\tests\integration\ThemeCompatibilityTest.php:45
   Ôöé

 Ôå® No duplicate meta description astra [0.06 ms]
   Ôöé
   Ôöé WordPress test framework is not available. These tests require a full WordPress installation with the WordPress Test Suite.
   Ôöé
   Ôöé D:\meowseo\tests\integration\ThemeCompatibilityTest.php:45
   Ôöé

 Ôå® Correct hook priority generatepress [0.04 ms]
   Ôöé
   Ôöé WordPress test framework is not available. These tests require a full WordPress installation with the WordPress Test Suite.
   Ôöé
   Ôöé D:\meowseo\tests\integration\ThemeCompatibilityTest.php:45
   Ôöé

 Ôå® Meta tag output order all themes [0.04 ms]
   Ôöé
   Ôöé WordPress test framework is not available. These tests require a full WordPress installation with the WordPress Test Suite.
   Ôöé
   Ôöé D:\meowseo\tests\integration\ThemeCompatibilityTest.php:45
   Ôöé

AIGeneration End To End (MeowSEO\Tests\Modules\AI\AIGenerationEndToEnd)
 Ôÿó Complete generation flow to postmeta [4.11 ms]
   Ôöé
   Ôöé Test code or tested code printed unexpected output: 
   Ôöé Deprecated: Creation of dynamic property MeowSEO\Tests\Modules\AI\AIGenerationEndToEndTest::$optimizer is deprecated in D:\meowseo\tests\modules\ai\AIGenerationEndToEndTest.php on line 85
   Ôöé

 Ôÿó Image download and media library integration [3.24 ms]
   Ôöé
   Ôöé Test code or tested code printed unexpected output: 
   Ôöé Deprecated: Creation of dynamic property MeowSEO\Tests\Modules\AI\AIGenerationEndToEndTest::$optimizer is deprecated in D:\meowseo\tests\modules\ai\AIGenerationEndToEndTest.php on line 85
   Ôöé

 Ôÿó Cache storage and retrieval [0.99 ms]
   Ôöé
   Ôöé Test code or tested code printed unexpected output: 
   Ôöé Deprecated: Creation of dynamic property MeowSEO\Tests\Modules\AI\AIGenerationEndToEndTest::$optimizer is deprecated in D:\meowseo\tests\modules\ai\AIGenerationEndToEndTest.php on line 85
   Ôöé

 Ôÿó Error handling with provider fallback [1.16 ms]
   Ôöé
   Ôöé Test code or tested code printed unexpected output: 
   Ôöé Deprecated: Creation of dynamic property MeowSEO\Tests\Modules\AI\AIGenerationEndToEndTest::$optimizer is deprecated in D:\meowseo\tests\modules\ai\AIGenerationEndToEndTest.php on line 85
   Ôöé

 Ôÿó Minimum content length validation [1.05 ms]
   Ôöé
   Ôöé Test code or tested code printed unexpected output: 
   Ôöé Deprecated: Creation of dynamic property MeowSEO\Tests\Modules\AI\AIGenerationEndToEndTest::$optimizer is deprecated in D:\meowseo\tests\modules\ai\AIGenerationEndToEndTest.php on line 85
   Ôöé

 Ôÿó Postmeta field mapping with overwrite [1.25 ms]
   Ôöé
   Ôöé Test code or tested code printed unexpected output: 
   Ôöé Deprecated: Creation of dynamic property MeowSEO\Tests\Modules\AI\AIGenerationEndToEndTest::$optimizer is deprecated in D:\meowseo\tests\modules\ai\AIGenerationEndToEndTest.php on line 85
   Ôöé

Generator (MeowSEO\Tests\Modules\AI\Generator)
 Ôå® Build text prompt includes post title [0.08 ms]
   Ôöé
   Ôöé Requires WordPress context for wp_trim_words() function.
   Ôöé
   Ôöé D:\meowseo\tests\modules\ai\GeneratorTest.php:107
   Ôöé

 Ôå® Build text prompt includes article content [0.12 ms]
   Ôöé
   Ôöé Requires WordPress context for wp_trim_words() function.
   Ôöé
   Ôöé D:\meowseo\tests\modules\ai\GeneratorTest.php:116
   Ôöé

 Ôå® Build text prompt includes json format [0.15 ms]
   Ôöé
   Ôöé Requires WordPress context for wp_trim_words() function.
   Ôöé
   Ôöé D:\meowseo\tests\modules\ai\GeneratorTest.php:125
   Ôöé

 Ôå® Build text prompt includes character limits [0.22 ms]
   Ôöé
   Ôöé Requires WordPress context for wp_trim_words() function.
   Ôöé
   Ôöé D:\meowseo\tests\modules\ai\GeneratorTest.php:134
   Ôöé

 Ôå® Build text prompt includes excerpt [0.10 ms]
   Ôöé
   Ôöé Requires WordPress context for wp_trim_words() function.
   Ôöé
   Ôöé D:\meowseo\tests\modules\ai\GeneratorTest.php:202
   Ôöé

 Ôå® Build text prompt generates excerpt from content [0.29 ms]
   Ôöé
   Ôöé Requires WordPress context for wp_trim_words() function.
   Ôöé
   Ôöé D:\meowseo\tests\modules\ai\GeneratorTest.php:211
   Ôöé

 Ôå® Build text prompt includes custom instructions when set [0.37 ms]
   Ôöé
   Ôöé Requires WordPress context for wp_trim_words() function.
   Ôöé
   Ôöé D:\meowseo\tests\modules\ai\GeneratorTest.php:220
   Ôöé

 Ôå® Build text prompt includes language preference [0.25 ms]
   Ôöé
   Ôöé Requires WordPress context for wp_trim_words() function.
   Ôöé
   Ôöé D:\meowseo\tests\modules\ai\GeneratorTest.php:229
   Ôöé

 Ôå® Build text prompt does not include language for auto [0.24 ms]
   Ôöé
   Ôöé Requires WordPress context for wp_trim_words() function.
   Ôöé
   Ôöé D:\meowseo\tests\modules\ai\GeneratorTest.php:238
   Ôöé

 Ôå® Build text prompt includes all required output fields [0.09 ms]
   Ôöé
   Ôöé Requires WordPress context for wp_trim_words() function.
   Ôöé
   Ôöé D:\meowseo\tests\modules\ai\GeneratorTest.php:299
   Ôöé

 Ôå® Build text prompt truncates content to max words [0.16 ms]
   Ôöé
   Ôöé Requires WordPress context for wp_trim_words() function.
   Ôöé
   Ôöé D:\meowseo\tests\modules\ai\GeneratorTest.php:327
   Ôöé

 Ôå® Build text prompt handles empty categories and tags [0.09 ms]
   Ôöé
   Ôöé Requires WordPress context for wp_trim_words() function.
   Ôöé
   Ôöé D:\meowseo\tests\modules\ai\GeneratorTest.php:336
   Ôöé

 Ôå® Save image to media library uses 60 second timeout [0.11 ms]
   Ôöé
   Ôöé Requires WordPress context for wp_remote_get() and media_handle_sideload() functions.
   Ôöé
   Ôöé D:\meowseo\tests\modules\ai\GeneratorTest.php:347
   Ôöé

 Ôå® Save image to media library saves to temp file [0.08 ms]
   Ôöé
   Ôöé Requires WordPress context for wp_tempnam() and file operations.
   Ôöé
   Ôöé D:\meowseo\tests\modules\ai\GeneratorTest.php:358
   Ôöé

 Ôå® Save image to media library uploads to media library [0.08 ms]
   Ôöé
   Ôöé Requires WordPress context for media_handle_sideload() function.
   Ôöé
   Ôöé D:\meowseo\tests\modules\ai\GeneratorTest.php:369
   Ôöé

 Ôå® Save image to media library sets featured image [0.10 ms]
   Ôöé
   Ôöé Requires WordPress context for set_post_thumbnail() function.
   Ôöé
   Ôöé D:\meowseo\tests\modules\ai\GeneratorTest.php:380
   Ôöé

 Ôå® Save image to media library sets alt text to post title [0.09 ms]
   Ôöé
   Ôöé Requires WordPress context for update_post_meta() function.
   Ôöé
   Ôöé D:\meowseo\tests\modules\ai\GeneratorTest.php:391
   Ôöé

 Ôå® Save image to media library sets image title to post title [0.07 ms]
   Ôöé
   Ôöé Requires WordPress context for media_handle_sideload() function.
   Ôöé
   Ôöé D:\meowseo\tests\modules\ai\GeneratorTest.php:402
   Ôöé

 Ôå® Save image to media library returns null on download failure [0.08 ms]
   Ôöé
   Ôöé Requires WordPress context for wp_remote_get() function.
   Ôöé
   Ôöé D:\meowseo\tests\modules\ai\GeneratorTest.php:413
   Ôöé

 Ôå® Save image to media library returns null on upload failure [0.10 ms]
   Ôöé
   Ôöé Requires WordPress context for media_handle_sideload() function.
   Ôöé
   Ôöé D:\meowseo\tests\modules\ai\GeneratorTest.php:424
   Ôöé

 Ôå® Save image to media library cleans up temp file on failure [0.09 ms]
   Ôöé
   Ôöé Requires WordPress context for file operations.
   Ôöé
   Ôöé D:\meowseo\tests\modules\ai\GeneratorTest.php:435
   Ôöé

 Ôå® Save image to media library returns attachment id on success [0.08 ms]
   Ôöé
   Ôöé Requires WordPress context for media_handle_sideload() function.
   Ôöé
   Ôöé D:\meowseo\tests\modules\ai\GeneratorTest.php:446
   Ôöé

GSCQueue (MeowSEO\Tests\Modules\GSC\GSCQueue)
 Ô£ÿ Enqueue rejects invalid job type [1.19 ms]
   Ôöé
   Ôöé Queue storage should be empty after invalid job type
   Ôöé Failed asserting that an array is empty.
   Ôöé
   Ôöé D:\meowseo\tests\modules\gsc\GSCQueueTest.php:235
   Ôöé

 Ô£ÿ Enqueue prevents duplicates [0.20 ms]
   Ôöé
   Ôöé Failed asserting that true is false.
   Ôöé
   Ôöé D:\meowseo\tests\modules\gsc\GSCQueueTest.php:253
   Ôöé

 Ô£ÿ Check duplicate detects pending job [0.09 ms]
   Ôöé
   Ôöé Failed asserting that false is true.
   Ôöé
   Ôöé D:\meowseo\tests\modules\gsc\GSCQueueTest.php:282
   Ôöé

Import System End To End (MeowSEO\Tests\Modules\Import\ImportSystemEndToEnd)
 Ô£ÿ Yoast postmeta import [16.90 ms]
   Ôöé
   Ôöé Should import all 10 postmeta fields
   Ôöé Failed asserting that 1 matches expected 10.
   Ôöé
   Ôöé D:\meowseo\tests\modules\import\ImportSystemEndToEndTest.php:158
   Ôöé

 Ôå® Yoast termmeta import [0.11 ms]
   Ôöé
   Ôöé Term creation requires full WordPress environment
   Ôöé
   Ôöé D:\meowseo\tests\modules\import\ImportSystemEndToEndTest.php:183
   Ôöé

 Ô£ÿ Yoast options import [0.65 ms]
   Ôöé
   Ôöé Failed asserting that two strings are equal.
   Ôöé --- Expected
   Ôöé +++ Actual
   Ôöé @@ @@
   Ôöé -'Home Title'
   Ôöé +''
   Ôöé
   Ôöé D:\meowseo\tests\modules\import\ImportSystemEndToEndTest.php:219
   Ôöé

 Ô£ÿ Rankmath postmeta import [0.23 ms]
   Ôöé
   Ôöé Failed asserting that an array has the key 'imported'.
   Ôöé
   Ôöé D:\meowseo\tests\modules\import\ImportSystemEndToEndTest.php:261
   Ôöé

 Ô£ÿ Error handling with invalid data [0.15 ms]
   Ôöé
   Ôöé Undefined property: class@anonymous::$options
   Ôöé
   Ôöé D:\meowseo\tests\modules\import\ImportSystemEndToEndTest.php:106
   Ôöé

 Ô£ÿ Batch processing [0.98 ms]
   Ôöé
   Ôöé Undefined property: class@anonymous::$options
   Ôöé
   Ôöé D:\meowseo\tests\modules\import\ImportSystemEndToEndTest.php:106
   Ôöé

 Ô£ÿ Import manager workflow [0.19 ms]
   Ôöé
   Ôöé Undefined array key "status"
   Ôöé
   Ôöé D:\meowseo\tests\modules\import\ImportSystemEndToEndTest.php:384
   Ôöé

 Ô£ÿ Import cancellation [0.09 ms]
   Ôöé
   Ôöé Failed asserting that false is true.
   Ôöé
   Ôöé D:\meowseo\tests\modules\import\ImportSystemEndToEndTest.php:427
   Ôöé

 Ô£ÿ Plugin detection [0.08 ms]
   Ôöé
   Ôöé Undefined property: class@anonymous::$options
   Ôöé
   Ôöé D:\meowseo\tests\modules\import\ImportSystemEndToEndTest.php:106
   Ôöé

 Ô£ÿ Data validation [0.60 ms]
   Ôöé
   Ôöé Undefined property: class@anonymous::$options
   Ôöé
   Ôöé D:\meowseo\tests\modules\import\ImportSystemEndToEndTest.php:106
   Ôöé

Global SEO (MeowSEO\Tests\Modules\Meta\GlobalSEO)
 Ôå® Get current page type returns string [0.06 ms]
   Ôöé
   Ôöé Global_SEO tests require WordPress test framework with query context
   Ôöé
   Ôöé D:\meowseo\tests\modules\meta\GlobalSEOTest.php:60
   Ôöé

 Ôå® Get current page type returns valid type [0.05 ms]
   Ôöé
   Ôöé Global_SEO tests require WordPress test framework with query context
   Ôöé
   Ôöé D:\meowseo\tests\modules\meta\GlobalSEOTest.php:60
   Ôöé

 Ôå® Get title returns string [0.04 ms]
   Ôöé
   Ôöé Global_SEO tests require WordPress test framework with query context
   Ôöé
   Ôöé D:\meowseo\tests\modules\meta\GlobalSEOTest.php:60
   Ôöé

 Ôå® Get description returns string [0.04 ms]
   Ôöé
   Ôöé Global_SEO tests require WordPress test framework with query context
   Ôöé
   Ôöé D:\meowseo\tests\modules\meta\GlobalSEOTest.php:60
   Ôöé

 Ôå® Get robots returns string [0.04 ms]
   Ôöé
   Ôöé Global_SEO tests require WordPress test framework with query context
   Ôöé
   Ôöé D:\meowseo\tests\modules\meta\GlobalSEOTest.php:60
   Ôöé

 Ôå® Get robots contains google discover directives [0.04 ms]
   Ôöé
   Ôöé Global_SEO tests require WordPress test framework with query context
   Ôöé
   Ôöé D:\meowseo\tests\modules\meta\GlobalSEOTest.php:60
   Ôöé

 Ôå® Get canonical returns string [0.04 ms]
   Ôöé
   Ôöé Global_SEO tests require WordPress test framework with query context
   Ôöé
   Ôöé D:\meowseo\tests\modules\meta\GlobalSEOTest.php:60
   Ôöé

 Ôå® Get canonical returns non empty [0.08 ms]
   Ôöé
   Ôöé Global_SEO tests require WordPress test framework with query context
   Ôöé
   Ôöé D:\meowseo\tests\modules\meta\GlobalSEOTest.php:60
   Ôöé

 Ôå® Constructor accepts dependencies [0.04 ms]
   Ôöé
   Ôöé Global_SEO tests require WordPress test framework with query context
   Ôöé
   Ôöé D:\meowseo\tests\modules\meta\GlobalSEOTest.php:60
   Ôöé

 Ôå® All public methods exist [0.04 ms]
   Ôöé
   Ôöé Global_SEO tests require WordPress test framework with query context
   Ôöé
   Ôöé D:\meowseo\tests\modules\meta\GlobalSEOTest.php:60
   Ôöé

Meta Analysis (MeowSEO\Tests\Modules\Meta\MetaAnalysis)
 Ôå® Get seo analysis returns valid structure [0.04 ms]
   Ôöé
   Ôöé Meta analysis tests require WordPress test framework
   Ôöé
   Ôöé D:\meowseo\tests\modules\meta\MetaAnalysisTest.php:27
   Ôöé

 Ôå® Seo analysis score is bounded [0.34 ms]
   Ôöé
   Ôöé Meta analysis tests require WordPress test framework
   Ôöé
   Ôöé D:\meowseo\tests\modules\meta\MetaAnalysisTest.php:27
   Ôöé

 Ôå® Seo analysis checks is array [0.24 ms]
   Ôöé
   Ôöé Meta analysis tests require WordPress test framework
   Ôöé
   Ôöé D:\meowseo\tests\modules\meta\MetaAnalysisTest.php:27
   Ôöé

 Ôå® Seo analysis color is valid [0.13 ms]
   Ôöé
   Ôöé Meta analysis tests require WordPress test framework
   Ôöé
   Ôöé D:\meowseo\tests\modules\meta\MetaAnalysisTest.php:27
   Ôöé

 Ôå® Get readability analysis returns valid structure [0.08 ms]
   Ôöé
   Ôöé Meta analysis tests require WordPress test framework
   Ôöé
   Ôöé D:\meowseo\tests\modules\meta\MetaAnalysisTest.php:27
   Ôöé

 Ôå® Readability analysis score is bounded [0.06 ms]
   Ôöé
   Ôöé Meta analysis tests require WordPress test framework
   Ôöé
   Ôöé D:\meowseo\tests\modules\meta\MetaAnalysisTest.php:27
   Ôöé

 Ôå® Readability analysis with empty content [0.05 ms]
   Ôöé
   Ôöé Meta analysis tests require WordPress test framework
   Ôöé
   Ôöé D:\meowseo\tests\modules\meta\MetaAnalysisTest.php:27
   Ôöé

 Ôå® Seo analysis with custom content and keyword [0.05 ms]
   Ôöé
   Ôöé Meta analysis tests require WordPress test framework
   Ôöé
   Ôöé D:\meowseo\tests\modules\meta\MetaAnalysisTest.php:27
   Ôöé

 Ôå® Seo analysis uses postmeta focus keyword [0.04 ms]
   Ôöé
   Ôöé Meta analysis tests require WordPress test framework
   Ôöé
   Ôöé D:\meowseo\tests\modules\meta\MetaAnalysisTest.php:27
   Ôöé

 Ôå® Seo analysis with invalid post [0.03 ms]
   Ôöé
   Ôöé Meta analysis tests require WordPress test framework
   Ôöé
   Ôöé D:\meowseo\tests\modules\meta\MetaAnalysisTest.php:27
   Ôöé

Meta Module Integration (MeowSEO\Tests\Modules\Meta\MetaModuleIntegration)
 Ô£ÿ Enqueue block editor assets hook registered [0.07 ms]
   Ôöé
   Ôöé enqueue_block_editor_assets hook with enqueue_block_editor_assets callback not found
   Ôöé Failed asserting that false is true.
   Ôöé
   Ôöé D:\meowseo\tests\modules\meta\MetaModuleIntegrationTest.php:211
   Ôöé

Meta Module (MeowSEO\Tests\Modules\Meta\MetaModule)
 Ô£ÿ Enqueue block editor assets method exists [0.05 ms]
   Ôöé
   Ôöé Failed asserting that false is true.
   Ôöé
   Ôöé D:\meowseo\tests\modules\meta\MetaModuleTest.php:146
   Ôöé

Meta Postmeta (MeowSEO\Tests\Modules\Meta\MetaPostmeta)
 Ô£ÿ Meta keys constant [0.07 ms]
   Ôöé
   Ôöé Failed asserting that actual size 17 matches expected size 16.
   Ôöé
   Ôöé D:\meowseo\tests\modules\meta\MetaPostmetaTest.php:110
   Ôöé

Schema Builder (MeowSEO\Tests\Modules\Schema\SchemaBuilder)
 Ôå® Build website returns correct structure [0.07 ms]
   Ôöé
   Ôöé WordPress functions already defined. These tests require Brain\Monkey mocking which cannot override existing functions.
   Ôöé
   Ôöé D:\meowseo\tests\modules\schema\SchemaBuilderTest.php:48
   Ôöé

 Ôå® Build organization returns correct structure [0.13 ms]
   Ôöé
   Ôöé WordPress functions already defined. These tests require Brain\Monkey mocking which cannot override existing functions.
   Ôöé
   Ôöé D:\meowseo\tests\modules\schema\SchemaBuilderTest.php:48
   Ôöé

 Ôå® Build faq returns correct structure [0.15 ms]
   Ôöé
   Ôöé WordPress functions already defined. These tests require Brain\Monkey mocking which cannot override existing functions.
   Ôöé
   Ôöé D:\meowseo\tests\modules\schema\SchemaBuilderTest.php:48
   Ôöé

 Ôå® Build faq returns empty for empty items [0.06 ms]
   Ôöé
   Ôöé WordPress functions already defined. These tests require Brain\Monkey mocking which cannot override existing functions.
   Ôöé
   Ôöé D:\meowseo\tests\modules\schema\SchemaBuilderTest.php:48
   Ôöé

 Ôå® To json returns valid json [0.05 ms]
   Ôöé
   Ôöé WordPress functions already defined. These tests require Brain\Monkey mocking which cannot override existing functions.
   Ôöé
   Ôöé D:\meowseo\tests\modules\schema\SchemaBuilderTest.php:48
   Ôöé

Sitemap Generator (MeowSEO\Tests\Modules\Sitemap\SitemapGenerator)
 Ôå® Generate index [0.15 ms]
   Ôöé
   Ôöé WordPress functions already defined. These tests require Brain\Monkey mocking which cannot override existing functions.
   Ôöé
   Ôöé D:\meowseo\tests\modules\sitemap\SitemapGeneratorTest.php:44
   Ôöé

 Ôå® Generate child [0.11 ms]
   Ôöé
   Ôöé WordPress functions already defined. These tests require Brain\Monkey mocking which cannot override existing functions.
   Ôöé
   Ôöé D:\meowseo\tests\modules\sitemap\SitemapGeneratorTest.php:44
   Ôöé

 Ôå® Delete sitemap [0.23 ms]
   Ôöé
   Ôöé WordPress functions already defined. These tests require Brain\Monkey mocking which cannot override existing functions.
   Ôöé
   Ôöé D:\meowseo\tests\modules\sitemap\SitemapGeneratorTest.php:44
   Ôöé

 Ôå® Delete nonexistent sitemap [0.21 ms]
   Ôöé
   Ôöé WordPress functions already defined. These tests require Brain\Monkey mocking which cannot override existing functions.
   Ôöé
   Ôöé D:\meowseo\tests\modules\sitemap\SitemapGeneratorTest.php:44
   Ôöé

Sitemap Integration (MeowSEO\Tests\Modules\Sitemap\SitemapIntegration)
 Ôå® Sitemap module loads [0.11 ms]
   Ôöé
   Ôöé WordPress functions already defined. These tests require Brain\Monkey mocking which cannot override existing functions.
   Ôöé
   Ôöé D:\meowseo\tests\modules\sitemap\SitemapIntegrationTest.php:32
   Ôöé

 Ôå® Sitemap module not loaded when disabled [0.07 ms]
   Ôöé
   Ôöé WordPress functions already defined. These tests require Brain\Monkey mocking which cannot override existing functions.
   Ôöé
   Ôöé D:\meowseo\tests\modules\sitemap\SitemapIntegrationTest.php:32
   Ôöé

Sitemap Logging (MeowSEO\Tests\Modules\Sitemap\SitemapLogging)
 Ô£ÿ Error logging for generation failures [0.31 ms]
   Ôöé
   Ôöé Failed asserting that '<?php\r\n
   Ôöé /**\r\n
   Ôöé  * Sitemap Module\r\n
   Ôöé  *\r\n
   Ôöé  * Handles XML sitemap generation and serving with performance optimization.\r\n
   Ôöé  * Implements lock pattern to prevent cache stampede.\r\n
   Ôöé  *\r\n
   Ôöé  * @package MeowSEO\r\n
   Ôöé  * @since 1.0.0\r\n
   Ôöé  */\r\n
   Ôöé \r\n
   Ôöé namespace MeowSEO\Modules\Sitemap;\r\n
   Ôöé \r\n
   Ôöé use MeowSEO\Contracts\Module;\r\n
   Ôöé use MeowSEO\Helpers\Cache;\r\n
   Ôöé use MeowSEO\Helpers\Logger;\r\n
   Ôöé use MeowSEO\Options;\r\n
   Ôöé \r\n
   Ôöé if ( ! defined( 'ABSPATH' ) ) {\r\n
   Ôöé 	exit;\r\n
   Ôöé }\r\n
   Ôöé \r\n
   Ôöé /**\r\n
   Ôöé  * Sitemap module class\r\n
   Ôöé  *\r\n
   Ôöé  * Intercepts sitemap requests and serves files directly from filesystem.\r\n
   Ôöé  *\r\n
   Ôöé  * @since 1.0.0\r\n
   Ôöé  */\r\n
   Ôöé class Sitemap implements Module {\r\n
   Ôöé \r\n
   Ôöé 	/**\r\n
   Ôöé 	 * Options instance\r\n
   Ôöé 	 *\r\n
   Ôöé 	 * @var Options\r\n
   Ôöé 	 */\r\n
   Ôöé 	private Options $options;\r\n
   Ôöé \r\n
   Ôöé 	/**\r\n
   Ôöé 	 * Sitemap builder instance\r\n
   Ôöé 	 *\r\n
   Ôöé 	 * @var Sitemap_Builder\r\n
   Ôöé 	 */\r\n
   Ôöé 	private Sitemap_Builder $builder;\r\n
   Ôöé \r\n
   Ôöé 	/**\r\n
   Ôöé 	 * Sitemap cache instance\r\n
   Ôöé 	 *\r\n
   Ôöé 	 * @var Sitemap_Cache\r\n
   Ôöé 	 */\r\n
   Ôöé 	private Sitemap_Cache $cache;\r\n
   Ôöé \r\n
   Ôöé 	/**\r\n
   Ôöé 	 * Sitemap ping instance\r\n
   Ôöé 	 *\r\n
   Ôöé 	 * @var Sitemap_Ping\r\n
   Ôöé 	 */\r\n
   Ôöé 	private Sitemap_Ping $ping;\r\n
   Ôöé \r\n
   Ôöé 	/**\r\n
   Ôöé 	 * Constructor\r\n
   Ôöé 	 *\r\n
   Ôöé 	 * @param Options $options Options instance.\r\n
   Ôöé 	 */\r\n
   Ôöé 	public function __construct( Options $options ) {\r\n
   Ôöé 		$this->options = $options;\r\n
   Ôöé 		$this->cache = new Sitemap_Cache();\r\n
   Ôöé 		$this->builder = new Sitemap_Builder( $this->cache, $options );\r\n
   Ôöé 		$this->ping = new Sitemap_Ping();\r\n
   Ôöé 	}\r\n
   Ôöé \r\n
   Ôöé 	/**\r\n
   Ôöé 	 * Boot the module\r\n
   Ôöé 	 *\r\n
   Ôöé 	 * Register hooks for sitemap functionality.\r\n
   Ôöé 	 *\r\n
   Ôöé 	 * @return void\r\n
   Ôöé 	 */\r\n
   Ôöé 	public function boot(): void {\r\n
   Ôöé 		add_action( 'init', array( $this, 'register_rewrite_rule' ) );\r\n
   Ôöé 		add_action( 'template_redirect', array( $this, 'intercept_sitemap_request' ), 1 );\r\n
   Ôöé 		add_action( 'save_post', array( $this, 'invalidate_cache_on_save' ), 10, 2 );\r\n
   Ôöé 		add_action( 'delete_post', array( $this, 'invalidate_cache_on_delete' ), 10, 1 );\r\n
   Ôöé 		add_action( 'created_term', array( $this, 'invalidate_cache_on_term_change' ), 10, 3 );\r\n
   Ôöé 		add_action( 'edited_term', array( $this, 'invalidate_cache_on_term_change' ), 10, 3 );\r\n
   Ôöé 		add_action( 'meowseo_regenerate_sitemaps', array( $this, 'regenerate_all_sitemaps' ) );\r\n
   Ôöé 		add_action( 'transition_post_status', array( $this, 'ping_on_post_publish' ), 10, 3 );\r\n
   Ôöé 		\r\n
   Ôöé 		// Schedule daily regeneration\r\n
   Ôöé 		$this->schedule_daily_regeneration();\r\n
   Ôöé 	}\r\n
   Ôöé \r\n
   Ôöé 	/**\r\n
   Ôöé 	 * Get module ID\r\n
   Ôöé 	 *\r\n
   Ôöé 	 * @return string Module ID.\r\n
   Ôöé 	 */\r\n
   Ôöé 	public function get_id(): string {\r\n
   Ôöé 		return 'sitemap';\r\n
   Ôöé 	}\r\n
   Ôöé \r\n
   Ôöé 	/**\r\n
   Ôöé 	 * Register rewrite rule for sitemap URLs\r\n
   Ôöé 	 *\r\n
   Ôöé 	 * @return void\r\n
   Ôöé 	 */\r\n
   Ôöé 	public function register_rewrite_rule(): void {\r\n
   Ôöé 		// Index sitemap (Requirement 3.1)\r\n
   Ôöé 		add_rewrite_rule(\r\n
   Ôöé 			'^sitemap\.xml$',\r\n
   Ôöé 			'index.php?meowseo_sitemap=index',\r\n
   Ôöé 			'top'\r\n
   Ôöé 		);\r\n
   Ôöé \r\n
   Ôöé 		// Posts sitemap (Requirement 3.2)\r\n
   Ôöé 		add_rewrite_rule(\r\n
   Ôöé 			'^sitemap-posts\.xml$',\r\n
   Ôöé 			'index.php?meowseo_sitemap=posts',\r\n
   Ôöé 			'top'\r\n
   Ôöé 		);\r\n
   Ôöé \r\n
   Ôöé 		// Pages sitemap (Requirement 3.3)\r\n
   Ôöé 		add_rewrite_rule(\r\n
   Ôöé 			'^sitemap-pages\.xml$',\r\n
   Ôöé 			'index.php?meowseo_sitemap=pages',\r\n
   Ôöé 			'top'\r\n
   Ôöé 		);\r\n
   Ôöé \r\n
   Ôöé 		// Custom post type sitemaps (Requirement 3.4)\r\n
   Ôöé 		add_rewrite_rule(\r\n
   Ôöé 			'^sitemap-([^/]+?)\.xml$',\r\n
   Ôöé 			'index.php?meowseo_sitemap=$matches[1]',\r\n
   Ôöé 			'top'\r\n
   Ôöé 		);\r\n
   Ôöé \r\n
   Ôöé 		// Paginated sitemaps\r\n
   Ôöé 		add_rewrite_rule(\r\n
   Ôöé 			'^sitemap-([^/]+?)-([0-9]+)\.xml$',\r\n
   Ôöé 			'index.php?meowseo_sitemap=$matches[1]&meowseo_sitemap_page=$matches[2]',\r\n
   Ôöé 			'top'\r\n
   Ôöé 		);\r\n
   Ôöé \r\n
   Ôöé 		// News sitemap (Requirement 3.1, 3.5)\r\n
   Ôöé 		add_rewrite_rule(\r\n
   Ôöé 			'^sitemap-news\.xml$',\r\n
   Ôöé 			'index.php?meowseo_sitemap=news',\r\n
   Ôöé 			'top'\r\n
   Ôöé 		);\r\n
   Ôöé \r\n
   Ôöé 		// Video sitemap (Requirement 3.6)\r\n
   Ôöé 		add_rewrite_rule(\r\n
   Ôöé 			'^sitemap-video\.xml$',\r\n
   Ôöé 			'index.php?meowseo_sitemap=video',\r\n
   Ôöé 			'top'\r\n
   Ôöé 		);\r\n
   Ôöé \r\n
   Ôöé 		add_rewrite_tag( '%meowseo_sitemap%', '([^&]+)' );\r\n
   Ôöé 		add_rewrite_tag( '%meowseo_sitemap_page%', '([0-9]+)' );\r\n
   Ôöé \r\n
   Ôöé 		// Flush rewrite rules if needed (Requirement 3.9)\r\n
   Ôöé 		if ( ! get_option( 'meowseo_sitemap_rewrite_flushed' ) ) {\r\n
   Ôöé 			flush_rewrite_rules();\r\n
   Ôöé 			update_option( 'meowseo_sitemap_rewrite_flushed', true );\r\n
   Ôöé 		}\r\n
   Ôöé 	}\r\n
   Ôöé \r\n
   Ôöé 	/**\r\n
   Ôöé 	 * Intercept sitemap request\r\n
   Ôöé 	 *\r\n
   Ôöé 	 * Serves sitemap files using Sitemap_Cache get_or_generate() method.\r\n
   Ôöé 	 * Implements lock pattern with stale-while-revalidate (Requirements 3.7, 3.8, 12.7, 14.5).\r\n
   Ôöé 	 *\r\n
   Ôöé 	 * @return void\r\n
   Ôöé 	 */\r\n
   Ôöé 	public function intercept_sitemap_request(): void {\r\n
   Ôöé 		global $wp_query;\r\n
   Ôöé \r\n
   Ôöé 		if ( ! isset( $wp_query->query_vars['meowseo_sitemap'] ) ) {\r\n
   Ôöé 			return;\r\n
   Ôöé 		}\r\n
   Ôöé \r\n
   Ôöé 		$sitemap_type = $wp_query->query_vars['meowseo_sitemap'];\r\n
   Ôöé 		$page = isset( $wp_query->query_vars['meowseo_sitemap_page'] ) ? (int) $wp_query->query_vars['meowseo_sitemap_page'] : 1;\r\n
   Ôöé \r\n
   Ôöé 		// Generate sitemap XML using cache get_or_generate()\r\n
   Ôöé 		$xml_content = $this->generate_sitemap( $sitemap_type, $page );\r\n
   Ôöé \r\n
   Ôöé 		// Set proper headers (Requirements 3.8, 14.5)\r\n
   Ôöé 		status_header( 200 );\r\n
   Ôöé 		header( 'Content-Type: application/xml; charset=utf-8' );\r\n
   Ôöé 		header( 'X-Robots-Tag: noindex, follow' );\r\n
   Ôöé \r\n
   Ôöé 		// Output XML content\r\n
   Ôöé 		echo $xml_content;\r\n
   Ôöé 		exit;\r\n
   Ôöé 	}\r\n
   Ôöé \r\n
   Ôöé 	/**\r\n
   Ôöé 	 * Generate sitemap\r\n
   Ôöé 	 *\r\n
   Ôöé 	 * Routes generation through Sitemap_Builder which uses Sitemap_Cache.\r\n
   Ôöé 	 *\r\n
   Ôöé 	 * @param string $type Sitemap type ('index', post type name, 'news', 'video').\r\n
   Ôöé 	 * @param int    $page Page number for paginated sitemaps.\r\n
   Ôöé 	 * @return string XML content.\r\n
   Ôöé 	 */\r\n
   Ôöé 	private function generate_sitemap( string $type, int $page = 1 ): string {\r\n
   Ôöé 		if ( 'index' === $type ) {\r\n
   Ôöé 			return $this->builder->build_index();\r\n
   Ôöé 		}\r\n
   Ôöé \r\n
   Ôöé 		if ( 'news' === $type ) {\r\n
   Ôöé 			return $this->builder->build_news();\r\n
   Ôöé 		}\r\n
   Ôöé \r\n
   Ôöé 		if ( 'video' === $type ) {\r\n
   Ôöé 			return $this->builder->build_video();\r\n
   Ôöé 		}\r\n
   Ôöé \r\n
   Ôöé 		// Handle 'posts' as 'post' post type\r\n
   Ôöé 		if ( 'posts' === $type ) {\r\n
   Ôöé 			$type = 'post';\r\n
   Ôöé 		}\r\n
   Ôöé \r\n
   Ôöé 		// Handle 'pages' as 'page' post type\r\n
   Ôöé 		if ( 'pages' === $type ) {\r\n
   Ôöé 			$type = 'page';\r\n
   Ôöé 		}\r\n
   Ôöé \r\n
   Ôöé 		return $this->builder->build_posts( $type, $page );\r\n
   Ôöé 	}\r\n
   Ôöé \r\n
   Ôöé 	/**\r\n
   Ôöé 	 * Invalidate cache on post save\r\n
   Ôöé 	 *\r\n
   Ôöé 	 * Uses Sitemap_Cache invalidate() method to delete affected sitemaps.\r\n
   Ôöé 	 * Implements stale-while-revalidate behavior (Requirements 6.1, 6.7).\r\n
   Ôöé 	 *\r\n
   Ôöé 	 * @param int      $post_id Post ID.\r\n
   Ôöé 	 * @param \WP_Post $post    Post object.\r\n
   Ôöé 	 * @return void\r\n
   Ôöé 	 */\r\n
   Ôöé 	public function invalidate_cache_on_save( int $post_id, \WP_Post $post ): void {\r\n
   Ôöé 		// Skip autosaves and revisions\r\n
   Ôöé 		if ( wp_is_post_autosave( $post_id ) || wp_is_post_revision( $post_id ) ) {\r\n
   Ôöé 			return;\r\n
   Ôöé 		}\r\n
   Ôöé \r\n
   Ôöé 		// Only invalidate for published posts\r\n
   Ôöé 		if ( 'publish' !== $post->post_status ) {\r\n
   Ôöé 			return;\r\n
   Ôöé 		}\r\n
   Ôöé \r\n
   Ôöé 		// Invalidate child sitemap for this post type (Requirement 6.1)\r\n
   Ôöé 		$this->cache->invalidate( $post->post_type );\r\n
   Ôöé 		\r\n
   Ôöé 		// Also invalidate paginated sitemaps\r\n
   Ôöé 		$this->invalidate_paginated_sitemaps( $post->post_type );\r\n
   Ôöé \r\n
   Ôöé 		// Invalidate index sitemap\r\n
   Ôöé 		$this->cache->invalidate( 'index' );\r\n
   Ôöé \r\n
   Ôöé 		// Invalidate news sitemap if this is a recent post\r\n
   Ôöé 		if ( 'post' === $post->post_type ) {\r\n
   Ôöé 			$post_age = time() - strtotime( $post->post_date_gmt );\r\n
   Ôöé 			if ( $post_age < 172800 ) { // 48 hours\r\n
   Ôöé 				$this->cache->invalidate( 'news' );\r\n
   Ôöé 			}\r\n
   Ôöé 		}\r\n
   Ôöé \r\n
   Ôöé 		Logger::info(\r\n
   Ôöé 			'Sitemap cache invalidated on post save',\r\n
   Ôöé 			array(\r\n
   Ôöé 				'post_id' => $post_id,\r\n
   Ôöé 				'post_type' => $post->post_type,\r\n
   Ôöé 			)\r\n
   Ôöé 		);\r\n
   Ôöé 	}\r\n
   Ôöé \r\n
   Ôöé 	/**\r\n
   Ôöé 	 * Invalidate cache on post delete\r\n
   Ôöé 	 *\r\n
   Ôöé 	 * Uses Sitemap_Cache invalidate() method to delete affected sitemaps\r\n
   Ôöé 	 * (Requirement 6.2).\r\n
   Ôöé 	 *\r\n
   Ôöé 	 * @param int $post_id Post ID.\r\n
   Ôöé 	 * @return void\r\n
   Ôöé 	 */\r\n
   Ôöé 	public function invalidate_cache_on_delete( int $post_id ): void {\r\n
   Ôöé 		$post = get_post( $post_id );\r\n
   Ôöé \r\n
   Ôöé 		if ( ! $post ) {\r\n
   Ôöé 			return;\r\n
   Ôöé 		}\r\n
   Ôöé \r\n
   Ôöé 		// Invalidate child sitemap for this post type (Requirement 6.2)\r\n
   Ôöé 		$this->cache->invalidate( $post->post_type );\r\n
   Ôöé 		\r\n
   Ôöé 		// Also invalidate paginated sitemaps\r\n
   Ôöé 		$this->invalidate_paginated_sitemaps( $post->post_type );\r\n
   Ôöé \r\n
   Ôöé 		// Invalidate index sitemap\r\n
   Ôöé 		$this->cache->invalidate( 'index' );\r\n
   Ôöé \r\n
   Ôöé 		// Invalidate news sitemap if this was a post\r\n
   Ôöé 		if ( 'post' === $post->post_type ) {\r\n
   Ôöé 			$this->cache->invalidate( 'news' );\r\n
   Ôöé 		}\r\n
   Ôöé \r\n
   Ôöé 		Logger::info(\r\n
   Ôöé 			'Sitemap cache invalidated on post delete',\r\n
   Ôöé 			array(\r\n
   Ôöé 				'post_id' => $post_id,\r\n
   Ôöé 				'post_type' => $post->post_type,\r\n
   Ôöé 			)\r\n
   Ôöé 		);\r\n
   Ôöé 	}\r\n
   Ôöé \r\n
   Ôöé 	/**\r\n
   Ôöé 	 * Invalidate cache on term change\r\n
   Ôöé 	 *\r\n
   Ôöé 	 * Uses Sitemap_Cache invalidate() method to delete affected sitemaps\r\n
   Ôöé 	 * (Requirements 6.3, 6.4).\r\n
   Ôöé 	 *\r\n
   Ôöé 	 * @param int    $term_id  Term ID.\r\n
   Ôöé 	 * @param int    $tt_id    Term taxonomy ID.\r\n
   Ôöé 	 * @param string $taxonomy Taxonomy slug.\r\n
   Ôöé 	 * @return void\r\n
   Ôöé 	 */\r\n
   Ôöé 	public function invalidate_cache_on_term_change( int $term_id, int $tt_id, string $taxonomy ): void {\r\n
   Ôöé 		// Get post types associated with this taxonomy\r\n
   Ôöé 		$taxonomy_obj = get_taxonomy( $taxonomy );\r\n
   Ôöé \r\n
   Ôöé 		if ( ! $taxonomy_obj || empty( $taxonomy_obj->object_type ) ) {\r\n
   Ôöé 			return;\r\n
   Ôöé 		}\r\n
   Ôöé \r\n
   Ôöé 		// Invalidate sitemaps for all post types using this taxonomy\r\n
   Ôöé 		foreach ( $taxonomy_obj->object_type as $post_type ) {\r\n
   Ôöé 			$this->cache->invalidate( $post_type );\r\n
   Ôöé 			$this->invalidate_paginated_sitemaps( $post_type );\r\n
   Ôöé 		}\r\n
   Ôöé \r\n
   Ôöé 		// Invalidate index sitemap\r\n
   Ôöé 		$this->cache->invalidate( 'index' );\r\n
   Ôöé \r\n
   Ôöé 		Logger::info(\r\n
   Ôöé 			'Sitemap cache invalidated on term change',\r\n
   Ôöé 			array(\r\n
   Ôöé 				'term_id' => $term_id,\r\n
   Ôöé 				'taxonomy' => $taxonomy,\r\n
   Ôöé 				'affected_post_types' => $taxonomy_obj->object_type,\r\n
   Ôöé 			)\r\n
   Ôöé 		);\r\n
   Ôöé 	}\r\n
   Ôöé \r\n
   Ôöé 	/**\r\n
   Ôöé 	 * Invalidate paginated sitemaps for a post type\r\n
   Ôöé 	 *\r\n
   Ôöé 	 * Deletes all paginated sitemap files for a given post type.\r\n
   Ôöé 	 *\r\n
   Ôöé 	 * @param string $post_type Post type name.\r\n
   Ôöé 	 * @return void\r\n
   Ôöé 	 */\r\n
   Ôöé 	private function invalidate_paginated_sitemaps( string $post_type ): void {\r\n
   Ôöé 		// Invalidate up to 100 pages (should be more than enough)\r\n
   Ôöé 		for ( $page = 2; $page <= 100; $page++ ) {\r\n
   Ôöé 			$cache_name = $post_type . '-' . $page;\r\n
   Ôöé 			$this->cache->invalidate( $cache_name );\r\n
   Ôöé 		}\r\n
   Ôöé 	}\r\n
   Ôöé \r\n
   Ôöé 	/**\r\n
   Ôöé 	 * Get public post types for sitemap\r\n
   Ôöé 	 *\r\n
   Ôöé 	 * @return array Array of post type names.\r\n
   Ôöé 	 */\r\n
   Ôöé 	private function get_public_post_types(): array {\r\n
   Ôöé 		$post_types = get_post_types(\r\n
   Ôöé 			array(\r\n
   Ôöé 				'public' => true,\r\n
   Ôöé 			),\r\n
   Ôöé 			'names'\r\n
   Ôöé 		);\r\n
   Ôöé \r\n
   Ôöé 		// Exclude attachment post type\r\n
   Ôöé 		unset( $post_types['attachment'] );\r\n
   Ôöé \r\n
   Ôöé 		return array_values( $post_types );\r\n
   Ôöé 	}\r\n
   Ôöé \r\n
   Ôöé 	/**\r\n
   Ôöé 	 * Regenerate all sitemaps\r\n
   Ôöé 	 *\r\n
   Ôöé 	 * Pre-generates all sitemaps to ensure fresh cache.\r\n
   Ôöé 	 * Called by WP-Cron daily event (Requirements 6.5, 6.6).\r\n
   Ôöé 	 * Pings search engines after regeneration (Requirement 7.2).\r\n
   Ôöé 	 *\r\n
   Ôöé 	 * @return void\r\n
   Ôöé 	 */\r\n
   Ôöé 	public function regenerate_all_sitemaps(): void {\r\n
   Ôöé 		Logger::info( 'Starting scheduled sitemap regeneration' );\r\n
   Ôöé \r\n
   Ôöé 		$post_types = $this->get_public_post_types();\r\n
   Ôöé \r\n
   Ôöé 		// Regenerate index sitemap\r\n
   Ôöé 		$this->builder->build_index();\r\n
   Ôöé 		Logger::info( 'Regenerated index sitemap' );\r\n
   Ôöé \r\n
   Ôöé 		// Regenerate sitemaps for each post type\r\n
   Ôöé 		foreach ( $post_types as $post_type ) {\r\n
   Ôöé 			// Get post count to determine number of pages\r\n
   Ôöé 			$count = $this->get_post_count( $post_type );\r\n
   Ôöé \r\n
   Ôöé 			if ( $count === 0 ) {\r\n
   Ôöé 				continue;\r\n
   Ôöé 			}\r\n
   Ôöé \r\n
   Ôöé 			$pages = (int) ceil( $count / 1000 ); // 1000 URLs per sitemap\r\n
   Ôöé \r\n
   Ôöé 			// Regenerate all pages for this post type\r\n
   Ôöé 			for ( $page = 1; $page <= $pages; $page++ ) {\r\n
   Ôöé 				$this->builder->build_posts( $post_type, $page );\r\n
   Ôöé 			}\r\n
   Ôöé \r\n
   Ôöé 			Logger::info(\r\n
   Ôöé 				'Regenerated sitemap for post type',\r\n
   Ôöé 				array(\r\n
   Ôöé 					'post_type' => $post_type,\r\n
   Ôöé 					'pages' => $pages,\r\n
   Ôöé 					'total_posts' => $count,\r\n
   Ôöé 				)\r\n
   Ôöé 			);\r\n
   Ôöé 		}\r\n
   Ôöé \r\n
   Ôöé 		// Regenerate news sitemap\r\n
   Ôöé 		$this->builder->build_news();\r\n
   Ôöé 		Logger::info( 'Regenerated news sitemap' );\r\n
   Ôöé \r\n
   Ôöé 		// Regenerate video sitemap\r\n
   Ôöé 		$this->builder->build_video();\r\n
   Ôöé 		Logger::info( 'Regenerated video sitemap' );\r\n
   Ôöé \r\n
   Ôöé 		Logger::info( 'Completed scheduled sitemap regeneration' );\r\n
   Ôöé \r\n
   Ôöé 		// Ping search engines after regeneration (Requirement 7.2)\r\n
   Ôöé 		$this->ping_search_engines();\r\n
   Ôöé 	}\r\n
   Ôöé \r\n
   Ôöé 	/**\r\n
   Ôöé 	 * Get post count for a post type\r\n
   Ôöé 	 *\r\n
   Ôöé 	 * Counts only published posts that are not marked as noindex.\r\n
   Ôöé 	 *\r\n
   Ôöé 	 * @param string $post_type Post type name.\r\n
   Ôöé 	 * @return int Post count.\r\n
   Ôöé 	 */\r\n
   Ôöé 	private function get_post_count( string $post_type ): int {\r\n
   Ôöé 		global $wpdb;\r\n
   Ôöé \r\n
   Ôöé 		// phpcs:ignore WordPress.DB.DirectDatabaseQuery.DirectQuery, WordPress.DB.DirectDatabaseQuery.NoCaching\r\n
   Ôöé 		$count = $wpdb->get_var(\r\n
   Ôöé 			$wpdb->prepare(\r\n
   Ôöé 				"SELECT COUNT(DISTINCT p.ID)\r\n
   Ôöé 				FROM {$wpdb->posts} p\r\n
   Ôöé 				LEFT JOIN {$wpdb->postmeta} pm \r\n
   Ôöé 					ON p.ID = pm.post_id \r\n
   Ôöé 					AND pm.meta_key = '_meowseo_noindex'\r\n
   Ôöé 				WHERE p.post_type = %s\r\n
   Ôöé 				AND p.post_status = 'publish'\r\n
   Ôöé 				AND (pm.meta_value IS NULL OR pm.meta_value != '1')",\r\n
   Ôöé 				$post_type\r\n
   Ôöé 			)\r\n
   Ôöé 		);\r\n
   Ôöé \r\n
   Ôöé 		return (int) $count;\r\n
   Ôöé 	}\r\n
   Ôöé \r\n
   Ôöé 	/**\r\n
   Ôöé 	 * Schedule daily sitemap regeneration\r\n
   Ôöé 	 *\r\n
   Ôöé 	 * Registers WP-Cron event for daily sitemap pre-generation.\r\n
   Ôöé 	 *\r\n
   Ôöé 	 * @return void\r\n
   Ôöé 	 */\r\n
   Ôöé 	public function schedule_daily_regeneration(): void {\r\n
   Ôöé 		if ( ! wp_next_scheduled( 'meowseo_regenerate_sitemaps' ) ) {\r\n
   Ôöé 			wp_schedule_event( time(), 'daily', 'meowseo_regenerate_sitemaps' );\r\n
   Ôöé 			Logger::info( 'Scheduled daily sitemap regeneration' );\r\n
   Ôöé 		}\r\n
   Ôöé 	}\r\n
   Ôöé \r\n
   Ôöé 	/**\r\n
   Ôöé 	 * Ping search engines on post publish\r\n
   Ôöé 	 *\r\n
   Ôöé 	 * Hooks into transition_post_status to ping when a post is published (Requirement 7.3).\r\n
   Ôöé 	 *\r\n
   Ôöé 	 * @param string   $new_status New post status.\r\n
   Ôöé 	 * @param string   $old_status Old post status.\r\n
   Ôöé 	 * @param \WP_Post $post       Post object.\r\n
   Ôöé 	 * @return void\r\n
   Ôöé 	 */\r\n
   Ôöé 	public function ping_on_post_publish( string $new_status, string $old_status, \WP_Post $post ): void {\r\n
   Ôöé 		// Only ping when transitioning to publish status (Requirement 7.3)\r\n
   Ôöé 		if ( 'publish' !== $new_status || 'publish' === $old_status ) {\r\n
   Ôöé 			return;\r\n
   Ôöé 		}\r\n
   Ôöé \r\n
   Ôöé 		// Skip autosaves and revisions\r\n
   Ôöé 		if ( wp_is_post_autosave( $post->ID ) || wp_is_post_revision( $post->ID ) ) {\r\n
   Ôöé 			return;\r\n
   Ôöé 		}\r\n
   Ôöé \r\n
   Ôöé 		Logger::info(\r\n
   Ôöé 			'Post published, triggering sitemap ping',\r\n
   Ôöé 			array(\r\n
   Ôöé 				'post_id' => $post->ID,\r\n
   Ôöé 				'post_type' => $post->post_type,\r\n
   Ôöé 			)\r\n
   Ôöé 		);\r\n
   Ôöé \r\n
   Ôöé 		// Ping search engines (Requirement 7.3)\r\n
   Ôöé 		$this->ping_search_engines();\r\n
   Ôöé 	}\r\n
   Ôöé \r\n
   Ôöé 	/**\r\n
   Ôöé 	 * Ping search engines with sitemap URL\r\n
   Ôöé 	 *\r\n
   Ôöé 	 * Notifies Google and Bing of sitemap updates (Requirements 7.1, 7.6).\r\n
   Ôöé 	 *\r\n
   Ôöé 	 * @return void\r\n
   Ôöé 	 */\r\n
   Ôöé 	private function ping_search_engines(): void {\r\n
   Ôöé 		$sitemap_url = trailingslashit( get_site_url() ) . 'sitemap.xml';\r\n
   Ôöé 		$this->ping->ping( $sitemap_url );\r\n
   Ôöé 	}\r\n
   Ôöé }\r\n
   Ôöé ' contains "Logger::error(".
   Ôöé
   Ôöé D:\meowseo\tests\modules\sitemap\SitemapLoggingTest.php:42
   Ôöé

 Ô£ÿ Info logging for cache regeneration [0.71 ms]
   Ôöé
   Ôöé Failed asserting that '<?php\r\n
   Ôöé /**\r\n
   Ôöé  * Sitemap Module\r\n
   Ôöé  *\r\n
   Ôöé  * Handles XML sitemap generation and serving with performance optimization.\r\n
   Ôöé  * Implements lock pattern to prevent cache stampede.\r\n
   Ôöé  *\r\n
   Ôöé  * @package MeowSEO\r\n
   Ôöé  * @since 1.0.0\r\n
   Ôöé  */\r\n
   Ôöé \r\n
   Ôöé namespace MeowSEO\Modules\Sitemap;\r\n
   Ôöé \r\n
   Ôöé use MeowSEO\Contracts\Module;\r\n
   Ôöé use MeowSEO\Helpers\Cache;\r\n
   Ôöé use MeowSEO\Helpers\Logger;\r\n
   Ôöé use MeowSEO\Options;\r\n
   Ôöé \r\n
   Ôöé if ( ! defined( 'ABSPATH' ) ) {\r\n
   Ôöé 	exit;\r\n
   Ôöé }\r\n
   Ôöé \r\n
   Ôöé /**\r\n
   Ôöé  * Sitemap module class\r\n
   Ôöé  *\r\n
   Ôöé  * Intercepts sitemap requests and serves files directly from filesystem.\r\n
   Ôöé  *\r\n
   Ôöé  * @since 1.0.0\r\n
   Ôöé  */\r\n
   Ôöé class Sitemap implements Module {\r\n
   Ôöé \r\n
   Ôöé 	/**\r\n
   Ôöé 	 * Options instance\r\n
   Ôöé 	 *\r\n
   Ôöé 	 * @var Options\r\n
   Ôöé 	 */\r\n
   Ôöé 	private Options $options;\r\n
   Ôöé \r\n
   Ôöé 	/**\r\n
   Ôöé 	 * Sitemap builder instance\r\n
   Ôöé 	 *\r\n
   Ôöé 	 * @var Sitemap_Builder\r\n
   Ôöé 	 */\r\n
   Ôöé 	private Sitemap_Builder $builder;\r\n
   Ôöé \r\n
   Ôöé 	/**\r\n
   Ôöé 	 * Sitemap cache instance\r\n
   Ôöé 	 *\r\n
   Ôöé 	 * @var Sitemap_Cache\r\n
   Ôöé 	 */\r\n
   Ôöé 	private Sitemap_Cache $cache;\r\n
   Ôöé \r\n
   Ôöé 	/**\r\n
   Ôöé 	 * Sitemap ping instance\r\n
   Ôöé 	 *\r\n
   Ôöé 	 * @var Sitemap_Ping\r\n
   Ôöé 	 */\r\n
   Ôöé 	private Sitemap_Ping $ping;\r\n
   Ôöé \r\n
   Ôöé 	/**\r\n
   Ôöé 	 * Constructor\r\n
   Ôöé 	 *\r\n
   Ôöé 	 * @param Options $options Options instance.\r\n
   Ôöé 	 */\r\n
   Ôöé 	public function __construct( Options $options ) {\r\n
   Ôöé 		$this->options = $options;\r\n
   Ôöé 		$this->cache = new Sitemap_Cache();\r\n
   Ôöé 		$this->builder = new Sitemap_Builder( $this->cache, $options );\r\n
   Ôöé 		$this->ping = new Sitemap_Ping();\r\n
   Ôöé 	}\r\n
   Ôöé \r\n
   Ôöé 	/**\r\n
   Ôöé 	 * Boot the module\r\n
   Ôöé 	 *\r\n
   Ôöé 	 * Register hooks for sitemap functionality.\r\n
   Ôöé 	 *\r\n
   Ôöé 	 * @return void\r\n
   Ôöé 	 */\r\n
   Ôöé 	public function boot(): void {\r\n
   Ôöé 		add_action( 'init', array( $this, 'register_rewrite_rule' ) );\r\n
   Ôöé 		add_action( 'template_redirect', array( $this, 'intercept_sitemap_request' ), 1 );\r\n
   Ôöé 		add_action( 'save_post', array( $this, 'invalidate_cache_on_save' ), 10, 2 );\r\n
   Ôöé 		add_action( 'delete_post', array( $this, 'invalidate_cache_on_delete' ), 10, 1 );\r\n
   Ôöé 		add_action( 'created_term', array( $this, 'invalidate_cache_on_term_change' ), 10, 3 );\r\n
   Ôöé 		add_action( 'edited_term', array( $this, 'invalidate_cache_on_term_change' ), 10, 3 );\r\n
   Ôöé 		add_action( 'meowseo_regenerate_sitemaps', array( $this, 'regenerate_all_sitemaps' ) );\r\n
   Ôöé 		add_action( 'transition_post_status', array( $this, 'ping_on_post_publish' ), 10, 3 );\r\n
   Ôöé 		\r\n
   Ôöé 		// Schedule daily regeneration\r\n
   Ôöé 		$this->schedule_daily_regeneration();\r\n
   Ôöé 	}\r\n
   Ôöé \r\n
   Ôöé 	/**\r\n
   Ôöé 	 * Get module ID\r\n
   Ôöé 	 *\r\n
   Ôöé 	 * @return string Module ID.\r\n
   Ôöé 	 */\r\n
   Ôöé 	public function get_id(): string {\r\n
   Ôöé 		return 'sitemap';\r\n
   Ôöé 	}\r\n
   Ôöé \r\n
   Ôöé 	/**\r\n
   Ôöé 	 * Register rewrite rule for sitemap URLs\r\n
   Ôöé 	 *\r\n
   Ôöé 	 * @return void\r\n
   Ôöé 	 */\r\n
   Ôöé 	public function register_rewrite_rule(): void {\r\n
   Ôöé 		// Index sitemap (Requirement 3.1)\r\n
   Ôöé 		add_rewrite_rule(\r\n
   Ôöé 			'^sitemap\.xml$',\r\n
   Ôöé 			'index.php?meowseo_sitemap=index',\r\n
   Ôöé 			'top'\r\n
   Ôöé 		);\r\n
   Ôöé \r\n
   Ôöé 		// Posts sitemap (Requirement 3.2)\r\n
   Ôöé 		add_rewrite_rule(\r\n
   Ôöé 			'^sitemap-posts\.xml$',\r\n
   Ôöé 			'index.php?meowseo_sitemap=posts',\r\n
   Ôöé 			'top'\r\n
   Ôöé 		);\r\n
   Ôöé \r\n
   Ôöé 		// Pages sitemap (Requirement 3.3)\r\n
   Ôöé 		add_rewrite_rule(\r\n
   Ôöé 			'^sitemap-pages\.xml$',\r\n
   Ôöé 			'index.php?meowseo_sitemap=pages',\r\n
   Ôöé 			'top'\r\n
   Ôöé 		);\r\n
   Ôöé \r\n
   Ôöé 		// Custom post type sitemaps (Requirement 3.4)\r\n
   Ôöé 		add_rewrite_rule(\r\n
   Ôöé 			'^sitemap-([^/]+?)\.xml$',\r\n
   Ôöé 			'index.php?meowseo_sitemap=$matches[1]',\r\n
   Ôöé 			'top'\r\n
   Ôöé 		);\r\n
   Ôöé \r\n
   Ôöé 		// Paginated sitemaps\r\n
   Ôöé 		add_rewrite_rule(\r\n
   Ôöé 			'^sitemap-([^/]+?)-([0-9]+)\.xml$',\r\n
   Ôöé 			'index.php?meowseo_sitemap=$matches[1]&meowseo_sitemap_page=$matches[2]',\r\n
   Ôöé 			'top'\r\n
   Ôöé 		);\r\n
   Ôöé \r\n
   Ôöé 		// News sitemap (Requirement 3.1, 3.5)\r\n
   Ôöé 		add_rewrite_rule(\r\n
   Ôöé 			'^sitemap-news\.xml$',\r\n
   Ôöé 			'index.php?meowseo_sitemap=news',\r\n
   Ôöé 			'top'\r\n
   Ôöé 		);\r\n
   Ôöé \r\n
   Ôöé 		// Video sitemap (Requirement 3.6)\r\n
   Ôöé 		add_rewrite_rule(\r\n
   Ôöé 			'^sitemap-video\.xml$',\r\n
   Ôöé 			'index.php?meowseo_sitemap=video',\r\n
   Ôöé 			'top'\r\n
   Ôöé 		);\r\n
   Ôöé \r\n
   Ôöé 		add_rewrite_tag( '%meowseo_sitemap%', '([^&]+)' );\r\n
   Ôöé 		add_rewrite_tag( '%meowseo_sitemap_page%', '([0-9]+)' );\r\n
   Ôöé \r\n
   Ôöé 		// Flush rewrite rules if needed (Requirement 3.9)\r\n
   Ôöé 		if ( ! get_option( 'meowseo_sitemap_rewrite_flushed' ) ) {\r\n
   Ôöé 			flush_rewrite_rules();\r\n
   Ôöé 			update_option( 'meowseo_sitemap_rewrite_flushed', true );\r\n
   Ôöé 		}\r\n
   Ôöé 	}\r\n
   Ôöé \r\n
   Ôöé 	/**\r\n
   Ôöé 	 * Intercept sitemap request\r\n
   Ôöé 	 *\r\n
   Ôöé 	 * Serves sitemap files using Sitemap_Cache get_or_generate() method.\r\n
   Ôöé 	 * Implements lock pattern with stale-while-revalidate (Requirements 3.7, 3.8, 12.7, 14.5).\r\n
   Ôöé 	 *\r\n
   Ôöé 	 * @return void\r\n
   Ôöé 	 */\r\n
   Ôöé 	public function intercept_sitemap_request(): void {\r\n
   Ôöé 		global $wp_query;\r\n
   Ôöé \r\n
   Ôöé 		if ( ! isset( $wp_query->query_vars['meowseo_sitemap'] ) ) {\r\n
   Ôöé 			return;\r\n
   Ôöé 		}\r\n
   Ôöé \r\n
   Ôöé 		$sitemap_type = $wp_query->query_vars['meowseo_sitemap'];\r\n
   Ôöé 		$page = isset( $wp_query->query_vars['meowseo_sitemap_page'] ) ? (int) $wp_query->query_vars['meowseo_sitemap_page'] : 1;\r\n
   Ôöé \r\n
   Ôöé 		// Generate sitemap XML using cache get_or_generate()\r\n
   Ôöé 		$xml_content = $this->generate_sitemap( $sitemap_type, $page );\r\n
   Ôöé \r\n
   Ôöé 		// Set proper headers (Requirements 3.8, 14.5)\r\n
   Ôöé 		status_header( 200 );\r\n
   Ôöé 		header( 'Content-Type: application/xml; charset=utf-8' );\r\n
   Ôöé 		header( 'X-Robots-Tag: noindex, follow' );\r\n
   Ôöé \r\n
   Ôöé 		// Output XML content\r\n
   Ôöé 		echo $xml_content;\r\n
   Ôöé 		exit;\r\n
   Ôöé 	}\r\n
   Ôöé \r\n
   Ôöé 	/**\r\n
   Ôöé 	 * Generate sitemap\r\n
   Ôöé 	 *\r\n
   Ôöé 	 * Routes generation through Sitemap_Builder which uses Sitemap_Cache.\r\n
   Ôöé 	 *\r\n
   Ôöé 	 * @param string $type Sitemap type ('index', post type name, 'news', 'video').\r\n
   Ôöé 	 * @param int    $page Page number for paginated sitemaps.\r\n
   Ôöé 	 * @return string XML content.\r\n
   Ôöé 	 */\r\n
   Ôöé 	private function generate_sitemap( string $type, int $page = 1 ): string {\r\n
   Ôöé 		if ( 'index' === $type ) {\r\n
   Ôöé 			return $this->builder->build_index();\r\n
   Ôöé 		}\r\n
   Ôöé \r\n
   Ôöé 		if ( 'news' === $type ) {\r\n
   Ôöé 			return $this->builder->build_news();\r\n
   Ôöé 		}\r\n
   Ôöé \r\n
   Ôöé 		if ( 'video' === $type ) {\r\n
   Ôöé 			return $this->builder->build_video();\r\n
   Ôöé 		}\r\n
   Ôöé \r\n
   Ôöé 		// Handle 'posts' as 'post' post type\r\n
   Ôöé 		if ( 'posts' === $type ) {\r\n
   Ôöé 			$type = 'post';\r\n
   Ôöé 		}\r\n
   Ôöé \r\n
   Ôöé 		// Handle 'pages' as 'page' post type\r\n
   Ôöé 		if ( 'pages' === $type ) {\r\n
   Ôöé 			$type = 'page';\r\n
   Ôöé 		}\r\n
   Ôöé \r\n
   Ôöé 		return $this->builder->build_posts( $type, $page );\r\n
   Ôöé 	}\r\n
   Ôöé \r\n
   Ôöé 	/**\r\n
   Ôöé 	 * Invalidate cache on post save\r\n
   Ôöé 	 *\r\n
   Ôöé 	 * Uses Sitemap_Cache invalidate() method to delete affected sitemaps.\r\n
   Ôöé 	 * Implements stale-while-revalidate behavior (Requirements 6.1, 6.7).\r\n
   Ôöé 	 *\r\n
   Ôöé 	 * @param int      $post_id Post ID.\r\n
   Ôöé 	 * @param \WP_Post $post    Post object.\r\n
   Ôöé 	 * @return void\r\n
   Ôöé 	 */\r\n
   Ôöé 	public function invalidate_cache_on_save( int $post_id, \WP_Post $post ): void {\r\n
   Ôöé 		// Skip autosaves and revisions\r\n
   Ôöé 		if ( wp_is_post_autosave( $post_id ) || wp_is_post_revision( $post_id ) ) {\r\n
   Ôöé 			return;\r\n
   Ôöé 		}\r\n
   Ôöé \r\n
   Ôöé 		// Only invalidate for published posts\r\n
   Ôöé 		if ( 'publish' !== $post->post_status ) {\r\n
   Ôöé 			return;\r\n
   Ôöé 		}\r\n
   Ôöé \r\n
   Ôöé 		// Invalidate child sitemap for this post type (Requirement 6.1)\r\n
   Ôöé 		$this->cache->invalidate( $post->post_type );\r\n
   Ôöé 		\r\n
   Ôöé 		// Also invalidate paginated sitemaps\r\n
   Ôöé 		$this->invalidate_paginated_sitemaps( $post->post_type );\r\n
   Ôöé \r\n
   Ôöé 		// Invalidate index sitemap\r\n
   Ôöé 		$this->cache->invalidate( 'index' );\r\n
   Ôöé \r\n
   Ôöé 		// Invalidate news sitemap if this is a recent post\r\n
   Ôöé 		if ( 'post' === $post->post_type ) {\r\n
   Ôöé 			$post_age = time() - strtotime( $post->post_date_gmt );\r\n
   Ôöé 			if ( $post_age < 172800 ) { // 48 hours\r\n
   Ôöé 				$this->cache->invalidate( 'news' );\r\n
   Ôöé 			}\r\n
   Ôöé 		}\r\n
   Ôöé \r\n
   Ôöé 		Logger::info(\r\n
   Ôöé 			'Sitemap cache invalidated on post save',\r\n
   Ôöé 			array(\r\n
   Ôöé 				'post_id' => $post_id,\r\n
   Ôöé 				'post_type' => $post->post_type,\r\n
   Ôöé 			)\r\n
   Ôöé 		);\r\n
   Ôöé 	}\r\n
   Ôöé \r\n
   Ôöé 	/**\r\n
   Ôöé 	 * Invalidate cache on post delete\r\n
   Ôöé 	 *\r\n
   Ôöé 	 * Uses Sitemap_Cache invalidate() method to delete affected sitemaps\r\n
   Ôöé 	 * (Requirement 6.2).\r\n
   Ôöé 	 *\r\n
   Ôöé 	 * @param int $post_id Post ID.\r\n
   Ôöé 	 * @return void\r\n
   Ôöé 	 */\r\n
   Ôöé 	public function invalidate_cache_on_delete( int $post_id ): void {\r\n
   Ôöé 		$post = get_post( $post_id );\r\n
   Ôöé \r\n
   Ôöé 		if ( ! $post ) {\r\n
   Ôöé 			return;\r\n
   Ôöé 		}\r\n
   Ôöé \r\n
   Ôöé 		// Invalidate child sitemap for this post type (Requirement 6.2)\r\n
   Ôöé 		$this->cache->invalidate( $post->post_type );\r\n
   Ôöé 		\r\n
   Ôöé 		// Also invalidate paginated sitemaps\r\n
   Ôöé 		$this->invalidate_paginated_sitemaps( $post->post_type );\r\n
   Ôöé \r\n
   Ôöé 		// Invalidate index sitemap\r\n
   Ôöé 		$this->cache->invalidate( 'index' );\r\n
   Ôöé \r\n
   Ôöé 		// Invalidate news sitemap if this was a post\r\n
   Ôöé 		if ( 'post' === $post->post_type ) {\r\n
   Ôöé 			$this->cache->invalidate( 'news' );\r\n
   Ôöé 		}\r\n
   Ôöé \r\n
   Ôöé 		Logger::info(\r\n
   Ôöé 			'Sitemap cache invalidated on post delete',\r\n
   Ôöé 			array(\r\n
   Ôöé 				'post_id' => $post_id,\r\n
   Ôöé 				'post_type' => $post->post_type,\r\n
   Ôöé 			)\r\n
   Ôöé 		);\r\n
   Ôöé 	}\r\n
   Ôöé \r\n
   Ôöé 	/**\r\n
   Ôöé 	 * Invalidate cache on term change\r\n
   Ôöé 	 *\r\n
   Ôöé 	 * Uses Sitemap_Cache invalidate() method to delete affected sitemaps\r\n
   Ôöé 	 * (Requirements 6.3, 6.4).\r\n
   Ôöé 	 *\r\n
   Ôöé 	 * @param int    $term_id  Term ID.\r\n
   Ôöé 	 * @param int    $tt_id    Term taxonomy ID.\r\n
   Ôöé 	 * @param string $taxonomy Taxonomy slug.\r\n
   Ôöé 	 * @return void\r\n
   Ôöé 	 */\r\n
   Ôöé 	public function invalidate_cache_on_term_change( int $term_id, int $tt_id, string $taxonomy ): void {\r\n
   Ôöé 		// Get post types associated with this taxonomy\r\n
   Ôöé 		$taxonomy_obj = get_taxonomy( $taxonomy );\r\n
   Ôöé \r\n
   Ôöé 		if ( ! $taxonomy_obj || empty( $taxonomy_obj->object_type ) ) {\r\n
   Ôöé 			return;\r\n
   Ôöé 		}\r\n
   Ôöé \r\n
   Ôöé 		// Invalidate sitemaps for all post types using this taxonomy\r\n
   Ôöé 		foreach ( $taxonomy_obj->object_type as $post_type ) {\r\n
   Ôöé 			$this->cache->invalidate( $post_type );\r\n
   Ôöé 			$this->invalidate_paginated_sitemaps( $post_type );\r\n
   Ôöé 		}\r\n
   Ôöé \r\n
   Ôöé 		// Invalidate index sitemap\r\n
   Ôöé 		$this->cache->invalidate( 'index' );\r\n
   Ôöé \r\n
   Ôöé 		Logger::info(\r\n
   Ôöé 			'Sitemap cache invalidated on term change',\r\n
   Ôöé 			array(\r\n
   Ôöé 				'term_id' => $term_id,\r\n
   Ôöé 				'taxonomy' => $taxonomy,\r\n
   Ôöé 				'affected_post_types' => $taxonomy_obj->object_type,\r\n
   Ôöé 			)\r\n
   Ôöé 		);\r\n
   Ôöé 	}\r\n
   Ôöé \r\n
   Ôöé 	/**\r\n
   Ôöé 	 * Invalidate paginated sitemaps for a post type\r\n
   Ôöé 	 *\r\n
   Ôöé 	 * Deletes all paginated sitemap files for a given post type.\r\n
   Ôöé 	 *\r\n
   Ôöé 	 * @param string $post_type Post type name.\r\n
   Ôöé 	 * @return void\r\n
   Ôöé 	 */\r\n
   Ôöé 	private function invalidate_paginated_sitemaps( string $post_type ): void {\r\n
   Ôöé 		// Invalidate up to 100 pages (should be more than enough)\r\n
   Ôöé 		for ( $page = 2; $page <= 100; $page++ ) {\r\n
   Ôöé 			$cache_name = $post_type . '-' . $page;\r\n
   Ôöé 			$this->cache->invalidate( $cache_name );\r\n
   Ôöé 		}\r\n
   Ôöé 	}\r\n
   Ôöé \r\n
   Ôöé 	/**\r\n
   Ôöé 	 * Get public post types for sitemap\r\n
   Ôöé 	 *\r\n
   Ôöé 	 * @return array Array of post type names.\r\n
   Ôöé 	 */\r\n
   Ôöé 	private function get_public_post_types(): array {\r\n
   Ôöé 		$post_types = get_post_types(\r\n
   Ôöé 			array(\r\n
   Ôöé 				'public' => true,\r\n
   Ôöé 			),\r\n
   Ôöé 			'names'\r\n
   Ôöé 		);\r\n
   Ôöé \r\n
   Ôöé 		// Exclude attachment post type\r\n
   Ôöé 		unset( $post_types['attachment'] );\r\n
   Ôöé \r\n
   Ôöé 		return array_values( $post_types );\r\n
   Ôöé 	}\r\n
   Ôöé \r\n
   Ôöé 	/**\r\n
   Ôöé 	 * Regenerate all sitemaps\r\n
   Ôöé 	 *\r\n
   Ôöé 	 * Pre-generates all sitemaps to ensure fresh cache.\r\n
   Ôöé 	 * Called by WP-Cron daily event (Requirements 6.5, 6.6).\r\n
   Ôöé 	 * Pings search engines after regeneration (Requirement 7.2).\r\n
   Ôöé 	 *\r\n
   Ôöé 	 * @return void\r\n
   Ôöé 	 */\r\n
   Ôöé 	public function regenerate_all_sitemaps(): void {\r\n
   Ôöé 		Logger::info( 'Starting scheduled sitemap regeneration' );\r\n
   Ôöé \r\n
   Ôöé 		$post_types = $this->get_public_post_types();\r\n
   Ôöé \r\n
   Ôöé 		// Regenerate index sitemap\r\n
   Ôöé 		$this->builder->build_index();\r\n
   Ôöé 		Logger::info( 'Regenerated index sitemap' );\r\n
   Ôöé \r\n
   Ôöé 		// Regenerate sitemaps for each post type\r\n
   Ôöé 		foreach ( $post_types as $post_type ) {\r\n
   Ôöé 			// Get post count to determine number of pages\r\n
   Ôöé 			$count = $this->get_post_count( $post_type );\r\n
   Ôöé \r\n
   Ôöé 			if ( $count === 0 ) {\r\n
   Ôöé 				continue;\r\n
   Ôöé 			}\r\n
   Ôöé \r\n
   Ôöé 			$pages = (int) ceil( $count / 1000 ); // 1000 URLs per sitemap\r\n
   Ôöé \r\n
   Ôöé 			// Regenerate all pages for this post type\r\n
   Ôöé 			for ( $page = 1; $page <= $pages; $page++ ) {\r\n
   Ôöé 				$this->builder->build_posts( $post_type, $page );\r\n
   Ôöé 			}\r\n
   Ôöé \r\n
   Ôöé 			Logger::info(\r\n
   Ôöé 				'Regenerated sitemap for post type',\r\n
   Ôöé 				array(\r\n
   Ôöé 					'post_type' => $post_type,\r\n
   Ôöé 					'pages' => $pages,\r\n
   Ôöé 					'total_posts' => $count,\r\n
   Ôöé 				)\r\n
   Ôöé 			);\r\n
   Ôöé 		}\r\n
   Ôöé \r\n
   Ôöé 		// Regenerate news sitemap\r\n
   Ôöé 		$this->builder->build_news();\r\n
   Ôöé 		Logger::info( 'Regenerated news sitemap' );\r\n
   Ôöé \r\n
   Ôöé 		// Regenerate video sitemap\r\n
   Ôöé 		$this->builder->build_video();\r\n
   Ôöé 		Logger::info( 'Regenerated video sitemap' );\r\n
   Ôöé \r\n
   Ôöé 		Logger::info( 'Completed scheduled sitemap regeneration' );\r\n
   Ôöé \r\n
   Ôöé 		// Ping search engines after regeneration (Requirement 7.2)\r\n
   Ôöé 		$this->ping_search_engines();\r\n
   Ôöé 	}\r\n
   Ôöé \r\n
   Ôöé 	/**\r\n
   Ôöé 	 * Get post count for a post type\r\n
   Ôöé 	 *\r\n
   Ôöé 	 * Counts only published posts that are not marked as noindex.\r\n
   Ôöé 	 *\r\n
   Ôöé 	 * @param string $post_type Post type name.\r\n
   Ôöé 	 * @return int Post count.\r\n
   Ôöé 	 */\r\n
   Ôöé 	private function get_post_count( string $post_type ): int {\r\n
   Ôöé 		global $wpdb;\r\n
   Ôöé \r\n
   Ôöé 		// phpcs:ignore WordPress.DB.DirectDatabaseQuery.DirectQuery, WordPress.DB.DirectDatabaseQuery.NoCaching\r\n
   Ôöé 		$count = $wpdb->get_var(\r\n
   Ôöé 			$wpdb->prepare(\r\n
   Ôöé 				"SELECT COUNT(DISTINCT p.ID)\r\n
   Ôöé 				FROM {$wpdb->posts} p\r\n
   Ôöé 				LEFT JOIN {$wpdb->postmeta} pm \r\n
   Ôöé 					ON p.ID = pm.post_id \r\n
   Ôöé 					AND pm.meta_key = '_meowseo_noindex'\r\n
   Ôöé 				WHERE p.post_type = %s\r\n
   Ôöé 				AND p.post_status = 'publish'\r\n
   Ôöé 				AND (pm.meta_value IS NULL OR pm.meta_value != '1')",\r\n
   Ôöé 				$post_type\r\n
   Ôöé 			)\r\n
   Ôöé 		);\r\n
   Ôöé \r\n
   Ôöé 		return (int) $count;\r\n
   Ôöé 	}\r\n
   Ôöé \r\n
   Ôöé 	/**\r\n
   Ôöé 	 * Schedule daily sitemap regeneration\r\n
   Ôöé 	 *\r\n
   Ôöé 	 * Registers WP-Cron event for daily sitemap pre-generation.\r\n
   Ôöé 	 *\r\n
   Ôöé 	 * @return void\r\n
   Ôöé 	 */\r\n
   Ôöé 	public function schedule_daily_regeneration(): void {\r\n
   Ôöé 		if ( ! wp_next_scheduled( 'meowseo_regenerate_sitemaps' ) ) {\r\n
   Ôöé 			wp_schedule_event( time(), 'daily', 'meowseo_regenerate_sitemaps' );\r\n
   Ôöé 			Logger::info( 'Scheduled daily sitemap regeneration' );\r\n
   Ôöé 		}\r\n
   Ôöé 	}\r\n
   Ôöé \r\n
   Ôöé 	/**\r\n
   Ôöé 	 * Ping search engines on post publish\r\n
   Ôöé 	 *\r\n
   Ôöé 	 * Hooks into transition_post_status to ping when a post is published (Requirement 7.3).\r\n
   Ôöé 	 *\r\n
   Ôöé 	 * @param string   $new_status New post status.\r\n
   Ôöé 	 * @param string   $old_status Old post status.\r\n
   Ôöé 	 * @param \WP_Post $post       Post object.\r\n
   Ôöé 	 * @return void\r\n
   Ôöé 	 */\r\n
   Ôöé 	public function ping_on_post_publish( string $new_status, string $old_status, \WP_Post $post ): void {\r\n
   Ôöé 		// Only ping when transitioning to publish status (Requirement 7.3)\r\n
   Ôöé 		if ( 'publish' !== $new_status || 'publish' === $old_status ) {\r\n
   Ôöé 			return;\r\n
   Ôöé 		}\r\n
   Ôöé \r\n
   Ôöé 		// Skip autosaves and revisions\r\n
   Ôöé 		if ( wp_is_post_autosave( $post->ID ) || wp_is_post_revision( $post->ID ) ) {\r\n
   Ôöé 			return;\r\n
   Ôöé 		}\r\n
   Ôöé \r\n
   Ôöé 		Logger::info(\r\n
   Ôöé 			'Post published, triggering sitemap ping',\r\n
   Ôöé 			array(\r\n
   Ôöé 				'post_id' => $post->ID,\r\n
   Ôöé 				'post_type' => $post->post_type,\r\n
   Ôöé 			)\r\n
   Ôöé 		);\r\n
   Ôöé \r\n
   Ôöé 		// Ping search engines (Requirement 7.3)\r\n
   Ôöé 		$this->ping_search_engines();\r\n
   Ôöé 	}\r\n
   Ôöé \r\n
   Ôöé 	/**\r\n
   Ôöé 	 * Ping search engines with sitemap URL\r\n
   Ôöé 	 *\r\n
   Ôöé 	 * Notifies Google and Bing of sitemap updates (Requirements 7.1, 7.6).\r\n
   Ôöé 	 *\r\n
   Ôöé 	 * @return void\r\n
   Ôöé 	 */\r\n
   Ôöé 	private function ping_search_engines(): void {\r\n
   Ôöé 		$sitemap_url = trailingslashit( get_site_url() ) . 'sitemap.xml';\r\n
   Ôöé 		$this->ping->ping( $sitemap_url );\r\n
   Ôöé 	}\r\n
   Ôöé }\r\n
   Ôöé ' contains "'Sitemap cache regenerated'".
   Ôöé
   Ôöé D:\meowseo\tests\modules\sitemap\SitemapLoggingTest.php:52
   Ôöé

 Ô£ÿ Logging includes entry count context [0.30 ms]
   Ôöé
   Ôöé Failed asserting that '<?php\r\n
   Ôöé /**\r\n
   Ôöé  * Sitemap Module\r\n
   Ôöé  *\r\n
   Ôöé  * Handles XML sitemap generation and serving with performance optimization.\r\n
   Ôöé  * Implements lock pattern to prevent cache stampede.\r\n
   Ôöé  *\r\n
   Ôöé  * @package MeowSEO\r\n
   Ôöé  * @since 1.0.0\r\n
   Ôöé  */\r\n
   Ôöé \r\n
   Ôöé namespace MeowSEO\Modules\Sitemap;\r\n
   Ôöé \r\n
   Ôöé use MeowSEO\Contracts\Module;\r\n
   Ôöé use MeowSEO\Helpers\Cache;\r\n
   Ôöé use MeowSEO\Helpers\Logger;\r\n
   Ôöé use MeowSEO\Options;\r\n
   Ôöé \r\n
   Ôöé if ( ! defined( 'ABSPATH' ) ) {\r\n
   Ôöé 	exit;\r\n
   Ôöé }\r\n
   Ôöé \r\n
   Ôöé /**\r\n
   Ôöé  * Sitemap module class\r\n
   Ôöé  *\r\n
   Ôöé  * Intercepts sitemap requests and serves files directly from filesystem.\r\n
   Ôöé  *\r\n
   Ôöé  * @since 1.0.0\r\n
   Ôöé  */\r\n
   Ôöé class Sitemap implements Module {\r\n
   Ôöé \r\n
   Ôöé 	/**\r\n
   Ôöé 	 * Options instance\r\n
   Ôöé 	 *\r\n
   Ôöé 	 * @var Options\r\n
   Ôöé 	 */\r\n
   Ôöé 	private Options $options;\r\n
   Ôöé \r\n
   Ôöé 	/**\r\n
   Ôöé 	 * Sitemap builder instance\r\n
   Ôöé 	 *\r\n
   Ôöé 	 * @var Sitemap_Builder\r\n
   Ôöé 	 */\r\n
   Ôöé 	private Sitemap_Builder $builder;\r\n
   Ôöé \r\n
   Ôöé 	/**\r\n
   Ôöé 	 * Sitemap cache instance\r\n
   Ôöé 	 *\r\n
   Ôöé 	 * @var Sitemap_Cache\r\n
   Ôöé 	 */\r\n
   Ôöé 	private Sitemap_Cache $cache;\r\n
   Ôöé \r\n
   Ôöé 	/**\r\n
   Ôöé 	 * Sitemap ping instance\r\n
   Ôöé 	 *\r\n
   Ôöé 	 * @var Sitemap_Ping\r\n
   Ôöé 	 */\r\n
   Ôöé 	private Sitemap_Ping $ping;\r\n
   Ôöé \r\n
   Ôöé 	/**\r\n
   Ôöé 	 * Constructor\r\n
   Ôöé 	 *\r\n
   Ôöé 	 * @param Options $options Options instance.\r\n
   Ôöé 	 */\r\n
   Ôöé 	public function __construct( Options $options ) {\r\n
   Ôöé 		$this->options = $options;\r\n
   Ôöé 		$this->cache = new Sitemap_Cache();\r\n
   Ôöé 		$this->builder = new Sitemap_Builder( $this->cache, $options );\r\n
   Ôöé 		$this->ping = new Sitemap_Ping();\r\n
   Ôöé 	}\r\n
   Ôöé \r\n
   Ôöé 	/**\r\n
   Ôöé 	 * Boot the module\r\n
   Ôöé 	 *\r\n
   Ôöé 	 * Register hooks for sitemap functionality.\r\n
   Ôöé 	 *\r\n
   Ôöé 	 * @return void\r\n
   Ôöé 	 */\r\n
   Ôöé 	public function boot(): void {\r\n
   Ôöé 		add_action( 'init', array( $this, 'register_rewrite_rule' ) );\r\n
   Ôöé 		add_action( 'template_redirect', array( $this, 'intercept_sitemap_request' ), 1 );\r\n
   Ôöé 		add_action( 'save_post', array( $this, 'invalidate_cache_on_save' ), 10, 2 );\r\n
   Ôöé 		add_action( 'delete_post', array( $this, 'invalidate_cache_on_delete' ), 10, 1 );\r\n
   Ôöé 		add_action( 'created_term', array( $this, 'invalidate_cache_on_term_change' ), 10, 3 );\r\n
   Ôöé 		add_action( 'edited_term', array( $this, 'invalidate_cache_on_term_change' ), 10, 3 );\r\n
   Ôöé 		add_action( 'meowseo_regenerate_sitemaps', array( $this, 'regenerate_all_sitemaps' ) );\r\n
   Ôöé 		add_action( 'transition_post_status', array( $this, 'ping_on_post_publish' ), 10, 3 );\r\n
   Ôöé 		\r\n
   Ôöé 		// Schedule daily regeneration\r\n
   Ôöé 		$this->schedule_daily_regeneration();\r\n
   Ôöé 	}\r\n
   Ôöé \r\n
   Ôöé 	/**\r\n
   Ôöé 	 * Get module ID\r\n
   Ôöé 	 *\r\n
   Ôöé 	 * @return string Module ID.\r\n
   Ôöé 	 */\r\n
   Ôöé 	public function get_id(): string {\r\n
   Ôöé 		return 'sitemap';\r\n
   Ôöé 	}\r\n
   Ôöé \r\n
   Ôöé 	/**\r\n
   Ôöé 	 * Register rewrite rule for sitemap URLs\r\n
   Ôöé 	 *\r\n
   Ôöé 	 * @return void\r\n
   Ôöé 	 */\r\n
   Ôöé 	public function register_rewrite_rule(): void {\r\n
   Ôöé 		// Index sitemap (Requirement 3.1)\r\n
   Ôöé 		add_rewrite_rule(\r\n
   Ôöé 			'^sitemap\.xml$',\r\n
   Ôöé 			'index.php?meowseo_sitemap=index',\r\n
   Ôöé 			'top'\r\n
   Ôöé 		);\r\n
   Ôöé \r\n
   Ôöé 		// Posts sitemap (Requirement 3.2)\r\n
   Ôöé 		add_rewrite_rule(\r\n
   Ôöé 			'^sitemap-posts\.xml$',\r\n
   Ôöé 			'index.php?meowseo_sitemap=posts',\r\n
   Ôöé 			'top'\r\n
   Ôöé 		);\r\n
   Ôöé \r\n
   Ôöé 		// Pages sitemap (Requirement 3.3)\r\n
   Ôöé 		add_rewrite_rule(\r\n
   Ôöé 			'^sitemap-pages\.xml$',\r\n
   Ôöé 			'index.php?meowseo_sitemap=pages',\r\n
   Ôöé 			'top'\r\n
   Ôöé 		);\r\n
   Ôöé \r\n
   Ôöé 		// Custom post type sitemaps (Requirement 3.4)\r\n
   Ôöé 		add_rewrite_rule(\r\n
   Ôöé 			'^sitemap-([^/]+?)\.xml$',\r\n
   Ôöé 			'index.php?meowseo_sitemap=$matches[1]',\r\n
   Ôöé 			'top'\r\n
   Ôöé 		);\r\n
   Ôöé \r\n
   Ôöé 		// Paginated sitemaps\r\n
   Ôöé 		add_rewrite_rule(\r\n
   Ôöé 			'^sitemap-([^/]+?)-([0-9]+)\.xml$',\r\n
   Ôöé 			'index.php?meowseo_sitemap=$matches[1]&meowseo_sitemap_page=$matches[2]',\r\n
   Ôöé 			'top'\r\n
   Ôöé 		);\r\n
   Ôöé \r\n
   Ôöé 		// News sitemap (Requirement 3.1, 3.5)\r\n
   Ôöé 		add_rewrite_rule(\r\n
   Ôöé 			'^sitemap-news\.xml$',\r\n
   Ôöé 			'index.php?meowseo_sitemap=news',\r\n
   Ôöé 			'top'\r\n
   Ôöé 		);\r\n
   Ôöé \r\n
   Ôöé 		// Video sitemap (Requirement 3.6)\r\n
   Ôöé 		add_rewrite_rule(\r\n
   Ôöé 			'^sitemap-video\.xml$',\r\n
   Ôöé 			'index.php?meowseo_sitemap=video',\r\n
   Ôöé 			'top'\r\n
   Ôöé 		);\r\n
   Ôöé \r\n
   Ôöé 		add_rewrite_tag( '%meowseo_sitemap%', '([^&]+)' );\r\n
   Ôöé 		add_rewrite_tag( '%meowseo_sitemap_page%', '([0-9]+)' );\r\n
   Ôöé \r\n
   Ôöé 		// Flush rewrite rules if needed (Requirement 3.9)\r\n
   Ôöé 		if ( ! get_option( 'meowseo_sitemap_rewrite_flushed' ) ) {\r\n
   Ôöé 			flush_rewrite_rules();\r\n
   Ôöé 			update_option( 'meowseo_sitemap_rewrite_flushed', true );\r\n
   Ôöé 		}\r\n
   Ôöé 	}\r\n
   Ôöé \r\n
   Ôöé 	/**\r\n
   Ôöé 	 * Intercept sitemap request\r\n
   Ôöé 	 *\r\n
   Ôöé 	 * Serves sitemap files using Sitemap_Cache get_or_generate() method.\r\n
   Ôöé 	 * Implements lock pattern with stale-while-revalidate (Requirements 3.7, 3.8, 12.7, 14.5).\r\n
   Ôöé 	 *\r\n
   Ôöé 	 * @return void\r\n
   Ôöé 	 */\r\n
   Ôöé 	public function intercept_sitemap_request(): void {\r\n
   Ôöé 		global $wp_query;\r\n
   Ôöé \r\n
   Ôöé 		if ( ! isset( $wp_query->query_vars['meowseo_sitemap'] ) ) {\r\n
   Ôöé 			return;\r\n
   Ôöé 		}\r\n
   Ôöé \r\n
   Ôöé 		$sitemap_type = $wp_query->query_vars['meowseo_sitemap'];\r\n
   Ôöé 		$page = isset( $wp_query->query_vars['meowseo_sitemap_page'] ) ? (int) $wp_query->query_vars['meowseo_sitemap_page'] : 1;\r\n
   Ôöé \r\n
   Ôöé 		// Generate sitemap XML using cache get_or_generate()\r\n
   Ôöé 		$xml_content = $this->generate_sitemap( $sitemap_type, $page );\r\n
   Ôöé \r\n
   Ôöé 		// Set proper headers (Requirements 3.8, 14.5)\r\n
   Ôöé 		status_header( 200 );\r\n
   Ôöé 		header( 'Content-Type: application/xml; charset=utf-8' );\r\n
   Ôöé 		header( 'X-Robots-Tag: noindex, follow' );\r\n
   Ôöé \r\n
   Ôöé 		// Output XML content\r\n
   Ôöé 		echo $xml_content;\r\n
   Ôöé 		exit;\r\n
   Ôöé 	}\r\n
   Ôöé \r\n
   Ôöé 	/**\r\n
   Ôöé 	 * Generate sitemap\r\n
   Ôöé 	 *\r\n
   Ôöé 	 * Routes generation through Sitemap_Builder which uses Sitemap_Cache.\r\n
   Ôöé 	 *\r\n
   Ôöé 	 * @param string $type Sitemap type ('index', post type name, 'news', 'video').\r\n
   Ôöé 	 * @param int    $page Page number for paginated sitemaps.\r\n
   Ôöé 	 * @return string XML content.\r\n
   Ôöé 	 */\r\n
   Ôöé 	private function generate_sitemap( string $type, int $page = 1 ): string {\r\n
   Ôöé 		if ( 'index' === $type ) {\r\n
   Ôöé 			return $this->builder->build_index();\r\n
   Ôöé 		}\r\n
   Ôöé \r\n
   Ôöé 		if ( 'news' === $type ) {\r\n
   Ôöé 			return $this->builder->build_news();\r\n
   Ôöé 		}\r\n
   Ôöé \r\n
   Ôöé 		if ( 'video' === $type ) {\r\n
   Ôöé 			return $this->builder->build_video();\r\n
   Ôöé 		}\r\n
   Ôöé \r\n
   Ôöé 		// Handle 'posts' as 'post' post type\r\n
   Ôöé 		if ( 'posts' === $type ) {\r\n
   Ôöé 			$type = 'post';\r\n
   Ôöé 		}\r\n
   Ôöé \r\n
   Ôöé 		// Handle 'pages' as 'page' post type\r\n
   Ôöé 		if ( 'pages' === $type ) {\r\n
   Ôöé 			$type = 'page';\r\n
   Ôöé 		}\r\n
   Ôöé \r\n
   Ôöé 		return $this->builder->build_posts( $type, $page );\r\n
   Ôöé 	}\r\n
   Ôöé \r\n
   Ôöé 	/**\r\n
   Ôöé 	 * Invalidate cache on post save\r\n
   Ôöé 	 *\r\n
   Ôöé 	 * Uses Sitemap_Cache invalidate() method to delete affected sitemaps.\r\n
   Ôöé 	 * Implements stale-while-revalidate behavior (Requirements 6.1, 6.7).\r\n
   Ôöé 	 *\r\n
   Ôöé 	 * @param int      $post_id Post ID.\r\n
   Ôöé 	 * @param \WP_Post $post    Post object.\r\n
   Ôöé 	 * @return void\r\n
   Ôöé 	 */\r\n
   Ôöé 	public function invalidate_cache_on_save( int $post_id, \WP_Post $post ): void {\r\n
   Ôöé 		// Skip autosaves and revisions\r\n
   Ôöé 		if ( wp_is_post_autosave( $post_id ) || wp_is_post_revision( $post_id ) ) {\r\n
   Ôöé 			return;\r\n
   Ôöé 		}\r\n
   Ôöé \r\n
   Ôöé 		// Only invalidate for published posts\r\n
   Ôöé 		if ( 'publish' !== $post->post_status ) {\r\n
   Ôöé 			return;\r\n
   Ôöé 		}\r\n
   Ôöé \r\n
   Ôöé 		// Invalidate child sitemap for this post type (Requirement 6.1)\r\n
   Ôöé 		$this->cache->invalidate( $post->post_type );\r\n
   Ôöé 		\r\n
   Ôöé 		// Also invalidate paginated sitemaps\r\n
   Ôöé 		$this->invalidate_paginated_sitemaps( $post->post_type );\r\n
   Ôöé \r\n
   Ôöé 		// Invalidate index sitemap\r\n
   Ôöé 		$this->cache->invalidate( 'index' );\r\n
   Ôöé \r\n
   Ôöé 		// Invalidate news sitemap if this is a recent post\r\n
   Ôöé 		if ( 'post' === $post->post_type ) {\r\n
   Ôöé 			$post_age = time() - strtotime( $post->post_date_gmt );\r\n
   Ôöé 			if ( $post_age < 172800 ) { // 48 hours\r\n
   Ôöé 				$this->cache->invalidate( 'news' );\r\n
   Ôöé 			}\r\n
   Ôöé 		}\r\n
   Ôöé \r\n
   Ôöé 		Logger::info(\r\n
   Ôöé 			'Sitemap cache invalidated on post save',\r\n
   Ôöé 			array(\r\n
   Ôöé 				'post_id' => $post_id,\r\n
   Ôöé 				'post_type' => $post->post_type,\r\n
   Ôöé 			)\r\n
   Ôöé 		);\r\n
   Ôöé 	}\r\n
   Ôöé \r\n
   Ôöé 	/**\r\n
   Ôöé 	 * Invalidate cache on post delete\r\n
   Ôöé 	 *\r\n
   Ôöé 	 * Uses Sitemap_Cache invalidate() method to delete affected sitemaps\r\n
   Ôöé 	 * (Requirement 6.2).\r\n
   Ôöé 	 *\r\n
   Ôöé 	 * @param int $post_id Post ID.\r\n
   Ôöé 	 * @return void\r\n
   Ôöé 	 */\r\n
   Ôöé 	public function invalidate_cache_on_delete( int $post_id ): void {\r\n
   Ôöé 		$post = get_post( $post_id );\r\n
   Ôöé \r\n
   Ôöé 		if ( ! $post ) {\r\n
   Ôöé 			return;\r\n
   Ôöé 		}\r\n
   Ôöé \r\n
   Ôöé 		// Invalidate child sitemap for this post type (Requirement 6.2)\r\n
   Ôöé 		$this->cache->invalidate( $post->post_type );\r\n
   Ôöé 		\r\n
   Ôöé 		// Also invalidate paginated sitemaps\r\n
   Ôöé 		$this->invalidate_paginated_sitemaps( $post->post_type );\r\n
   Ôöé \r\n
   Ôöé 		// Invalidate index sitemap\r\n
   Ôöé 		$this->cache->invalidate( 'index' );\r\n
   Ôöé \r\n
   Ôöé 		// Invalidate news sitemap if this was a post\r\n
   Ôöé 		if ( 'post' === $post->post_type ) {\r\n
   Ôöé 			$this->cache->invalidate( 'news' );\r\n
   Ôöé 		}\r\n
   Ôöé \r\n
   Ôöé 		Logger::info(\r\n
   Ôöé 			'Sitemap cache invalidated on post delete',\r\n
   Ôöé 			array(\r\n
   Ôöé 				'post_id' => $post_id,\r\n
   Ôöé 				'post_type' => $post->post_type,\r\n
   Ôöé 			)\r\n
   Ôöé 		);\r\n
   Ôöé 	}\r\n
   Ôöé \r\n
   Ôöé 	/**\r\n
   Ôöé 	 * Invalidate cache on term change\r\n
   Ôöé 	 *\r\n
   Ôöé 	 * Uses Sitemap_Cache invalidate() method to delete affected sitemaps\r\n
   Ôöé 	 * (Requirements 6.3, 6.4).\r\n
   Ôöé 	 *\r\n
   Ôöé 	 * @param int    $term_id  Term ID.\r\n
   Ôöé 	 * @param int    $tt_id    Term taxonomy ID.\r\n
   Ôöé 	 * @param string $taxonomy Taxonomy slug.\r\n
   Ôöé 	 * @return void\r\n
   Ôöé 	 */\r\n
   Ôöé 	public function invalidate_cache_on_term_change( int $term_id, int $tt_id, string $taxonomy ): void {\r\n
   Ôöé 		// Get post types associated with this taxonomy\r\n
   Ôöé 		$taxonomy_obj = get_taxonomy( $taxonomy );\r\n
   Ôöé \r\n
   Ôöé 		if ( ! $taxonomy_obj || empty( $taxonomy_obj->object_type ) ) {\r\n
   Ôöé 			return;\r\n
   Ôöé 		}\r\n
   Ôöé \r\n
   Ôöé 		// Invalidate sitemaps for all post types using this taxonomy\r\n
   Ôöé 		foreach ( $taxonomy_obj->object_type as $post_type ) {\r\n
   Ôöé 			$this->cache->invalidate( $post_type );\r\n
   Ôöé 			$this->invalidate_paginated_sitemaps( $post_type );\r\n
   Ôöé 		}\r\n
   Ôöé \r\n
   Ôöé 		// Invalidate index sitemap\r\n
   Ôöé 		$this->cache->invalidate( 'index' );\r\n
   Ôöé \r\n
   Ôöé 		Logger::info(\r\n
   Ôöé 			'Sitemap cache invalidated on term change',\r\n
   Ôöé 			array(\r\n
   Ôöé 				'term_id' => $term_id,\r\n
   Ôöé 				'taxonomy' => $taxonomy,\r\n
   Ôöé 				'affected_post_types' => $taxonomy_obj->object_type,\r\n
   Ôöé 			)\r\n
   Ôöé 		);\r\n
   Ôöé 	}\r\n
   Ôöé \r\n
   Ôöé 	/**\r\n
   Ôöé 	 * Invalidate paginated sitemaps for a post type\r\n
   Ôöé 	 *\r\n
   Ôöé 	 * Deletes all paginated sitemap files for a given post type.\r\n
   Ôöé 	 *\r\n
   Ôöé 	 * @param string $post_type Post type name.\r\n
   Ôöé 	 * @return void\r\n
   Ôöé 	 */\r\n
   Ôöé 	private function invalidate_paginated_sitemaps( string $post_type ): void {\r\n
   Ôöé 		// Invalidate up to 100 pages (should be more than enough)\r\n
   Ôöé 		for ( $page = 2; $page <= 100; $page++ ) {\r\n
   Ôöé 			$cache_name = $post_type . '-' . $page;\r\n
   Ôöé 			$this->cache->invalidate( $cache_name );\r\n
   Ôöé 		}\r\n
   Ôöé 	}\r\n
   Ôöé \r\n
   Ôöé 	/**\r\n
   Ôöé 	 * Get public post types for sitemap\r\n
   Ôöé 	 *\r\n
   Ôöé 	 * @return array Array of post type names.\r\n
   Ôöé 	 */\r\n
   Ôöé 	private function get_public_post_types(): array {\r\n
   Ôöé 		$post_types = get_post_types(\r\n
   Ôöé 			array(\r\n
   Ôöé 				'public' => true,\r\n
   Ôöé 			),\r\n
   Ôöé 			'names'\r\n
   Ôöé 		);\r\n
   Ôöé \r\n
   Ôöé 		// Exclude attachment post type\r\n
   Ôöé 		unset( $post_types['attachment'] );\r\n
   Ôöé \r\n
   Ôöé 		return array_values( $post_types );\r\n
   Ôöé 	}\r\n
   Ôöé \r\n
   Ôöé 	/**\r\n
   Ôöé 	 * Regenerate all sitemaps\r\n
   Ôöé 	 *\r\n
   Ôöé 	 * Pre-generates all sitemaps to ensure fresh cache.\r\n
   Ôöé 	 * Called by WP-Cron daily event (Requirements 6.5, 6.6).\r\n
   Ôöé 	 * Pings search engines after regeneration (Requirement 7.2).\r\n
   Ôöé 	 *\r\n
   Ôöé 	 * @return void\r\n
   Ôöé 	 */\r\n
   Ôöé 	public function regenerate_all_sitemaps(): void {\r\n
   Ôöé 		Logger::info( 'Starting scheduled sitemap regeneration' );\r\n
   Ôöé \r\n
   Ôöé 		$post_types = $this->get_public_post_types();\r\n
   Ôöé \r\n
   Ôöé 		// Regenerate index sitemap\r\n
   Ôöé 		$this->builder->build_index();\r\n
   Ôöé 		Logger::info( 'Regenerated index sitemap' );\r\n
   Ôöé \r\n
   Ôöé 		// Regenerate sitemaps for each post type\r\n
   Ôöé 		foreach ( $post_types as $post_type ) {\r\n
   Ôöé 			// Get post count to determine number of pages\r\n
   Ôöé 			$count = $this->get_post_count( $post_type );\r\n
   Ôöé \r\n
   Ôöé 			if ( $count === 0 ) {\r\n
   Ôöé 				continue;\r\n
   Ôöé 			}\r\n
   Ôöé \r\n
   Ôöé 			$pages = (int) ceil( $count / 1000 ); // 1000 URLs per sitemap\r\n
   Ôöé \r\n
   Ôöé 			// Regenerate all pages for this post type\r\n
   Ôöé 			for ( $page = 1; $page <= $pages; $page++ ) {\r\n
   Ôöé 				$this->builder->build_posts( $post_type, $page );\r\n
   Ôöé 			}\r\n
   Ôöé \r\n
   Ôöé 			Logger::info(\r\n
   Ôöé 				'Regenerated sitemap for post type',\r\n
   Ôöé 				array(\r\n
   Ôöé 					'post_type' => $post_type,\r\n
   Ôöé 					'pages' => $pages,\r\n
   Ôöé 					'total_posts' => $count,\r\n
   Ôöé 				)\r\n
   Ôöé 			);\r\n
   Ôöé 		}\r\n
   Ôöé \r\n
   Ôöé 		// Regenerate news sitemap\r\n
   Ôöé 		$this->builder->build_news();\r\n
   Ôöé 		Logger::info( 'Regenerated news sitemap' );\r\n
   Ôöé \r\n
   Ôöé 		// Regenerate video sitemap\r\n
   Ôöé 		$this->builder->build_video();\r\n
   Ôöé 		Logger::info( 'Regenerated video sitemap' );\r\n
   Ôöé \r\n
   Ôöé 		Logger::info( 'Completed scheduled sitemap regeneration' );\r\n
   Ôöé \r\n
   Ôöé 		// Ping search engines after regeneration (Requirement 7.2)\r\n
   Ôöé 		$this->ping_search_engines();\r\n
   Ôöé 	}\r\n
   Ôöé \r\n
   Ôöé 	/**\r\n
   Ôöé 	 * Get post count for a post type\r\n
   Ôöé 	 *\r\n
   Ôöé 	 * Counts only published posts that are not marked as noindex.\r\n
   Ôöé 	 *\r\n
   Ôöé 	 * @param string $post_type Post type name.\r\n
   Ôöé 	 * @return int Post count.\r\n
   Ôöé 	 */\r\n
   Ôöé 	private function get_post_count( string $post_type ): int {\r\n
   Ôöé 		global $wpdb;\r\n
   Ôöé \r\n
   Ôöé 		// phpcs:ignore WordPress.DB.DirectDatabaseQuery.DirectQuery, WordPress.DB.DirectDatabaseQuery.NoCaching\r\n
   Ôöé 		$count = $wpdb->get_var(\r\n
   Ôöé 			$wpdb->prepare(\r\n
   Ôöé 				"SELECT COUNT(DISTINCT p.ID)\r\n
   Ôöé 				FROM {$wpdb->posts} p\r\n
   Ôöé 				LEFT JOIN {$wpdb->postmeta} pm \r\n
   Ôöé 					ON p.ID = pm.post_id \r\n
   Ôöé 					AND pm.meta_key = '_meowseo_noindex'\r\n
   Ôöé 				WHERE p.post_type = %s\r\n
   Ôöé 				AND p.post_status = 'publish'\r\n
   Ôöé 				AND (pm.meta_value IS NULL OR pm.meta_value != '1')",\r\n
   Ôöé 				$post_type\r\n
   Ôöé 			)\r\n
   Ôöé 		);\r\n
   Ôöé \r\n
   Ôöé 		return (int) $count;\r\n
   Ôöé 	}\r\n
   Ôöé \r\n
   Ôöé 	/**\r\n
   Ôöé 	 * Schedule daily sitemap regeneration\r\n
   Ôöé 	 *\r\n
   Ôöé 	 * Registers WP-Cron event for daily sitemap pre-generation.\r\n
   Ôöé 	 *\r\n
   Ôöé 	 * @return void\r\n
   Ôöé 	 */\r\n
   Ôöé 	public function schedule_daily_regeneration(): void {\r\n
   Ôöé 		if ( ! wp_next_scheduled( 'meowseo_regenerate_sitemaps' ) ) {\r\n
   Ôöé 			wp_schedule_event( time(), 'daily', 'meowseo_regenerate_sitemaps' );\r\n
   Ôöé 			Logger::info( 'Scheduled daily sitemap regeneration' );\r\n
   Ôöé 		}\r\n
   Ôöé 	}\r\n
   Ôöé \r\n
   Ôöé 	/**\r\n
   Ôöé 	 * Ping search engines on post publish\r\n
   Ôöé 	 *\r\n
   Ôöé 	 * Hooks into transition_post_status to ping when a post is published (Requirement 7.3).\r\n
   Ôöé 	 *\r\n
   Ôöé 	 * @param string   $new_status New post status.\r\n
   Ôöé 	 * @param string   $old_status Old post status.\r\n
   Ôöé 	 * @param \WP_Post $post       Post object.\r\n
   Ôöé 	 * @return void\r\n
   Ôöé 	 */\r\n
   Ôöé 	public function ping_on_post_publish( string $new_status, string $old_status, \WP_Post $post ): void {\r\n
   Ôöé 		// Only ping when transitioning to publish status (Requirement 7.3)\r\n
   Ôöé 		if ( 'publish' !== $new_status || 'publish' === $old_status ) {\r\n
   Ôöé 			return;\r\n
   Ôöé 		}\r\n
   Ôöé \r\n
   Ôöé 		// Skip autosaves and revisions\r\n
   Ôöé 		if ( wp_is_post_autosave( $post->ID ) || wp_is_post_revision( $post->ID ) ) {\r\n
   Ôöé 			return;\r\n
   Ôöé 		}\r\n
   Ôöé \r\n
   Ôöé 		Logger::info(\r\n
   Ôöé 			'Post published, triggering sitemap ping',\r\n
   Ôöé 			array(\r\n
   Ôöé 				'post_id' => $post->ID,\r\n
   Ôöé 				'post_type' => $post->post_type,\r\n
   Ôöé 			)\r\n
   Ôöé 		);\r\n
   Ôöé \r\n
   Ôöé 		// Ping search engines (Requirement 7.3)\r\n
   Ôöé 		$this->ping_search_engines();\r\n
   Ôöé 	}\r\n
   Ôöé \r\n
   Ôöé 	/**\r\n
   Ôöé 	 * Ping search engines with sitemap URL\r\n
   Ôöé 	 *\r\n
   Ôöé 	 * Notifies Google and Bing of sitemap updates (Requirements 7.1, 7.6).\r\n
   Ôöé 	 *\r\n
   Ôöé 	 * @return void\r\n
   Ôöé 	 */\r\n
   Ôöé 	private function ping_search_engines(): void {\r\n
   Ôöé 		$sitemap_url = trailingslashit( get_site_url() ) . 'sitemap.xml';\r\n
   Ôöé 		$this->ping->ping( $sitemap_url );\r\n
   Ôöé 	}\r\n
   Ôöé }\r\n
   Ôöé ' contains "'entry_count'".
   Ôöé
   Ôöé D:\meowseo\tests\modules\sitemap\SitemapLoggingTest.php:77
   Ôöé

 Ô£ÿ Logging includes error message context [0.33 ms]
   Ôöé
   Ôöé Failed asserting that '<?php\r\n
   Ôöé /**\r\n
   Ôöé  * Sitemap Module\r\n
   Ôöé  *\r\n
   Ôöé  * Handles XML sitemap generation and serving with performance optimization.\r\n
   Ôöé  * Implements lock pattern to prevent cache stampede.\r\n
   Ôöé  *\r\n
   Ôöé  * @package MeowSEO\r\n
   Ôöé  * @since 1.0.0\r\n
   Ôöé  */\r\n
   Ôöé \r\n
   Ôöé namespace MeowSEO\Modules\Sitemap;\r\n
   Ôöé \r\n
   Ôöé use MeowSEO\Contracts\Module;\r\n
   Ôöé use MeowSEO\Helpers\Cache;\r\n
   Ôöé use MeowSEO\Helpers\Logger;\r\n
   Ôöé use MeowSEO\Options;\r\n
   Ôöé \r\n
   Ôöé if ( ! defined( 'ABSPATH' ) ) {\r\n
   Ôöé 	exit;\r\n
   Ôöé }\r\n
   Ôöé \r\n
   Ôöé /**\r\n
   Ôöé  * Sitemap module class\r\n
   Ôöé  *\r\n
   Ôöé  * Intercepts sitemap requests and serves files directly from filesystem.\r\n
   Ôöé  *\r\n
   Ôöé  * @since 1.0.0\r\n
   Ôöé  */\r\n
   Ôöé class Sitemap implements Module {\r\n
   Ôöé \r\n
   Ôöé 	/**\r\n
   Ôöé 	 * Options instance\r\n
   Ôöé 	 *\r\n
   Ôöé 	 * @var Options\r\n
   Ôöé 	 */\r\n
   Ôöé 	private Options $options;\r\n
   Ôöé \r\n
   Ôöé 	/**\r\n
   Ôöé 	 * Sitemap builder instance\r\n
   Ôöé 	 *\r\n
   Ôöé 	 * @var Sitemap_Builder\r\n
   Ôöé 	 */\r\n
   Ôöé 	private Sitemap_Builder $builder;\r\n
   Ôöé \r\n
   Ôöé 	/**\r\n
   Ôöé 	 * Sitemap cache instance\r\n
   Ôöé 	 *\r\n
   Ôöé 	 * @var Sitemap_Cache\r\n
   Ôöé 	 */\r\n
   Ôöé 	private Sitemap_Cache $cache;\r\n
   Ôöé \r\n
   Ôöé 	/**\r\n
   Ôöé 	 * Sitemap ping instance\r\n
   Ôöé 	 *\r\n
   Ôöé 	 * @var Sitemap_Ping\r\n
   Ôöé 	 */\r\n
   Ôöé 	private Sitemap_Ping $ping;\r\n
   Ôöé \r\n
   Ôöé 	/**\r\n
   Ôöé 	 * Constructor\r\n
   Ôöé 	 *\r\n
   Ôöé 	 * @param Options $options Options instance.\r\n
   Ôöé 	 */\r\n
   Ôöé 	public function __construct( Options $options ) {\r\n
   Ôöé 		$this->options = $options;\r\n
   Ôöé 		$this->cache = new Sitemap_Cache();\r\n
   Ôöé 		$this->builder = new Sitemap_Builder( $this->cache, $options );\r\n
   Ôöé 		$this->ping = new Sitemap_Ping();\r\n
   Ôöé 	}\r\n
   Ôöé \r\n
   Ôöé 	/**\r\n
   Ôöé 	 * Boot the module\r\n
   Ôöé 	 *\r\n
   Ôöé 	 * Register hooks for sitemap functionality.\r\n
   Ôöé 	 *\r\n
   Ôöé 	 * @return void\r\n
   Ôöé 	 */\r\n
   Ôöé 	public function boot(): void {\r\n
   Ôöé 		add_action( 'init', array( $this, 'register_rewrite_rule' ) );\r\n
   Ôöé 		add_action( 'template_redirect', array( $this, 'intercept_sitemap_request' ), 1 );\r\n
   Ôöé 		add_action( 'save_post', array( $this, 'invalidate_cache_on_save' ), 10, 2 );\r\n
   Ôöé 		add_action( 'delete_post', array( $this, 'invalidate_cache_on_delete' ), 10, 1 );\r\n
   Ôöé 		add_action( 'created_term', array( $this, 'invalidate_cache_on_term_change' ), 10, 3 );\r\n
   Ôöé 		add_action( 'edited_term', array( $this, 'invalidate_cache_on_term_change' ), 10, 3 );\r\n
   Ôöé 		add_action( 'meowseo_regenerate_sitemaps', array( $this, 'regenerate_all_sitemaps' ) );\r\n
   Ôöé 		add_action( 'transition_post_status', array( $this, 'ping_on_post_publish' ), 10, 3 );\r\n
   Ôöé 		\r\n
   Ôöé 		// Schedule daily regeneration\r\n
   Ôöé 		$this->schedule_daily_regeneration();\r\n
   Ôöé 	}\r\n
   Ôöé \r\n
   Ôöé 	/**\r\n
   Ôöé 	 * Get module ID\r\n
   Ôöé 	 *\r\n
   Ôöé 	 * @return string Module ID.\r\n
   Ôöé 	 */\r\n
   Ôöé 	public function get_id(): string {\r\n
   Ôöé 		return 'sitemap';\r\n
   Ôöé 	}\r\n
   Ôöé \r\n
   Ôöé 	/**\r\n
   Ôöé 	 * Register rewrite rule for sitemap URLs\r\n
   Ôöé 	 *\r\n
   Ôöé 	 * @return void\r\n
   Ôöé 	 */\r\n
   Ôöé 	public function register_rewrite_rule(): void {\r\n
   Ôöé 		// Index sitemap (Requirement 3.1)\r\n
   Ôöé 		add_rewrite_rule(\r\n
   Ôöé 			'^sitemap\.xml$',\r\n
   Ôöé 			'index.php?meowseo_sitemap=index',\r\n
   Ôöé 			'top'\r\n
   Ôöé 		);\r\n
   Ôöé \r\n
   Ôöé 		// Posts sitemap (Requirement 3.2)\r\n
   Ôöé 		add_rewrite_rule(\r\n
   Ôöé 			'^sitemap-posts\.xml$',\r\n
   Ôöé 			'index.php?meowseo_sitemap=posts',\r\n
   Ôöé 			'top'\r\n
   Ôöé 		);\r\n
   Ôöé \r\n
   Ôöé 		// Pages sitemap (Requirement 3.3)\r\n
   Ôöé 		add_rewrite_rule(\r\n
   Ôöé 			'^sitemap-pages\.xml$',\r\n
   Ôöé 			'index.php?meowseo_sitemap=pages',\r\n
   Ôöé 			'top'\r\n
   Ôöé 		);\r\n
   Ôöé \r\n
   Ôöé 		// Custom post type sitemaps (Requirement 3.4)\r\n
   Ôöé 		add_rewrite_rule(\r\n
   Ôöé 			'^sitemap-([^/]+?)\.xml$',\r\n
   Ôöé 			'index.php?meowseo_sitemap=$matches[1]',\r\n
   Ôöé 			'top'\r\n
   Ôöé 		);\r\n
   Ôöé \r\n
   Ôöé 		// Paginated sitemaps\r\n
   Ôöé 		add_rewrite_rule(\r\n
   Ôöé 			'^sitemap-([^/]+?)-([0-9]+)\.xml$',\r\n
   Ôöé 			'index.php?meowseo_sitemap=$matches[1]&meowseo_sitemap_page=$matches[2]',\r\n
   Ôöé 			'top'\r\n
   Ôöé 		);\r\n
   Ôöé \r\n
   Ôöé 		// News sitemap (Requirement 3.1, 3.5)\r\n
   Ôöé 		add_rewrite_rule(\r\n
   Ôöé 			'^sitemap-news\.xml$',\r\n
   Ôöé 			'index.php?meowseo_sitemap=news',\r\n
   Ôöé 			'top'\r\n
   Ôöé 		);\r\n
   Ôöé \r\n
   Ôöé 		// Video sitemap (Requirement 3.6)\r\n
   Ôöé 		add_rewrite_rule(\r\n
   Ôöé 			'^sitemap-video\.xml$',\r\n
   Ôöé 			'index.php?meowseo_sitemap=video',\r\n
   Ôöé 			'top'\r\n
   Ôöé 		);\r\n
   Ôöé \r\n
   Ôöé 		add_rewrite_tag( '%meowseo_sitemap%', '([^&]+)' );\r\n
   Ôöé 		add_rewrite_tag( '%meowseo_sitemap_page%', '([0-9]+)' );\r\n
   Ôöé \r\n
   Ôöé 		// Flush rewrite rules if needed (Requirement 3.9)\r\n
   Ôöé 		if ( ! get_option( 'meowseo_sitemap_rewrite_flushed' ) ) {\r\n
   Ôöé 			flush_rewrite_rules();\r\n
   Ôöé 			update_option( 'meowseo_sitemap_rewrite_flushed', true );\r\n
   Ôöé 		}\r\n
   Ôöé 	}\r\n
   Ôöé \r\n
   Ôöé 	/**\r\n
   Ôöé 	 * Intercept sitemap request\r\n
   Ôöé 	 *\r\n
   Ôöé 	 * Serves sitemap files using Sitemap_Cache get_or_generate() method.\r\n
   Ôöé 	 * Implements lock pattern with stale-while-revalidate (Requirements 3.7, 3.8, 12.7, 14.5).\r\n
   Ôöé 	 *\r\n
   Ôöé 	 * @return void\r\n
   Ôöé 	 */\r\n
   Ôöé 	public function intercept_sitemap_request(): void {\r\n
   Ôöé 		global $wp_query;\r\n
   Ôöé \r\n
   Ôöé 		if ( ! isset( $wp_query->query_vars['meowseo_sitemap'] ) ) {\r\n
   Ôöé 			return;\r\n
   Ôöé 		}\r\n
   Ôöé \r\n
   Ôöé 		$sitemap_type = $wp_query->query_vars['meowseo_sitemap'];\r\n
   Ôöé 		$page = isset( $wp_query->query_vars['meowseo_sitemap_page'] ) ? (int) $wp_query->query_vars['meowseo_sitemap_page'] : 1;\r\n
   Ôöé \r\n
   Ôöé 		// Generate sitemap XML using cache get_or_generate()\r\n
   Ôöé 		$xml_content = $this->generate_sitemap( $sitemap_type, $page );\r\n
   Ôöé \r\n
   Ôöé 		// Set proper headers (Requirements 3.8, 14.5)\r\n
   Ôöé 		status_header( 200 );\r\n
   Ôöé 		header( 'Content-Type: application/xml; charset=utf-8' );\r\n
   Ôöé 		header( 'X-Robots-Tag: noindex, follow' );\r\n
   Ôöé \r\n
   Ôöé 		// Output XML content\r\n
   Ôöé 		echo $xml_content;\r\n
   Ôöé 		exit;\r\n
   Ôöé 	}\r\n
   Ôöé \r\n
   Ôöé 	/**\r\n
   Ôöé 	 * Generate sitemap\r\n
   Ôöé 	 *\r\n
   Ôöé 	 * Routes generation through Sitemap_Builder which uses Sitemap_Cache.\r\n
   Ôöé 	 *\r\n
   Ôöé 	 * @param string $type Sitemap type ('index', post type name, 'news', 'video').\r\n
   Ôöé 	 * @param int    $page Page number for paginated sitemaps.\r\n
   Ôöé 	 * @return string XML content.\r\n
   Ôöé 	 */\r\n
   Ôöé 	private function generate_sitemap( string $type, int $page = 1 ): string {\r\n
   Ôöé 		if ( 'index' === $type ) {\r\n
   Ôöé 			return $this->builder->build_index();\r\n
   Ôöé 		}\r\n
   Ôöé \r\n
   Ôöé 		if ( 'news' === $type ) {\r\n
   Ôöé 			return $this->builder->build_news();\r\n
   Ôöé 		}\r\n
   Ôöé \r\n
   Ôöé 		if ( 'video' === $type ) {\r\n
   Ôöé 			return $this->builder->build_video();\r\n
   Ôöé 		}\r\n
   Ôöé \r\n
   Ôöé 		// Handle 'posts' as 'post' post type\r\n
   Ôöé 		if ( 'posts' === $type ) {\r\n
   Ôöé 			$type = 'post';\r\n
   Ôöé 		}\r\n
   Ôöé \r\n
   Ôöé 		// Handle 'pages' as 'page' post type\r\n
   Ôöé 		if ( 'pages' === $type ) {\r\n
   Ôöé 			$type = 'page';\r\n
   Ôöé 		}\r\n
   Ôöé \r\n
   Ôöé 		return $this->builder->build_posts( $type, $page );\r\n
   Ôöé 	}\r\n
   Ôöé \r\n
   Ôöé 	/**\r\n
   Ôöé 	 * Invalidate cache on post save\r\n
   Ôöé 	 *\r\n
   Ôöé 	 * Uses Sitemap_Cache invalidate() method to delete affected sitemaps.\r\n
   Ôöé 	 * Implements stale-while-revalidate behavior (Requirements 6.1, 6.7).\r\n
   Ôöé 	 *\r\n
   Ôöé 	 * @param int      $post_id Post ID.\r\n
   Ôöé 	 * @param \WP_Post $post    Post object.\r\n
   Ôöé 	 * @return void\r\n
   Ôöé 	 */\r\n
   Ôöé 	public function invalidate_cache_on_save( int $post_id, \WP_Post $post ): void {\r\n
   Ôöé 		// Skip autosaves and revisions\r\n
   Ôöé 		if ( wp_is_post_autosave( $post_id ) || wp_is_post_revision( $post_id ) ) {\r\n
   Ôöé 			return;\r\n
   Ôöé 		}\r\n
   Ôöé \r\n
   Ôöé 		// Only invalidate for published posts\r\n
   Ôöé 		if ( 'publish' !== $post->post_status ) {\r\n
   Ôöé 			return;\r\n
   Ôöé 		}\r\n
   Ôöé \r\n
   Ôöé 		// Invalidate child sitemap for this post type (Requirement 6.1)\r\n
   Ôöé 		$this->cache->invalidate( $post->post_type );\r\n
   Ôöé 		\r\n
   Ôöé 		// Also invalidate paginated sitemaps\r\n
   Ôöé 		$this->invalidate_paginated_sitemaps( $post->post_type );\r\n
   Ôöé \r\n
   Ôöé 		// Invalidate index sitemap\r\n
   Ôöé 		$this->cache->invalidate( 'index' );\r\n
   Ôöé \r\n
   Ôöé 		// Invalidate news sitemap if this is a recent post\r\n
   Ôöé 		if ( 'post' === $post->post_type ) {\r\n
   Ôöé 			$post_age = time() - strtotime( $post->post_date_gmt );\r\n
   Ôöé 			if ( $post_age < 172800 ) { // 48 hours\r\n
   Ôöé 				$this->cache->invalidate( 'news' );\r\n
   Ôöé 			}\r\n
   Ôöé 		}\r\n
   Ôöé \r\n
   Ôöé 		Logger::info(\r\n
   Ôöé 			'Sitemap cache invalidated on post save',\r\n
   Ôöé 			array(\r\n
   Ôöé 				'post_id' => $post_id,\r\n
   Ôöé 				'post_type' => $post->post_type,\r\n
   Ôöé 			)\r\n
   Ôöé 		);\r\n
   Ôöé 	}\r\n
   Ôöé \r\n
   Ôöé 	/**\r\n
   Ôöé 	 * Invalidate cache on post delete\r\n
   Ôöé 	 *\r\n
   Ôöé 	 * Uses Sitemap_Cache invalidate() method to delete affected sitemaps\r\n
   Ôöé 	 * (Requirement 6.2).\r\n
   Ôöé 	 *\r\n
   Ôöé 	 * @param int $post_id Post ID.\r\n
   Ôöé 	 * @return void\r\n
   Ôöé 	 */\r\n
   Ôöé 	public function invalidate_cache_on_delete( int $post_id ): void {\r\n
   Ôöé 		$post = get_post( $post_id );\r\n
   Ôöé \r\n
   Ôöé 		if ( ! $post ) {\r\n
   Ôöé 			return;\r\n
   Ôöé 		}\r\n
   Ôöé \r\n
   Ôöé 		// Invalidate child sitemap for this post type (Requirement 6.2)\r\n
   Ôöé 		$this->cache->invalidate( $post->post_type );\r\n
   Ôöé 		\r\n
   Ôöé 		// Also invalidate paginated sitemaps\r\n
   Ôöé 		$this->invalidate_paginated_sitemaps( $post->post_type );\r\n
   Ôöé \r\n
   Ôöé 		// Invalidate index sitemap\r\n
   Ôöé 		$this->cache->invalidate( 'index' );\r\n
   Ôöé \r\n
   Ôöé 		// Invalidate news sitemap if this was a post\r\n
   Ôöé 		if ( 'post' === $post->post_type ) {\r\n
   Ôöé 			$this->cache->invalidate( 'news' );\r\n
   Ôöé 		}\r\n
   Ôöé \r\n
   Ôöé 		Logger::info(\r\n
   Ôöé 			'Sitemap cache invalidated on post delete',\r\n
   Ôöé 			array(\r\n
   Ôöé 				'post_id' => $post_id,\r\n
   Ôöé 				'post_type' => $post->post_type,\r\n
   Ôöé 			)\r\n
   Ôöé 		);\r\n
   Ôöé 	}\r\n
   Ôöé \r\n
   Ôöé 	/**\r\n
   Ôöé 	 * Invalidate cache on term change\r\n
   Ôöé 	 *\r\n
   Ôöé 	 * Uses Sitemap_Cache invalidate() method to delete affected sitemaps\r\n
   Ôöé 	 * (Requirements 6.3, 6.4).\r\n
   Ôöé 	 *\r\n
   Ôöé 	 * @param int    $term_id  Term ID.\r\n
   Ôöé 	 * @param int    $tt_id    Term taxonomy ID.\r\n
   Ôöé 	 * @param string $taxonomy Taxonomy slug.\r\n
   Ôöé 	 * @return void\r\n
   Ôöé 	 */\r\n
   Ôöé 	public function invalidate_cache_on_term_change( int $term_id, int $tt_id, string $taxonomy ): void {\r\n
   Ôöé 		// Get post types associated with this taxonomy\r\n
   Ôöé 		$taxonomy_obj = get_taxonomy( $taxonomy );\r\n
   Ôöé \r\n
   Ôöé 		if ( ! $taxonomy_obj || empty( $taxonomy_obj->object_type ) ) {\r\n
   Ôöé 			return;\r\n
   Ôöé 		}\r\n
   Ôöé \r\n
   Ôöé 		// Invalidate sitemaps for all post types using this taxonomy\r\n
   Ôöé 		foreach ( $taxonomy_obj->object_type as $post_type ) {\r\n
   Ôöé 			$this->cache->invalidate( $post_type );\r\n
   Ôöé 			$this->invalidate_paginated_sitemaps( $post_type );\r\n
   Ôöé 		}\r\n
   Ôöé \r\n
   Ôöé 		// Invalidate index sitemap\r\n
   Ôöé 		$this->cache->invalidate( 'index' );\r\n
   Ôöé \r\n
   Ôöé 		Logger::info(\r\n
   Ôöé 			'Sitemap cache invalidated on term change',\r\n
   Ôöé 			array(\r\n
   Ôöé 				'term_id' => $term_id,\r\n
   Ôöé 				'taxonomy' => $taxonomy,\r\n
   Ôöé 				'affected_post_types' => $taxonomy_obj->object_type,\r\n
   Ôöé 			)\r\n
   Ôöé 		);\r\n
   Ôöé 	}\r\n
   Ôöé \r\n
   Ôöé 	/**\r\n
   Ôöé 	 * Invalidate paginated sitemaps for a post type\r\n
   Ôöé 	 *\r\n
   Ôöé 	 * Deletes all paginated sitemap files for a given post type.\r\n
   Ôöé 	 *\r\n
   Ôöé 	 * @param string $post_type Post type name.\r\n
   Ôöé 	 * @return void\r\n
   Ôöé 	 */\r\n
   Ôöé 	private function invalidate_paginated_sitemaps( string $post_type ): void {\r\n
   Ôöé 		// Invalidate up to 100 pages (should be more than enough)\r\n
   Ôöé 		for ( $page = 2; $page <= 100; $page++ ) {\r\n
   Ôöé 			$cache_name = $post_type . '-' . $page;\r\n
   Ôöé 			$this->cache->invalidate( $cache_name );\r\n
   Ôöé 		}\r\n
   Ôöé 	}\r\n
   Ôöé \r\n
   Ôöé 	/**\r\n
   Ôöé 	 * Get public post types for sitemap\r\n
   Ôöé 	 *\r\n
   Ôöé 	 * @return array Array of post type names.\r\n
   Ôöé 	 */\r\n
   Ôöé 	private function get_public_post_types(): array {\r\n
   Ôöé 		$post_types = get_post_types(\r\n
   Ôöé 			array(\r\n
   Ôöé 				'public' => true,\r\n
   Ôöé 			),\r\n
   Ôöé 			'names'\r\n
   Ôöé 		);\r\n
   Ôöé \r\n
   Ôöé 		// Exclude attachment post type\r\n
   Ôöé 		unset( $post_types['attachment'] );\r\n
   Ôöé \r\n
   Ôöé 		return array_values( $post_types );\r\n
   Ôöé 	}\r\n
   Ôöé \r\n
   Ôöé 	/**\r\n
   Ôöé 	 * Regenerate all sitemaps\r\n
   Ôöé 	 *\r\n
   Ôöé 	 * Pre-generates all sitemaps to ensure fresh cache.\r\n
   Ôöé 	 * Called by WP-Cron daily event (Requirements 6.5, 6.6).\r\n
   Ôöé 	 * Pings search engines after regeneration (Requirement 7.2).\r\n
   Ôöé 	 *\r\n
   Ôöé 	 * @return void\r\n
   Ôöé 	 */\r\n
   Ôöé 	public function regenerate_all_sitemaps(): void {\r\n
   Ôöé 		Logger::info( 'Starting scheduled sitemap regeneration' );\r\n
   Ôöé \r\n
   Ôöé 		$post_types = $this->get_public_post_types();\r\n
   Ôöé \r\n
   Ôöé 		// Regenerate index sitemap\r\n
   Ôöé 		$this->builder->build_index();\r\n
   Ôöé 		Logger::info( 'Regenerated index sitemap' );\r\n
   Ôöé \r\n
   Ôöé 		// Regenerate sitemaps for each post type\r\n
   Ôöé 		foreach ( $post_types as $post_type ) {\r\n
   Ôöé 			// Get post count to determine number of pages\r\n
   Ôöé 			$count = $this->get_post_count( $post_type );\r\n
   Ôöé \r\n
   Ôöé 			if ( $count === 0 ) {\r\n
   Ôöé 				continue;\r\n
   Ôöé 			}\r\n
   Ôöé \r\n
   Ôöé 			$pages = (int) ceil( $count / 1000 ); // 1000 URLs per sitemap\r\n
   Ôöé \r\n
   Ôöé 			// Regenerate all pages for this post type\r\n
   Ôöé 			for ( $page = 1; $page <= $pages; $page++ ) {\r\n
   Ôöé 				$this->builder->build_posts( $post_type, $page );\r\n
   Ôöé 			}\r\n
   Ôöé \r\n
   Ôöé 			Logger::info(\r\n
   Ôöé 				'Regenerated sitemap for post type',\r\n
   Ôöé 				array(\r\n
   Ôöé 					'post_type' => $post_type,\r\n
   Ôöé 					'pages' => $pages,\r\n
   Ôöé 					'total_posts' => $count,\r\n
   Ôöé 				)\r\n
   Ôöé 			);\r\n
   Ôöé 		}\r\n
   Ôöé \r\n
   Ôöé 		// Regenerate news sitemap\r\n
   Ôöé 		$this->builder->build_news();\r\n
   Ôöé 		Logger::info( 'Regenerated news sitemap' );\r\n
   Ôöé \r\n
   Ôöé 		// Regenerate video sitemap\r\n
   Ôöé 		$this->builder->build_video();\r\n
   Ôöé 		Logger::info( 'Regenerated video sitemap' );\r\n
   Ôöé \r\n
   Ôöé 		Logger::info( 'Completed scheduled sitemap regeneration' );\r\n
   Ôöé \r\n
   Ôöé 		// Ping search engines after regeneration (Requirement 7.2)\r\n
   Ôöé 		$this->ping_search_engines();\r\n
   Ôöé 	}\r\n
   Ôöé \r\n
   Ôöé 	/**\r\n
   Ôöé 	 * Get post count for a post type\r\n
   Ôöé 	 *\r\n
   Ôöé 	 * Counts only published posts that are not marked as noindex.\r\n
   Ôöé 	 *\r\n
   Ôöé 	 * @param string $post_type Post type name.\r\n
   Ôöé 	 * @return int Post count.\r\n
   Ôöé 	 */\r\n
   Ôöé 	private function get_post_count( string $post_type ): int {\r\n
   Ôöé 		global $wpdb;\r\n
   Ôöé \r\n
   Ôöé 		// phpcs:ignore WordPress.DB.DirectDatabaseQuery.DirectQuery, WordPress.DB.DirectDatabaseQuery.NoCaching\r\n
   Ôöé 		$count = $wpdb->get_var(\r\n
   Ôöé 			$wpdb->prepare(\r\n
   Ôöé 				"SELECT COUNT(DISTINCT p.ID)\r\n
   Ôöé 				FROM {$wpdb->posts} p\r\n
   Ôöé 				LEFT JOIN {$wpdb->postmeta} pm \r\n
   Ôöé 					ON p.ID = pm.post_id \r\n
   Ôöé 					AND pm.meta_key = '_meowseo_noindex'\r\n
   Ôöé 				WHERE p.post_type = %s\r\n
   Ôöé 				AND p.post_status = 'publish'\r\n
   Ôöé 				AND (pm.meta_value IS NULL OR pm.meta_value != '1')",\r\n
   Ôöé 				$post_type\r\n
   Ôöé 			)\r\n
   Ôöé 		);\r\n
   Ôöé \r\n
   Ôöé 		return (int) $count;\r\n
   Ôöé 	}\r\n
   Ôöé \r\n
   Ôöé 	/**\r\n
   Ôöé 	 * Schedule daily sitemap regeneration\r\n
   Ôöé 	 *\r\n
   Ôöé 	 * Registers WP-Cron event for daily sitemap pre-generation.\r\n
   Ôöé 	 *\r\n
   Ôöé 	 * @return void\r\n
   Ôöé 	 */\r\n
   Ôöé 	public function schedule_daily_regeneration(): void {\r\n
   Ôöé 		if ( ! wp_next_scheduled( 'meowseo_regenerate_sitemaps' ) ) {\r\n
   Ôöé 			wp_schedule_event( time(), 'daily', 'meowseo_regenerate_sitemaps' );\r\n
   Ôöé 			Logger::info( 'Scheduled daily sitemap regeneration' );\r\n
   Ôöé 		}\r\n
   Ôöé 	}\r\n
   Ôöé \r\n
   Ôöé 	/**\r\n
   Ôöé 	 * Ping search engines on post publish\r\n
   Ôöé 	 *\r\n
   Ôöé 	 * Hooks into transition_post_status to ping when a post is published (Requirement 7.3).\r\n
   Ôöé 	 *\r\n
   Ôöé 	 * @param string   $new_status New post status.\r\n
   Ôöé 	 * @param string   $old_status Old post status.\r\n
   Ôöé 	 * @param \WP_Post $post       Post object.\r\n
   Ôöé 	 * @return void\r\n
   Ôöé 	 */\r\n
   Ôöé 	public function ping_on_post_publish( string $new_status, string $old_status, \WP_Post $post ): void {\r\n
   Ôöé 		// Only ping when transitioning to publish status (Requirement 7.3)\r\n
   Ôöé 		if ( 'publish' !== $new_status || 'publish' === $old_status ) {\r\n
   Ôöé 			return;\r\n
   Ôöé 		}\r\n
   Ôöé \r\n
   Ôöé 		// Skip autosaves and revisions\r\n
   Ôöé 		if ( wp_is_post_autosave( $post->ID ) || wp_is_post_revision( $post->ID ) ) {\r\n
   Ôöé 			return;\r\n
   Ôöé 		}\r\n
   Ôöé \r\n
   Ôöé 		Logger::info(\r\n
   Ôöé 			'Post published, triggering sitemap ping',\r\n
   Ôöé 			array(\r\n
   Ôöé 				'post_id' => $post->ID,\r\n
   Ôöé 				'post_type' => $post->post_type,\r\n
   Ôöé 			)\r\n
   Ôöé 		);\r\n
   Ôöé \r\n
   Ôöé 		// Ping search engines (Requirement 7.3)\r\n
   Ôöé 		$this->ping_search_engines();\r\n
   Ôöé 	}\r\n
   Ôöé \r\n
   Ôöé 	/**\r\n
   Ôöé 	 * Ping search engines with sitemap URL\r\n
   Ôöé 	 *\r\n
   Ôöé 	 * Notifies Google and Bing of sitemap updates (Requirements 7.1, 7.6).\r\n
   Ôöé 	 *\r\n
   Ôöé 	 * @return void\r\n
   Ôöé 	 */\r\n
   Ôöé 	private function ping_search_engines(): void {\r\n
   Ôöé 		$sitemap_url = trailingslashit( get_site_url() ) . 'sitemap.xml';\r\n
   Ôöé 		$this->ping->ping( $sitemap_url );\r\n
   Ôöé 	}\r\n
   Ôöé }\r\n
   Ôöé ' contains "'error'".
   Ôöé
   Ôöé D:\meowseo\tests\modules\sitemap\SitemapLoggingTest.php:93
   Ôöé

Sitemap Requirements (MeowSEO\Tests\Modules\Sitemap\SitemapRequirements)
 Ôå® Requirement 6 1 generates physical files [0.23 ms]
   Ôöé
   Ôöé WordPress functions already defined. These tests require Brain\Monkey mocking which cannot override existing functions.
   Ôöé
   Ôöé D:\meowseo\tests\modules\sitemap\SitemapRequirementsTest.php:33
   Ôöé

 Ôå® Requirement 6 2 cache stores paths [0.34 ms]
   Ôöé
   Ôöé WordPress functions already defined. These tests require Brain\Monkey mocking which cannot override existing functions.
   Ôöé
   Ôöé D:\meowseo\tests\modules\sitemap\SitemapRequirementsTest.php:33
   Ôöé

 Ôå® Requirement 6 4 lock pattern implemented [0.26 ms]
   Ôöé
   Ôöé WordPress functions already defined. These tests require Brain\Monkey mocking which cannot override existing functions.
   Ôöé
   Ôöé D:\meowseo\tests\modules\sitemap\SitemapRequirementsTest.php:33
   Ôöé

 Ôå® Requirement 6 7 image entries supported [0.14 ms]
   Ôöé
   Ôöé WordPress functions already defined. These tests require Brain\Monkey mocking which cannot override existing functions.
   Ôöé
   Ôöé D:\meowseo\tests\modules\sitemap\SitemapRequirementsTest.php:33
   Ôöé

 Ôå® Requirement 6 8 noindex posts excluded [0.08 ms]
   Ôöé
   Ôöé WordPress functions already defined. These tests require Brain\Monkey mocking which cannot override existing functions.
   Ôöé
   Ôöé D:\meowseo\tests\modules\sitemap\SitemapRequirementsTest.php:33
   Ôöé

 Ôå® Xml structure is valid [0.06 ms]
   Ôöé
   Ôöé WordPress functions already defined. These tests require Brain\Monkey mocking which cannot override existing functions.
   Ôöé
   Ôöé D:\meowseo\tests\modules\sitemap\SitemapRequirementsTest.php:33
   Ôöé

Sitemap (MeowSEO\Tests\Modules\Sitemap\Sitemap)
 Ôå® Get id [0.08 ms]
   Ôöé
   Ôöé WordPress functions already defined. These tests require Brain\Monkey mocking which cannot override existing functions.
   Ôöé
   Ôöé D:\meowseo\tests\modules\sitemap\SitemapTest.php:31
   Ôöé

 Ôå® Boot [0.04 ms]
   Ôöé
   Ôöé WordPress functions already defined. These tests require Brain\Monkey mocking which cannot override existing functions.
   Ôöé
   Ôöé D:\meowseo\tests\modules\sitemap\SitemapTest.php:31
   Ôöé

Social Module (MeowSEO\Tests\Modules\Social\SocialModule)
 Ôå® Get social data defaults [0.09 ms]
   Ôöé
   Ôöé Social module tests require WordPress test framework with factory support
   Ôöé
   Ôöé D:\meowseo\tests\modules\social\SocialModuleTest.php:66
   Ôöé

 Ôå® Get social data with overrides [0.07 ms]
   Ôöé
   Ôöé Social module tests require WordPress test framework with factory support
   Ôöé
   Ôöé D:\meowseo\tests\modules\social\SocialModuleTest.php:73
   Ôöé

 Ôå® Social image fallback [0.04 ms]
   Ôöé
   Ôöé Social module tests require WordPress test framework with factory support
   Ôöé
   Ôöé D:\meowseo\tests\modules\social\SocialModuleTest.php:80
   Ôöé

 Ôå® Cache invalidation [0.04 ms]
   Ôöé
   Ôöé Social module tests require WordPress test framework with factory support
   Ôöé
   Ôöé D:\meowseo\tests\modules\social\SocialModuleTest.php:87
   Ôöé

 Ôå® Og type for post types [0.04 ms]
   Ôöé
   Ôöé Social module tests require WordPress test framework with factory support
   Ôöé
   Ôöé D:\meowseo\tests\modules\social\SocialModuleTest.php:94
   Ôöé

Woo Commerce Module (MeowSEO\Tests\Modules\WooCommerce\WooCommerceModule)
 Ôå® Generate product schema returns empty for nonexistent product [0.04 ms]
   Ôöé
   Ôöé WooCommerce is not active
   Ôöé
   Ôöé D:\meowseo\tests\modules\woocommerce\WooCommerceModuleTest.php:95
   Ôöé

 Ôå® Generate product schema includes required fields [0.06 ms]
   Ôöé
   Ôöé WooCommerce is not active
   Ôöé
   Ôöé D:\meowseo\tests\modules\woocommerce\WooCommerceModuleTest.php:112
   Ôöé

 Ôå® Generate product schema includes description [0.05 ms]
   Ôöé
   Ôöé WooCommerce is not active
   Ôöé
   Ôöé D:\meowseo\tests\modules\woocommerce\WooCommerceModuleTest.php:148
   Ôöé

 Ôå® Generate product schema includes sku [0.05 ms]
   Ôöé
   Ôöé WooCommerce is not active
   Ôöé
   Ôöé D:\meowseo\tests\modules\woocommerce\WooCommerceModuleTest.php:176
   Ôöé

 Ôå® Generate product schema includes offers with price [0.04 ms]
   Ôöé
   Ôöé WooCommerce is not active
   Ôöé
   Ôöé D:\meowseo\tests\modules\woocommerce\WooCommerceModuleTest.php:204
   Ôöé

 Ôå® Generate product schema availability in stock [0.05 ms]
   Ôöé
   Ôöé WooCommerce is not active
   Ôöé
   Ôöé D:\meowseo\tests\modules\woocommerce\WooCommerceModuleTest.php:246
   Ôöé

 Ôå® Generate product schema availability out of stock [0.04 ms]
   Ôöé
   Ôöé WooCommerce is not active
   Ôöé
   Ôöé D:\meowseo\tests\modules\woocommerce\WooCommerceModuleTest.php:277
   Ôöé

 Ôå® Generate product schema includes aggregate rating with reviews [0.05 ms]
   Ôöé
   Ôöé WooCommerce is not active
   Ôöé
   Ôöé D:\meowseo\tests\modules\woocommerce\WooCommerceModuleTest.php:308
   Ôöé

 Ôå® Generate product schema no aggregate rating without reviews [0.04 ms]
   Ôöé
   Ôöé WooCommerce is not active
   Ôöé
   Ôöé D:\meowseo\tests\modules\woocommerce\WooCommerceModuleTest.php:350
   Ôöé

 Ôå® Generate product schema validates schema [0.05 ms]
   Ôöé
   Ôöé WooCommerce is not active
   Ôöé
   Ôöé D:\meowseo\tests\modules\woocommerce\WooCommerceModuleTest.php:378
   Ôöé

 Ôå® Add product sitemap metadata adds priority and changefreq [0.15 ms]
   Ôöé
   Ôöé WooCommerce is not active
   Ôöé
   Ôöé D:\meowseo\tests\modules\woocommerce\WooCommerceModuleTest.php:482
   Ôöé

 Ôå® Add products to sitemap adds products [0.13 ms]
   Ôöé
   Ôöé WooCommerce is not active
   Ôöé
   Ôöé D:\meowseo\tests\modules\woocommerce\WooCommerceModuleTest.php:565
   Ôöé

 Ôå® Add products to sitemap excludes out of stock when enabled [0.09 ms]
   Ôöé
   Ôöé WooCommerce is not active
   Ôöé
   Ôöé D:\meowseo\tests\modules\woocommerce\WooCommerceModuleTest.php:605
   Ôöé

 Ôå® Add products to sitemap includes out of stock when disabled [0.08 ms]
   Ôöé
   Ôöé WooCommerce is not active
   Ôöé
   Ôöé D:\meowseo\tests\modules\woocommerce\WooCommerceModuleTest.php:642
   Ôöé

 Ôå® Add products to sitemap uses product modified date [0.06 ms]
   Ôöé
   Ôöé WooCommerce is not active
   Ôöé
   Ôöé D:\meowseo\tests\modules\woocommerce\WooCommerceModuleTest.php:677
   Ôöé

 Ôå® Get product meta returns empty when not on product page [0.05 ms]
   Ôöé
   Ôöé WooCommerce is not active
   Ôöé
   Ôöé D:\meowseo\tests\modules\woocommerce\WooCommerceModuleTest.php:726
   Ôöé

 Ôå® Get product meta includes required fields for category [0.06 ms]
   Ôöé
   Ôöé WooCommerce is not active
   Ôöé
   Ôöé D:\meowseo\tests\modules\woocommerce\WooCommerceModuleTest.php:744
   Ôöé

 Ôå® Get product meta uses category description [0.05 ms]
   Ôöé
   Ôöé WooCommerce is not active
   Ôöé
   Ôöé D:\meowseo\tests\modules\woocommerce\WooCommerceModuleTest.php:774
   Ôöé

 Ôå® Get product meta generates fallback description [0.06 ms]
   Ôöé
   Ôöé WooCommerce is not active
   Ôöé
   Ôöé D:\meowseo\tests\modules\woocommerce\WooCommerceModuleTest.php:804
   Ôöé

 Ôå® Get product meta returns meta for shop page [0.05 ms]
   Ôöé
   Ôöé WooCommerce is not active
   Ôöé
   Ôöé D:\meowseo\tests\modules\woocommerce\WooCommerceModuleTest.php:832
   Ôöé

 Ôå® Generate product breadcrumbs returns empty for nonexistent product [0.05 ms]
   Ôöé
   Ôöé WooCommerce is not active
   Ôöé
   Ôöé D:\meowseo\tests\modules\woocommerce\WooCommerceModuleTest.php:867
   Ôöé

 Ôå® Generate product breadcrumbs includes home and shop [0.05 ms]
   Ôöé
   Ôöé WooCommerce is not active
   Ôöé
   Ôöé D:\meowseo\tests\modules\woocommerce\WooCommerceModuleTest.php:884
   Ôöé

 Ôå® Generate product breadcrumbs includes product title [0.06 ms]
   Ôöé
   Ôöé WooCommerce is not active
   Ôöé
   Ôöé D:\meowseo\tests\modules\woocommerce\WooCommerceModuleTest.php:932
   Ôöé

 Ôå® Generate product breadcrumbs includes category hierarchy [0.05 ms]
   Ôöé
   Ôöé WooCommerce is not active
   Ôöé
   Ôöé D:\meowseo\tests\modules\woocommerce\WooCommerceModuleTest.php:963
   Ôöé

 Ôå® Generate product breadcrumbs uses primary category [0.06 ms]
   Ôöé
   Ôöé WooCommerce is not active
   Ôöé
   Ôöé D:\meowseo\tests\modules\woocommerce\WooCommerceModuleTest.php:1022
   Ôöé

 Ôå® Generate product breadcrumbs generates schema [0.05 ms]
   Ôöé
   Ôöé WooCommerce is not active
   Ôöé
   Ôöé D:\meowseo\tests\modules\woocommerce\WooCommerceModuleTest.php:1075
   Ôöé

 Ôå® Generate product breadcrumbs schema positions are sequential [0.05 ms]
   Ôöé
   Ôöé WooCommerce is not active
   Ôöé
   Ôöé D:\meowseo\tests\modules\woocommerce\WooCommerceModuleTest.php:1124
   Ôöé

 Ôå® Generate product breadcrumbs schema includes item urls [0.04 ms]
   Ôöé
   Ôöé WooCommerce is not active
   Ôöé
   Ôöé D:\meowseo\tests\modules\woocommerce\WooCommerceModuleTest.php:1155
   Ôöé

 Ôå® Generate product breadcrumbs returns consistent structure [0.06 ms]
   Ôöé
   Ôöé WooCommerce is not active
   Ôöé
   Ôöé D:\meowseo\tests\modules\woocommerce\WooCommerceModuleTest.php:1187
   Ôöé

Bugfix Asset Loading Property (MeowSEO\Tests\Properties\BugfixAssetLoadingProperty)
 Ô£ÿ Js file existence check before enqueue [0.35 ms]
   Ôöé
   Ôöé EXPECTED BEHAVIOR: System should check if build/gutenberg.js exists before enqueueing. CURRENT BEHAVIOR: No file existence check before wp_enqueue_script() call (lines 45-50).
   Ôöé Failed asserting that false is true.
   Ôöé
   Ôöé D:\meowseo\tests\properties\BugfixAssetLoadingPropertyTest.php:175
   Ôöé

Meta Property03Google Discover Directives (MeowSEO\Tests\Properties\MetaProperty03GoogleDiscoverDirectives)
 Ôå® Google discover directives always present [0.11 ms]
   Ôöé
   Ôöé This test requires WordPress test framework with factory support
   Ôöé
   Ôöé D:\meowseo\tests\properties\MetaPropertyTestCase.php:30
   Ôöé

Meta Property04Canonical Pagination Stripping (MeowSEO\Tests\Properties\MetaProperty04CanonicalPaginationStripping)
 Ôå® Canonical strips pagination params [0.08 ms]
   Ôöé
   Ôöé This test requires WordPress test framework with factory support
   Ôöé
   Ôöé D:\meowseo\tests\properties\MetaPropertyTestCase.php:30
   Ôöé

Meta Property05Canonical Always Present (MeowSEO\Tests\Properties\MetaProperty05CanonicalAlwaysPresent)
 Ôå® Canonical always present [0.07 ms]
   Ôöé
   Ôöé This test requires WordPress test framework with factory support
   Ôöé
   Ôöé D:\meowseo\tests\properties\MetaPropertyTestCase.php:30
   Ôöé

Meta Property08Twitter Card Independence (MeowSEO\Tests\Properties\MetaProperty08TwitterCardIndependence)
 Ôå® Twitter card independence [0.11 ms]
   Ôöé
   Ôöé This test requires WordPress test framework with factory support
   Ôöé
   Ôöé D:\meowseo\tests\properties\MetaPropertyTestCase.php:30
   Ôöé

 Ôå® Twitter description independence [0.07 ms]
   Ôöé
   Ôöé This test requires WordPress test framework with factory support
   Ôöé
   Ôöé D:\meowseo\tests\properties\MetaPropertyTestCase.php:30
   Ôöé

Meta Property10Title Fallback Chain (MeowSEO\Tests\Properties\MetaProperty10TitleFallbackChain)
 Ôå® Title fallback chain completeness [0.08 ms]
   Ôöé
   Ôöé This test requires WordPress test framework with factory support
   Ôöé
   Ôöé D:\meowseo\tests\properties\MetaPropertyTestCase.php:30
   Ôöé

 Ôå® Title never empty with empty inputs [0.07 ms]
   Ôöé
   Ôöé This test requires WordPress test framework with factory support
   Ôöé
   Ôöé D:\meowseo\tests\properties\MetaPropertyTestCase.php:30
   Ôöé

Meta Property11Description Fallback Chain (MeowSEO\Tests\Properties\MetaProperty11DescriptionFallbackChain)
 Ôå® Description fallback chain completeness [0.07 ms]
   Ôöé
   Ôöé This test requires WordPress test framework with factory support
   Ôöé
   Ôöé D:\meowseo\tests\properties\MetaPropertyTestCase.php:30
   Ôöé

 Ôå® Description empty when all sources empty [0.06 ms]
   Ôöé
   Ôöé This test requires WordPress test framework with factory support
   Ôöé
   Ôöé D:\meowseo\tests\properties\MetaPropertyTestCase.php:30
   Ôöé

Meta Property12Description Truncation (MeowSEO\Tests\Properties\MetaProperty12DescriptionTruncation)
 Ôå® Description truncation strips html [0.20 ms]
   Ôöé
   Ôöé This test requires WordPress test framework with factory support
   Ôöé
   Ôöé D:\meowseo\tests\properties\MetaPropertyTestCase.php:30
   Ôöé

 Ôå® Description truncation strips shortcodes [0.13 ms]
   Ôöé
   Ôöé This test requires WordPress test framework with factory support
   Ôöé
   Ôöé D:\meowseo\tests\properties\MetaPropertyTestCase.php:30
   Ôöé

 Ôå® Long text truncated to 160 chars [0.09 ms]
   Ôöé
   Ôöé This test requires WordPress test framework with factory support
   Ôöé
   Ôöé D:\meowseo\tests\properties\MetaPropertyTestCase.php:30
   Ôöé

Meta Property13OGImage Fallback Chain (MeowSEO\Tests\Properties\MetaProperty13OGImageFallbackChain)
 Ôå® Og image uses custom when set [0.09 ms]
   Ôöé
   Ôöé This test requires WordPress test framework with factory support
   Ôöé
   Ôöé D:\meowseo\tests\properties\MetaPropertyTestCase.php:30
   Ôöé

 Ôå® Og image empty when no sources [0.08 ms]
   Ôöé
   Ôöé This test requires WordPress test framework with factory support
   Ôöé
   Ôöé D:\meowseo\tests\properties\MetaPropertyTestCase.php:30
   Ôöé

 Ôå® Og image result structure [0.07 ms]
   Ôöé
   Ôöé This test requires WordPress test framework with factory support
   Ôöé
   Ôöé D:\meowseo\tests\properties\MetaPropertyTestCase.php:30
   Ôöé

Meta Property14OGImage Dimension Validation (MeowSEO\Tests\Properties\MetaProperty14OGImageDimensionValidation)
 Ôå® Og image dimension validation [0.08 ms]
   Ôöé
   Ôöé This test requires WordPress test framework with factory support
   Ôöé
   Ôöé D:\meowseo\tests\properties\MetaPropertyTestCase.php:30
   Ôöé

Meta Property15OGImage Return Structure (MeowSEO\Tests\Properties\MetaProperty15OGImageReturnStructure)
 Ôå® Og image return structure [0.10 ms]
   Ôöé
   Ôöé This test requires WordPress test framework with factory support
   Ôöé
   Ôöé D:\meowseo\tests\properties\MetaPropertyTestCase.php:30
   Ôöé

Meta Property16Canonical Fallback Chain (MeowSEO\Tests\Properties\MetaProperty16CanonicalFallbackChain)
 Ôå® Canonical uses custom when set [0.10 ms]
   Ôöé
   Ôöé This test requires WordPress test framework with factory support
   Ôöé
   Ôöé D:\meowseo\tests\properties\MetaPropertyTestCase.php:30
   Ôöé

 Ôå® Canonical never empty [0.12 ms]
   Ôöé
   Ôöé This test requires WordPress test framework with factory support
   Ôöé
   Ôöé D:\meowseo\tests\properties\MetaPropertyTestCase.php:30
   Ôöé

Meta Property17Robots Directive Merging (MeowSEO\Tests\Properties\MetaProperty17RobotsDirectiveMerging)
 Ôå® Robots directive merging [0.14 ms]
   Ôöé
   Ôöé This test requires WordPress test framework with factory support
   Ôöé
   Ôöé D:\meowseo\tests\properties\MetaPropertyTestCase.php:30
   Ôöé

Module Loading Property (MeowSEO\Tests\ModuleLoadingProperty)
 Ô£ÿ Module manager loads exactly enabled set [14.43 ms]
   Ôöé
   Ôöé Module_Manager should load exactly the enabled modules
   Ôöé Failed asserting that two arrays are equal.
   Ôöé --- Expected
   Ôöé +++ Actual
   Ôöé @@ @@
   Ôöé  Array (
   Ôöé      0 => 'meta'
   Ôöé      1 => 'schema'
   Ôöé -    2 => 'sitemap'
   Ôöé  )
   Ôöé
   Ôöé D:\meowseo\tests\properties\ModuleLoadingPropertyTest.php:101
   Ôöé D:\meowseo\vendor\giorgiosironi\eris\src\Quantifier\Evaluation.php:52
   Ôöé D:\meowseo\vendor\giorgiosironi\eris\src\Shrinker\Multiple.php:102
   Ôöé D:\meowseo\vendor\giorgiosironi\eris\src\Quantifier\ForAll.php:169
   Ôöé D:\meowseo\vendor\giorgiosironi\eris\src\Quantifier\Evaluation.php:57
   Ôöé D:\meowseo\vendor\giorgiosironi\eris\src\Quantifier\ForAll.php:171
   Ôöé D:\meowseo\vendor\giorgiosironi\eris\src\Quantifier\ForAll.php:194
   Ôöé D:\meowseo\tests\properties\ModuleLoadingPropertyTest.php:63
   Ôöé

 Ô£ÿ Module manager loads all enabled modules [0.64 ms]
   Ôöé
   Ôöé Enabled module 'sitemap' should be active
   Ôöé Failed asserting that false is true.
   Ôöé
   Ôöé D:\meowseo\tests\properties\ModuleLoadingPropertyTest.php:257
   Ôöé D:\meowseo\vendor\giorgiosironi\eris\src\Quantifier\Evaluation.php:52
   Ôöé D:\meowseo\vendor\giorgiosironi\eris\src\Shrinker\Multiple.php:102
   Ôöé D:\meowseo\vendor\giorgiosironi\eris\src\Quantifier\ForAll.php:169
   Ôöé D:\meowseo\vendor\giorgiosironi\eris\src\Quantifier\Evaluation.php:57
   Ôöé D:\meowseo\vendor\giorgiosironi\eris\src\Quantifier\ForAll.php:171
   Ôöé D:\meowseo\vendor\giorgiosironi\eris\src\Quantifier\ForAll.php:194
   Ôöé D:\meowseo\tests\properties\ModuleLoadingPropertyTest.php:233
   Ôöé

 Ô£ÿ Module manager respects options on each boot [1.93 ms]
   Ôöé
   Ôöé Second boot should load the second set of modules
   Ôöé Failed asserting that two arrays are equal.
   Ôöé --- Expected
   Ôöé +++ Actual
   Ôöé @@ @@
   Ôöé  Array (
   Ôöé      0 => 'meta'
   Ôöé      1 => 'schema'
   Ôöé -    2 => 'sitemap'
   Ôöé  )
   Ôöé
   Ôöé D:\meowseo\tests\properties\ModuleLoadingPropertyTest.php:366
   Ôöé D:\meowseo\vendor\giorgiosironi\eris\src\Quantifier\Evaluation.php:52
   Ôöé D:\meowseo\vendor\giorgiosironi\eris\src\Shrinker\Multiple.php:102
   Ôöé D:\meowseo\vendor\giorgiosironi\eris\src\Quantifier\ForAll.php:169
   Ôöé D:\meowseo\vendor\giorgiosironi\eris\src\Quantifier\Evaluation.php:57
   Ôöé D:\meowseo\vendor\giorgiosironi\eris\src\Quantifier\ForAll.php:171
   Ôöé D:\meowseo\vendor\giorgiosironi\eris\src\Quantifier\ForAll.php:194
   Ôöé D:\meowseo\tests\properties\ModuleLoadingPropertyTest.php:308
   Ôöé

Property10Log Entry Limit (MeowSEO\Tests\Property10LogEntryLimit)
 Ô£ÿ Cleanup triggered after exceeding limit [257.45 ms]
   Ôöé
   Ôöé Log entry count should not exceed 1000 after batch 14
   Ôöé Failed asserting that 1005 is equal to 1000 or is less than 1000.
   Ôöé
   Ôöé D:\meowseo\tests\properties\Property10LogEntryLimitTest.php:305
   Ôöé D:\meowseo\vendor\giorgiosironi\eris\src\Quantifier\Evaluation.php:52
   Ôöé D:\meowseo\vendor\giorgiosironi\eris\src\Shrinker\Multiple.php:102
   Ôöé D:\meowseo\vendor\giorgiosironi\eris\src\Quantifier\ForAll.php:169
   Ôöé D:\meowseo\vendor\giorgiosironi\eris\src\Quantifier\Evaluation.php:57
   Ôöé D:\meowseo\vendor\giorgiosironi\eris\src\Quantifier\ForAll.php:171
   Ôöé D:\meowseo\vendor\giorgiosironi\eris\src\Quantifier\ForAll.php:194
   Ôöé D:\meowseo\tests\properties\Property10LogEntryLimitTest.php:292
   Ôöé

Property11Cleanup Trigger (MeowSEO\Tests\Property11CleanupTrigger)
 Ô£ÿ Cleanup triggered when limit exceeded [0.40 ms]
   Ôöé
   Ôöé Cleanup should preserve at least some entries
   Ôöé Failed asserting that 0 is greater than 0.
   Ôöé
   Ôöé D:\meowseo\tests\properties\Property11CleanupTriggerTest.php:258
   Ôöé D:\meowseo\vendor\giorgiosironi\eris\src\Quantifier\Evaluation.php:52
   Ôöé D:\meowseo\vendor\giorgiosironi\eris\src\Quantifier\ForAll.php:171
   Ôöé D:\meowseo\vendor\giorgiosironi\eris\src\Quantifier\ForAll.php:194
   Ôöé D:\meowseo\tests\properties\Property11CleanupTriggerTest.php:239
   Ôöé

 Ô£ÿ Cleanup not triggered when under limit [0.35 ms]
   Ôöé
   Ôöé No cleanup should occur when under the 1000 entry limit
   Ôöé Failed asserting that 0 matches expected -1.
   Ôöé
   Ôöé D:\meowseo\tests\properties\Property11CleanupTriggerTest.php:293
   Ôöé D:\meowseo\vendor\giorgiosironi\eris\src\Quantifier\Evaluation.php:52
   Ôöé D:\meowseo\vendor\giorgiosironi\eris\src\Quantifier\ForAll.php:171
   Ôöé D:\meowseo\vendor\giorgiosironi\eris\src\Quantifier\ForAll.php:194
   Ôöé D:\meowseo\tests\properties\Property11CleanupTriggerTest.php:281
   Ôöé

Property11Sitemap Cache Storage (MeowSEO\Tests\Property11SitemapCacheStorage)
 Ôå® Sitemap cache stores paths not xml content [0.15 ms]
   Ôöé
   Ôöé WordPress functions already defined. These tests require Brain\Monkey mocking which cannot override existing functions.
   Ôöé
   Ôöé D:\meowseo\tests\properties\Property11SitemapCacheStorageTest.php:42
   Ôöé

 Ôå® Cached sitemap paths are always strings [0.14 ms]
   Ôöé
   Ôöé WordPress functions already defined. These tests require Brain\Monkey mocking which cannot override existing functions.
   Ôöé
   Ôöé D:\meowseo\tests\properties\Property11SitemapCacheStorageTest.php:42
   Ôöé

 Ôå® Cached sitemap paths never contain xml markup [0.22 ms]
   Ôöé
   Ôöé WordPress functions already defined. These tests require Brain\Monkey mocking which cannot override existing functions.
   Ôöé
   Ôöé D:\meowseo\tests\properties\Property11SitemapCacheStorageTest.php:42
   Ôöé

 Ôå® Cached sitemap paths are valid filesystem paths [0.10 ms]
   Ôöé
   Ôöé WordPress functions already defined. These tests require Brain\Monkey mocking which cannot override existing functions.
   Ôöé
   Ôöé D:\meowseo\tests\properties\Property11SitemapCacheStorageTest.php:42
   Ôöé

 Ôå® Cached sitemap paths follow naming convention [0.12 ms]
   Ôöé
   Ôöé WordPress functions already defined. These tests require Brain\Monkey mocking which cannot override existing functions.
   Ôöé
   Ôöé D:\meowseo\tests\properties\Property11SitemapCacheStorageTest.php:42
   Ôöé

 Ôå® Cached sitemap paths are deterministic [0.10 ms]
   Ôöé
   Ôöé WordPress functions already defined. These tests require Brain\Monkey mocking which cannot override existing functions.
   Ôöé
   Ôöé D:\meowseo\tests\properties\Property11SitemapCacheStorageTest.php:42
   Ôöé

 Ôå® Cached sitemap paths do not contain xml content indicators [0.08 ms]
   Ôöé
   Ôöé WordPress functions already defined. These tests require Brain\Monkey mocking which cannot override existing functions.
   Ôöé
   Ôöé D:\meowseo\tests\properties\Property11SitemapCacheStorageTest.php:42
   Ôöé

Property12Deduplication (MeowSEO\Tests\Property12Deduplication)
 Ô£ÿ Duplicate entries increment hit count [0.68 ms]
   Ôöé
   Ôöé Deduplication should increment hit_count via UPDATE
   Ôöé Failed asserting that 0 matches expected -1.
   Ôöé
   Ôöé D:\meowseo\tests\properties\Property12DeduplicationTest.php:261
   Ôöé D:\meowseo\vendor\giorgiosironi\eris\src\Quantifier\Evaluation.php:52
   Ôöé D:\meowseo\vendor\giorgiosironi\eris\src\Shrinker\Multiple.php:102
   Ôöé D:\meowseo\vendor\giorgiosironi\eris\src\Quantifier\ForAll.php:169
   Ôöé D:\meowseo\vendor\giorgiosironi\eris\src\Quantifier\Evaluation.php:57
   Ôöé D:\meowseo\vendor\giorgiosironi\eris\src\Quantifier\ForAll.php:171
   Ôöé D:\meowseo\vendor\giorgiosironi\eris\src\Quantifier\ForAll.php:194
   Ôöé D:\meowseo\tests\properties\Property12DeduplicationTest.php:223
   Ôöé

Property14Pagination (MeowSEO\Tests\Property14Pagination)
 Ô£ÿ Pagination pages calculated correctly [26.38 ms]
   Ôöé
   Ôöé For N=101 entries and P=1 page size, expected 101 pages but got 100
   Ôöé Failed asserting that 100.0 matches expected 101.0.
   Ôöé
   Ôöé D:\meowseo\tests\properties\Property14PaginationTest.php:117
   Ôöé D:\meowseo\vendor\giorgiosironi\eris\src\Quantifier\Evaluation.php:52
   Ôöé D:\meowseo\vendor\giorgiosironi\eris\src\Shrinker\Multiple.php:102
   Ôöé D:\meowseo\vendor\giorgiosironi\eris\src\Quantifier\ForAll.php:169
   Ôöé D:\meowseo\vendor\giorgiosironi\eris\src\Quantifier\Evaluation.php:57
   Ôöé D:\meowseo\vendor\giorgiosironi\eris\src\Quantifier\ForAll.php:171
   Ôöé D:\meowseo\vendor\giorgiosironi\eris\src\Quantifier\ForAll.php:194
   Ôöé D:\meowseo\tests\properties\Property14PaginationTest.php:99
   Ôöé

 Ô£ÿ All pages except last contain exactly p entries [137.60 ms]
   Ôöé
   Ôöé Page 1 (not the last) with page_size=10 should contain exactly 10 entries, but got 0
   Ôöé Failed asserting that 0 matches expected 10.
   Ôöé
   Ôöé D:\meowseo\tests\properties\Property14PaginationTest.php:200
   Ôöé D:\meowseo\vendor\giorgiosironi\eris\src\Quantifier\Evaluation.php:52
   Ôöé D:\meowseo\vendor\giorgiosironi\eris\src\Shrinker\Multiple.php:102
   Ôöé D:\meowseo\vendor\giorgiosironi\eris\src\Quantifier\ForAll.php:169
   Ôöé D:\meowseo\vendor\giorgiosironi\eris\src\Quantifier\Evaluation.php:57
   Ôöé D:\meowseo\vendor\giorgiosironi\eris\src\Quantifier\ForAll.php:171
   Ôöé D:\meowseo\vendor\giorgiosironi\eris\src\Quantifier\ForAll.php:194
   Ôöé D:\meowseo\tests\properties\Property14PaginationTest.php:182
   Ôöé

 Ô£ÿ Last page contains remainder entries [11.15 ms]
   Ôöé
   Ôöé Last page (page 68) with N=135 and P=2 should contain exactly 1 entries (N % P), but got 0
   Ôöé Failed asserting that 0 matches expected 1.
   Ôöé
   Ôöé D:\meowseo\tests\properties\Property14PaginationTest.php:291
   Ôöé D:\meowseo\vendor\giorgiosironi\eris\src\Quantifier\Evaluation.php:52
   Ôöé D:\meowseo\vendor\giorgiosironi\eris\src\Shrinker\Multiple.php:102
   Ôöé D:\meowseo\vendor\giorgiosironi\eris\src\Quantifier\ForAll.php:169
   Ôöé D:\meowseo\vendor\giorgiosironi\eris\src\Quantifier\Evaluation.php:57
   Ôöé D:\meowseo\vendor\giorgiosironi\eris\src\Quantifier\ForAll.php:171
   Ôöé D:\meowseo\vendor\giorgiosironi\eris\src\Quantifier\ForAll.php:194
   Ôöé D:\meowseo\tests\properties\Property14PaginationTest.php:268
   Ôöé

 Ô£ÿ Edge case zero entries returns one page [2.88 ms]
   Ôöé
   Ôöé With 0 entries and page_size=1, expected 1 pages but got 100
   Ôöé Failed asserting that 100.0 matches expected 1.
   Ôöé
   Ôöé D:\meowseo\tests\properties\Property14PaginationTest.php:330
   Ôöé D:\meowseo\vendor\giorgiosironi\eris\src\Quantifier\Evaluation.php:52
   Ôöé D:\meowseo\vendor\giorgiosironi\eris\src\Shrinker\Multiple.php:102
   Ôöé D:\meowseo\vendor\giorgiosironi\eris\src\Quantifier\ForAll.php:169
   Ôöé D:\meowseo\vendor\giorgiosironi\eris\src\Quantifier\Evaluation.php:57
   Ôöé D:\meowseo\vendor\giorgiosironi\eris\src\Quantifier\ForAll.php:171
   Ôöé D:\meowseo\vendor\giorgiosironi\eris\src\Quantifier\ForAll.php:194
   Ôöé D:\meowseo\tests\properties\Property14PaginationTest.php:314
   Ôöé

 Ô£ÿ Edge case one entry returns one page [2.45 ms]
   Ôöé
   Ôöé With 1 entry and page_size=1, expected 1 page but got 100
   Ôöé Failed asserting that 100.0 matches expected 1.
   Ôöé
   Ôöé D:\meowseo\tests\properties\Property14PaginationTest.php:370
   Ôöé D:\meowseo\vendor\giorgiosironi\eris\src\Quantifier\Evaluation.php:52
   Ôöé D:\meowseo\vendor\giorgiosironi\eris\src\Shrinker\Multiple.php:102
   Ôöé D:\meowseo\vendor\giorgiosironi\eris\src\Quantifier\ForAll.php:169
   Ôöé D:\meowseo\vendor\giorgiosironi\eris\src\Quantifier\Evaluation.php:57
   Ôöé D:\meowseo\vendor\giorgiosironi\eris\src\Quantifier\ForAll.php:171
   Ôöé D:\meowseo\vendor\giorgiosironi\eris\src\Quantifier\ForAll.php:194
   Ôöé D:\meowseo\tests\properties\Property14PaginationTest.php:356
   Ôöé

 Ô£ÿ Edge case exactly p entries returns one page [33.87 ms]
   Ôöé
   Ôöé With 1 entries and page_size=1, expected 1 page but got 100
   Ôöé Failed asserting that 100.0 matches expected 1.
   Ôöé
   Ôöé D:\meowseo\tests\properties\Property14PaginationTest.php:414
   Ôöé D:\meowseo\vendor\giorgiosironi\eris\src\Quantifier\Evaluation.php:52
   Ôöé D:\meowseo\vendor\giorgiosironi\eris\src\Shrinker\Multiple.php:102
   Ôöé D:\meowseo\vendor\giorgiosironi\eris\src\Quantifier\ForAll.php:169
   Ôöé D:\meowseo\vendor\giorgiosironi\eris\src\Quantifier\Evaluation.php:57
   Ôöé D:\meowseo\vendor\giorgiosironi\eris\src\Quantifier\ForAll.php:171
   Ôöé D:\meowseo\vendor\giorgiosironi\eris\src\Quantifier\ForAll.php:194
   Ôöé D:\meowseo\tests\properties\Property14PaginationTest.php:400
   Ôöé

 Ô£ÿ Edge case p plus one entries returns two pages [3.46 ms]
   Ôöé
   Ôöé With 2 entries and page_size=1, expected 2 pages but got 100
   Ôöé Failed asserting that 100.0 matches expected 2.
   Ôöé
   Ôöé D:\meowseo\tests\properties\Property14PaginationTest.php:459
   Ôöé D:\meowseo\vendor\giorgiosironi\eris\src\Quantifier\Evaluation.php:52
   Ôöé D:\meowseo\vendor\giorgiosironi\eris\src\Shrinker\Multiple.php:102
   Ôöé D:\meowseo\vendor\giorgiosironi\eris\src\Quantifier\ForAll.php:169
   Ôöé D:\meowseo\vendor\giorgiosironi\eris\src\Quantifier\Evaluation.php:57
   Ôöé D:\meowseo\vendor\giorgiosironi\eris\src\Quantifier\ForAll.php:171
   Ôöé D:\meowseo\vendor\giorgiosironi\eris\src\Quantifier\ForAll.php:194
   Ôöé D:\meowseo\tests\properties\Property14PaginationTest.php:444
   Ôöé

Property14Redirect Matching Correctness (MeowSEO\Tests\Property14RedirectMatchingCorrectness)
 Ô£ÿ Redirect matching algorithm correctness [3.30 ms]
   Ôöé
   Ôöé Exact match should be found for matching source_url
   Ôöé Failed asserting that null is not null.
   Ôöé
   Ôöé D:\meowseo\tests\properties\Property14RedirectMatchingCorrectnessTest.php:109
   Ôöé D:\meowseo\vendor\giorgiosironi\eris\src\Quantifier\Evaluation.php:52
   Ôöé D:\meowseo\vendor\giorgiosironi\eris\src\Shrinker\Multiple.php:102
   Ôöé D:\meowseo\vendor\giorgiosironi\eris\src\Quantifier\ForAll.php:169
   Ôöé D:\meowseo\vendor\giorgiosironi\eris\src\Quantifier\Evaluation.php:57
   Ôöé D:\meowseo\vendor\giorgiosironi\eris\src\Quantifier\ForAll.php:171
   Ôöé D:\meowseo\vendor\giorgiosironi\eris\src\Quantifier\ForAll.php:194
   Ôöé D:\meowseo\tests\properties\Property14RedirectMatchingCorrectnessTest.php:92
   Ôöé

 Ô£ÿ Exact match precedence over regex [3.09 ms]
   Ôöé
   Ôöé Exact match should be found
   Ôöé Failed asserting that null is not null.
   Ôöé
   Ôöé D:\meowseo\tests\properties\Property14RedirectMatchingCorrectnessTest.php:180
   Ôöé D:\meowseo\vendor\giorgiosironi\eris\src\Quantifier\Evaluation.php:52
   Ôöé D:\meowseo\vendor\giorgiosironi\eris\src\Shrinker\Multiple.php:102
   Ôöé D:\meowseo\vendor\giorgiosironi\eris\src\Quantifier\ForAll.php:169
   Ôöé D:\meowseo\vendor\giorgiosironi\eris\src\Quantifier\Evaluation.php:57
   Ôöé D:\meowseo\vendor\giorgiosironi\eris\src\Quantifier\ForAll.php:171
   Ôöé D:\meowseo\vendor\giorgiosironi\eris\src\Quantifier\ForAll.php:194
   Ôöé D:\meowseo\tests\properties\Property14RedirectMatchingCorrectnessTest.php:154
   Ôöé

 Ô£ÿ Regex rules only loaded when needed [3.57 ms]
   Ôöé
   Ôöé Only regex rules should be returned
   Ôöé Failed asserting that actual size 0 matches expected size 1.
   Ôöé
   Ôöé D:\meowseo\tests\properties\Property14RedirectMatchingCorrectnessTest.php:234
   Ôöé D:\meowseo\vendor\giorgiosironi\eris\src\Quantifier\Evaluation.php:52
   Ôöé D:\meowseo\vendor\giorgiosironi\eris\src\Shrinker\Multiple.php:102
   Ôöé D:\meowseo\vendor\giorgiosironi\eris\src\Quantifier\ForAll.php:169
   Ôöé D:\meowseo\vendor\giorgiosironi\eris\src\Quantifier\Evaluation.php:57
   Ôöé D:\meowseo\vendor\giorgiosironi\eris\src\Quantifier\ForAll.php:171
   Ôöé D:\meowseo\vendor\giorgiosironi\eris\src\Quantifier\ForAll.php:194
   Ôöé D:\meowseo\tests\properties\Property14RedirectMatchingCorrectnessTest.php:208
   Ôöé

 Ô£ÿ Inactive redirects never matched [0.77 ms]
   Ôöé
   Ôöé OutOfBoundsException: Evaluation ratio 0.01 is under the threshold 0.5
   Ôöé
   Ôöé D:\meowseo\vendor\giorgiosironi\eris\src\Listener\MinimumEvaluations.php:33
   Ôöé D:\meowseo\vendor\giorgiosironi\eris\src\Quantifier\ForAll.php:232
   Ôöé D:\meowseo\vendor\giorgiosironi\eris\src\Quantifier\ForAll.php:183
   Ôöé D:\meowseo\vendor\giorgiosironi\eris\src\Quantifier\ForAll.php:194
   Ôöé D:\meowseo\tests\properties\Property14RedirectMatchingCorrectnessTest.php:269
   Ôöé

 Ô£ÿ All redirect types preserved [0.64 ms]
   Ôöé
   Ôöé Redirect type 301 should be found
   Ôöé Failed asserting that null is not null.
   Ôöé
   Ôöé D:\meowseo\tests\properties\Property14RedirectMatchingCorrectnessTest.php:322
   Ôöé

 Ô£ÿ Regex backreferences supported [0.69 ms]
   Ôöé
   Ôöé Regex rule should be returned
   Ôöé Failed asserting that an array is not empty.
   Ôöé
   Ôöé D:\meowseo\tests\properties\Property14RedirectMatchingCorrectnessTest.php:362
   Ôöé D:\meowseo\vendor\giorgiosironi\eris\src\Quantifier\Evaluation.php:52
   Ôöé D:\meowseo\vendor\giorgiosironi\eris\src\Quantifier\ForAll.php:171
   Ôöé D:\meowseo\vendor\giorgiosironi\eris\src\Quantifier\ForAll.php:194
   Ôöé D:\meowseo\tests\properties\Property14RedirectMatchingCorrectnessTest.php:344
   Ôöé

 Ô£ÿ Hit count incremented on execution [3.71 ms]
   Ôöé
   Ôöé Redirect should exist
   Ôöé Failed asserting that null is not null.
   Ôöé
   Ôöé D:\meowseo\tests\properties\Property14RedirectMatchingCorrectnessTest.php:419
   Ôöé D:\meowseo\vendor\giorgiosironi\eris\src\Quantifier\Evaluation.php:52
   Ôöé D:\meowseo\vendor\giorgiosironi\eris\src\Shrinker\Multiple.php:102
   Ôöé D:\meowseo\vendor\giorgiosironi\eris\src\Quantifier\ForAll.php:169
   Ôöé D:\meowseo\vendor\giorgiosironi\eris\src\Quantifier\Evaluation.php:57
   Ôöé D:\meowseo\vendor\giorgiosironi\eris\src\Quantifier\ForAll.php:171
   Ôöé D:\meowseo\vendor\giorgiosironi\eris\src\Quantifier\ForAll.php:194
   Ôöé D:\meowseo\tests\properties\Property14RedirectMatchingCorrectnessTest.php:398
   Ôöé

 Ôÿó No unnecessary rules loaded [368.65 ms]
   Ôöé
   Ôöé Test code or tested code printed unexpected output: 
   Ôöé Warning: Undefined property: class@anonymous::$insert_id in D:\meowseo\tests\properties\Property14RedirectMatchingCorrectnessTest.php on line 558
   Ôöé
   Ôöé Warning: Undefined property: class@anonymous::$insert_id in D:\meowseo\tests\properties\Property14RedirectMatchingCorrectnessTest.php on line 558
   Ôöé
   Ôöé Warning: Undefined property: class@anonymous::$insert_id in D:\meowseo\tests\properties\Property14RedirectMatchingCorrectnessTest.php on line 558
   Ôöé
   Ôöé Warning: Undefined property: class@anonymous::$insert_id in D:\meowseo\tests\properties\Property14RedirectMatchingCorrectnessTest.php on line 558
   Ôöé
   Ôöé Warning: Undefined property: class@anonymous::$insert_id in D:\meowseo\tests\properties\Property14RedirectMatchingCorrectnessTest.php on line 558
   Ôöé
   Ôöé Warning: Undefined property: class@anonymous::$insert_id in D:\meowseo\tests\properties\Property14RedirectMatchingCorrectnessTest.php on line 558
   Ôöé
   Ôöé Warning: Undefined property: class@anonymous::$insert_id in D:\meowseo\tests\properties\Property14RedirectMatchingCorrectnessTest.php on line 558
   Ôöé
   Ôöé Warning: Undefined property: class@anonymous::$insert_id in D:\meowseo\tests\properties\Property14RedirectMatchingCorrectnessTest.php on line 558
   Ôöé
   Ôöé Warning: Undefined property: class@anonymous::$insert_id in D:\meowseo\tests\properties\Property14RedirectMatchingCorrectnessTest.php on line 558
   Ôöé
   Ôöé Warning: Undefined property: class@anonymous::$insert_id in D:\meowseo\tests\properties\Property14RedirectMatchingCorrectnessTest.php on line 558
   Ôöé
   Ôöé Warning: Undefined property: class@anonymous::$insert_id in D:\meowseo\tests\properties\Property14RedirectMatchingCorrectnessTest.php on line 558
   Ôöé
   Ôöé Warning: Undefined property: class@anonymous::$insert_id in D:\meowseo\tests\properties\Property14RedirectMatchingCorrectnessTest.php on line 558
   Ôöé
   Ôöé Warning: Undefined property: class@anonymous::$insert_id in D:\meowseo\tests\properties\Property14RedirectMatchingCorrectnessTest.php on line 558
   Ôöé
   Ôöé Warning: Undefined property: class@anonymous::$insert_id in D:\meowseo\tests\properties\Property14RedirectMatchingCorrectnessTest.php on line 558
   Ôöé
   Ôöé Warning: Undefined property: class@anonymous::$insert_id in D:\meowseo\tests\properties\Property14RedirectMatchingCorrectnessTest.php on line 558
   Ôöé
   Ôöé Warning: Undefined property: class@anonymous::$insert_id in D:\meowseo\tests\properties\Property14RedirectMatchingCorrectnessTest.php on line 558
   Ôöé
   Ôöé Warning: Undefined property: class@anonymous::$insert_id in D:\meowseo\tests\properties\Property14RedirectMatchingCorrectnessTest.php on line 558
   Ôöé
   Ôöé Warning: Undefined property: class@anonymous::$insert_id in D:\meowseo\tests\properties\Property14RedirectMatchingCorrectnessTest.php on line 558
   Ôöé
   Ôöé Warning: Undefined property: class@anonymous::$insert_id in D:\meowseo\tests\properties\Property14RedirectMatchingCorrectnessTest.php on line 558
   Ôöé
   Ôöé Warning: Undefined property: class@anonymous::$insert_id in D:\meowseo\tests\properties\Property14RedirectMatchingCorrectnessTest.php on line 558
   Ôöé
   Ôöé Warning: Undefined property: class@anonymous::$insert_id in D:\meowseo\tests\properties\Property14RedirectMatchingCorrectnessTest.php on line 558
   Ôöé
   Ôöé Warning: Undefined property: class@anonymous::$insert_id in D:\meowseo\tests\properties\Property14RedirectMatchingCorrectnessTest.php on line 558
   Ôöé
   Ôöé Warning: Undefined property: class@anonymous::$insert_id in D:\meowseo\tests\properties\Property14RedirectMatchingCorrectnessTest.php on line 558
   Ôöé
   Ôöé Warning: Undefined property: class@anonymous::$insert_id in D:\meowseo\tests\properties\Property14RedirectMatchingCorrectnessTest.php on line 558
   Ôöé
   Ôöé Warning: Undefined property: class@anonymous::$insert_id in D:\meowseo\tests\properties\Property14RedirectMatchingCorrectnessTest.php on line 558
   Ôöé
   Ôöé Warning: Undefined property: class@anonymous::$insert_id in D:\meowseo\tests\properties\Property14RedirectMatchingCorrectnessTest.php on line 558
   Ôöé
   Ôöé Warning: Undefined property: class@anonymous::$insert_id in D:\meowseo\tests\properties\Property14RedirectMatchingCorrectnessTest.php on line 558
   Ôöé
   Ôöé Warning: Undefined property: class@anonymous::$insert_id in D:\meowseo\tests\properties\Property14RedirectMatchingCorrectnessTest.php on line 558
   Ôöé
   Ôöé Warning: Undefined property: class@anonymous::$insert_id in D:\meowseo\tests\properties\Property14RedirectMatchingCorrectnessTest.php on line 558
   Ôöé
   Ôöé Warning: Undefined property: class@anonymous::$insert_id in D:\meowseo\tests\properties\Property14RedirectMatchingCorrectnessTest.php on line 558
   Ôöé
   Ôöé Warning: Undefined property: class@anonymous::$insert_id in D:\meowseo\tests\properties\Property14RedirectMatchingCorrectnessTest.php on line 558
   Ôöé
   Ôöé Warning: Undefined property: class@anonymous::$insert_id in D:\meowseo\tests\properties\Property14RedirectMatchingCorrectnessTest.php on line 558
   Ôöé
   Ôöé Warning: Undefined property: class@anonymous::$insert_id in D:\meowseo\tests\properties\Property14RedirectMatchingCorrectnessTest.php on line 558
   Ôöé
   Ôöé Warning: Undefined property: class@anonymous::$insert_id in D:\meowseo\tests\properties\Property14RedirectMatchingCorrectnessTest.php on line 558
   Ôöé
   Ôöé Warning: Undefined property: class@anonymous::$insert_id in D:\meowseo\tests\properties\Property14RedirectMatchingCorrectnessTest.php on line 558
   Ôöé
   Ôöé Warning: Undefined property: class@anonymous::$insert_id in D:\meowseo\tests\properties\Property14RedirectMatchingCorrectnessTest.php on line 558
   Ôöé
   Ôöé Warning: Undefined property: class@anonymous::$insert_id in D:\meowseo\tests\properties\Property14RedirectMatchingCorrectnessTest.php on line 558
   Ôöé
   Ôöé Warning: Undefined property: class@anonymous::$insert_id in D:\meowseo\tests\properties\Property14RedirectMatchingCorrectnessTest.php on line 558
   Ôöé
   Ôöé Warning: Undefined property: class@anonymous::$insert_id in D:\meowseo\tests\properties\Property14RedirectMatchingCorrectnessTest.php on line 558
   Ôöé
   Ôöé Warning: Undefined property: class@anonymous::$insert_id in D:\meowseo\tests\properties\Property14RedirectMatchingCorrectnessTest.php on line 558
   Ôöé
   Ôöé Warning: Undefined property: class@anonymous::$insert_id in D:\meowseo\tests\properties\Property14RedirectMatchingCorrectnessTest.php on line 558
   Ôöé
   Ôöé Warning: Undefined property: class@anonymous::$insert_id in D:\meowseo\tests\properties\Property14RedirectMatchingCorrectnessTest.php on line 558
   Ôöé
   Ôöé Warning: Undefined property: class@anonymous::$insert_id in D:\meowseo\tests\properties\Property14RedirectMatchingCorrectnessTest.php on line 558
   Ôöé
   Ôöé Warning: Undefined property: class@anonymous::$insert_id in D:\meowseo\tests\properties\Property14RedirectMatchingCorrectnessTest.php on line 558
   Ôöé
   Ôöé Warning: Undefined property: class@anonymous::$insert_id in D:\meowseo\tests\properties\Property14RedirectMatchingCorrectnessTest.php on line 558
   Ôöé
   Ôöé Warning: Undefined property: class@anonymous::$insert_id in D:\meowseo\tests\properties\Property14RedirectMatchingCorrectnessTest.php on line 558
   Ôöé
   Ôöé Warning: Undefined property: class@anonymous::$insert_id in D:\meowseo\tests\properties\Property14RedirectMatchingCorrectnessTest.php on line 558
   Ôöé
   Ôöé Warning: Undefined property: class@anonymous::$insert_id in D:\meowseo\tests\properties\Property14RedirectMatchingCorrectnessTest.php on line 558
   Ôöé
   Ôöé Warning: Undefined property: class@anonymous::$insert_id in D:\meowseo\tests\properties\Property14RedirectMatchingCorrectnessTest.php on line 558
   Ôöé
   Ôöé Warning: Undefined property: class@anonymous::$insert_id in D:\meowseo\tests\properties\Property14RedirectMatchingCorrectnessTest.php on line 558
   Ôöé
   Ôöé Warning: Undefined property: class@anonymous::$insert_id in D:\meowseo\tests\properties\Property14RedirectMatchingCorrectnessTest.php on line 558
   Ôöé
   Ôöé Warning: Undefined property: class@anonymous::$insert_id in D:\meowseo\tests\properties\Property14RedirectMatchingCorrectnessTest.php on line 558
   Ôöé
   Ôöé Warning: Undefined property: class@anonymous::$insert_id in D:\meowseo\tests\properties\Property14RedirectMatchingCorrectnessTest.php on line 558
   Ôöé
   Ôöé Warning: Undefined property: class@anonymous::$insert_id in D:\meowseo\tests\properties\Property14RedirectMatchingCorrectnessTest.php on line 558
   Ôöé
   Ôöé Warning: Undefined property: class@anonymous::$insert_id in D:\meowseo\tests\properties\Property14RedirectMatchingCorrectnessTest.php on line 558
   Ôöé
   Ôöé Warning: Undefined property: class@anonymous::$insert_id in D:\meowseo\tests\properties\Property14RedirectMatchingCorrectnessTest.php on line 558
   Ôöé
   Ôöé Warning: Undefined property: class@anonymous::$insert_id in D:\meowseo\tests\properties\Property14RedirectMatchingCorrectnessTest.php on line 558
   Ôöé
   Ôöé Warning: Undefined property: class@anonymous::$insert_id in D:\meowseo\tests\properties\Property14RedirectMatchingCorrectnessTest.php on line 558
   Ôöé
   Ôöé Warning: Undefined property: class@anonymous::$insert_id in D:\meowseo\tests\properties\Property14RedirectMatchingCorrectnessTest.php on line 558
   Ôöé
   Ôöé Warning: Undefined property: class@anonymous::$insert_id in D:\meowseo\tests\properties\Property14RedirectMatchingCorrectnessTest.php on line 558
   Ôöé
   Ôöé Warning: Undefined property: class@anonymous::$insert_id in D:\meowseo\tests\properties\Property14RedirectMatchingCorrectnessTest.php on line 558
   Ôöé
   Ôöé Warning: Undefined property: class@anonymous::$insert_id in D:\meowseo\tests\properties\Property14RedirectMatchingCorrectnessTest.php on line 558
   Ôöé
   Ôöé Warning: Undefined property: class@anonymous::$insert_id in D:\meowseo\tests\properties\Property14RedirectMatchingCorrectnessTest.php on line 558
   Ôöé
   Ôöé Warning: Undefined property: class@anonymous::$insert_id in D:\meowseo\tests\properties\Property14RedirectMatchingCorrectnessTest.php on line 558
   Ôöé
   Ôöé Warning: Undefined property: class@anonymous::$insert_id in D:\meowseo\tests\properties\Property14RedirectMatchingCorrectnessTest.php on line 558
   Ôöé
   Ôöé Warning: Undefined property: class@anonymous::$insert_id in D:\meowseo\tests\properties\Property14RedirectMatchingCorrectnessTest.php on line 558
   Ôöé
   Ôöé Warning: Undefined property: class@anonymous::$insert_id in D:\meowseo\tests\properties\Property14RedirectMatchingCorrectnessTest.php on line 558
   Ôöé
   Ôöé Warning: Undefined property: class@anonymous::$insert_id in D:\meowseo\tests\properties\Property14RedirectMatchingCorrectnessTest.php on line 558
   Ôöé
   Ôöé Warning: Undefined property: class@anonymous::$insert_id in D:\meowseo\tests\properties\Property14RedirectMatchingCorrectnessTest.php on line 558
   Ôöé
   Ôöé Warning: Undefined property: class@anonymous::$insert_id in D:\meowseo\tests\properties\Property14RedirectMatchingCorrectnessTest.php on line 558
   Ôöé
   Ôöé Warning: Undefined property: class@anonymous::$insert_id in D:\meowseo\tests\properties\Property14RedirectMatchingCorrectnessTest.php on line 558
   Ôöé
   Ôöé Warning: Undefined property: class@anonymous::$insert_id in D:\meowseo\tests\properties\Property14RedirectMatchingCorrectnessTest.php on line 558
   Ôöé
   Ôöé Warning: Undefined property: class@anonymous::$insert_id in D:\meowseo\tests\properties\Property14RedirectMatchingCorrectnessTest.php on line 558
   Ôöé
   Ôöé Warning: Undefined property: class@anonymous::$insert_id in D:\meowseo\tests\properties\Property14RedirectMatchingCorrectnessTest.php on line 558
   Ôöé
   Ôöé Warning: Undefined property: class@anonymous::$insert_id in D:\meowseo\tests\properties\Property14RedirectMatchingCorrectnessTest.php on line 558
   Ôöé
   Ôöé Warning: Undefined property: class@anonymous::$insert_id in D:\meowseo\tests\properties\Property14RedirectMatchingCorrectnessTest.php on line 558
   Ôöé
   Ôöé Warning: Undefined property: class@anonymous::$insert_id in D:\meowseo\tests\properties\Property14RedirectMatchingCorrectnessTest.php on line 558
   Ôöé
   Ôöé Warning: Undefined property: class@anonymous::$insert_id in D:\meowseo\tests\properties\Property14RedirectMatchingCorrectnessTest.php on line 558
   Ôöé
   Ôöé Warning: Undefined property: class@anonymous::$insert_id in D:\meowseo\tests\properties\Property14RedirectMatchingCorrectnessTest.php on line 558
   Ôöé
   Ôöé Warning: Undefined property: class@anonymous::$insert_id in D:\meowseo\tests\properties\Property14RedirectMatchingCorrectnessTest.php on line 558
   Ôöé
   Ôöé Warning: Undefined property: class@anonymous::$insert_id in D:\meowseo\tests\properties\Property14RedirectMatchingCorrectnessTest.php on line 558
   Ôöé
   Ôöé Warning: Undefined property: class@anonymous::$insert_id in D:\meowseo\tests\properties\Property14RedirectMatchingCorrectnessTest.php on line 558
   Ôöé
   Ôöé Warning: Undefined property: class@anonymous::$insert_id in D:\meowseo\tests\properties\Property14RedirectMatchingCorrectnessTest.php on line 558
   Ôöé
   Ôöé Warning: Undefined property: class@anonymous::$insert_id in D:\meowseo\tests\properties\Property14RedirectMatchingCorrectnessTest.php on line 558
   Ôöé
   Ôöé Warning: Undefined property: class@anonymous::$insert_id in D:\meowseo\tests\properties\Property14RedirectMatchingCorrectnessTest.php on line 558
   Ôöé
   Ôöé Warning: Undefined property: class@anonymous::$insert_id in D:\meowseo\tests\properties\Property14RedirectMatchingCorrectnessTest.php on line 558
   Ôöé
   Ôöé Warning: Undefined property: class@anonymous::$insert_id in D:\meowseo\tests\properties\Property14RedirectMatchingCorrectnessTest.php on line 558
   Ôöé
   Ôöé Warning: Undefined property: class@anonymous::$insert_id in D:\meowseo\tests\properties\Property14RedirectMatchingCorrectnessTest.php on line 558
   Ôöé
   Ôöé Warning: Undefined property: class@anonymous::$insert_id in D:\meowseo\tests\properties\Property14RedirectMatchingCorrectnessTest.php on line 558
   Ôöé
   Ôöé Warning: Undefined property: class@anonymous::$insert_id in D:\meowseo\tests\properties\Property14RedirectMatchingCorrectnessTest.php on line 558
   Ôöé
   Ôöé Warning: Undefined property: class@anonymous::$insert_id in D:\meowseo\tests\properties\Property14RedirectMatchingCorrectnessTest.php on line 558
   Ôöé
   Ôöé Warning: Undefined property: class@anonymous::$insert_id in D:\meowseo\tests\properties\Property14RedirectMatchingCorrectnessTest.php on line 558
   Ôöé
   Ôöé Warning: Undefined property: class@anonymous::$insert_id in D:\meowseo\tests\properties\Property14RedirectMatchingCorrectnessTest.php on line 558
   Ôöé
   Ôöé Warning: Undefined property: class@anonymous::$insert_id in D:\meowseo\tests\properties\Property14RedirectMatchingCorrectnessTest.php on line 558
   Ôöé
   Ôöé Warning: Undefined property: class@anonymous::$insert_id in D:\meowseo\tests\properties\Property14RedirectMatchingCorrectnessTest.php on line 558
   Ôöé
   Ôöé Warning: Undefined property: class@anonymous::$insert_id in D:\meowseo\tests\properties\Property14RedirectMatchingCorrectnessTest.php on line 558
   Ôöé
   Ôöé Warning: Undefined property: class@anonymous::$insert_id in D:\meowseo\tests\properties\Property14RedirectMatchingCorrectnessTest.php on line 558
   Ôöé
   Ôöé Warning: Undefined property: class@anonymous::$insert_id in D:\meowseo\tests\properties\Property14RedirectMatchingCorrectnessTest.php on line 558
   Ôöé
   Ôöé Warning: Undefined property: class@anonymous::$insert_id in D:\meowseo\tests\properties\Property14RedirectMatchingCorrectnessTest.php on line 558
   Ôöé
   Ôöé Warning: Undefined property: class@anonymous::$insert_id in D:\meowseo\tests\properties\Property14RedirectMatchingCorrectnessTest.php on line 558
   Ôöé
   Ôöé Warning: Undefined property: class@anonymous::$insert_id in D:\meowseo\tests\properties\Property14RedirectMatchingCorrectnessTest.php on line 558
   Ôöé
   Ôöé Warning: Undefined property: class@anonymous::$insert_id in D:\meowseo\tests\properties\Property14RedirectMatchingCorrectnessTest.php on line 558
   Ôöé
   Ôöé Warning: Undefined property: class@anonymous::$insert_id in D:\meowseo\tests\properties\Property14RedirectMatchingCorrectnessTest.php on line 558
   Ôöé
   Ôöé Warning: Undefined property: class@anonymous::$insert_id in D:\meowseo\tests\properties\Property14RedirectMatchingCorrectnessTest.php on line 558
   Ôöé
   Ôöé Warning: Undefined property: class@anonymous::$insert_id in D:\meowseo\tests\properties\Property14RedirectMatchingCorrectnessTest.php on line 558
   Ôöé
   Ôöé Warning: Undefined property: class@anonymous::$insert_id in D:\meowseo\tests\properties\Property14RedirectMatchingCorrectnessTest.php on line 558
   Ôöé
   Ôöé Warning: Undefined property: class@anonymous::$insert_id in D:\meowseo\tests\properties\Property14RedirectMatchingCorrectnessTest.php on line 558
   Ôöé
   Ôöé Warning: Undefined property: class@anonymous::$insert_id in D:\meowseo\tests\properties\Property14RedirectMatchingCorrectnessTest.php on line 558
   Ôöé
   Ôöé Warning: Undefined property: class@anonymous::$insert_id in D:\meowseo\tests\properties\Property14RedirectMatchingCorrectnessTest.php on line 558
   Ôöé
   Ôöé Warning: Undefined property: class@anonymous::$insert_id in D:\meowseo\tests\properties\Property14RedirectMatchingCorrectnessTest.php on line 558
   Ôöé
   Ôöé Warning: Undefined property: class@anonymous::$insert_id in D:\meowseo\tests\properties\Property14RedirectMatchingCorrectnessTest.php on line 558
   Ôöé
   Ôöé Warning: Undefined property: class@anonymous::$insert_id in D:\meowseo\tests\properties\Property14RedirectMatchingCorrectnessTest.php on line 558
   Ôöé
   Ôöé Warning: Undefined property: class@anonymous::$insert_id in D:\meowseo\tests\properties\Property14RedirectMatchingCorrectnessTest.php on line 558
   Ôöé
   Ôöé Warning: Undefined property: class@anonymous::$insert_id in D:\meowseo\tests\properties\Property14RedirectMatchingCorrectnessTest.php on line 558
   Ôöé
   Ôöé Warning: Undefined property: class@anonymous::$insert_id in D:\meowseo\tests\properties\Property14RedirectMatchingCorrectnessTest.php on line 558
   Ôöé
   Ôöé Warning: Undefined property: class@anonymous::$insert_id in D:\meowseo\tests\properties\Property14RedirectMatchingCorrectnessTest.php on line 558
   Ôöé
   Ôöé Warning: Undefined property: class@anonymous::$insert_id in D:\meowseo\tests\properties\Property14RedirectMatchingCorrectnessTest.php on line 558
   Ôöé
   Ôöé Warning: Undefined property: class@anonymous::$insert_id in D:\meowseo\tests\properties\Property14RedirectMatchingCorrectnessTest.php on line 558
   Ôöé
   Ôöé Warning: Undefined property: class@anonymous::$insert_id in D:\meowseo\tests\properties\Property14RedirectMatchingCorrectnessTest.php on line 558
   Ôöé
   Ôöé Warning: Undefined property: class@anonymous::$insert_id in D:\meowseo\tests\properties\Property14RedirectMatchingCorrectnessTest.php on line 558
   Ôöé
   Ôöé Warning: Undefined property: class@anonymous::$insert_id in D:\meowseo\tests\properties\Property14RedirectMatchingCorrectnessTest.php on line 558
   Ôöé
   Ôöé Warning: Undefined property: class@anonymous::$insert_id in D:\meowseo\tests\properties\Property14RedirectMatchingCorrectnessTest.php on line 558
   Ôöé
   Ôöé Warning: Undefined property: class@anonymous::$insert_id in D:\meowseo\tests\properties\Property14RedirectMatchingCorrectnessTest.php on line 558
   Ôöé
   Ôöé Warning: Undefined property: class@anonymous::$insert_id in D:\meowseo\tests\properties\Property14RedirectMatchingCorrectnessTest.php on line 558
   Ôöé
   Ôöé Warning: Undefined property: class@anonymous::$insert_id in D:\meowseo\tests\properties\Property14RedirectMatchingCorrectnessTest.php on line 558
   Ôöé
   Ôöé Warning: Undefined property: class@anonymous::$insert_id in D:\meowseo\tests\properties\Property14RedirectMatchingCorrectnessTest.php on line 558
   Ôöé
   Ôöé Warning: Undefined property: class@anonymous::$insert_id in D:\meowseo\tests\properties\Property14RedirectMatchingCorrectnessTest.php on line 558
   Ôöé
   Ôöé Warning: Undefined property: class@anonymous::$insert_id in D:\meowseo\tests\properties\Property14RedirectMatchingCorrectnessTest.php on line 558
   Ôöé
   Ôöé Warning: Undefined property: class@anonymous::$insert_id in D:\meowseo\tests\properties\Property14RedirectMatchingCorrectnessTest.php on line 558
   Ôöé
   Ôöé Warning: Undefined property: class@anonymous::$insert_id in D:\meowseo\tests\properties\Property14RedirectMatchingCorrectnessTest.php on line 558
   Ôöé
   Ôöé Warning: Undefined property: class@anonymous::$insert_id in D:\meowseo\tests\properties\Property14RedirectMatchingCorrectnessTest.php on line 558
   Ôöé
   Ôöé Warning: Undefined property: class@anonymous::$insert_id in D:\meowseo\tests\properties\Property14RedirectMatchingCorrectnessTest.php on line 558
   Ôöé
   Ôöé Warning: Undefined property: class@anonymous::$insert_id in D:\meowseo\tests\properties\Property14RedirectMatchingCorrectnessTest.php on line 558
   Ôöé
   Ôöé Warning: Undefined property: class@anonymous::$insert_id in D:\meowseo\tests\properties\Property14RedirectMatchingCorrectnessTest.php on line 558
   Ôöé
   Ôöé Warning: Undefined property: class@anonymous::$insert_id in D:\meowseo\tests\properties\Property14RedirectMatchingCorrectnessTest.php on line 558
   Ôöé
   Ôöé Warning: Undefined property: class@anonymous::$insert_id in D:\meowseo\tests\properties\Property14RedirectMatchingCorrectnessTest.php on line 558
   Ôöé
   Ôöé Warning: Undefined property: class@anonymous::$insert_id in D:\meowseo\tests\properties\Property14RedirectMatchingCorrectnessTest.php on line 558
   Ôöé
   Ôöé Warning: Undefined property: class@anonymous::$insert_id in D:\meowseo\tests\properties\Property14RedirectMatchingCorrectnessTest.php on line 558
   Ôöé
   Ôöé Warning: Undefined property: class@anonymous::$insert_id in D:\meowseo\tests\properties\Property14RedirectMatchingCorrectnessTest.php on line 558
   Ôöé
   Ôöé Warning: Undefined property: class@anonymous::$insert_id in D:\meowseo\tests\properties\Property14RedirectMatchingCorrectnessTest.php on line 558
   Ôöé
   Ôöé Warning: Undefined property: class@anonymous::$insert_id in D:\meowseo\tests\properties\Property14RedirectMatchingCorrectnessTest.php on line 558
   Ôöé
   Ôöé Warning: Undefined property: class@anonymous::$insert_id in D:\meowseo\tests\properties\Property14RedirectMatchingCorrectnessTest.php on line 558
   Ôöé
   Ôöé Warning: Undefined property: class@anonymous::$insert_id in D:\meowseo\tests\properties\Property14RedirectMatchingCorrectnessTest.php on line 558
   Ôöé
   Ôöé Warning: Undefined property: class@anonymous::$insert_id in D:\meowseo\tests\properties\Property14RedirectMatchingCorrectnessTest.php on line 558
   Ôöé
   Ôöé Warning: Undefined property: class@anonymous::$insert_id in D:\meowseo\tests\properties\Property14RedirectMatchingCorrectnessTest.php on line 558
   Ôöé
   Ôöé Warning: Undefined property: class@anonymous::$insert_id in D:\meowseo\tests\properties\Property14RedirectMatchingCorrectnessTest.php on line 558
   Ôöé
   Ôöé Warning: Undefined property: class@anonymous::$insert_id in D:\meowseo\tests\properties\Property14RedirectMatchingCorrectnessTest.php on line 558
   Ôöé
   Ôöé Warning: Undefined property: class@anonymous::$insert_id in D:\meowseo\tests\properties\Property14RedirectMatchingCorrectnessTest.php on line 558
   Ôöé
   Ôöé Warning: Undefined property: class@anonymous::$insert_id in D:\meowseo\tests\properties\Property14RedirectMatchingCorrectnessTest.php on line 558
   Ôöé
   Ôöé Warning: Undefined property: class@anonymous::$insert_id in D:\meowseo\tests\properties\Property14RedirectMatchingCorrectnessTest.php on line 558
   Ôöé
   Ôöé Warning: Undefined property: class@anonymous::$insert_id in D:\meowseo\tests\properties\Property14RedirectMatchingCorrectnessTest.php on line 558
   Ôöé
   Ôöé Warning: Undefined property: class@anonymous::$insert_id in D:\meowseo\tests\properties\Property14RedirectMatchingCorrectnessTest.php on line 558
   Ôöé
   Ôöé Warning: Undefined property: class@anonymous::$insert_id in D:\meowseo\tests\properties\Property14RedirectMatchingCorrectnessTest.php on line 558
   Ôöé
   Ôöé Warning: Undefined property: class@anonymous::$insert_id in D:\meowseo\tests\properties\Property14RedirectMatchingCorrectnessTest.php on line 558
   Ôöé
   Ôöé Warning: Undefined property: class@anonymous::$insert_id in D:\meowseo\tests\properties\Property14RedirectMatchingCorrectnessTest.php on line 558
   Ôöé
   Ôöé Warning: Undefined property: class@anonymous::$insert_id in D:\meowseo\tests\properties\Property14RedirectMatchingCorrectnessTest.php on line 558
   Ôöé
   Ôöé Warning: Undefined property: class@anonymous::$insert_id in D:\meowseo\tests\properties\Property14RedirectMatchingCorrectnessTest.php on line 558
   Ôöé
   Ôöé Warning: Undefined property: class@anonymous::$insert_id in D:\meowseo\tests\properties\Property14RedirectMatchingCorrectnessTest.php on line 558
   Ôöé
   Ôöé Warning: Undefined property: class@anonymous::$insert_id in D:\meowseo\tests\properties\Property14RedirectMatchingCorrectnessTest.php on line 558
   Ôöé
   Ôöé Warning: Undefined property: class@anonymous::$insert_id in D:\meowseo\tests\properties\Property14RedirectMatchingCorrectnessTest.php on line 558
   Ôöé
   Ôöé Warning: Undefined property: class@anonymous::$insert_id in D:\meowseo\tests\properties\Property14RedirectMatchingCorrectnessTest.php on line 558
   Ôöé
   Ôöé Warning: Undefined property: class@anonymous::$insert_id in D:\meowseo\tests\properties\Property14RedirectMatchingCorrectnessTest.php on line 558
   Ôöé
   Ôöé Warning: Undefined property: class@anonymous::$insert_id in D:\meowseo\tests\properties\Property14RedirectMatchingCorrectnessTest.php on line 558
   Ôöé
   Ôöé Warning: Undefined property: class@anonymous::$insert_id in D:\meowseo\tests\properties\Property14RedirectMatchingCorrectnessTest.php on line 558
   Ôöé
   Ôöé Warning: Undefined property: class@anonymous::$insert_id in D:\meowseo\tests\properties\Property14RedirectMatchingCorrectnessTest.php on line 558
   Ôöé
   Ôöé Warning: Undefined property: class@anonymous::$insert_id in D:\meowseo\tests\properties\Property14RedirectMatchingCorrectnessTest.php on line 558
   Ôöé
   Ôöé Warning: Undefined property: class@anonymous::$insert_id in D:\meowseo\tests\properties\Property14RedirectMatchingCorrectnessTest.php on line 558
   Ôöé
   Ôöé Warning: Undefined property: class@anonymous::$insert_id in D:\meowseo\tests\properties\Property14RedirectMatchingCorrectnessTest.php on line 558
   Ôöé
   Ôöé Warning: Undefined property: class@anonymous::$insert_id in D:\meowseo\tests\properties\Property14RedirectMatchingCorrectnessTest.php on line 558
   Ôöé
   Ôöé Warning: Undefined property: class@anonymous::$insert_id in D:\meowseo\tests\properties\Property14RedirectMatchingCorrectnessTest.php on line 558
   Ôöé
   Ôöé Warning: Undefined property: class@anonymous::$insert_id in D:\meowseo\tests\properties\Property14RedirectMatchingCorrectnessTest.php on line 558
   Ôöé
   Ôöé Warning: Undefined property: class@anonymous::$insert_id in D:\meowseo\tests\properties\Property14RedirectMatchingCorrectnessTest.php on line 558
   Ôöé
   Ôöé Warning: Undefined property: class@anonymous::$insert_id in D:\meowseo\tests\properties\Property14RedirectMatchingCorrectnessTest.php on line 558
   Ôöé
   Ôöé Warning: Undefined property: class@anonymous::$insert_id in D:\meowseo\tests\properties\Property14RedirectMatchingCorrectnessTest.php on line 558
   Ôöé
   Ôöé Warning: Undefined property: class@anonymous::$insert_id in D:\meowseo\tests\properties\Property14RedirectMatchingCorrectnessTest.php on line 558
   Ôöé
   Ôöé Warning: Undefined property: class@anonymous::$insert_id in D:\meowseo\tests\properties\Property14RedirectMatchingCorrectnessTest.php on line 558
   Ôöé
   Ôöé Warning: Undefined property: class@anonymous::$insert_id in D:\meowseo\tests\properties\Property14RedirectMatchingCorrectnessTest.php on line 558
   Ôöé
   Ôöé Warning: Undefined property: class@anonymous::$insert_id in D:\meowseo\tests\properties\Property14RedirectMatchingCorrectnessTest.php on line 558
   Ôöé
   Ôöé Warning: Undefined property: class@anonymous::$insert_id in D:\meowseo\tests\properties\Property14RedirectMatchingCorrectnessTest.php on line 558
   Ôöé
   Ôöé Warning: Undefined property: class@anonymous::$insert_id in D:\meowseo\tests\properties\Property14RedirectMatchingCorrectnessTest.php on line 558
   Ôöé
   Ôöé Warning: Undefined property: class@anonymous::$insert_id in D:\meowseo\tests\properties\Property14RedirectMatchingCorrectnessTest.php on line 558
   Ôöé
   Ôöé Warning: Undefined property: class@anonymous::$insert_id in D:\meowseo\tests\properties\Property14RedirectMatchingCorrectnessTest.php on line 558
   Ôöé
   Ôöé Warning: Undefined property: class@anonymous::$insert_id in D:\meowseo\tests\properties\Property14RedirectMatchingCorrectnessTest.php on line 558
   Ôöé
   Ôöé Warning: Undefined property: class@anonymous::$insert_id in D:\meowseo\tests\properties\Property14RedirectMatchingCorrectnessTest.php on line 558
   Ôöé
   Ôöé Warning: Undefined property: class@anonymous::$insert_id in D:\meowseo\tests\properties\Property14RedirectMatchingCorrectnessTest.php on line 558
   Ôöé
   Ôöé Warning: Undefined property: class@anonymous::$insert_id in D:\meowseo\tests\properties\Property14RedirectMatchingCorrectnessTest.php on line 558
   Ôöé
   Ôöé Warning: Undefined property: class@anonymous::$insert_id in D:\meowseo\tests\properties\Property14RedirectMatchingCorrectnessTest.php on line 558
   Ôöé
   Ôöé Warning: Undefined property: class@anonymous::$insert_id in D:\meowseo\tests\properties\Property14RedirectMatchingCorrectnessTest.php on line 558
   Ôöé
   Ôöé Warning: Undefined property: class@anonymous::$insert_id in D:\meowseo\tests\properties\Property14RedirectMatchingCorrectnessTest.php on line 558
   Ôöé
   Ôöé Warning: Undefined property: class@anonymous::$insert_id in D:\meowseo\tests\properties\Property14RedirectMatchingCorrectnessTest.php on line 558
   Ôöé
   Ôöé Warning: Undefined property: class@anonymous::$insert_id in D:\meowseo\tests\properties\Property14RedirectMatchingCorrectnessTest.php on line 558
   Ôöé
   Ôöé Warning: Undefined property: class@anonymous::$insert_id in D:\meowseo\tests\properties\Property14RedirectMatchingCorrectnessTest.php on line 558
   Ôöé
   Ôöé Warning: Undefined property: class@anonymous::$insert_id in D:\meowseo\tests\properties\Property14RedirectMatchingCorrectnessTest.php on line 558
   Ôöé
   Ôöé Warning: Undefined property: class@anonymous::$insert_id in D:\meowseo\tests\properties\Property14RedirectMatchingCorrectnessTest.php on line 558
   Ôöé
   Ôöé Warning: Undefined property: class@anonymous::$insert_id in D:\meowseo\tests\properties\Property14RedirectMatchingCorrectnessTest.php on line 558
   Ôöé
   Ôöé Warning: Undefined property: class@anonymous::$insert_id in D:\meowseo\tests\properties\Property14RedirectMatchingCorrectnessTest.php on line 558
   Ôöé
   Ôöé Warning: Undefined property: class@anonymous::$insert_id in D:\meowseo\tests\properties\Property14RedirectMatchingCorrectnessTest.php on line 558
   Ôöé
   Ôöé Warning: Undefined property: class@anonymous::$insert_id in D:\meowseo\tests\properties\Property14RedirectMatchingCorrectnessTest.php on line 558
   Ôöé
   Ôöé Warning: Undefined property: class@anonymous::$insert_id in D:\meowseo\tests\properties\Property14RedirectMatchingCorrectnessTest.php on line 558
   Ôöé
   Ôöé Warning: Undefined property: class@anonymous::$insert_id in D:\meowseo\tests\properties\Property14RedirectMatchingCorrectnessTest.php on line 558
   Ôöé
   Ôöé Warning: Undefined property: class@anonymous::$insert_id in D:\meowseo\tests\properties\Property14RedirectMatchingCorrectnessTest.php on line 558
   Ôöé
   Ôöé Warning: Undefined property: class@anonymous::$insert_id in D:\meowseo\tests\properties\Property14RedirectMatchingCorrectnessTest.php on line 558
   Ôöé
   Ôöé Warning: Undefined property: class@anonymous::$insert_id in D:\meowseo\tests\properties\Property14RedirectMatchingCorrectnessTest.php on line 558
   Ôöé
   Ôöé Warning: Undefined property: class@anonymous::$insert_id in D:\meowseo\tests\properties\Property14RedirectMatchingCorrectnessTest.php on line 558
   Ôöé
   Ôöé Warning: Undefined property: class@anonymous::$insert_id in D:\meowseo\tests\properties\Property14RedirectMatchingCorrectnessTest.php on line 558
   Ôöé
   Ôöé Warning: Undefined property: class@anonymous::$insert_id in D:\meowseo\tests\properties\Property14RedirectMatchingCorrectnessTest.php on line 558
   Ôöé
   Ôöé Warning: Undefined property: class@anonymous::$insert_id in D:\meowseo\tests\properties\Property14RedirectMatchingCorrectnessTest.php on line 558
   Ôöé
   Ôöé Warning: Undefined property: class@anonymous::$insert_id in D:\meowseo\tests\properties\Property14RedirectMatchingCorrectnessTest.php on line 558
   Ôöé
   Ôöé Warning: Undefined property: class@anonymous::$insert_id in D:\meowseo\tests\properties\Property14RedirectMatchingCorrectnessTest.php on line 558
   Ôöé
   Ôöé Warning: Undefined property: class@anonymous::$insert_id in D:\meowseo\tests\properties\Property14RedirectMatchingCorrectnessTest.php on line 558
   Ôöé
   Ôöé Warning: Undefined property: class@anonymous::$insert_id in D:\meowseo\tests\properties\Property14RedirectMatchingCorrectnessTest.php on line 558
   Ôöé
   Ôöé Warning: Undefined property: class@anonymous::$insert_id in D:\meowseo\tests\properties\Property14RedirectMatchingCorrectnessTest.php on line 558
   Ôöé
   Ôöé Warning: Undefined property: class@anonymous::$insert_id in D:\meowseo\tests\properties\Property14RedirectMatchingCorrectnessTest.php on line 558
   Ôöé
   Ôöé Warning: Undefined property: class@anonymous::$insert_id in D:\meowseo\tests\properties\Property14RedirectMatchingCorrectnessTest.php on line 558
   Ôöé
   Ôöé Warning: Undefined property: class@anonymous::$insert_id in D:\meowseo\tests\properties\Property14RedirectMatchingCorrectnessTest.php on line 558
   Ôöé
   Ôöé Warning: Undefined property: class@anonymous::$insert_id in D:\meowseo\tests\properties\Property14RedirectMatchingCorrectnessTest.php on line 558
   Ôöé
   Ôöé Warning: Undefined property: class@anonymous::$insert_id in D:\meowseo\tests\properties\Property14RedirectMatchingCorrectnessTest.php on line 558
   Ôöé
   Ôöé Warning: Undefined property: class@anonymous::$insert_id in D:\meowseo\tests\properties\Property14RedirectMatchingCorrectnessTest.php on line 558
   Ôöé
   Ôöé Warning: Undefined property: class@anonymous::$insert_id in D:\meowseo\tests\properties\Property14RedirectMatchingCorrectnessTest.php on line 558
   Ôöé
   Ôöé Warning: Undefined property: class@anonymous::$insert_id in D:\meowseo\tests\properties\Property14RedirectMatchingCorrectnessTest.php on line 558
   Ôöé
   Ôöé Warning: Undefined property: class@anonymous::$insert_id in D:\meowseo\tests\properties\Property14RedirectMatchingCorrectnessTest.php on line 558
   Ôöé
   Ôöé Warning: Undefined property: class@anonymous::$insert_id in D:\meowseo\tests\properties\Property14RedirectMatchingCorrectnessTest.php on line 558
   Ôöé
   Ôöé Warning: Undefined property: class@anonymous::$insert_id in D:\meowseo\tests\properties\Property14RedirectMatchingCorrectnessTest.php on line 558
   Ôöé
   Ôöé Warning: Undefined property: class@anonymous::$insert_id in D:\meowseo\tests\properties\Property14RedirectMatchingCorrectnessTest.php on line 558
   Ôöé
   Ôöé Warning: Undefined property: class@anonymous::$insert_id in D:\meowseo\tests\properties\Property14RedirectMatchingCorrectnessTest.php on line 558
   Ôöé
   Ôöé Warning: Undefined property: class@anonymous::$insert_id in D:\meowseo\tests\properties\Property14RedirectMatchingCorrectnessTest.php on line 558
   Ôöé
   Ôöé Warning: Undefined property: class@anonymous::$insert_id in D:\meowseo\tests\properties\Property14RedirectMatchingCorrectnessTest.php on line 558
   Ôöé
   Ôöé Warning: Undefined property: class@anonymous::$insert_id in D:\meowseo\tests\properties\Property14RedirectMatchingCorrectnessTest.php on line 558
   Ôöé
   Ôöé Warning: Undefined property: class@anonymous::$insert_id in D:\meowseo\tests\properties\Property14RedirectMatchingCorrectnessTest.php on line 558
   Ôöé
   Ôöé Warning: Undefined property: class@anonymous::$insert_id in D:\meowseo\tests\properties\Property14RedirectMatchingCorrectnessTest.php on line 558
   Ôöé
   Ôöé Warning: Undefined property: class@anonymous::$insert_id in D:\meowseo\tests\properties\Property14RedirectMatchingCorrectnessTest.php on line 558
   Ôöé
   Ôöé Warning: Undefined property: class@anonymous::$insert_id in D:\meowseo\tests\properties\Property14RedirectMatchingCorrectnessTest.php on line 558
   Ôöé
   Ôöé Warning: Undefined property: class@anonymous::$insert_id in D:\meowseo\tests\properties\Property14RedirectMatchingCorrectnessTest.php on line 558
   Ôöé
   Ôöé Warning: Undefined property: class@anonymous::$insert_id in D:\meowseo\tests\properties\Property14RedirectMatchingCorrectnessTest.php on line 558
   Ôöé
   Ôöé Warning: Undefined property: class@anonymous::$insert_id in D:\meowseo\tests\properties\Property14RedirectMatchingCorrectnessTest.php on line 558
   Ôöé
   Ôöé Warning: Undefined property: class@anonymous::$insert_id in D:\meowseo\tests\properties\Property14RedirectMatchingCorrectnessTest.php on line 558
   Ôöé
   Ôöé Warning: Undefined property: class@anonymous::$insert_id in D:\meowseo\tests\properties\Property14RedirectMatchingCorrectnessTest.php on line 558
   Ôöé
   Ôöé Warning: Undefined property: class@anonymous::$insert_id in D:\meowseo\tests\properties\Property14RedirectMatchingCorrectnessTest.php on line 558
   Ôöé
   Ôöé Warning: Undefined property: class@anonymous::$insert_id in D:\meowseo\tests\properties\Property14RedirectMatchingCorrectnessTest.php on line 558
   Ôöé
   Ôöé Warning: Undefined property: class@anonymous::$insert_id in D:\meowseo\tests\properties\Property14RedirectMatchingCorrectnessTest.php on line 558
   Ôöé
   Ôöé Warning: Undefined property: class@anonymous::$insert_id in D:\meowseo\tests\properties\Property14RedirectMatchingCorrectnessTest.php on line 558
   Ôöé
   Ôöé Warning: Undefined property: class@anonymous::$insert_id in D:\meowseo\tests\properties\Property14RedirectMatchingCorrectnessTest.php on line 558
   Ôöé
   Ôöé Warning: Undefined property: class@anonymous::$insert_id in D:\meowseo\tests\properties\Property14RedirectMatchingCorrectnessTest.php on line 558
   Ôöé
   Ôöé Warning: Undefined property: class@anonymous::$insert_id in D:\meowseo\tests\properties\Property14RedirectMatchingCorrectnessTest.php on line 558
   Ôöé
   Ôöé Warning: Undefined property: class@anonymous::$insert_id in D:\meowseo\tests\properties\Property14RedirectMatchingCorrectnessTest.php on line 558
   Ôöé
   Ôöé Warning: Undefined property: class@anonymous::$insert_id in D:\meowseo\tests\properties\Property14RedirectMatchingCorrectnessTest.php on line 558
   Ôöé
   Ôöé Warning: Undefined property: class@anonymous::$insert_id in D:\meowseo\tests\properties\Property14RedirectMatchingCorrectnessTest.php on line 558
   Ôöé
   Ôöé Warning: Undefined property: class@anonymous::$insert_id in D:\meowseo\tests\properties\Property14RedirectMatchingCorrectnessTest.php on line 558
   Ôöé
   Ôöé Warning: Undefined property: class@anonymous::$insert_id in D:\meowseo\tests\properties\Property14RedirectMatchingCorrectnessTest.php on line 558
   Ôöé
   Ôöé Warning: Undefined property: class@anonymous::$insert_id in D:\meowseo\tests\properties\Property14RedirectMatchingCorrectnessTest.php on line 558
   Ôöé
   Ôöé Warning: Undefined property: class@anonymous::$insert_id in D:\meowseo\tests\properties\Property14RedirectMatchingCorrectnessTest.php on line 558
   Ôöé
   Ôöé Warning: Undefined property: class@anonymous::$insert_id in D:\meowseo\tests\properties\Property14RedirectMatchingCorrectnessTest.php on line 558
   Ôöé
   Ôöé Warning: Undefined property: class@anonymous::$insert_id in D:\meowseo\tests\properties\Property14RedirectMatchingCorrectnessTest.php on line 558
   Ôöé
   Ôöé Warning: Undefined property: class@anonymous::$insert_id in D:\meowseo\tests\properties\Property14RedirectMatchingCorrectnessTest.php on line 558
   Ôöé
   Ôöé Warning: Undefined property: class@anonymous::$insert_id in D:\meowseo\tests\properties\Property14RedirectMatchingCorrectnessTest.php on line 558
   Ôöé
   Ôöé Warning: Undefined property: class@anonymous::$insert_id in D:\meowseo\tests\properties\Property14RedirectMatchingCorrectnessTest.php on line 558
   Ôöé
   Ôöé Warning: Undefined property: class@anonymous::$insert_id in D:\meowseo\tests\properties\Property14RedirectMatchingCorrectnessTest.php on line 558
   Ôöé
   Ôöé Warning: Undefined property: class@anonymous::$insert_id in D:\meowseo\tests\properties\Property14RedirectMatchingCorrectnessTest.php on line 558
   Ôöé
   Ôöé Warning: Undefined property: class@anonymous::$insert_id in D:\meowseo\tests\properties\Property14RedirectMatchingCorrectnessTest.php on line 558
   Ôöé
   Ôöé Warning: Undefined property: class@anonymous::$insert_id in D:\meowseo\tests\properties\Property14RedirectMatchingCorrectnessTest.php on line 558
   Ôöé
   Ôöé Warning: Undefined property: class@anonymous::$insert_id in D:\meowseo\tests\properties\Property14RedirectMatchingCorrectnessTest.php on line 558
   Ôöé
   Ôöé Warning: Undefined property: class@anonymous::$insert_id in D:\meowseo\tests\properties\Property14RedirectMatchingCorrectnessTest.php on line 558
   Ôöé
   Ôöé Warning: Undefined property: class@anonymous::$insert_id in D:\meowseo\tests\properties\Property14RedirectMatchingCorrectnessTest.php on line 558
   Ôöé
   Ôöé Warning: Undefined property: class@anonymous::$insert_id in D:\meowseo\tests\properties\Property14RedirectMatchingCorrectnessTest.php on line 558
   Ôöé
   Ôöé Warning: Undefined property: class@anonymous::$insert_id in D:\meowseo\tests\properties\Property14RedirectMatchingCorrectnessTest.php on line 558
   Ôöé
   Ôöé Warning: Undefined property: class@anonymous::$insert_id in D:\meowseo\tests\properties\Property14RedirectMatchingCorrectnessTest.php on line 558
   Ôöé
   Ôöé Warning: Undefined property: class@anonymous::$insert_id in D:\meowseo\tests\properties\Property14RedirectMatchingCorrectnessTest.php on line 558
   Ôöé
   Ôöé Warning: Undefined property: class@anonymous::$insert_id in D:\meowseo\tests\properties\Property14RedirectMatchingCorrectnessTest.php on line 558
   Ôöé
   Ôöé Warning: Undefined property: class@anonymous::$insert_id in D:\meowseo\tests\properties\Property14RedirectMatchingCorrectnessTest.php on line 558
   Ôöé
   Ôöé Warning: Undefined property: class@anonymous::$insert_id in D:\meowseo\tests\properties\Property14RedirectMatchingCorrectnessTest.php on line 558
   Ôöé
   Ôöé Warning: Undefined property: class@anonymous::$insert_id in D:\meowseo\tests\properties\Property14RedirectMatchingCorrectnessTest.php on line 558
   Ôöé
   Ôöé Warning: Undefined property: class@anonymous::$insert_id in D:\meowseo\tests\properties\Property14RedirectMatchingCorrectnessTest.php on line 558
   Ôöé
   Ôöé Warning: Undefined property: class@anonymous::$insert_id in D:\meowseo\tests\properties\Property14RedirectMatchingCorrectnessTest.php on line 558
   Ôöé
   Ôöé Warning: Undefined property: class@anonymous::$insert_id in D:\meowseo\tests\properties\Property14RedirectMatchingCorrectnessTest.php on line 558
   Ôöé
   Ôöé Warning: Undefined property: class@anonymous::$insert_id in D:\meowseo\tests\properties\Property14RedirectMatchingCorrectnessTest.php on line 558
   Ôöé
   Ôöé Warning: Undefined property: class@anonymous::$insert_id in D:\meowseo\tests\properties\Property14RedirectMatchingCorrectnessTest.php on line 558
   Ôöé
   Ôöé Warning: Undefined property: class@anonymous::$insert_id in D:\meowseo\tests\properties\Property14RedirectMatchingCorrectnessTest.php on line 558
   Ôöé
   Ôöé Warning: Undefined property: class@anonymous::$insert_id in D:\meowseo\tests\properties\Property14RedirectMatchingCorrectnessTest.php on line 558
   Ôöé
   Ôöé Warning: Undefined property: class@anonymous::$insert_id in D:\meowseo\tests\properties\Property14RedirectMatchingCorrectnessTest.php on line 558
   Ôöé
   Ôöé Warning: Undefined property: class@anonymous::$insert_id in D:\meowseo\tests\properties\Property14RedirectMatchingCorrectnessTest.php on line 558
   Ôöé
   Ôöé Warning: Undefined property: class@anonymous::$insert_id in D:\meowseo\tests\properties\Property14RedirectMatchingCorrectnessTest.php on line 558
   Ôöé
   Ôöé Warning: Undefined property: class@anonymous::$insert_id in D:\meowseo\tests\properties\Property14RedirectMatchingCorrectnessTest.php on line 558
   Ôöé
   Ôöé Warning: Undefined property: class@anonymous::$insert_id in D:\meowseo\tests\properties\Property14RedirectMatchingCorrectnessTest.php on line 558
   Ôöé
   Ôöé Warning: Undefined property: class@anonymous::$insert_id in D:\meowseo\tests\properties\Property14RedirectMatchingCorrectnessTest.php on line 558
   Ôöé
   Ôöé Warning: Undefined property: class@anonymous::$insert_id in D:\meowseo\tests\properties\Property14RedirectMatchingCorrectnessTest.php on line 558
   Ôöé
   Ôöé Warning: Undefined property: class@anonymous::$insert_id in D:\meowseo\tests\properties\Property14RedirectMatchingCorrectnessTest.php on line 558
   Ôöé
   Ôöé Warning: Undefined property: class@anonymous::$insert_id in D:\meowseo\tests\properties\Property14RedirectMatchingCorrectnessTest.php on line 558
   Ôöé
   Ôöé Warning: Undefined property: class@anonymous::$insert_id in D:\meowseo\tests\properties\Property14RedirectMatchingCorrectnessTest.php on line 558
   Ôöé
   Ôöé Warning: Undefined property: class@anonymous::$insert_id in D:\meowseo\tests\properties\Property14RedirectMatchingCorrectnessTest.php on line 558
   Ôöé
   Ôöé Warning: Undefined property: class@anonymous::$insert_id in D:\meowseo\tests\properties\Property14RedirectMatchingCorrectnessTest.php on line 558
   Ôöé
   Ôöé Warning: Undefined property: class@anonymous::$insert_id in D:\meowseo\tests\properties\Property14RedirectMatchingCorrectnessTest.php on line 558
   Ôöé
   Ôöé Warning: Undefined property: class@anonymous::$insert_id in D:\meowseo\tests\properties\Property14RedirectMatchingCorrectnessTest.php on line 558
   Ôöé
   Ôöé Warning: Undefined property: class@anonymous::$insert_id in D:\meowseo\tests\properties\Property14RedirectMatchingCorrectnessTest.php on line 558
   Ôöé
   Ôöé Warning: Undefined property: class@anonymous::$insert_id in D:\meowseo\tests\properties\Property14RedirectMatchingCorrectnessTest.php on line 558
   Ôöé
   Ôöé Warning: Undefined property: class@anonymous::$insert_id in D:\meowseo\tests\properties\Property14RedirectMatchingCorrectnessTest.php on line 558
   Ôöé
   Ôöé Warning: Undefined property: class@anonymous::$insert_id in D:\meowseo\tests\properties\Property14RedirectMatchingCorrectnessTest.php on line 558
   Ôöé
   Ôöé Warning: Undefined property: class@anonymous::$insert_id in D:\meowseo\tests\properties\Property14RedirectMatchingCorrectnessTest.php on line 558
   Ôöé
   Ôöé Warning: Undefined property: class@anonymous::$insert_id in D:\meowseo\tests\properties\Property14RedirectMatchingCorrectnessTest.php on line 558
   Ôöé
   Ôöé Warning: Undefined property: class@anonymous::$insert_id in D:\meowseo\tests\properties\Property14RedirectMatchingCorrectnessTest.php on line 558
   Ôöé
   Ôöé Warning: Undefined property: class@anonymous::$insert_id in D:\meowseo\tests\properties\Property14RedirectMatchingCorrectnessTest.php on line 558
   Ôöé
   Ôöé Warning: Undefined property: class@anonymous::$insert_id in D:\meowseo\tests\properties\Property14RedirectMatchingCorrectnessTest.php on line 558
   Ôöé
   Ôöé Warning: Undefined property: class@anonymous::$insert_id in D:\meowseo\tests\properties\Property14RedirectMatchingCorrectnessTest.php on line 558
   Ôöé
   Ôöé Warning: Undefined property: class@anonymous::$insert_id in D:\meowseo\tests\properties\Property14RedirectMatchingCorrectnessTest.php on line 558
   Ôöé
   Ôöé Warning: Undefined property: class@anonymous::$insert_id in D:\meowseo\tests\properties\Property14RedirectMatchingCorrectnessTest.php on line 558
   Ôöé
   Ôöé Warning: Undefined property: class@anonymous::$insert_id in D:\meowseo\tests\properties\Property14RedirectMatchingCorrectnessTest.php on line 558
   Ôöé
   Ôöé Warning: Undefined property: class@anonymous::$insert_id in D:\meowseo\tests\properties\Property14RedirectMatchingCorrectnessTest.php on line 558
   Ôöé
   Ôöé Warning: Undefined property: class@anonymous::$insert_id in D:\meowseo\tests\properties\Property14RedirectMatchingCorrectnessTest.php on line 558
   Ôöé
   Ôöé Warning: Undefined property: class@anonymous::$insert_id in D:\meowseo\tests\properties\Property14RedirectMatchingCorrectnessTest.php on line 558
   Ôöé
   Ôöé Warning: Undefined property: class@anonymous::$insert_id in D:\meowseo\tests\properties\Property14RedirectMatchingCorrectnessTest.php on line 558
   Ôöé
   Ôöé Warning: Undefined property: class@anonymous::$insert_id in D:\meowseo\tests\properties\Property14RedirectMatchingCorrectnessTest.php on line 558
   Ôöé
   Ôöé Warning: Undefined property: class@anonymous::$insert_id in D:\meowseo\tests\properties\Property14RedirectMatchingCorrectnessTest.php on line 558
   Ôöé
   Ôöé Warning: Undefined property: class@anonymous::$insert_id in D:\meowseo\tests\properties\Property14RedirectMatchingCorrectnessTest.php on line 558
   Ôöé
   Ôöé Warning: Undefined property: class@anonymous::$insert_id in D:\meowseo\tests\properties\Property14RedirectMatchingCorrectnessTest.php on line 558
   Ôöé
   Ôöé Warning: Undefined property: class@anonymous::$insert_id in D:\meowseo\tests\properties\Property14RedirectMatchingCorrectnessTest.php on line 558
   Ôöé
   Ôöé Warning: Undefined property: class@anonymous::$insert_id in D:\meowseo\tests\properties\Property14RedirectMatchingCorrectnessTest.php on line 558
   Ôöé
   Ôöé Warning: Undefined property: class@anonymous::$insert_id in D:\meowseo\tests\properties\Property14RedirectMatchingCorrectnessTest.php on line 558
   Ôöé
   Ôöé Warning: Undefined property: class@anonymous::$insert_id in D:\meowseo\tests\properties\Property14RedirectMatchingCorrectnessTest.php on line 558
   Ôöé
   Ôöé Warning: Undefined property: class@anonymous::$insert_id in D:\meowseo\tests\properties\Property14RedirectMatchingCorrectnessTest.php on line 558
   Ôöé
   Ôöé Warning: Undefined property: class@anonymous::$insert_id in D:\meowseo\tests\properties\Property14RedirectMatchingCorrectnessTest.php on line 558
   Ôöé
   Ôöé Warning: Undefined property: class@anonymous::$insert_id in D:\meowseo\tests\properties\Property14RedirectMatchingCorrectnessTest.php on line 558
   Ôöé
   Ôöé Warning: Undefined property: class@anonymous::$insert_id in D:\meowseo\tests\properties\Property14RedirectMatchingCorrectnessTest.php on line 558
   Ôöé
   Ôöé Warning: Undefined property: class@anonymous::$insert_id in D:\meowseo\tests\properties\Property14RedirectMatchingCorrectnessTest.php on line 558
   Ôöé
   Ôöé Warning: Undefined property: class@anonymous::$insert_id in D:\meowseo\tests\properties\Property14RedirectMatchingCorrectnessTest.php on line 558
   Ôöé
   Ôöé Warning: Undefined property: class@anonymous::$insert_id in D:\meowseo\tests\properties\Property14RedirectMatchingCorrectnessTest.php on line 558
   Ôöé
   Ôöé Warning: Undefined property: class@anonymous::$insert_id in D:\meowseo\tests\properties\Property14RedirectMatchingCorrectnessTest.php on line 558
   Ôöé
   Ôöé Warning: Undefined property: class@anonymous::$insert_id in D:\meowseo\tests\properties\Property14RedirectMatchingCorrectnessTest.php on line 558
   Ôöé
   Ôöé Warning: Undefined property: class@anonymous::$insert_id in D:\meowseo\tests\properties\Property14RedirectMatchingCorrectnessTest.php on line 558
   Ôöé
   Ôöé Warning: Undefined property: class@anonymous::$insert_id in D:\meowseo\tests\properties\Property14RedirectMatchingCorrectnessTest.php on line 558
   Ôöé
   Ôöé Warning: Undefined property: class@anonymous::$insert_id in D:\meowseo\tests\properties\Property14RedirectMatchingCorrectnessTest.php on line 558
   Ôöé
   Ôöé Warning: Undefined property: class@anonymous::$insert_id in D:\meowseo\tests\properties\Property14RedirectMatchingCorrectnessTest.php on line 558
   Ôöé
   Ôöé Warning: Undefined property: class@anonymous::$insert_id in D:\meowseo\tests\properties\Property14RedirectMatchingCorrectnessTest.php on line 558
   Ôöé
   Ôöé Warning: Undefined property: class@anonymous::$insert_id in D:\meowseo\tests\properties\Property14RedirectMatchingCorrectnessTest.php on line 558
   Ôöé
   Ôöé Warning: Undefined property: class@anonymous::$insert_id in D:\meowseo\tests\properties\Property14RedirectMatchingCorrectnessTest.php on line 558
   Ôöé
   Ôöé Warning: Undefined property: class@anonymous::$insert_id in D:\meowseo\tests\properties\Property14RedirectMatchingCorrectnessTest.php on line 558
   Ôöé
   Ôöé Warning: Undefined property: class@anonymous::$insert_id in D:\meowseo\tests\properties\Property14RedirectMatchingCorrectnessTest.php on line 558
   Ôöé
   Ôöé Warning: Undefined property: class@anonymous::$insert_id in D:\meowseo\tests\properties\Property14RedirectMatchingCorrectnessTest.php on line 558
   Ôöé
   Ôöé Warning: Undefined property: class@anonymous::$insert_id in D:\meowseo\tests\properties\Property14RedirectMatchingCorrectnessTest.php on line 558
   Ôöé
   Ôöé Warning: Undefined property: class@anonymous::$insert_id in D:\meowseo\tests\properties\Property14RedirectMatchingCorrectnessTest.php on line 558
   Ôöé
   Ôöé Warning: Undefined property: class@anonymous::$insert_id in D:\meowseo\tests\properties\Property14RedirectMatchingCorrectnessTest.php on line 558
   Ôöé
   Ôöé Warning: Undefined property: class@anonymous::$insert_id in D:\meowseo\tests\properties\Property14RedirectMatchingCorrectnessTest.php on line 558
   Ôöé
   Ôöé Warning: Undefined property: class@anonymous::$insert_id in D:\meowseo\tests\properties\Property14RedirectMatchingCorrectnessTest.php on line 558
   Ôöé
   Ôöé Warning: Undefined property: class@anonymous::$insert_id in D:\meowseo\tests\properties\Property14RedirectMatchingCorrectnessTest.php on line 558
   Ôöé
   Ôöé Warning: Undefined property: class@anonymous::$insert_id in D:\meowseo\tests\properties\Property14RedirectMatchingCorrectnessTest.php on line 558
   Ôöé
   Ôöé Warning: Undefined property: class@anonymous::$insert_id in D:\meowseo\tests\properties\Property14RedirectMatchingCorrectnessTest.php on line 558
   Ôöé
   Ôöé Warning: Undefined property: class@anonymous::$insert_id in D:\meowseo\tests\properties\Property14RedirectMatchingCorrectnessTest.php on line 558
   Ôöé
   Ôöé Warning: Undefined property: class@anonymous::$insert_id in D:\meowseo\tests\properties\Property14RedirectMatchingCorrectnessTest.php on line 558
   Ôöé
   Ôöé Warning: Undefined property: class@anonymous::$insert_id in D:\meowseo\tests\properties\Property14RedirectMatchingCorrectnessTest.php on line 558
   Ôöé
   Ôöé Warning: Undefined property: class@anonymous::$insert_id in D:\meowseo\tests\properties\Property14RedirectMatchingCorrectnessTest.php on line 558
   Ôöé
   Ôöé Warning: Undefined property: class@anonymous::$insert_id in D:\meowseo\tests\properties\Property14RedirectMatchingCorrectnessTest.php on line 558
   Ôöé
   Ôöé Warning: Undefined property: class@anonymous::$insert_id in D:\meowseo\tests\properties\Property14RedirectMatchingCorrectnessTest.php on line 558
   Ôöé
   Ôöé Warning: Undefined property: class@anonymous::$insert_id in D:\meowseo\tests\properties\Property14RedirectMatchingCorrectnessTest.php on line 558
   Ôöé
   Ôöé Warning: Undefined property: class@anonymous::$insert_id in D:\meowseo\tests\properties\Property14RedirectMatchingCorrectnessTest.php on line 558
   Ôöé
   Ôöé Warning: Undefined property: class@anonymous::$insert_id in D:\meowseo\tests\properties\Property14RedirectMatchingCorrectnessTest.php on line 558
   Ôöé
   Ôöé Warning: Undefined property: class@anonymous::$insert_id in D:\meowseo\tests\properties\Property14RedirectMatchingCorrectnessTest.php on line 558
   Ôöé
   Ôöé Warning: Undefined property: class@anonymous::$insert_id in D:\meowseo\tests\properties\Property14RedirectMatchingCorrectnessTest.php on line 558
   Ôöé
   Ôöé Warning: Undefined property: class@anonymous::$insert_id in D:\meowseo\tests\properties\Property14RedirectMatchingCorrectnessTest.php on line 558
   Ôöé
   Ôöé Warning: Undefined property: class@anonymous::$insert_id in D:\meowseo\tests\properties\Property14RedirectMatchingCorrectnessTest.php on line 558
   Ôöé
   Ôöé Warning: Undefined property: class@anonymous::$insert_id in D:\meowseo\tests\properties\Property14RedirectMatchingCorrectnessTest.php on line 558
   Ôöé
   Ôöé Warning: Undefined property: class@anonymous::$insert_id in D:\meowseo\tests\properties\Property14RedirectMatchingCorrectnessTest.php on line 558
   Ôöé
   Ôöé Warning: Undefined property: class@anonymous::$insert_id in D:\meowseo\tests\properties\Property14RedirectMatchingCorrectnessTest.php on line 558
   Ôöé
   Ôöé Warning: Undefined property: class@anonymous::$insert_id in D:\meowseo\tests\properties\Property14RedirectMatchingCorrectnessTest.php on line 558
   Ôöé
   Ôöé Warning: Undefined property: class@anonymous::$insert_id in D:\meowseo\tests\properties\Property14RedirectMatchingCorrectnessTest.php on line 558
   Ôöé
   Ôöé Warning: Undefined property: class@anonymous::$insert_id in D:\meowseo\tests\properties\Property14RedirectMatchingCorrectnessTest.php on line 558
   Ôöé
   Ôöé Warning: Undefined property: class@anonymous::$insert_id in D:\meowseo\tests\properties\Property14RedirectMatchingCorrectnessTest.php on line 558
   Ôöé
   Ôöé Warning: Undefined property: class@anonymous::$insert_id in D:\meowseo\tests\properties\Property14RedirectMatchingCorrectnessTest.php on line 558
   Ôöé
   Ôöé Warning: Undefined property: class@anonymous::$insert_id in D:\meowseo\tests\properties\Property14RedirectMatchingCorrectnessTest.php on line 558
   Ôöé
   Ôöé Warning: Undefined property: class@anonymous::$insert_id in D:\meowseo\tests\properties\Property14RedirectMatchingCorrectnessTest.php on line 558
   Ôöé
   Ôöé Warning: Undefined property: class@anonymous::$insert_id in D:\meowseo\tests\properties\Property14RedirectMatchingCorrectnessTest.php on line 558
   Ôöé
   Ôöé Warning: Undefined property: class@anonymous::$insert_id in D:\meowseo\tests\properties\Property14RedirectMatchingCorrectnessTest.php on line 558
   Ôöé
   Ôöé Warning: Undefined property: class@anonymous::$insert_id in D:\meowseo\tests\properties\Property14RedirectMatchingCorrectnessTest.php on line 558
   Ôöé
   Ôöé Warning: Undefined property: class@anonymous::$insert_id in D:\meowseo\tests\properties\Property14RedirectMatchingCorrectnessTest.php on line 558
   Ôöé
   Ôöé Warning: Undefined property: class@anonymous::$insert_id in D:\meowseo\tests\properties\Property14RedirectMatchingCorrectnessTest.php on line 558
   Ôöé
   Ôöé Warning: Undefined property: class@anonymous::$insert_id in D:\meowseo\tests\properties\Property14RedirectMatchingCorrectnessTest.php on line 558
   Ôöé
   Ôöé Warning: Undefined property: class@anonymous::$insert_id in D:\meowseo\tests\properties\Property14RedirectMatchingCorrectnessTest.php on line 558
   Ôöé
   Ôöé Warning: Undefined property: class@anonymous::$insert_id in D:\meowseo\tests\properties\Property14RedirectMatchingCorrectnessTest.php on line 558
   Ôöé
   Ôöé Warning: Undefined property: class@anonymous::$insert_id in D:\meowseo\tests\properties\Property14RedirectMatchingCorrectnessTest.php on line 558
   Ôöé
   Ôöé Warning: Undefined property: class@anonymous::$insert_id in D:\meowseo\tests\properties\Property14RedirectMatchingCorrectnessTest.php on line 558
   Ôöé
   Ôöé Warning: Undefined property: class@anonymous::$insert_id in D:\meowseo\tests\properties\Property14RedirectMatchingCorrectnessTest.php on line 558
   Ôöé
   Ôöé Warning: Undefined property: class@anonymous::$insert_id in D:\meowseo\tests\properties\Property14RedirectMatchingCorrectnessTest.php on line 558
   Ôöé
   Ôöé Warning: Undefined property: class@anonymous::$insert_id in D:\meowseo\tests\properties\Property14RedirectMatchingCorrectnessTest.php on line 558
   Ôöé
   Ôöé Warning: Undefined property: class@anonymous::$insert_id in D:\meowseo\tests\properties\Property14RedirectMatchingCorrectnessTest.php on line 558
   Ôöé
   Ôöé Warning: Undefined property: class@anonymous::$insert_id in D:\meowseo\tests\properties\Property14RedirectMatchingCorrectnessTest.php on line 558
   Ôöé
   Ôöé Warning: Undefined property: class@anonymous::$insert_id in D:\meowseo\tests\properties\Property14RedirectMatchingCorrectnessTest.php on line 558
   Ôöé
   Ôöé Warning: Undefined property: class@anonymous::$insert_id in D:\meowseo\tests\properties\Property14RedirectMatchingCorrectnessTest.php on line 558
   Ôöé
   Ôöé Warning: Undefined property: class@anonymous::$insert_id in D:\meowseo\tests\properties\Property14RedirectMatchingCorrectnessTest.php on line 558
   Ôöé
   Ôöé Warning: Undefined property: class@anonymous::$insert_id in D:\meowseo\tests\properties\Property14RedirectMatchingCorrectnessTest.php on line 558
   Ôöé
   Ôöé Warning: Undefined property: class@anonymous::$insert_id in D:\meowseo\tests\properties\Property14RedirectMatchingCorrectnessTest.php on line 558
   Ôöé
   Ôöé Warning: Undefined property: class@anonymous::$insert_id in D:\meowseo\tests\properties\Property14RedirectMatchingCorrectnessTest.php on line 558
   Ôöé
   Ôöé Warning: Undefined property: class@anonymous::$insert_id in D:\meowseo\tests\properties\Property14RedirectMatchingCorrectnessTest.php on line 558
   Ôöé
   Ôöé Warning: Undefined property: class@anonymous::$insert_id in D:\meowseo\tests\properties\Property14RedirectMatchingCorrectnessTest.php on line 558
   Ôöé
   Ôöé Warning: Undefined property: class@anonymous::$insert_id in D:\meowseo\tests\properties\Property14RedirectMatchingCorrectnessTest.php on line 558
   Ôöé
   Ôöé Warning: Undefined property: class@anonymous::$insert_id in D:\meowseo\tests\properties\Property14RedirectMatchingCorrectnessTest.php on line 558
   Ôöé
   Ôöé Warning: Undefined property: class@anonymous::$insert_id in D:\meowseo\tests\properties\Property14RedirectMatchingCorrectnessTest.php on line 558
   Ôöé
   Ôöé Warning: Undefined property: class@anonymous::$insert_id in D:\meowseo\tests\properties\Property14RedirectMatchingCorrectnessTest.php on line 558
   Ôöé
   Ôöé Warning: Undefined property: class@anonymous::$insert_id in D:\meowseo\tests\properties\Property14RedirectMatchingCorrectnessTest.php on line 558
   Ôöé
   Ôöé Warning: Undefined property: class@anonymous::$insert_id in D:\meowseo\tests\properties\Property14RedirectMatchingCorrectnessTest.php on line 558
   Ôöé
   Ôöé Warning: Undefined property: class@anonymous::$insert_id in D:\meowseo\tests\properties\Property14RedirectMatchingCorrectnessTest.php on line 558
   Ôöé
   Ôöé Warning: Undefined property: class@anonymous::$insert_id in D:\meowseo\tests\properties\Property14RedirectMatchingCorrectnessTest.php on line 558
   Ôöé
   Ôöé Warning: Undefined property: class@anonymous::$insert_id in D:\meowseo\tests\properties\Property14RedirectMatchingCorrectnessTest.php on line 558
   Ôöé
   Ôöé Warning: Undefined property: class@anonymous::$insert_id in D:\meowseo\tests\properties\Property14RedirectMatchingCorrectnessTest.php on line 558
   Ôöé
   Ôöé Warning: Undefined property: class@anonymous::$insert_id in D:\meowseo\tests\properties\Property14RedirectMatchingCorrectnessTest.php on line 558
   Ôöé
   Ôöé Warning: Undefined property: class@anonymous::$insert_id in D:\meowseo\tests\properties\Property14RedirectMatchingCorrectnessTest.php on line 558
   Ôöé
   Ôöé Warning: Undefined property: class@anonymous::$insert_id in D:\meowseo\tests\properties\Property14RedirectMatchingCorrectnessTest.php on line 558
   Ôöé
   Ôöé Warning: Undefined property: class@anonymous::$insert_id in D:\meowseo\tests\properties\Property14RedirectMatchingCorrectnessTest.php on line 558
   Ôöé
   Ôöé Warning: Undefined property: class@anonymous::$insert_id in D:\meowseo\tests\properties\Property14RedirectMatchingCorrectnessTest.php on line 558
   Ôöé
   Ôöé Warning: Undefined property: class@anonymous::$insert_id in D:\meowseo\tests\properties\Property14RedirectMatchingCorrectnessTest.php on line 558
   Ôöé
   Ôöé Warning: Undefined property: class@anonymous::$insert_id in D:\meowseo\tests\properties\Property14RedirectMatchingCorrectnessTest.php on line 558
   Ôöé
   Ôöé Warning: Undefined property: class@anonymous::$insert_id in D:\meowseo\tests\properties\Property14RedirectMatchingCorrectnessTest.php on line 558
   Ôöé
   Ôöé Warning: Undefined property: class@anonymous::$insert_id in D:\meowseo\tests\properties\Property14RedirectMatchingCorrectnessTest.php on line 558
   Ôöé
   Ôöé Warning: Undefined property: class@anonymous::$insert_id in D:\meowseo\tests\properties\Property14RedirectMatchingCorrectnessTest.php on line 558
   Ôöé
   Ôöé Warning: Undefined property: class@anonymous::$insert_id in D:\meowseo\tests\properties\Property14RedirectMatchingCorrectnessTest.php on line 558
   Ôöé
   Ôöé Warning: Undefined property: class@anonymous::$insert_id in D:\meowseo\tests\properties\Property14RedirectMatchingCorrectnessTest.php on line 558
   Ôöé
   Ôöé Warning: Undefined property: class@anonymous::$insert_id in D:\meowseo\tests\properties\Property14RedirectMatchingCorrectnessTest.php on line 558
   Ôöé
   Ôöé Warning: Undefined property: class@anonymous::$insert_id in D:\meowseo\tests\properties\Property14RedirectMatchingCorrectnessTest.php on line 558
   Ôöé
   Ôöé Warning: Undefined property: class@anonymous::$insert_id in D:\meowseo\tests\properties\Property14RedirectMatchingCorrectnessTest.php on line 558
   Ôöé
   Ôöé Warning: Undefined property: class@anonymous::$insert_id in D:\meowseo\tests\properties\Property14RedirectMatchingCorrectnessTest.php on line 558
   Ôöé
   Ôöé Warning: Undefined property: class@anonymous::$insert_id in D:\meowseo\tests\properties\Property14RedirectMatchingCorrectnessTest.php on line 558
   Ôöé
   Ôöé Warning: Undefined property: class@anonymous::$insert_id in D:\meowseo\tests\properties\Property14RedirectMatchingCorrectnessTest.php on line 558
   Ôöé
   Ôöé Warning: Undefined property: class@anonymous::$insert_id in D:\meowseo\tests\properties\Property14RedirectMatchingCorrectnessTest.php on line 558
   Ôöé
   Ôöé Warning: Undefined property: class@anonymous::$insert_id in D:\meowseo\tests\properties\Property14RedirectMatchingCorrectnessTest.php on line 558
   Ôöé
   Ôöé Warning: Undefined property: class@anonymous::$insert_id in D:\meowseo\tests\properties\Property14RedirectMatchingCorrectnessTest.php on line 558
   Ôöé
   Ôöé Warning: Undefined property: class@anonymous::$insert_id in D:\meowseo\tests\properties\Property14RedirectMatchingCorrectnessTest.php on line 558
   Ôöé
   Ôöé Warning: Undefined property: class@anonymous::$insert_id in D:\meowseo\tests\properties\Property14RedirectMatchingCorrectnessTest.php on line 558
   Ôöé
   Ôöé Warning: Undefined property: class@anonymous::$insert_id in D:\meowseo\tests\properties\Property14RedirectMatchingCorrectnessTest.php on line 558
   Ôöé
   Ôöé Warning: Undefined property: class@anonymous::$insert_id in D:\meowseo\tests\properties\Property14RedirectMatchingCorrectnessTest.php on line 558
   Ôöé
   Ôöé Warning: Undefined property: class@anonymous::$insert_id in D:\meowseo\tests\properties\Property14RedirectMatchingCorrectnessTest.php on line 558
   Ôöé
   Ôöé Warning: Undefined property: class@anonymous::$insert_id in D:\meowseo\tests\properties\Property14RedirectMatchingCorrectnessTest.php on line 558
   Ôöé
   Ôöé Warning: Undefined property: class@anonymous::$insert_id in D:\meowseo\tests\properties\Property14RedirectMatchingCorrectnessTest.php on line 558
   Ôöé
   Ôöé Warning: Undefined property: class@anonymous::$insert_id in D:\meowseo\tests\properties\Property14RedirectMatchingCorrectnessTest.php on line 558
   Ôöé
   Ôöé Warning: Undefined property: class@anonymous::$insert_id in D:\meowseo\tests\properties\Property14RedirectMatchingCorrectnessTest.php on line 558
   Ôöé
   Ôöé Warning: Undefined property: class@anonymous::$insert_id in D:\meowseo\tests\properties\Property14RedirectMatchingCorrectnessTest.php on line 558
   Ôöé
   Ôöé Warning: Undefined property: class@anonymous::$insert_id in D:\meowseo\tests\properties\Property14RedirectMatchingCorrectnessTest.php on line 558
   Ôöé
   Ôöé Warning: Undefined property: class@anonymous::$insert_id in D:\meowseo\tests\properties\Property14RedirectMatchingCorrectnessTest.php on line 558
   Ôöé
   Ôöé Warning: Undefined property: class@anonymous::$insert_id in D:\meowseo\tests\properties\Property14RedirectMatchingCorrectnessTest.php on line 558
   Ôöé
   Ôöé Warning: Undefined property: class@anonymous::$insert_id in D:\meowseo\tests\properties\Property14RedirectMatchingCorrectnessTest.php on line 558
   Ôöé
   Ôöé Warning: Undefined property: class@anonymous::$insert_id in D:\meowseo\tests\properties\Property14RedirectMatchingCorrectnessTest.php on line 558
   Ôöé
   Ôöé Warning: Undefined property: class@anonymous::$insert_id in D:\meowseo\tests\properties\Property14RedirectMatchingCorrectnessTest.php on line 558
   Ôöé
   Ôöé Warning: Undefined property: class@anonymous::$insert_id in D:\meowseo\tests\properties\Property14RedirectMatchingCorrectnessTest.php on line 558
   Ôöé
   Ôöé Warning: Undefined property: class@anonymous::$insert_id in D:\meowseo\tests\properties\Property14RedirectMatchingCorrectnessTest.php on line 558
   Ôöé
   Ôöé Warning: Undefined property: class@anonymous::$insert_id in D:\meowseo\tests\properties\Property14RedirectMatchingCorrectnessTest.php on line 558
   Ôöé
   Ôöé Warning: Undefined property: class@anonymous::$insert_id in D:\meowseo\tests\properties\Property14RedirectMatchingCorrectnessTest.php on line 558
   Ôöé
   Ôöé Warning: Undefined property: class@anonymous::$insert_id in D:\meowseo\tests\properties\Property14RedirectMatchingCorrectnessTest.php on line 558
   Ôöé
   Ôöé Warning: Undefined property: class@anonymous::$insert_id in D:\meowseo\tests\properties\Property14RedirectMatchingCorrectnessTest.php on line 558
   Ôöé
   Ôöé Warning: Undefined property: class@anonymous::$insert_id in D:\meowseo\tests\properties\Property14RedirectMatchingCorrectnessTest.php on line 558
   Ôöé
   Ôöé Warning: Undefined property: class@anonymous::$insert_id in D:\meowseo\tests\properties\Property14RedirectMatchingCorrectnessTest.php on line 558
   Ôöé
   Ôöé Warning: Undefined property: class@anonymous::$insert_id in D:\meowseo\tests\properties\Property14RedirectMatchingCorrectnessTest.php on line 558
   Ôöé
   Ôöé Warning: Undefined property: class@anonymous::$insert_id in D:\meowseo\tests\properties\Property14RedirectMatchingCorrectnessTest.php on line 558
   Ôöé
   Ôöé Warning: Undefined property: class@anonymous::$insert_id in D:\meowseo\tests\properties\Property14RedirectMatchingCorrectnessTest.php on line 558
   Ôöé
   Ôöé Warning: Undefined property: class@anonymous::$insert_id in D:\meowseo\tests\properties\Property14RedirectMatchingCorrectnessTest.php on line 558
   Ôöé
   Ôöé Warning: Undefined property: class@anonymous::$insert_id in D:\meowseo\tests\properties\Property14RedirectMatchingCorrectnessTest.php on line 558
   Ôöé
   Ôöé Warning: Undefined property: class@anonymous::$insert_id in D:\meowseo\tests\properties\Property14RedirectMatchingCorrectnessTest.php on line 558
   Ôöé
   Ôöé Warning: Undefined property: class@anonymous::$insert_id in D:\meowseo\tests\properties\Property14RedirectMatchingCorrectnessTest.php on line 558
   Ôöé
   Ôöé Warning: Undefined property: class@anonymous::$insert_id in D:\meowseo\tests\properties\Property14RedirectMatchingCorrectnessTest.php on line 558
   Ôöé
   Ôöé Warning: Undefined property: class@anonymous::$insert_id in D:\meowseo\tests\properties\Property14RedirectMatchingCorrectnessTest.php on line 558
   Ôöé
   Ôöé Warning: Undefined property: class@anonymous::$insert_id in D:\meowseo\tests\properties\Property14RedirectMatchingCorrectnessTest.php on line 558
   Ôöé
   Ôöé Warning: Undefined property: class@anonymous::$insert_id in D:\meowseo\tests\properties\Property14RedirectMatchingCorrectnessTest.php on line 558
   Ôöé
   Ôöé Warning: Undefined property: class@anonymous::$insert_id in D:\meowseo\tests\properties\Property14RedirectMatchingCorrectnessTest.php on line 558
   Ôöé
   Ôöé Warning: Undefined property: class@anonymous::$insert_id in D:\meowseo\tests\properties\Property14RedirectMatchingCorrectnessTest.php on line 558
   Ôöé
   Ôöé Warning: Undefined property: class@anonymous::$insert_id in D:\meowseo\tests\properties\Property14RedirectMatchingCorrectnessTest.php on line 558
   Ôöé
   Ôöé Warning: Undefined property: class@anonymous::$insert_id in D:\meowseo\tests\properties\Property14RedirectMatchingCorrectnessTest.php on line 558
   Ôöé
   Ôöé Warning: Undefined property: class@anonymous::$insert_id in D:\meowseo\tests\properties\Property14RedirectMatchingCorrectnessTest.php on line 558
   Ôöé
   Ôöé Warning: Undefined property: class@anonymous::$insert_id in D:\meowseo\tests\properties\Property14RedirectMatchingCorrectnessTest.php on line 558
   Ôöé
   Ôöé Warning: Undefined property: class@anonymous::$insert_id in D:\meowseo\tests\properties\Property14RedirectMatchingCorrectnessTest.php on line 558
   Ôöé
   Ôöé Warning: Undefined property: class@anonymous::$insert_id in D:\meowseo\tests\properties\Property14RedirectMatchingCorrectnessTest.php on line 558
   Ôöé
   Ôöé Warning: Undefined property: class@anonymous::$insert_id in D:\meowseo\tests\properties\Property14RedirectMatchingCorrectnessTest.php on line 558
   Ôöé
   Ôöé Warning: Undefined property: class@anonymous::$insert_id in D:\meowseo\tests\properties\Property14RedirectMatchingCorrectnessTest.php on line 558
   Ôöé
   Ôöé Warning: Undefined property: class@anonymous::$insert_id in D:\meowseo\tests\properties\Property14RedirectMatchingCorrectnessTest.php on line 558
   Ôöé
   Ôöé Warning: Undefined property: class@anonymous::$insert_id in D:\meowseo\tests\properties\Property14RedirectMatchingCorrectnessTest.php on line 558
   Ôöé
   Ôöé Warning: Undefined property: class@anonymous::$insert_id in D:\meowseo\tests\properties\Property14RedirectMatchingCorrectnessTest.php on line 558
   Ôöé
   Ôöé Warning: Undefined property: class@anonymous::$insert_id in D:\meowseo\tests\properties\Property14RedirectMatchingCorrectnessTest.php on line 558
   Ôöé
   Ôöé Warning: Undefined property: class@anonymous::$insert_id in D:\meowseo\tests\properties\Property14RedirectMatchingCorrectnessTest.php on line 558
   Ôöé
   Ôöé Warning: Undefined property: class@anonymous::$insert_id in D:\meowseo\tests\properties\Property14RedirectMatchingCorrectnessTest.php on line 558
   Ôöé
   Ôöé Warning: Undefined property: class@anonymous::$insert_id in D:\meowseo\tests\properties\Property14RedirectMatchingCorrectnessTest.php on line 558
   Ôöé
   Ôöé Warning: Undefined property: class@anonymous::$insert_id in D:\meowseo\tests\properties\Property14RedirectMatchingCorrectnessTest.php on line 558
   Ôöé
   Ôöé Warning: Undefined property: class@anonymous::$insert_id in D:\meowseo\tests\properties\Property14RedirectMatchingCorrectnessTest.php on line 558
   Ôöé
   Ôöé Warning: Undefined property: class@anonymous::$insert_id in D:\meowseo\tests\properties\Property14RedirectMatchingCorrectnessTest.php on line 558
   Ôöé
   Ôöé Warning: Undefined property: class@anonymous::$insert_id in D:\meowseo\tests\properties\Property14RedirectMatchingCorrectnessTest.php on line 558
   Ôöé
   Ôöé Warning: Undefined property: class@anonymous::$insert_id in D:\meowseo\tests\properties\Property14RedirectMatchingCorrectnessTest.php on line 558
   Ôöé
   Ôöé Warning: Undefined property: class@anonymous::$insert_id in D:\meowseo\tests\properties\Property14RedirectMatchingCorrectnessTest.php on line 558
   Ôöé
   Ôöé Warning: Undefined property: class@anonymous::$insert_id in D:\meowseo\tests\properties\Property14RedirectMatchingCorrectnessTest.php on line 558
   Ôöé
   Ôöé Warning: Undefined property: class@anonymous::$insert_id in D:\meowseo\tests\properties\Property14RedirectMatchingCorrectnessTest.php on line 558
   Ôöé
   Ôöé Warning: Undefined property: class@anonymous::$insert_id in D:\meowseo\tests\properties\Property14RedirectMatchingCorrectnessTest.php on line 558
   Ôöé
   Ôöé Warning: Undefined property: class@anonymous::$insert_id in D:\meowseo\tests\properties\Property14RedirectMatchingCorrectnessTest.php on line 558
   Ôöé
   Ôöé Warning: Undefined property: class@anonymous::$insert_id in D:\meowseo\tests\properties\Property14RedirectMatchingCorrectnessTest.php on line 558
   Ôöé
   Ôöé Warning: Undefined property: class@anonymous::$insert_id in D:\meowseo\tests\properties\Property14RedirectMatchingCorrectnessTest.php on line 558
   Ôöé
   Ôöé Warning: Undefined property: class@anonymous::$insert_id in D:\meowseo\tests\properties\Property14RedirectMatchingCorrectnessTest.php on line 558
   Ôöé
   Ôöé Warning: Undefined property: class@anonymous::$insert_id in D:\meowseo\tests\properties\Property14RedirectMatchingCorrectnessTest.php on line 558
   Ôöé
   Ôöé Warning: Undefined property: class@anonymous::$insert_id in D:\meowseo\tests\properties\Property14RedirectMatchingCorrectnessTest.php on line 558
   Ôöé
   Ôöé Warning: Undefined property: class@anonymous::$insert_id in D:\meowseo\tests\properties\Property14RedirectMatchingCorrectnessTest.php on line 558
   Ôöé
   Ôöé Warning: Undefined property: class@anonymous::$insert_id in D:\meowseo\tests\properties\Property14RedirectMatchingCorrectnessTest.php on line 558
   Ôöé
   Ôöé Warning: Undefined property: class@anonymous::$insert_id in D:\meowseo\tests\properties\Property14RedirectMatchingCorrectnessTest.php on line 558
   Ôöé
   Ôöé Warning: Undefined property: class@anonymous::$insert_id in D:\meowseo\tests\properties\Property14RedirectMatchingCorrectnessTest.php on line 558
   Ôöé
   Ôöé Warning: Undefined property: class@anonymous::$insert_id in D:\meowseo\tests\properties\Property14RedirectMatchingCorrectnessTest.php on line 558
   Ôöé
   Ôöé Warning: Undefined property: class@anonymous::$insert_id in D:\meowseo\tests\properties\Property14RedirectMatchingCorrectnessTest.php on line 558
   Ôöé
   Ôöé Warning: Undefined property: class@anonymous::$insert_id in D:\meowseo\tests\properties\Property14RedirectMatchingCorrectnessTest.php on line 558
   Ôöé
   Ôöé Warning: Undefined property: class@anonymous::$insert_id in D:\meowseo\tests\properties\Property14RedirectMatchingCorrectnessTest.php on line 558
   Ôöé
   Ôöé Warning: Undefined property: class@anonymous::$insert_id in D:\meowseo\tests\properties\Property14RedirectMatchingCorrectnessTest.php on line 558
   Ôöé
   Ôöé Warning: Undefined property: class@anonymous::$insert_id in D:\meowseo\tests\properties\Property14RedirectMatchingCorrectnessTest.php on line 558
   Ôöé
   Ôöé Warning: Undefined property: class@anonymous::$insert_id in D:\meowseo\tests\properties\Property14RedirectMatchingCorrectnessTest.php on line 558
   Ôöé
   Ôöé Warning: Undefined property: class@anonymous::$insert_id in D:\meowseo\tests\properties\Property14RedirectMatchingCorrectnessTest.php on line 558
   Ôöé
   Ôöé Warning: Undefined property: class@anonymous::$insert_id in D:\meowseo\tests\properties\Property14RedirectMatchingCorrectnessTest.php on line 558
   Ôöé
   Ôöé Warning: Undefined property: class@anonymous::$insert_id in D:\meowseo\tests\properties\Property14RedirectMatchingCorrectnessTest.php on line 558
   Ôöé
   Ôöé Warning: Undefined property: class@anonymous::$insert_id in D:\meowseo\tests\properties\Property14RedirectMatchingCorrectnessTest.php on line 558
   Ôöé
   Ôöé Warning: Undefined property: class@anonymous::$insert_id in D:\meowseo\tests\properties\Property14RedirectMatchingCorrectnessTest.php on line 558
   Ôöé
   Ôöé Warning: Undefined property: class@anonymous::$insert_id in D:\meowseo\tests\properties\Property14RedirectMatchingCorrectnessTest.php on line 558
   Ôöé
   Ôöé Warning: Undefined property: class@anonymous::$insert_id in D:\meowseo\tests\properties\Property14RedirectMatchingCorrectnessTest.php on line 558
   Ôöé
   Ôöé Warning: Undefined property: class@anonymous::$insert_id in D:\meowseo\tests\properties\Property14RedirectMatchingCorrectnessTest.php on line 558
   Ôöé
   Ôöé Warning: Undefined property: class@anonymous::$insert_id in D:\meowseo\tests\properties\Property14RedirectMatchingCorrectnessTest.php on line 558
   Ôöé
   Ôöé Warning: Undefined property: class@anonymous::$insert_id in D:\meowseo\tests\properties\Property14RedirectMatchingCorrectnessTest.php on line 558
   Ôöé
   Ôöé Warning: Undefined property: class@anonymous::$insert_id in D:\meowseo\tests\properties\Property14RedirectMatchingCorrectnessTest.php on line 558
   Ôöé
   Ôöé Warning: Undefined property: class@anonymous::$insert_id in D:\meowseo\tests\properties\Property14RedirectMatchingCorrectnessTest.php on line 558
   Ôöé
   Ôöé Warning: Undefined property: class@anonymous::$insert_id in D:\meowseo\tests\properties\Property14RedirectMatchingCorrectnessTest.php on line 558
   Ôöé
   Ôöé Warning: Undefined property: class@anonymous::$insert_id in D:\meowseo\tests\properties\Property14RedirectMatchingCorrectnessTest.php on line 558
   Ôöé
   Ôöé Warning: Undefined property: class@anonymous::$insert_id in D:\meowseo\tests\properties\Property14RedirectMatchingCorrectnessTest.php on line 558
   Ôöé
   Ôöé Warning: Undefined property: class@anonymous::$insert_id in D:\meowseo\tests\properties\Property14RedirectMatchingCorrectnessTest.php on line 558
   Ôöé
   Ôöé Warning: Undefined property: class@anonymous::$insert_id in D:\meowseo\tests\properties\Property14RedirectMatchingCorrectnessTest.php on line 558
   Ôöé
   Ôöé Warning: Undefined property: class@anonymous::$insert_id in D:\meowseo\tests\properties\Property14RedirectMatchingCorrectnessTest.php on line 558
   Ôöé
   Ôöé Warning: Undefined property: class@anonymous::$insert_id in D:\meowseo\tests\properties\Property14RedirectMatchingCorrectnessTest.php on line 558
   Ôöé
   Ôöé Warning: Undefined property: class@anonymous::$insert_id in D:\meowseo\tests\properties\Property14RedirectMatchingCorrectnessTest.php on line 558
   Ôöé
   Ôöé Warning: Undefined property: class@anonymous::$insert_id in D:\meowseo\tests\properties\Property14RedirectMatchingCorrectnessTest.php on line 558
   Ôöé
   Ôöé Warning: Undefined property: class@anonymous::$insert_id in D:\meowseo\tests\properties\Property14RedirectMatchingCorrectnessTest.php on line 558
   Ôöé
   Ôöé Warning: Undefined property: class@anonymous::$insert_id in D:\meowseo\tests\properties\Property14RedirectMatchingCorrectnessTest.php on line 558
   Ôöé
   Ôöé Warning: Undefined property: class@anonymous::$insert_id in D:\meowseo\tests\properties\Property14RedirectMatchingCorrectnessTest.php on line 558
   Ôöé
   Ôöé Warning: Undefined property: class@anonymous::$insert_id in D:\meowseo\tests\properties\Property14RedirectMatchingCorrectnessTest.php on line 558
   Ôöé
   Ôöé Warning: Undefined property: class@anonymous::$insert_id in D:\meowseo\tests\properties\Property14RedirectMatchingCorrectnessTest.php on line 558
   Ôöé
   Ôöé Warning: Undefined property: class@anonymous::$insert_id in D:\meowseo\tests\properties\Property14RedirectMatchingCorrectnessTest.php on line 558
   Ôöé
   Ôöé Warning: Undefined property: class@anonymous::$insert_id in D:\meowseo\tests\properties\Property14RedirectMatchingCorrectnessTest.php on line 558
   Ôöé
   Ôöé Warning: Undefined property: class@anonymous::$insert_id in D:\meowseo\tests\properties\Property14RedirectMatchingCorrectnessTest.php on line 558
   Ôöé
   Ôöé Warning: Undefined property: class@anonymous::$insert_id in D:\meowseo\tests\properties\Property14RedirectMatchingCorrectnessTest.php on line 558
   Ôöé
   Ôöé Warning: Undefined property: class@anonymous::$insert_id in D:\meowseo\tests\properties\Property14RedirectMatchingCorrectnessTest.php on line 558
   Ôöé
   Ôöé Warning: Undefined property: class@anonymous::$insert_id in D:\meowseo\tests\properties\Property14RedirectMatchingCorrectnessTest.php on line 558
   Ôöé
   Ôöé Warning: Undefined property: class@anonymous::$insert_id in D:\meowseo\tests\properties\Property14RedirectMatchingCorrectnessTest.php on line 558
   Ôöé
   Ôöé Warning: Undefined property: class@anonymous::$insert_id in D:\meowseo\tests\properties\Property14RedirectMatchingCorrectnessTest.php on line 558
   Ôöé
   Ôöé Warning: Undefined property: class@anonymous::$insert_id in D:\meowseo\tests\properties\Property14RedirectMatchingCorrectnessTest.php on line 558
   Ôöé
   Ôöé Warning: Undefined property: class@anonymous::$insert_id in D:\meowseo\tests\properties\Property14RedirectMatchingCorrectnessTest.php on line 558
   Ôöé
   Ôöé Warning: Undefined property: class@anonymous::$insert_id in D:\meowseo\tests\properties\Property14RedirectMatchingCorrectnessTest.php on line 558
   Ôöé
   Ôöé Warning: Undefined property: class@anonymous::$insert_id in D:\meowseo\tests\properties\Property14RedirectMatchingCorrectnessTest.php on line 558
   Ôöé
   Ôöé Warning: Undefined property: class@anonymous::$insert_id in D:\meowseo\tests\properties\Property14RedirectMatchingCorrectnessTest.php on line 558
   Ôöé
   Ôöé Warning: Undefined property: class@anonymous::$insert_id in D:\meowseo\tests\properties\Property14RedirectMatchingCorrectnessTest.php on line 558
   Ôöé
   Ôöé Warning: Undefined property: class@anonymous::$insert_id in D:\meowseo\tests\properties\Property14RedirectMatchingCorrectnessTest.php on line 558
   Ôöé
   Ôöé Warning: Undefined property: class@anonymous::$insert_id in D:\meowseo\tests\properties\Property14RedirectMatchingCorrectnessTest.php on line 558
   Ôöé
   Ôöé Warning: Undefined property: class@anonymous::$insert_id in D:\meowseo\tests\properties\Property14RedirectMatchingCorrectnessTest.php on line 558
   Ôöé
   Ôöé Warning: Undefined property: class@anonymous::$insert_id in D:\meowseo\tests\properties\Property14RedirectMatchingCorrectnessTest.php on line 558
   Ôöé
   Ôöé Warning: Undefined property: class@anonymous::$insert_id in D:\meowseo\tests\properties\Property14RedirectMatchingCorrectnessTest.php on line 558
   Ôöé
   Ôöé Warning: Undefined property: class@anonymous::$insert_id in D:\meowseo\tests\properties\Property14RedirectMatchingCorrectnessTest.php on line 558
   Ôöé
   Ôöé Warning: Undefined property: class@anonymous::$insert_id in D:\meowseo\tests\properties\Property14RedirectMatchingCorrectnessTest.php on line 558
   Ôöé
   Ôöé Warning: Undefined property: class@anonymous::$insert_id in D:\meowseo\tests\properties\Property14RedirectMatchingCorrectnessTest.php on line 558
   Ôöé
   Ôöé Warning: Undefined property: class@anonymous::$insert_id in D:\meowseo\tests\properties\Property14RedirectMatchingCorrectnessTest.php on line 558
   Ôöé
   Ôöé Warning: Undefined property: class@anonymous::$insert_id in D:\meowseo\tests\properties\Property14RedirectMatchingCorrectnessTest.php on line 558
   Ôöé
   Ôöé Warning: Undefined property: class@anonymous::$insert_id in D:\meowseo\tests\properties\Property14RedirectMatchingCorrectnessTest.php on line 558
   Ôöé
   Ôöé Warning: Undefined property: class@anonymous::$insert_id in D:\meowseo\tests\properties\Property14RedirectMatchingCorrectnessTest.php on line 558
   Ôöé
   Ôöé Warning: Undefined property: class@anonymous::$insert_id in D:\meowseo\tests\properties\Property14RedirectMatchingCorrectnessTest.php on line 558
   Ôöé
   Ôöé Warning: Undefined property: class@anonymous::$insert_id in D:\meowseo\tests\properties\Property14RedirectMatchingCorrectnessTest.php on line 558
   Ôöé
   Ôöé Warning: Undefined property: class@anonymous::$insert_id in D:\meowseo\tests\properties\Property14RedirectMatchingCorrectnessTest.php on line 558
   Ôöé
   Ôöé Warning: Undefined property: class@anonymous::$insert_id in D:\meowseo\tests\properties\Property14RedirectMatchingCorrectnessTest.php on line 558
   Ôöé
   Ôöé Warning: Undefined property: class@anonymous::$insert_id in D:\meowseo\tests\properties\Property14RedirectMatchingCorrectnessTest.php on line 558
   Ôöé
   Ôöé Warning: Undefined property: class@anonymous::$insert_id in D:\meowseo\tests\properties\Property14RedirectMatchingCorrectnessTest.php on line 558
   Ôöé
   Ôöé Warning: Undefined property: class@anonymous::$insert_id in D:\meowseo\tests\properties\Property14RedirectMatchingCorrectnessTest.php on line 558
   Ôöé
   Ôöé Warning: Undefined property: class@anonymous::$insert_id in D:\meowseo\tests\properties\Property14RedirectMatchingCorrectnessTest.php on line 558
   Ôöé
   Ôöé Warning: Undefined property: class@anonymous::$insert_id in D:\meowseo\tests\properties\Property14RedirectMatchingCorrectnessTest.php on line 558
   Ôöé
   Ôöé Warning: Undefined property: class@anonymous::$insert_id in D:\meowseo\tests\properties\Property14RedirectMatchingCorrectnessTest.php on line 558
   Ôöé
   Ôöé Warning: Undefined property: class@anonymous::$insert_id in D:\meowseo\tests\properties\Property14RedirectMatchingCorrectnessTest.php on line 558
   Ôöé
   Ôöé Warning: Undefined property: class@anonymous::$insert_id in D:\meowseo\tests\properties\Property14RedirectMatchingCorrectnessTest.php on line 558
   Ôöé
   Ôöé Warning: Undefined property: class@anonymous::$insert_id in D:\meowseo\tests\properties\Property14RedirectMatchingCorrectnessTest.php on line 558
   Ôöé
   Ôöé Warning: Undefined property: class@anonymous::$insert_id in D:\meowseo\tests\properties\Property14RedirectMatchingCorrectnessTest.php on line 558
   Ôöé
   Ôöé Warning: Undefined property: class@anonymous::$insert_id in D:\meowseo\tests\properties\Property14RedirectMatchingCorrectnessTest.php on line 558
   Ôöé
   Ôöé Warning: Undefined property: class@anonymous::$insert_id in D:\meowseo\tests\properties\Property14RedirectMatchingCorrectnessTest.php on line 558
   Ôöé
   Ôöé Warning: Undefined property: class@anonymous::$insert_id in D:\meowseo\tests\properties\Property14RedirectMatchingCorrectnessTest.php on line 558
   Ôöé
   Ôöé Warning: Undefined property: class@anonymous::$insert_id in D:\meowseo\tests\properties\Property14RedirectMatchingCorrectnessTest.php on line 558
   Ôöé
   Ôöé Warning: Undefined property: class@anonymous::$insert_id in D:\meowseo\tests\properties\Property14RedirectMatchingCorrectnessTest.php on line 558
   Ôöé
   Ôöé Warning: Undefined property: class@anonymous::$insert_id in D:\meowseo\tests\properties\Property14RedirectMatchingCorrectnessTest.php on line 558
   Ôöé
   Ôöé Warning: Undefined property: class@anonymous::$insert_id in D:\meowseo\tests\properties\Property14RedirectMatchingCorrectnessTest.php on line 558
   Ôöé
   Ôöé Warning: Undefined property: class@anonymous::$insert_id in D:\meowseo\tests\properties\Property14RedirectMatchingCorrectnessTest.php on line 558
   Ôöé
   Ôöé Warning: Undefined property: class@anonymous::$insert_id in D:\meowseo\tests\properties\Property14RedirectMatchingCorrectnessTest.php on line 558
   Ôöé
   Ôöé Warning: Undefined property: class@anonymous::$insert_id in D:\meowseo\tests\properties\Property14RedirectMatchingCorrectnessTest.php on line 558
   Ôöé
   Ôöé Warning: Undefined property: class@anonymous::$insert_id in D:\meowseo\tests\properties\Property14RedirectMatchingCorrectnessTest.php on line 558
   Ôöé
   Ôöé Warning: Undefined property: class@anonymous::$insert_id in D:\meowseo\tests\properties\Property14RedirectMatchingCorrectnessTest.php on line 558
   Ôöé
   Ôöé Warning: Undefined property: class@anonymous::$insert_id in D:\meowseo\tests\properties\Property14RedirectMatchingCorrectnessTest.php on line 558
   Ôöé
   Ôöé Warning: Undefined property: class@anonymous::$insert_id in D:\meowseo\tests\properties\Property14RedirectMatchingCorrectnessTest.php on line 558
   Ôöé
   Ôöé Warning: Undefined property: class@anonymous::$insert_id in D:\meowseo\tests\properties\Property14RedirectMatchingCorrectnessTest.php on line 558
   Ôöé
   Ôöé Warning: Undefined property: class@anonymous::$insert_id in D:\meowseo\tests\properties\Property14RedirectMatchingCorrectnessTest.php on line 558
   Ôöé
   Ôöé Warning: Undefined property: class@anonymous::$insert_id in D:\meowseo\tests\properties\Property14RedirectMatchingCorrectnessTest.php on line 558
   Ôöé
   Ôöé Warning: Undefined property: class@anonymous::$insert_id in D:\meowseo\tests\properties\Property14RedirectMatchingCorrectnessTest.php on line 558
   Ôöé
   Ôöé Warning: Undefined property: class@anonymous::$insert_id in D:\meowseo\tests\properties\Property14RedirectMatchingCorrectnessTest.php on line 558
   Ôöé
   Ôöé Warning: Undefined property: class@anonymous::$insert_id in D:\meowseo\tests\properties\Property14RedirectMatchingCorrectnessTest.php on line 558
   Ôöé
   Ôöé Warning: Undefined property: class@anonymous::$insert_id in D:\meowseo\tests\properties\Property14RedirectMatchingCorrectnessTest.php on line 558
   Ôöé
   Ôöé Warning: Undefined property: class@anonymous::$insert_id in D:\meowseo\tests\properties\Property14RedirectMatchingCorrectnessTest.php on line 558
   Ôöé
   Ôöé Warning: Undefined property: class@anonymous::$insert_id in D:\meowseo\tests\properties\Property14RedirectMatchingCorrectnessTest.php on line 558
   Ôöé
   Ôöé Warning: Undefined property: class@anonymous::$insert_id in D:\meowseo\tests\properties\Property14RedirectMatchingCorrectnessTest.php on line 558
   Ôöé
   Ôöé Warning: Undefined property: class@anonymous::$insert_id in D:\meowseo\tests\properties\Property14RedirectMatchingCorrectnessTest.php on line 558
   Ôöé
   Ôöé Warning: Undefined property: class@anonymous::$insert_id in D:\meowseo\tests\properties\Property14RedirectMatchingCorrectnessTest.php on line 558
   Ôöé
   Ôöé Warning: Undefined property: class@anonymous::$insert_id in D:\meowseo\tests\properties\Property14RedirectMatchingCorrectnessTest.php on line 558
   Ôöé
   Ôöé Warning: Undefined property: class@anonymous::$insert_id in D:\meowseo\tests\properties\Property14RedirectMatchingCorrectnessTest.php on line 558
   Ôöé
   Ôöé Warning: Undefined property: class@anonymous::$insert_id in D:\meowseo\tests\properties\Property14RedirectMatchingCorrectnessTest.php on line 558
   Ôöé
   Ôöé Warning: Undefined property: class@anonymous::$insert_id in D:\meowseo\tests\properties\Property14RedirectMatchingCorrectnessTest.php on line 558
   Ôöé
   Ôöé Warning: Undefined property: class@anonymous::$insert_id in D:\meowseo\tests\properties\Property14RedirectMatchingCorrectnessTest.php on line 558
   Ôöé
   Ôöé Warning: Undefined property: class@anonymous::$insert_id in D:\meowseo\tests\properties\Property14RedirectMatchingCorrectnessTest.php on line 558
   Ôöé
   Ôöé Warning: Undefined property: class@anonymous::$insert_id in D:\meowseo\tests\properties\Property14RedirectMatchingCorrectnessTest.php on line 558
   Ôöé
   Ôöé Warning: Undefined property: class@anonymous::$insert_id in D:\meowseo\tests\properties\Property14RedirectMatchingCorrectnessTest.php on line 558
   Ôöé
   Ôöé Warning: Undefined property: class@anonymous::$insert_id in D:\meowseo\tests\properties\Property14RedirectMatchingCorrectnessTest.php on line 558
   Ôöé
   Ôöé Warning: Undefined property: class@anonymous::$insert_id in D:\meowseo\tests\properties\Property14RedirectMatchingCorrectnessTest.php on line 558
   Ôöé
   Ôöé Warning: Undefined property: class@anonymous::$insert_id in D:\meowseo\tests\properties\Property14RedirectMatchingCorrectnessTest.php on line 558
   Ôöé
   Ôöé Warning: Undefined property: class@anonymous::$insert_id in D:\meowseo\tests\properties\Property14RedirectMatchingCorrectnessTest.php on line 558
   Ôöé
   Ôöé Warning: Undefined property: class@anonymous::$insert_id in D:\meowseo\tests\properties\Property14RedirectMatchingCorrectnessTest.php on line 558
   Ôöé
   Ôöé Warning: Undefined property: class@anonymous::$insert_id in D:\meowseo\tests\properties\Property14RedirectMatchingCorrectnessTest.php on line 558
   Ôöé
   Ôöé Warning: Undefined property: class@anonymous::$insert_id in D:\meowseo\tests\properties\Property14RedirectMatchingCorrectnessTest.php on line 558
   Ôöé
   Ôöé Warning: Undefined property: class@anonymous::$insert_id in D:\meowseo\tests\properties\Property14RedirectMatchingCorrectnessTest.php on line 558
   Ôöé
   Ôöé Warning: Undefined property: class@anonymous::$insert_id in D:\meowseo\tests\properties\Property14RedirectMatchingCorrectnessTest.php on line 558
   Ôöé
   Ôöé Warning: Undefined property: class@anonymous::$insert_id in D:\meowseo\tests\properties\Property14RedirectMatchingCorrectnessTest.php on line 558
   Ôöé
   Ôöé Warning: Undefined property: class@anonymous::$insert_id in D:\meowseo\tests\properties\Property14RedirectMatchingCorrectnessTest.php on line 558
   Ôöé
   Ôöé Warning: Undefined property: class@anonymous::$insert_id in D:\meowseo\tests\properties\Property14RedirectMatchingCorrectnessTest.php on line 558
   Ôöé
   Ôöé Warning: Undefined property: class@anonymous::$insert_id in D:\meowseo\tests\properties\Property14RedirectMatchingCorrectnessTest.php on line 558
   Ôöé
   Ôöé Warning: Undefined property: class@anonymous::$insert_id in D:\meowseo\tests\properties\Property14RedirectMatchingCorrectnessTest.php on line 558
   Ôöé
   Ôöé Warning: Undefined property: class@anonymous::$insert_id in D:\meowseo\tests\properties\Property14RedirectMatchingCorrectnessTest.php on line 558
   Ôöé
   Ôöé Warning: Undefined property: class@anonymous::$insert_id in D:\meowseo\tests\properties\Property14RedirectMatchingCorrectnessTest.php on line 558
   Ôöé
   Ôöé Warning: Undefined property: class@anonymous::$insert_id in D:\meowseo\tests\properties\Property14RedirectMatchingCorrectnessTest.php on line 558
   Ôöé
   Ôöé Warning: Undefined property: class@anonymous::$insert_id in D:\meowseo\tests\properties\Property14RedirectMatchingCorrectnessTest.php on line 558
   Ôöé
   Ôöé Warning: Undefined property: class@anonymous::$insert_id in D:\meowseo\tests\properties\Property14RedirectMatchingCorrectnessTest.php on line 558
   Ôöé
   Ôöé Warning: Undefined property: class@anonymous::$insert_id in D:\meowseo\tests\properties\Property14RedirectMatchingCorrectnessTest.php on line 558
   Ôöé
   Ôöé Warning: Undefined property: class@anonymous::$insert_id in D:\meowseo\tests\properties\Property14RedirectMatchingCorrectnessTest.php on line 558
   Ôöé
   Ôöé Warning: Undefined property: class@anonymous::$insert_id in D:\meowseo\tests\properties\Property14RedirectMatchingCorrectnessTest.php on line 558
   Ôöé
   Ôöé Warning: Undefined property: class@anonymous::$insert_id in D:\meowseo\tests\properties\Property14RedirectMatchingCorrectnessTest.php on line 558
   Ôöé
   Ôöé Warning: Undefined property: class@anonymous::$insert_id in D:\meowseo\tests\properties\Property14RedirectMatchingCorrectnessTest.php on line 558
   Ôöé
   Ôöé Warning: Undefined property: class@anonymous::$insert_id in D:\meowseo\tests\properties\Property14RedirectMatchingCorrectnessTest.php on line 558
   Ôöé
   Ôöé Warning: Undefined property: class@anonymous::$insert_id in D:\meowseo\tests\properties\Property14RedirectMatchingCorrectnessTest.php on line 558
   Ôöé
   Ôöé Warning: Undefined property: class@anonymous::$insert_id in D:\meowseo\tests\properties\Property14RedirectMatchingCorrectnessTest.php on line 558
   Ôöé
   Ôöé Warning: Undefined property: class@anonymous::$insert_id in D:\meowseo\tests\properties\Property14RedirectMatchingCorrectnessTest.php on line 558
   Ôöé
   Ôöé Warning: Undefined property: class@anonymous::$insert_id in D:\meowseo\tests\properties\Property14RedirectMatchingCorrectnessTest.php on line 558
   Ôöé
   Ôöé Warning: Undefined property: class@anonymous::$insert_id in D:\meowseo\tests\properties\Property14RedirectMatchingCorrectnessTest.php on line 558
   Ôöé
   Ôöé Warning: Undefined property: class@anonymous::$insert_id in D:\meowseo\tests\properties\Property14RedirectMatchingCorrectnessTest.php on line 558
   Ôöé
   Ôöé Warning: Undefined property: class@anonymous::$insert_id in D:\meowseo\tests\properties\Property14RedirectMatchingCorrectnessTest.php on line 558
   Ôöé
   Ôöé Warning: Undefined property: class@anonymous::$insert_id in D:\meowseo\tests\properties\Property14RedirectMatchingCorrectnessTest.php on line 558
   Ôöé
   Ôöé Warning: Undefined property: class@anonymous::$insert_id in D:\meowseo\tests\properties\Property14RedirectMatchingCorrectnessTest.php on line 558
   Ôöé
   Ôöé Warning: Undefined property: class@anonymous::$insert_id in D:\meowseo\tests\properties\Property14RedirectMatchingCorrectnessTest.php on line 558
   Ôöé
   Ôöé Warning: Undefined property: class@anonymous::$insert_id in D:\meowseo\tests\properties\Property14RedirectMatchingCorrectnessTest.php on line 558
   Ôöé
   Ôöé Warning: Undefined property: class@anonymous::$insert_id in D:\meowseo\tests\properties\Property14RedirectMatchingCorrectnessTest.php on line 558
   Ôöé
   Ôöé Warning: Undefined property: class@anonymous::$insert_id in D:\meowseo\tests\properties\Property14RedirectMatchingCorrectnessTest.php on line 558
   Ôöé
   Ôöé Warning: Undefined property: class@anonymous::$insert_id in D:\meowseo\tests\properties\Property14RedirectMatchingCorrectnessTest.php on line 558
   Ôöé
   Ôöé Warning: Undefined property: class@anonymous::$insert_id in D:\meowseo\tests\properties\Property14RedirectMatchingCorrectnessTest.php on line 558
   Ôöé
   Ôöé Warning: Undefined property: class@anonymous::$insert_id in D:\meowseo\tests\properties\Property14RedirectMatchingCorrectnessTest.php on line 558
   Ôöé
   Ôöé Warning: Undefined property: class@anonymous::$insert_id in D:\meowseo\tests\properties\Property14RedirectMatchingCorrectnessTest.php on line 558
   Ôöé
   Ôöé Warning: Undefined property: class@anonymous::$insert_id in D:\meowseo\tests\properties\Property14RedirectMatchingCorrectnessTest.php on line 558
   Ôöé
   Ôöé Warning: Undefined property: class@anonymous::$insert_id in D:\meowseo\tests\properties\Property14RedirectMatchingCorrectnessTest.php on line 558
   Ôöé
   Ôöé Warning: Undefined property: class@anonymous::$insert_id in D:\meowseo\tests\properties\Property14RedirectMatchingCorrectnessTest.php on line 558
   Ôöé
   Ôöé Warning: Undefined property: class@anonymous::$insert_id in D:\meowseo\tests\properties\Property14RedirectMatchingCorrectnessTest.php on line 558
   Ôöé
   Ôöé Warning: Undefined property: class@anonymous::$insert_id in D:\meowseo\tests\properties\Property14RedirectMatchingCorrectnessTest.php on line 558
   Ôöé
   Ôöé Warning: Undefined property: class@anonymous::$insert_id in D:\meowseo\tests\properties\Property14RedirectMatchingCorrectnessTest.php on line 558
   Ôöé
   Ôöé Warning: Undefined property: class@anonymous::$insert_id in D:\meowseo\tests\properties\Property14RedirectMatchingCorrectnessTest.php on line 558
   Ôöé
   Ôöé Warning: Undefined property: class@anonymous::$insert_id in D:\meowseo\tests\properties\Property14RedirectMatchingCorrectnessTest.php on line 558
   Ôöé
   Ôöé Warning: Undefined property: class@anonymous::$insert_id in D:\meowseo\tests\properties\Property14RedirectMatchingCorrectnessTest.php on line 558
   Ôöé
   Ôöé Warning: Undefined property: class@anonymous::$insert_id in D:\meowseo\tests\properties\Property14RedirectMatchingCorrectnessTest.php on line 558
   Ôöé
   Ôöé Warning: Undefined property: class@anonymous::$insert_id in D:\meowseo\tests\properties\Property14RedirectMatchingCorrectnessTest.php on line 558
   Ôöé
   Ôöé Warning: Undefined property: class@anonymous::$insert_id in D:\meowseo\tests\properties\Property14RedirectMatchingCorrectnessTest.php on line 558
   Ôöé
   Ôöé Warning: Undefined property: class@anonymous::$insert_id in D:\meowseo\tests\properties\Property14RedirectMatchingCorrectnessTest.php on line 558
   Ôöé
   Ôöé Warning: Undefined property: class@anonymous::$insert_id in D:\meowseo\tests\properties\Property14RedirectMatchingCorrectnessTest.php on line 558
   Ôöé
   Ôöé Warning: Undefined property: class@anonymous::$insert_id in D:\meowseo\tests\properties\Property14RedirectMatchingCorrectnessTest.php on line 558
   Ôöé
   Ôöé Warning: Undefined property: class@anonymous::$insert_id in D:\meowseo\tests\properties\Property14RedirectMatchingCorrectnessTest.php on line 558
   Ôöé
   Ôöé Warning: Undefined property: class@anonymous::$insert_id in D:\meowseo\tests\properties\Property14RedirectMatchingCorrectnessTest.php on line 558
   Ôöé
   Ôöé Warning: Undefined property: class@anonymous::$insert_id in D:\meowseo\tests\properties\Property14RedirectMatchingCorrectnessTest.php on line 558
   Ôöé
   Ôöé Warning: Undefined property: class@anonymous::$insert_id in D:\meowseo\tests\properties\Property14RedirectMatchingCorrectnessTest.php on line 558
   Ôöé
   Ôöé Warning: Undefined property: class@anonymous::$insert_id in D:\meowseo\tests\properties\Property14RedirectMatchingCorrectnessTest.php on line 558
   Ôöé
   Ôöé Warning: Undefined property: class@anonymous::$insert_id in D:\meowseo\tests\properties\Property14RedirectMatchingCorrectnessTest.php on line 558
   Ôöé
   Ôöé Warning: Undefined property: class@anonymous::$insert_id in D:\meowseo\tests\properties\Property14RedirectMatchingCorrectnessTest.php on line 558
   Ôöé
   Ôöé Warning: Undefined property: class@anonymous::$insert_id in D:\meowseo\tests\properties\Property14RedirectMatchingCorrectnessTest.php on line 558
   Ôöé
   Ôöé Warning: Undefined property: class@anonymous::$insert_id in D:\meowseo\tests\properties\Property14RedirectMatchingCorrectnessTest.php on line 558
   Ôöé
   Ôöé Warning: Undefined property: class@anonymous::$insert_id in D:\meowseo\tests\properties\Property14RedirectMatchingCorrectnessTest.php on line 558
   Ôöé
   Ôöé Warning: Undefined property: class@anonymous::$insert_id in D:\meowseo\tests\properties\Property14RedirectMatchingCorrectnessTest.php on line 558
   Ôöé
   Ôöé Warning: Undefined property: class@anonymous::$insert_id in D:\meowseo\tests\properties\Property14RedirectMatchingCorrectnessTest.php on line 558
   Ôöé
   Ôöé Warning: Undefined property: class@anonymous::$insert_id in D:\meowseo\tests\properties\Property14RedirectMatchingCorrectnessTest.php on line 558
   Ôöé
   Ôöé Warning: Undefined property: class@anonymous::$insert_id in D:\meowseo\tests\properties\Property14RedirectMatchingCorrectnessTest.php on line 558
   Ôöé
   Ôöé Warning: Undefined property: class@anonymous::$insert_id in D:\meowseo\tests\properties\Property14RedirectMatchingCorrectnessTest.php on line 558
   Ôöé
   Ôöé Warning: Undefined property: class@anonymous::$insert_id in D:\meowseo\tests\properties\Property14RedirectMatchingCorrectnessTest.php on line 558
   Ôöé
   Ôöé Warning: Undefined property: class@anonymous::$insert_id in D:\meowseo\tests\properties\Property14RedirectMatchingCorrectnessTest.php on line 558
   Ôöé
   Ôöé Warning: Undefined property: class@anonymous::$insert_id in D:\meowseo\tests\properties\Property14RedirectMatchingCorrectnessTest.php on line 558
   Ôöé
   Ôöé Warning: Undefined property: class@anonymous::$insert_id in D:\meowseo\tests\properties\Property14RedirectMatchingCorrectnessTest.php on line 558
   Ôöé
   Ôöé Warning: Undefined property: class@anonymous::$insert_id in D:\meowseo\tests\properties\Property14RedirectMatchingCorrectnessTest.php on line 558
   Ôöé
   Ôöé Warning: Undefined property: class@anonymous::$insert_id in D:\meowseo\tests\properties\Property14RedirectMatchingCorrectnessTest.php on line 558
   Ôöé
   Ôöé Warning: Undefined property: class@anonymous::$insert_id in D:\meowseo\tests\properties\Property14RedirectMatchingCorrectnessTest.php on line 558
   Ôöé
   Ôöé Warning: Undefined property: class@anonymous::$insert_id in D:\meowseo\tests\properties\Property14RedirectMatchingCorrectnessTest.php on line 558
   Ôöé
   Ôöé Warning: Undefined property: class@anonymous::$insert_id in D:\meowseo\tests\properties\Property14RedirectMatchingCorrectnessTest.php on line 558
   Ôöé
   Ôöé Warning: Undefined property: class@anonymous::$insert_id in D:\meowseo\tests\properties\Property14RedirectMatchingCorrectnessTest.php on line 558
   Ôöé
   Ôöé Warning: Undefined property: class@anonymous::$insert_id in D:\meowseo\tests\properties\Property14RedirectMatchingCorrectnessTest.php on line 558
   Ôöé
   Ôöé Warning: Undefined property: class@anonymous::$insert_id in D:\meowseo\tests\properties\Property14RedirectMatchingCorrectnessTest.php on line 558
   Ôöé
   Ôöé Warning: Undefined property: class@anonymous::$insert_id in D:\meowseo\tests\properties\Property14RedirectMatchingCorrectnessTest.php on line 558
   Ôöé
   Ôöé Warning: Undefined property: class@anonymous::$insert_id in D:\meowseo\tests\properties\Property14RedirectMatchingCorrectnessTest.php on line 558
   Ôöé
   Ôöé Warning: Undefined property: class@anonymous::$insert_id in D:\meowseo\tests\properties\Property14RedirectMatchingCorrectnessTest.php on line 558
   Ôöé
   Ôöé Warning: Undefined property: class@anonymous::$insert_id in D:\meowseo\tests\properties\Property14RedirectMatchingCorrectnessTest.php on line 558
   Ôöé
   Ôöé Warning: Undefined property: class@anonymous::$insert_id in D:\meowseo\tests\properties\Property14RedirectMatchingCorrectnessTest.php on line 558
   Ôöé
   Ôöé Warning: Undefined property: class@anonymous::$insert_id in D:\meowseo\tests\properties\Property14RedirectMatchingCorrectnessTest.php on line 558
   Ôöé
   Ôöé Warning: Undefined property: class@anonymous::$insert_id in D:\meowseo\tests\properties\Property14RedirectMatchingCorrectnessTest.php on line 558
   Ôöé
   Ôöé Warning: Undefined property: class@anonymous::$insert_id in D:\meowseo\tests\properties\Property14RedirectMatchingCorrectnessTest.php on line 558
   Ôöé
   Ôöé Warning: Undefined property: class@anonymous::$insert_id in D:\meowseo\tests\properties\Property14RedirectMatchingCorrectnessTest.php on line 558
   Ôöé
   Ôöé Warning: Undefined property: class@anonymous::$insert_id in D:\meowseo\tests\properties\Property14RedirectMatchingCorrectnessTest.php on line 558
   Ôöé
   Ôöé Warning: Undefined property: class@anonymous::$insert_id in D:\meowseo\tests\properties\Property14RedirectMatchingCorrectnessTest.php on line 558
   Ôöé
   Ôöé Warning: Undefined property: class@anonymous::$insert_id in D:\meowseo\tests\properties\Property14RedirectMatchingCorrectnessTest.php on line 558
   Ôöé
   Ôöé Warning: Undefined property: class@anonymous::$insert_id in D:\meowseo\tests\properties\Property14RedirectMatchingCorrectnessTest.php on line 558
   Ôöé
   Ôöé Warning: Undefined property: class@anonymous::$insert_id in D:\meowseo\tests\properties\Property14RedirectMatchingCorrectnessTest.php on line 558
   Ôöé
   Ôöé Warning: Undefined property: class@anonymous::$insert_id in D:\meowseo\tests\properties\Property14RedirectMatchingCorrectnessTest.php on line 558
   Ôöé
   Ôöé Warning: Undefined property: class@anonymous::$insert_id in D:\meowseo\tests\properties\Property14RedirectMatchingCorrectnessTest.php on line 558
   Ôöé
   Ôöé Warning: Undefined property: class@anonymous::$insert_id in D:\meowseo\tests\properties\Property14RedirectMatchingCorrectnessTest.php on line 558
   Ôöé
   Ôöé Warning: Undefined property: class@anonymous::$insert_id in D:\meowseo\tests\properties\Property14RedirectMatchingCorrectnessTest.php on line 558
   Ôöé
   Ôöé Warning: Undefined property: class@anonymous::$insert_id in D:\meowseo\tests\properties\Property14RedirectMatchingCorrectnessTest.php on line 558
   Ôöé
   Ôöé Warning: Undefined property: class@anonymous::$insert_id in D:\meowseo\tests\properties\Property14RedirectMatchingCorrectnessTest.php on line 558
   Ôöé
   Ôöé Warning: Undefined property: class@anonymous::$insert_id in D:\meowseo\tests\properties\Property14RedirectMatchingCorrectnessTest.php on line 558
   Ôöé
   Ôöé Warning: Undefined property: class@anonymous::$insert_id in D:\meowseo\tests\properties\Property14RedirectMatchingCorrectnessTest.php on line 558
   Ôöé
   Ôöé Warning: Undefined property: class@anonymous::$insert_id in D:\meowseo\tests\properties\Property14RedirectMatchingCorrectnessTest.php on line 558
   Ôöé
   Ôöé Warning: Undefined property: class@anonymous::$insert_id in D:\meowseo\tests\properties\Property14RedirectMatchingCorrectnessTest.php on line 558
   Ôöé
   Ôöé Warning: Undefined property: class@anonymous::$insert_id in D:\meowseo\tests\properties\Property14RedirectMatchingCorrectnessTest.php on line 558
   Ôöé
   Ôöé Warning: Undefined property: class@anonymous::$insert_id in D:\meowseo\tests\properties\Property14RedirectMatchingCorrectnessTest.php on line 558
   Ôöé
   Ôöé Warning: Undefined property: class@anonymous::$insert_id in D:\meowseo\tests\properties\Property14RedirectMatchingCorrectnessTest.php on line 558
   Ôöé
   Ôöé Warning: Undefined property: class@anonymous::$insert_id in D:\meowseo\tests\properties\Property14RedirectMatchingCorrectnessTest.php on line 558
   Ôöé
   Ôöé Warning: Undefined property: class@anonymous::$insert_id in D:\meowseo\tests\properties\Property14RedirectMatchingCorrectnessTest.php on line 558
   Ôöé
   Ôöé Warning: Undefined property: class@anonymous::$insert_id in D:\meowseo\tests\properties\Property14RedirectMatchingCorrectnessTest.php on line 558
   Ôöé
   Ôöé Warning: Undefined property: class@anonymous::$insert_id in D:\meowseo\tests\properties\Property14RedirectMatchingCorrectnessTest.php on line 558
   Ôöé
   Ôöé Warning: Undefined property: class@anonymous::$insert_id in D:\meowseo\tests\properties\Property14RedirectMatchingCorrectnessTest.php on line 558
   Ôöé
   Ôöé Warning: Undefined property: class@anonymous::$insert_id in D:\meowseo\tests\properties\Property14RedirectMatchingCorrectnessTest.php on line 558
   Ôöé
   Ôöé Warning: Undefined property: class@anonymous::$insert_id in D:\meowseo\tests\properties\Property14RedirectMatchingCorrectnessTest.php on line 558
   Ôöé
   Ôöé Warning: Undefined property: class@anonymous::$insert_id in D:\meowseo\tests\properties\Property14RedirectMatchingCorrectnessTest.php on line 558
   Ôöé
   Ôöé Warning: Undefined property: class@anonymous::$insert_id in D:\meowseo\tests\properties\Property14RedirectMatchingCorrectnessTest.php on line 558
   Ôöé
   Ôöé Warning: Undefined property: class@anonymous::$insert_id in D:\meowseo\tests\properties\Property14RedirectMatchingCorrectnessTest.php on line 558
   Ôöé
   Ôöé Warning: Undefined property: class@anonymous::$insert_id in D:\meowseo\tests\properties\Property14RedirectMatchingCorrectnessTest.php on line 558
   Ôöé
   Ôöé Warning: Undefined property: class@anonymous::$insert_id in D:\meowseo\tests\properties\Property14RedirectMatchingCorrectnessTest.php on line 558
   Ôöé
   Ôöé Warning: Undefined property: class@anonymous::$insert_id in D:\meowseo\tests\properties\Property14RedirectMatchingCorrectnessTest.php on line 558
   Ôöé
   Ôöé Warning: Undefined property: class@anonymous::$insert_id in D:\meowseo\tests\properties\Property14RedirectMatchingCorrectnessTest.php on line 558
   Ôöé
   Ôöé Warning: Undefined property: class@anonymous::$insert_id in D:\meowseo\tests\properties\Property14RedirectMatchingCorrectnessTest.php on line 558
   Ôöé
   Ôöé Warning: Undefined property: class@anonymous::$insert_id in D:\meowseo\tests\properties\Property14RedirectMatchingCorrectnessTest.php on line 558
   Ôöé
   Ôöé Warning: Undefined property: class@anonymous::$insert_id in D:\meowseo\tests\properties\Property14RedirectMatchingCorrectnessTest.php on line 558
   Ôöé
   Ôöé Warning: Undefined property: class@anonymous::$insert_id in D:\meowseo\tests\properties\Property14RedirectMatchingCorrectnessTest.php on line 558
   Ôöé
   Ôöé Warning: Undefined property: class@anonymous::$insert_id in D:\meowseo\tests\properties\Property14RedirectMatchingCorrectnessTest.php on line 558
   Ôöé
   Ôöé Warning: Undefined property: class@anonymous::$insert_id in D:\meowseo\tests\properties\Property14RedirectMatchingCorrectnessTest.php on line 558
   Ôöé
   Ôöé Warning: Undefined property: class@anonymous::$insert_id in D:\meowseo\tests\properties\Property14RedirectMatchingCorrectnessTest.php on line 558
   Ôöé
   Ôöé Warning: Undefined property: class@anonymous::$insert_id in D:\meowseo\tests\properties\Property14RedirectMatchingCorrectnessTest.php on line 558
   Ôöé
   Ôöé Warning: Undefined property: class@anonymous::$insert_id in D:\meowseo\tests\properties\Property14RedirectMatchingCorrectnessTest.php on line 558
   Ôöé
   Ôöé Warning: Undefined property: class@anonymous::$insert_id in D:\meowseo\tests\properties\Property14RedirectMatchingCorrectnessTest.php on line 558
   Ôöé
   Ôöé Warning: Undefined property: class@anonymous::$insert_id in D:\meowseo\tests\properties\Property14RedirectMatchingCorrectnessTest.php on line 558
   Ôöé
   Ôöé Warning: Undefined property: class@anonymous::$insert_id in D:\meowseo\tests\properties\Property14RedirectMatchingCorrectnessTest.php on line 558
   Ôöé
   Ôöé Warning: Undefined property: class@anonymous::$insert_id in D:\meowseo\tests\properties\Property14RedirectMatchingCorrectnessTest.php on line 558
   Ôöé
   Ôöé Warning: Undefined property: class@anonymous::$insert_id in D:\meowseo\tests\properties\Property14RedirectMatchingCorrectnessTest.php on line 558
   Ôöé
   Ôöé Warning: Undefined property: class@anonymous::$insert_id in D:\meowseo\tests\properties\Property14RedirectMatchingCorrectnessTest.php on line 558
   Ôöé
   Ôöé Warning: Undefined property: class@anonymous::$insert_id in D:\meowseo\tests\properties\Property14RedirectMatchingCorrectnessTest.php on line 558
   Ôöé
   Ôöé Warning: Undefined property: class@anonymous::$insert_id in D:\meowseo\tests\properties\Property14RedirectMatchingCorrectnessTest.php on line 558
   Ôöé
   Ôöé Warning: Undefined property: class@anonymous::$insert_id in D:\meowseo\tests\properties\Property14RedirectMatchingCorrectnessTest.php on line 558
   Ôöé
   Ôöé Warning: Undefined property: class@anonymous::$insert_id in D:\meowseo\tests\properties\Property14RedirectMatchingCorrectnessTest.php on line 558
   Ôöé
   Ôöé Warning: Undefined property: class@anonymous::$insert_id in D:\meowseo\tests\properties\Property14RedirectMatchingCorrectnessTest.php on line 558
   Ôöé
   Ôöé Warning: Undefined property: class@anonymous::$insert_id in D:\meowseo\tests\properties\Property14RedirectMatchingCorrectnessTest.php on line 558
   Ôöé
   Ôöé Warning: Undefined property: class@anonymous::$insert_id in D:\meowseo\tests\properties\Property14RedirectMatchingCorrectnessTest.php on line 558
   Ôöé
   Ôöé Warning: Undefined property: class@anonymous::$insert_id in D:\meowseo\tests\properties\Property14RedirectMatchingCorrectnessTest.php on line 558
   Ôöé
   Ôöé Warning: Undefined property: class@anonymous::$insert_id in D:\meowseo\tests\properties\Property14RedirectMatchingCorrectnessTest.php on line 558
   Ôöé
   Ôöé Warning: Undefined property: class@anonymous::$insert_id in D:\meowseo\tests\properties\Property14RedirectMatchingCorrectnessTest.php on line 558
   Ôöé
   Ôöé Warning: Undefined property: class@anonymous::$insert_id in D:\meowseo\tests\properties\Property14RedirectMatchingCorrectnessTest.php on line 558
   Ôöé
   Ôöé Warning: Undefined property: class@anonymous::$insert_id in D:\meowseo\tests\properties\Property14RedirectMatchingCorrectnessTest.php on line 558
   Ôöé
   Ôöé Warning: Undefined property: class@anonymous::$insert_id in D:\meowseo\tests\properties\Property14RedirectMatchingCorrectnessTest.php on line 558
   Ôöé
   Ôöé Warning: Undefined property: class@anonymous::$insert_id in D:\meowseo\tests\properties\Property14RedirectMatchingCorrectnessTest.php on line 558
   Ôöé
   Ôöé Warning: Undefined property: class@anonymous::$insert_id in D:\meowseo\tests\properties\Property14RedirectMatchingCorrectnessTest.php on line 558
   Ôöé
   Ôöé Warning: Undefined property: class@anonymous::$insert_id in D:\meowseo\tests\properties\Property14RedirectMatchingCorrectnessTest.php on line 558
   Ôöé
   Ôöé Warning: Undefined property: class@anonymous::$insert_id in D:\meowseo\tests\properties\Property14RedirectMatchingCorrectnessTest.php on line 558
   Ôöé
   Ôöé Warning: Undefined property: class@anonymous::$insert_id in D:\meowseo\tests\properties\Property14RedirectMatchingCorrectnessTest.php on line 558
   Ôöé
   Ôöé Warning: Undefined property: class@anonymous::$insert_id in D:\meowseo\tests\properties\Property14RedirectMatchingCorrectnessTest.php on line 558
   Ôöé
   Ôöé Warning: Undefined property: class@anonymous::$insert_id in D:\meowseo\tests\properties\Property14RedirectMatchingCorrectnessTest.php on line 558
   Ôöé
   Ôöé Warning: Undefined property: class@anonymous::$insert_id in D:\meowseo\tests\properties\Property14RedirectMatchingCorrectnessTest.php on line 558
   Ôöé
   Ôöé Warning: Undefined property: class@anonymous::$insert_id in D:\meowseo\tests\properties\Property14RedirectMatchingCorrectnessTest.php on line 558
   Ôöé
   Ôöé Warning: Undefined property: class@anonymous::$insert_id in D:\meowseo\tests\properties\Property14RedirectMatchingCorrectnessTest.php on line 558
   Ôöé
   Ôöé Warning: Undefined property: class@anonymous::$insert_id in D:\meowseo\tests\properties\Property14RedirectMatchingCorrectnessTest.php on line 558
   Ôöé
   Ôöé Warning: Undefined property: class@anonymous::$insert_id in D:\meowseo\tests\properties\Property14RedirectMatchingCorrectnessTest.php on line 558
   Ôöé
   Ôöé Warning: Undefined property: class@anonymous::$insert_id in D:\meowseo\tests\properties\Property14RedirectMatchingCorrectnessTest.php on line 558
   Ôöé
   Ôöé Warning: Undefined property: class@anonymous::$insert_id in D:\meowseo\tests\properties\Property14RedirectMatchingCorrectnessTest.php on line 558
   Ôöé
   Ôöé Warning: Undefined property: class@anonymous::$insert_id in D:\meowseo\tests\properties\Property14RedirectMatchingCorrectnessTest.php on line 558
   Ôöé
   Ôöé Warning: Undefined property: class@anonymous::$insert_id in D:\meowseo\tests\properties\Property14RedirectMatchingCorrectnessTest.php on line 558
   Ôöé
   Ôöé Warning: Undefined property: class@anonymous::$insert_id in D:\meowseo\tests\properties\Property14RedirectMatchingCorrectnessTest.php on line 558
   Ôöé
   Ôöé Warning: Undefined property: class@anonymous::$insert_id in D:\meowseo\tests\properties\Property14RedirectMatchingCorrectnessTest.php on line 558
   Ôöé
   Ôöé Warning: Undefined property: class@anonymous::$insert_id in D:\meowseo\tests\properties\Property14RedirectMatchingCorrectnessTest.php on line 558
   Ôöé
   Ôöé Warning: Undefined property: class@anonymous::$insert_id in D:\meowseo\tests\properties\Property14RedirectMatchingCorrectnessTest.php on line 558
   Ôöé
   Ôöé Warning: Undefined property: class@anonymous::$insert_id in D:\meowseo\tests\properties\Property14RedirectMatchingCorrectnessTest.php on line 558
   Ôöé
   Ôöé Warning: Undefined property: class@anonymous::$insert_id in D:\meowseo\tests\properties\Property14RedirectMatchingCorrectnessTest.php on line 558
   Ôöé
   Ôöé Warning: Undefined property: class@anonymous::$insert_id in D:\meowseo\tests\properties\Property14RedirectMatchingCorrectnessTest.php on line 558
   Ôöé
   Ôöé Warning: Undefined property: class@anonymous::$insert_id in D:\meowseo\tests\properties\Property14RedirectMatchingCorrectnessTest.php on line 558
   Ôöé
   Ôöé Warning: Undefined property: class@anonymous::$insert_id in D:\meowseo\tests\properties\Property14RedirectMatchingCorrectnessTest.php on line 558
   Ôöé
   Ôöé Warning: Undefined property: class@anonymous::$insert_id in D:\meowseo\tests\properties\Property14RedirectMatchingCorrectnessTest.php on line 558
   Ôöé
   Ôöé Warning: Undefined property: class@anonymous::$insert_id in D:\meowseo\tests\properties\Property14RedirectMatchingCorrectnessTest.php on line 558
   Ôöé
   Ôöé Warning: Undefined property: class@anonymous::$insert_id in D:\meowseo\tests\properties\Property14RedirectMatchingCorrectnessTest.php on line 558
   Ôöé
   Ôöé Warning: Undefined property: class@anonymous::$insert_id in D:\meowseo\tests\properties\Property14RedirectMatchingCorrectnessTest.php on line 558
   Ôöé
   Ôöé Warning: Undefined property: class@anonymous::$insert_id in D:\meowseo\tests\properties\Property14RedirectMatchingCorrectnessTest.php on line 558
   Ôöé
   Ôöé Warning: Undefined property: class@anonymous::$insert_id in D:\meowseo\tests\properties\Property14RedirectMatchingCorrectnessTest.php on line 558
   Ôöé
   Ôöé Warning: Undefined property: class@anonymous::$insert_id in D:\meowseo\tests\properties\Property14RedirectMatchingCorrectnessTest.php on line 558
   Ôöé
   Ôöé Warning: Undefined property: class@anonymous::$insert_id in D:\meowseo\tests\properties\Property14RedirectMatchingCorrectnessTest.php on line 558
   Ôöé
   Ôöé Warning: Undefined property: class@anonymous::$insert_id in D:\meowseo\tests\properties\Property14RedirectMatchingCorrectnessTest.php on line 558
   Ôöé
   Ôöé Warning: Undefined property: class@anonymous::$insert_id in D:\meowseo\tests\properties\Property14RedirectMatchingCorrectnessTest.php on line 558
   Ôöé
   Ôöé Warning: Undefined property: class@anonymous::$insert_id in D:\meowseo\tests\properties\Property14RedirectMatchingCorrectnessTest.php on line 558
   Ôöé
   Ôöé Warning: Undefined property: class@anonymous::$insert_id in D:\meowseo\tests\properties\Property14RedirectMatchingCorrectnessTest.php on line 558
   Ôöé
   Ôöé Warning: Undefined property: class@anonymous::$insert_id in D:\meowseo\tests\properties\Property14RedirectMatchingCorrectnessTest.php on line 558
   Ôöé
   Ôöé Warning: Undefined property: class@anonymous::$insert_id in D:\meowseo\tests\properties\Property14RedirectMatchingCorrectnessTest.php on line 558
   Ôöé
   Ôöé Warning: Undefined property: class@anonymous::$insert_id in D:\meowseo\tests\properties\Property14RedirectMatchingCorrectnessTest.php on line 558
   Ôöé
   Ôöé Warning: Undefined property: class@anonymous::$insert_id in D:\meowseo\tests\properties\Property14RedirectMatchingCorrectnessTest.php on line 558
   Ôöé
   Ôöé Warning: Undefined property: class@anonymous::$insert_id in D:\meowseo\tests\properties\Property14RedirectMatchingCorrectnessTest.php on line 558
   Ôöé
   Ôöé Warning: Undefined property: class@anonymous::$insert_id in D:\meowseo\tests\properties\Property14RedirectMatchingCorrectnessTest.php on line 558
   Ôöé
   Ôöé Warning: Undefined property: class@anonymous::$insert_id in D:\meowseo\tests\properties\Property14RedirectMatchingCorrectnessTest.php on line 558
   Ôöé
   Ôöé Warning: Undefined property: class@anonymous::$insert_id in D:\meowseo\tests\properties\Property14RedirectMatchingCorrectnessTest.php on line 558
   Ôöé
   Ôöé Warning: Undefined property: class@anonymous::$insert_id in D:\meowseo\tests\properties\Property14RedirectMatchingCorrectnessTest.php on line 558
   Ôöé
   Ôöé Warning: Undefined property: class@anonymous::$insert_id in D:\meowseo\tests\properties\Property14RedirectMatchingCorrectnessTest.php on line 558
   Ôöé
   Ôöé Warning: Undefined property: class@anonymous::$insert_id in D:\meowseo\tests\properties\Property14RedirectMatchingCorrectnessTest.php on line 558
   Ôöé
   Ôöé Warning: Undefined property: class@anonymous::$insert_id in D:\meowseo\tests\properties\Property14RedirectMatchingCorrectnessTest.php on line 558
   Ôöé
   Ôöé Warning: Undefined property: class@anonymous::$insert_id in D:\meowseo\tests\properties\Property14RedirectMatchingCorrectnessTest.php on line 558
   Ôöé
   Ôöé Warning: Undefined property: class@anonymous::$insert_id in D:\meowseo\tests\properties\Property14RedirectMatchingCorrectnessTest.php on line 558
   Ôöé
   Ôöé Warning: Undefined property: class@anonymous::$insert_id in D:\meowseo\tests\properties\Property14RedirectMatchingCorrectnessTest.php on line 558
   Ôöé
   Ôöé Warning: Undefined property: class@anonymous::$insert_id in D:\meowseo\tests\properties\Property14RedirectMatchingCorrectnessTest.php on line 558
   Ôöé
   Ôöé Warning: Undefined property: class@anonymous::$insert_id in D:\meowseo\tests\properties\Property14RedirectMatchingCorrectnessTest.php on line 558
   Ôöé
   Ôöé Warning: Undefined property: class@anonymous::$insert_id in D:\meowseo\tests\properties\Property14RedirectMatchingCorrectnessTest.php on line 558
   Ôöé
   Ôöé Warning: Undefined property: class@anonymous::$insert_id in D:\meowseo\tests\properties\Property14RedirectMatchingCorrectnessTest.php on line 558
   Ôöé
   Ôöé Warning: Undefined property: class@anonymous::$insert_id in D:\meowseo\tests\properties\Property14RedirectMatchingCorrectnessTest.php on line 558
   Ôöé
   Ôöé Warning: Undefined property: class@anonymous::$insert_id in D:\meowseo\tests\properties\Property14RedirectMatchingCorrectnessTest.php on line 558
   Ôöé
   Ôöé Warning: Undefined property: class@anonymous::$insert_id in D:\meowseo\tests\properties\Property14RedirectMatchingCorrectnessTest.php on line 558
   Ôöé
   Ôöé Warning: Undefined property: class@anonymous::$insert_id in D:\meowseo\tests\properties\Property14RedirectMatchingCorrectnessTest.php on line 558
   Ôöé
   Ôöé Warning: Undefined property: class@anonymous::$insert_id in D:\meowseo\tests\properties\Property14RedirectMatchingCorrectnessTest.php on line 558
   Ôöé
   Ôöé Warning: Undefined property: class@anonymous::$insert_id in D:\meowseo\tests\properties\Property14RedirectMatchingCorrectnessTest.php on line 558
   Ôöé
   Ôöé Warning: Undefined property: class@anonymous::$insert_id in D:\meowseo\tests\properties\Property14RedirectMatchingCorrectnessTest.php on line 558
   Ôöé
   Ôöé Warning: Undefined property: class@anonymous::$insert_id in D:\meowseo\tests\properties\Property14RedirectMatchingCorrectnessTest.php on line 558
   Ôöé
   Ôöé Warning: Undefined property: class@anonymous::$insert_id in D:\meowseo\tests\properties\Property14RedirectMatchingCorrectnessTest.php on line 558
   Ôöé
   Ôöé Warning: Undefined property: class@anonymous::$insert_id in D:\meowseo\tests\properties\Property14RedirectMatchingCorrectnessTest.php on line 558
   Ôöé
   Ôöé Warning: Undefined property: class@anonymous::$insert_id in D:\meowseo\tests\properties\Property14RedirectMatchingCorrectnessTest.php on line 558
   Ôöé
   Ôöé Warning: Undefined property: class@anonymous::$insert_id in D:\meowseo\tests\properties\Property14RedirectMatchingCorrectnessTest.php on line 558
   Ôöé
   Ôöé Warning: Undefined property: class@anonymous::$insert_id in D:\meowseo\tests\properties\Property14RedirectMatchingCorrectnessTest.php on line 558
   Ôöé
   Ôöé Warning: Undefined property: class@anonymous::$insert_id in D:\meowseo\tests\properties\Property14RedirectMatchingCorrectnessTest.php on line 558
   Ôöé
   Ôöé Warning: Undefined property: class@anonymous::$insert_id in D:\meowseo\tests\properties\Property14RedirectMatchingCorrectnessTest.php on line 558
   Ôöé
   Ôöé Warning: Undefined property: class@anonymous::$insert_id in D:\meowseo\tests\properties\Property14RedirectMatchingCorrectnessTest.php on line 558
   Ôöé
   Ôöé Warning: Undefined property: class@anonymous::$insert_id in D:\meowseo\tests\properties\Property14RedirectMatchingCorrectnessTest.php on line 558
   Ôöé
   Ôöé Warning: Undefined property: class@anonymous::$insert_id in D:\meowseo\tests\properties\Property14RedirectMatchingCorrectnessTest.php on line 558
   Ôöé
   Ôöé Warning: Undefined property: class@anonymous::$insert_id in D:\meowseo\tests\properties\Property14RedirectMatchingCorrectnessTest.php on line 558
   Ôöé
   Ôöé Warning: Undefined property: class@anonymous::$insert_id in D:\meowseo\tests\properties\Property14RedirectMatchingCorrectnessTest.php on line 558
   Ôöé
   Ôöé Warning: Undefined property: class@anonymous::$insert_id in D:\meowseo\tests\properties\Property14RedirectMatchingCorrectnessTest.php on line 558
   Ôöé
   Ôöé Warning: Undefined property: class@anonymous::$insert_id in D:\meowseo\tests\properties\Property14RedirectMatchingCorrectnessTest.php on line 558
   Ôöé
   Ôöé Warning: Undefined property: class@anonymous::$insert_id in D:\meowseo\tests\properties\Property14RedirectMatchingCorrectnessTest.php on line 558
   Ôöé
   Ôöé Warning: Undefined property: class@anonymous::$insert_id in D:\meowseo\tests\properties\Property14RedirectMatchingCorrectnessTest.php on line 558
   Ôöé
   Ôöé Warning: Undefined property: class@anonymous::$insert_id in D:\meowseo\tests\properties\Property14RedirectMatchingCorrectnessTest.php on line 558
   Ôöé
   Ôöé Warning: Undefined property: class@anonymous::$insert_id in D:\meowseo\tests\properties\Property14RedirectMatchingCorrectnessTest.php on line 558
   Ôöé
   Ôöé Warning: Undefined property: class@anonymous::$insert_id in D:\meowseo\tests\properties\Property14RedirectMatchingCorrectnessTest.php on line 558
   Ôöé
   Ôöé Warning: Undefined property: class@anonymous::$insert_id in D:\meowseo\tests\properties\Property14RedirectMatchingCorrectnessTest.php on line 558
   Ôöé
   Ôöé Warning: Undefined property: class@anonymous::$insert_id in D:\meowseo\tests\properties\Property14RedirectMatchingCorrectnessTest.php on line 558
   Ôöé
   Ôöé Warning: Undefined property: class@anonymous::$insert_id in D:\meowseo\tests\properties\Property14RedirectMatchingCorrectnessTest.php on line 558
   Ôöé
   Ôöé Warning: Undefined property: class@anonymous::$insert_id in D:\meowseo\tests\properties\Property14RedirectMatchingCorrectnessTest.php on line 558
   Ôöé
   Ôöé Warning: Undefined property: class@anonymous::$insert_id in D:\meowseo\tests\properties\Property14RedirectMatchingCorrectnessTest.php on line 558
   Ôöé
   Ôöé Warning: Undefined property: class@anonymous::$insert_id in D:\meowseo\tests\properties\Property14RedirectMatchingCorrectnessTest.php on line 558
   Ôöé
   Ôöé Warning: Undefined property: class@anonymous::$insert_id in D:\meowseo\tests\properties\Property14RedirectMatchingCorrectnessTest.php on line 558
   Ôöé
   Ôöé Warning: Undefined property: class@anonymous::$insert_id in D:\meowseo\tests\properties\Property14RedirectMatchingCorrectnessTest.php on line 558
   Ôöé
   Ôöé Warning: Undefined property: class@anonymous::$insert_id in D:\meowseo\tests\properties\Property14RedirectMatchingCorrectnessTest.php on line 558
   Ôöé
   Ôöé Warning: Undefined property: class@anonymous::$insert_id in D:\meowseo\tests\properties\Property14RedirectMatchingCorrectnessTest.php on line 558
   Ôöé
   Ôöé Warning: Undefined property: class@anonymous::$insert_id in D:\meowseo\tests\properties\Property14RedirectMatchingCorrectnessTest.php on line 558
   Ôöé
   Ôöé Warning: Undefined property: class@anonymous::$insert_id in D:\meowseo\tests\properties\Property14RedirectMatchingCorrectnessTest.php on line 558
   Ôöé
   Ôöé Warning: Undefined property: class@anonymous::$insert_id in D:\meowseo\tests\properties\Property14RedirectMatchingCorrectnessTest.php on line 558
   Ôöé
   Ôöé Warning: Undefined property: class@anonymous::$insert_id in D:\meowseo\tests\properties\Property14RedirectMatchingCorrectnessTest.php on line 558
   Ôöé
   Ôöé Warning: Undefined property: class@anonymous::$insert_id in D:\meowseo\tests\properties\Property14RedirectMatchingCorrectnessTest.php on line 558
   Ôöé
   Ôöé Warning: Undefined property: class@anonymous::$insert_id in D:\meowseo\tests\properties\Property14RedirectMatchingCorrectnessTest.php on line 558
   Ôöé
   Ôöé Warning: Undefined property: class@anonymous::$insert_id in D:\meowseo\tests\properties\Property14RedirectMatchingCorrectnessTest.php on line 558
   Ôöé
   Ôöé Warning: Undefined property: class@anonymous::$insert_id in D:\meowseo\tests\properties\Property14RedirectMatchingCorrectnessTest.php on line 558
   Ôöé
   Ôöé Warning: Undefined property: class@anonymous::$insert_id in D:\meowseo\tests\properties\Property14RedirectMatchingCorrectnessTest.php on line 558
   Ôöé
   Ôöé Warning: Undefined property: class@anonymous::$insert_id in D:\meowseo\tests\properties\Property14RedirectMatchingCorrectnessTest.php on line 558
   Ôöé
   Ôöé Warning: Undefined property: class@anonymous::$insert_id in D:\meowseo\tests\properties\Property14RedirectMatchingCorrectnessTest.php on line 558
   Ôöé
   Ôöé Warning: Undefined property: class@anonymous::$insert_id in D:\meowseo\tests\properties\Property14RedirectMatchingCorrectnessTest.php on line 558
   Ôöé
   Ôöé Warning: Undefined property: class@anonymous::$insert_id in D:\meowseo\tests\properties\Property14RedirectMatchingCorrectnessTest.php on line 558
   Ôöé
   Ôöé Warning: Undefined property: class@anonymous::$insert_id in D:\meowseo\tests\properties\Property14RedirectMatchingCorrectnessTest.php on line 558
   Ôöé
   Ôöé Warning: Undefined property: class@anonymous::$insert_id in D:\meowseo\tests\properties\Property14RedirectMatchingCorrectnessTest.php on line 558
   Ôöé
   Ôöé Warning: Undefined property: class@anonymous::$insert_id in D:\meowseo\tests\properties\Property14RedirectMatchingCorrectnessTest.php on line 558
   Ôöé
   Ôöé Warning: Undefined property: class@anonymous::$insert_id in D:\meowseo\tests\properties\Property14RedirectMatchingCorrectnessTest.php on line 558
   Ôöé
   Ôöé Warning: Undefined property: class@anonymous::$insert_id in D:\meowseo\tests\properties\Property14RedirectMatchingCorrectnessTest.php on line 558
   Ôöé
   Ôöé Warning: Undefined property: class@anonymous::$insert_id in D:\meowseo\tests\properties\Property14RedirectMatchingCorrectnessTest.php on line 558
   Ôöé
   Ôöé Warning: Undefined property: class@anonymous::$insert_id in D:\meowseo\tests\properties\Property14RedirectMatchingCorrectnessTest.php on line 558
   Ôöé
   Ôöé Warning: Undefined property: class@anonymous::$insert_id in D:\meowseo\tests\properties\Property14RedirectMatchingCorrectnessTest.php on line 558
   Ôöé
   Ôöé Warning: Undefined property: class@anonymous::$insert_id in D:\meowseo\tests\properties\Property14RedirectMatchingCorrectnessTest.php on line 558
   Ôöé
   Ôöé Warning: Undefined property: class@anonymous::$insert_id in D:\meowseo\tests\properties\Property14RedirectMatchingCorrectnessTest.php on line 558
   Ôöé
   Ôöé Warning: Undefined property: class@anonymous::$insert_id in D:\meowseo\tests\properties\Property14RedirectMatchingCorrectnessTest.php on line 558
   Ôöé
   Ôöé Warning: Undefined property: class@anonymous::$insert_id in D:\meowseo\tests\properties\Property14RedirectMatchingCorrectnessTest.php on line 558
   Ôöé
   Ôöé Warning: Undefined property: class@anonymous::$insert_id in D:\meowseo\tests\properties\Property14RedirectMatchingCorrectnessTest.php on line 558
   Ôöé
   Ôöé Warning: Undefined property: class@anonymous::$insert_id in D:\meowseo\tests\properties\Property14RedirectMatchingCorrectnessTest.php on line 558
   Ôöé
   Ôöé Warning: Undefined property: class@anonymous::$insert_id in D:\meowseo\tests\properties\Property14RedirectMatchingCorrectnessTest.php on line 558
   Ôöé
   Ôöé Warning: Undefined property: class@anonymous::$insert_id in D:\meowseo\tests\properties\Property14RedirectMatchingCorrectnessTest.php on line 558
   Ôöé
   Ôöé Warning: Undefined property: class@anonymous::$insert_id in D:\meowseo\tests\properties\Property14RedirectMatchingCorrectnessTest.php on line 558
   Ôöé
   Ôöé Warning: Undefined property: class@anonymous::$insert_id in D:\meowseo\tests\properties\Property14RedirectMatchingCorrectnessTest.php on line 558
   Ôöé
   Ôöé Warning: Undefined property: class@anonymous::$insert_id in D:\meowseo\tests\properties\Property14RedirectMatchingCorrectnessTest.php on line 558
   Ôöé
   Ôöé Warning: Undefined property: class@anonymous::$insert_id in D:\meowseo\tests\properties\Property14RedirectMatchingCorrectnessTest.php on line 558
   Ôöé
   Ôöé Warning: Undefined property: class@anonymous::$insert_id in D:\meowseo\tests\properties\Property14RedirectMatchingCorrectnessTest.php on line 558
   Ôöé
   Ôöé Warning: Undefined property: class@anonymous::$insert_id in D:\meowseo\tests\properties\Property14RedirectMatchingCorrectnessTest.php on line 558
   Ôöé
   Ôöé Warning: Undefined property: class@anonymous::$insert_id in D:\meowseo\tests\properties\Property14RedirectMatchingCorrectnessTest.php on line 558
   Ôöé
   Ôöé Warning: Undefined property: class@anonymous::$insert_id in D:\meowseo\tests\properties\Property14RedirectMatchingCorrectnessTest.php on line 558
   Ôöé
   Ôöé Warning: Undefined property: class@anonymous::$insert_id in D:\meowseo\tests\properties\Property14RedirectMatchingCorrectnessTest.php on line 558
   Ôöé
   Ôöé Warning: Undefined property: class@anonymous::$insert_id in D:\meowseo\tests\properties\Property14RedirectMatchingCorrectnessTest.php on line 558
   Ôöé
   Ôöé Warning: Undefined property: class@anonymous::$insert_id in D:\meowseo\tests\properties\Property14RedirectMatchingCorrectnessTest.php on line 558
   Ôöé
   Ôöé Warning: Undefined property: class@anonymous::$insert_id in D:\meowseo\tests\properties\Property14RedirectMatchingCorrectnessTest.php on line 558
   Ôöé
   Ôöé Warning: Undefined property: class@anonymous::$insert_id in D:\meowseo\tests\properties\Property14RedirectMatchingCorrectnessTest.php on line 558
   Ôöé
   Ôöé Warning: Undefined property: class@anonymous::$insert_id in D:\meowseo\tests\properties\Property14RedirectMatchingCorrectnessTest.php on line 558
   Ôöé
   Ôöé Warning: Undefined property: class@anonymous::$insert_id in D:\meowseo\tests\properties\Property14RedirectMatchingCorrectnessTest.php on line 558
   Ôöé
   Ôöé Warning: Undefined property: class@anonymous::$insert_id in D:\meowseo\tests\properties\Property14RedirectMatchingCorrectnessTest.php on line 558
   Ôöé
   Ôöé Warning: Undefined property: class@anonymous::$insert_id in D:\meowseo\tests\properties\Property14RedirectMatchingCorrectnessTest.php on line 558
   Ôöé
   Ôöé Warning: Undefined property: class@anonymous::$insert_id in D:\meowseo\tests\properties\Property14RedirectMatchingCorrectnessTest.php on line 558
   Ôöé
   Ôöé Warning: Undefined property: class@anonymous::$insert_id in D:\meowseo\tests\properties\Property14RedirectMatchingCorrectnessTest.php on line 558
   Ôöé
   Ôöé Warning: Undefined property: class@anonymous::$insert_id in D:\meowseo\tests\properties\Property14RedirectMatchingCorrectnessTest.php on line 558
   Ôöé
   Ôöé Warning: Undefined property: class@anonymous::$insert_id in D:\meowseo\tests\properties\Property14RedirectMatchingCorrectnessTest.php on line 558
   Ôöé
   Ôöé Warning: Undefined property: class@anonymous::$insert_id in D:\meowseo\tests\properties\Property14RedirectMatchingCorrectnessTest.php on line 558
   Ôöé
   Ôöé Warning: Undefined property: class@anonymous::$insert_id in D:\meowseo\tests\properties\Property14RedirectMatchingCorrectnessTest.php on line 558
   Ôöé
   Ôöé Warning: Undefined property: class@anonymous::$insert_id in D:\meowseo\tests\properties\Property14RedirectMatchingCorrectnessTest.php on line 558
   Ôöé
   Ôöé Warning: Undefined property: class@anonymous::$insert_id in D:\meowseo\tests\properties\Property14RedirectMatchingCorrectnessTest.php on line 558
   Ôöé
   Ôöé Warning: Undefined property: class@anonymous::$insert_id in D:\meowseo\tests\properties\Property14RedirectMatchingCorrectnessTest.php on line 558
   Ôöé
   Ôöé Warning: Undefined property: class@anonymous::$insert_id in D:\meowseo\tests\properties\Property14RedirectMatchingCorrectnessTest.php on line 558
   Ôöé
   Ôöé Warning: Undefined property: class@anonymous::$insert_id in D:\meowseo\tests\properties\Property14RedirectMatchingCorrectnessTest.php on line 558
   Ôöé
   Ôöé Warning: Undefined property: class@anonymous::$insert_id in D:\meowseo\tests\properties\Property14RedirectMatchingCorrectnessTest.php on line 558
   Ôöé
   Ôöé Warning: Undefined property: class@anonymous::$insert_id in D:\meowseo\tests\properties\Property14RedirectMatchingCorrectnessTest.php on line 558
   Ôöé
   Ôöé Warning: Undefined property: class@anonymous::$insert_id in D:\meowseo\tests\properties\Property14RedirectMatchingCorrectnessTest.php on line 558
   Ôöé
   Ôöé Warning: Undefined property: class@anonymous::$insert_id in D:\meowseo\tests\properties\Property14RedirectMatchingCorrectnessTest.php on line 558
   Ôöé
   Ôöé Warning: Undefined property: class@anonymous::$insert_id in D:\meowseo\tests\properties\Property14RedirectMatchingCorrectnessTest.php on line 558
   Ôöé
   Ôöé Warning: Undefined property: class@anonymous::$insert_id in D:\meowseo\tests\properties\Property14RedirectMatchingCorrectnessTest.php on line 558
   Ôöé
   Ôöé Warning: Undefined property: class@anonymous::$insert_id in D:\meowseo\tests\properties\Property14RedirectMatchingCorrectnessTest.php on line 558
   Ôöé
   Ôöé Warning: Undefined property: class@anonymous::$insert_id in D:\meowseo\tests\properties\Property14RedirectMatchingCorrectnessTest.php on line 558
   Ôöé
   Ôöé Warning: Undefined property: class@anonymous::$insert_id in D:\meowseo\tests\properties\Property14RedirectMatchingCorrectnessTest.php on line 558
   Ôöé
   Ôöé Warning: Undefined property: class@anonymous::$insert_id in D:\meowseo\tests\properties\Property14RedirectMatchingCorrectnessTest.php on line 558
   Ôöé
   Ôöé Warning: Undefined property: class@anonymous::$insert_id in D:\meowseo\tests\properties\Property14RedirectMatchingCorrectnessTest.php on line 558
   Ôöé
   Ôöé Warning: Undefined property: class@anonymous::$insert_id in D:\meowseo\tests\properties\Property14RedirectMatchingCorrectnessTest.php on line 558
   Ôöé
   Ôöé Warning: Undefined property: class@anonymous::$insert_id in D:\meowseo\tests\properties\Property14RedirectMatchingCorrectnessTest.php on line 558
   Ôöé
   Ôöé Warning: Undefined property: class@anonymous::$insert_id in D:\meowseo\tests\properties\Property14RedirectMatchingCorrectnessTest.php on line 558
   Ôöé
   Ôöé Warning: Undefined property: class@anonymous::$insert_id in D:\meowseo\tests\properties\Property14RedirectMatchingCorrectnessTest.php on line 558
   Ôöé
   Ôöé Warning: Undefined property: class@anonymous::$insert_id in D:\meowseo\tests\properties\Property14RedirectMatchingCorrectnessTest.php on line 558
   Ôöé
   Ôöé Warning: Undefined property: class@anonymous::$insert_id in D:\meowseo\tests\properties\Property14RedirectMatchingCorrectnessTest.php on line 558
   Ôöé
   Ôöé Warning: Undefined property: class@anonymous::$insert_id in D:\meowseo\tests\properties\Property14RedirectMatchingCorrectnessTest.php on line 558
   Ôöé
   Ôöé Warning: Undefined property: class@anonymous::$insert_id in D:\meowseo\tests\properties\Property14RedirectMatchingCorrectnessTest.php on line 558
   Ôöé
   Ôöé Warning: Undefined property: class@anonymous::$insert_id in D:\meowseo\tests\properties\Property14RedirectMatchingCorrectnessTest.php on line 558
   Ôöé
   Ôöé Warning: Undefined property: class@anonymous::$insert_id in D:\meowseo\tests\properties\Property14RedirectMatchingCorrectnessTest.php on line 558
   Ôöé
   Ôöé Warning: Undefined property: class@anonymous::$insert_id in D:\meowseo\tests\properties\Property14RedirectMatchingCorrectnessTest.php on line 558
   Ôöé
   Ôöé Warning: Undefined property: class@anonymous::$insert_id in D:\meowseo\tests\properties\Property14RedirectMatchingCorrectnessTest.php on line 558
   Ôöé
   Ôöé Warning: Undefined property: class@anonymous::$insert_id in D:\meowseo\tests\properties\Property14RedirectMatchingCorrectnessTest.php on line 558
   Ôöé
   Ôöé Warning: Undefined property: class@anonymous::$insert_id in D:\meowseo\tests\properties\Property14RedirectMatchingCorrectnessTest.php on line 558
   Ôöé
   Ôöé Warning: Undefined property: class@anonymous::$insert_id in D:\meowseo\tests\properties\Property14RedirectMatchingCorrectnessTest.php on line 558
   Ôöé
   Ôöé Warning: Undefined property: class@anonymous::$insert_id in D:\meowseo\tests\properties\Property14RedirectMatchingCorrectnessTest.php on line 558
   Ôöé
   Ôöé Warning: Undefined property: class@anonymous::$insert_id in D:\meowseo\tests\properties\Property14RedirectMatchingCorrectnessTest.php on line 558
   Ôöé
   Ôöé Warning: Undefined property: class@anonymous::$insert_id in D:\meowseo\tests\properties\Property14RedirectMatchingCorrectnessTest.php on line 558
   Ôöé
   Ôöé Warning: Undefined property: class@anonymous::$insert_id in D:\meowseo\tests\properties\Property14RedirectMatchingCorrectnessTest.php on line 558
   Ôöé
   Ôöé Warning: Undefined property: class@anonymous::$insert_id in D:\meowseo\tests\properties\Property14RedirectMatchingCorrectnessTest.php on line 558
   Ôöé
   Ôöé Warning: Undefined property: class@anonymous::$insert_id in D:\meowseo\tests\properties\Property14RedirectMatchingCorrectnessTest.php on line 558
   Ôöé
   Ôöé Warning: Undefined property: class@anonymous::$insert_id in D:\meowseo\tests\properties\Property14RedirectMatchingCorrectnessTest.php on line 558
   Ôöé
   Ôöé Warning: Undefined property: class@anonymous::$insert_id in D:\meowseo\tests\properties\Property14RedirectMatchingCorrectnessTest.php on line 558
   Ôöé
   Ôöé Warning: Undefined property: class@anonymous::$insert_id in D:\meowseo\tests\properties\Property14RedirectMatchingCorrectnessTest.php on line 558
   Ôöé
   Ôöé Warning: Undefined property: class@anonymous::$insert_id in D:\meowseo\tests\properties\Property14RedirectMatchingCorrectnessTest.php on line 558
   Ôöé
   Ôöé Warning: Undefined property: class@anonymous::$insert_id in D:\meowseo\tests\properties\Property14RedirectMatchingCorrectnessTest.php on line 558
   Ôöé
   Ôöé Warning: Undefined property: class@anonymous::$insert_id in D:\meowseo\tests\properties\Property14RedirectMatchingCorrectnessTest.php on line 558
   Ôöé
   Ôöé Warning: Undefined property: class@anonymous::$insert_id in D:\meowseo\tests\properties\Property14RedirectMatchingCorrectnessTest.php on line 558
   Ôöé
   Ôöé Warning: Undefined property: class@anonymous::$insert_id in D:\meowseo\tests\properties\Property14RedirectMatchingCorrectnessTest.php on line 558
   Ôöé
   Ôöé Warning: Undefined property: class@anonymous::$insert_id in D:\meowseo\tests\properties\Property14RedirectMatchingCorrectnessTest.php on line 558
   Ôöé
   Ôöé Warning: Undefined property: class@anonymous::$insert_id in D:\meowseo\tests\properties\Property14RedirectMatchingCorrectnessTest.php on line 558
   Ôöé
   Ôöé Warning: Undefined property: class@anonymous::$insert_id in D:\meowseo\tests\properties\Property14RedirectMatchingCorrectnessTest.php on line 558
   Ôöé
   Ôöé Warning: Undefined property: class@anonymous::$insert_id in D:\meowseo\tests\properties\Property14RedirectMatchingCorrectnessTest.php on line 558
   Ôöé
   Ôöé Warning: Undefined property: class@anonymous::$insert_id in D:\meowseo\tests\properties\Property14RedirectMatchingCorrectnessTest.php on line 558
   Ôöé
   Ôöé Warning: Undefined property: class@anonymous::$insert_id in D:\meowseo\tests\properties\Property14RedirectMatchingCorrectnessTest.php on line 558
   Ôöé
   Ôöé Warning: Undefined property: class@anonymous::$insert_id in D:\meowseo\tests\properties\Property14RedirectMatchingCorrectnessTest.php on line 558
   Ôöé
   Ôöé Warning: Undefined property: class@anonymous::$insert_id in D:\meowseo\tests\properties\Property14RedirectMatchingCorrectnessTest.php on line 558
   Ôöé
   Ôöé Warning: Undefined property: class@anonymous::$insert_id in D:\meowseo\tests\properties\Property14RedirectMatchingCorrectnessTest.php on line 558
   Ôöé
   Ôöé Warning: Undefined property: class@anonymous::$insert_id in D:\meowseo\tests\properties\Property14RedirectMatchingCorrectnessTest.php on line 558
   Ôöé
   Ôöé Warning: Undefined property: class@anonymous::$insert_id in D:\meowseo\tests\properties\Property14RedirectMatchingCorrectnessTest.php on line 558
   Ôöé
   Ôöé Warning: Undefined property: class@anonymous::$insert_id in D:\meowseo\tests\properties\Property14RedirectMatchingCorrectnessTest.php on line 558
   Ôöé
   Ôöé Warning: Undefined property: class@anonymous::$insert_id in D:\meowseo\tests\properties\Property14RedirectMatchingCorrectnessTest.php on line 558
   Ôöé
   Ôöé Warning: Undefined property: class@anonymous::$insert_id in D:\meowseo\tests\properties\Property14RedirectMatchingCorrectnessTest.php on line 558
   Ôöé
   Ôöé Warning: Undefined property: class@anonymous::$insert_id in D:\meowseo\tests\properties\Property14RedirectMatchingCorrectnessTest.php on line 558
   Ôöé
   Ôöé Warning: Undefined property: class@anonymous::$insert_id in D:\meowseo\tests\properties\Property14RedirectMatchingCorrectnessTest.php on line 558
   Ôöé
   Ôöé Warning: Undefined property: class@anonymous::$insert_id in D:\meowseo\tests\properties\Property14RedirectMatchingCorrectnessTest.php on line 558
   Ôöé
   Ôöé Warning: Undefined property: class@anonymous::$insert_id in D:\meowseo\tests\properties\Property14RedirectMatchingCorrectnessTest.php on line 558
   Ôöé
   Ôöé Warning: Undefined property: class@anonymous::$insert_id in D:\meowseo\tests\properties\Property14RedirectMatchingCorrectnessTest.php on line 558
   Ôöé
   Ôöé Warning: Undefined property: class@anonymous::$insert_id in D:\meowseo\tests\properties\Property14RedirectMatchingCorrectnessTest.php on line 558
   Ôöé
   Ôöé Warning: Undefined property: class@anonymous::$insert_id in D:\meowseo\tests\properties\Property14RedirectMatchingCorrectnessTest.php on line 558
   Ôöé
   Ôöé Warning: Undefined property: class@anonymous::$insert_id in D:\meowseo\tests\properties\Property14RedirectMatchingCorrectnessTest.php on line 558
   Ôöé
   Ôöé Warning: Undefined property: class@anonymous::$insert_id in D:\meowseo\tests\properties\Property14RedirectMatchingCorrectnessTest.php on line 558
   Ôöé
   Ôöé Warning: Undefined property: class@anonymous::$insert_id in D:\meowseo\tests\properties\Property14RedirectMatchingCorrectnessTest.php on line 558
   Ôöé
   Ôöé Warning: Undefined property: class@anonymous::$insert_id in D:\meowseo\tests\properties\Property14RedirectMatchingCorrectnessTest.php on line 558
   Ôöé
   Ôöé Warning: Undefined property: class@anonymous::$insert_id in D:\meowseo\tests\properties\Property14RedirectMatchingCorrectnessTest.php on line 558
   Ôöé
   Ôöé Warning: Undefined property: class@anonymous::$insert_id in D:\meowseo\tests\properties\Property14RedirectMatchingCorrectnessTest.php on line 558
   Ôöé
   Ôöé Warning: Undefined property: class@anonymous::$insert_id in D:\meowseo\tests\properties\Property14RedirectMatchingCorrectnessTest.php on line 558
   Ôöé
   Ôöé Warning: Undefined property: class@anonymous::$insert_id in D:\meowseo\tests\properties\Property14RedirectMatchingCorrectnessTest.php on line 558
   Ôöé
   Ôöé Warning: Undefined property: class@anonymous::$insert_id in D:\meowseo\tests\properties\Property14RedirectMatchingCorrectnessTest.php on line 558
   Ôöé
   Ôöé Warning: Undefined property: class@anonymous::$insert_id in D:\meowseo\tests\properties\Property14RedirectMatchingCorrectnessTest.php on line 558
   Ôöé
   Ôöé Warning: Undefined property: class@anonymous::$insert_id in D:\meowseo\tests\properties\Property14RedirectMatchingCorrectnessTest.php on line 558
   Ôöé
   Ôöé Warning: Undefined property: class@anonymous::$insert_id in D:\meowseo\tests\properties\Property14RedirectMatchingCorrectnessTest.php on line 558
   Ôöé
   Ôöé Warning: Undefined property: class@anonymous::$insert_id in D:\meowseo\tests\properties\Property14RedirectMatchingCorrectnessTest.php on line 558
   Ôöé
   Ôöé Warning: Undefined property: class@anonymous::$insert_id in D:\meowseo\tests\properties\Property14RedirectMatchingCorrectnessTest.php on line 558
   Ôöé
   Ôöé Warning: Undefined property: class@anonymous::$insert_id in D:\meowseo\tests\properties\Property14RedirectMatchingCorrectnessTest.php on line 558
   Ôöé
   Ôöé Warning: Undefined property: class@anonymous::$insert_id in D:\meowseo\tests\properties\Property14RedirectMatchingCorrectnessTest.php on line 558
   Ôöé
   Ôöé Warning: Undefined property: class@anonymous::$insert_id in D:\meowseo\tests\properties\Property14RedirectMatchingCorrectnessTest.php on line 558
   Ôöé
   Ôöé Warning: Undefined property: class@anonymous::$insert_id in D:\meowseo\tests\properties\Property14RedirectMatchingCorrectnessTest.php on line 558
   Ôöé
   Ôöé Warning: Undefined property: class@anonymous::$insert_id in D:\meowseo\tests\properties\Property14RedirectMatchingCorrectnessTest.php on line 558
   Ôöé
   Ôöé Warning: Undefined property: class@anonymous::$insert_id in D:\meowseo\tests\properties\Property14RedirectMatchingCorrectnessTest.php on line 558
   Ôöé
   Ôöé Warning: Undefined property: class@anonymous::$insert_id in D:\meowseo\tests\properties\Property14RedirectMatchingCorrectnessTest.php on line 558
   Ôöé
   Ôöé Warning: Undefined property: class@anonymous::$insert_id in D:\meowseo\tests\properties\Property14RedirectMatchingCorrectnessTest.php on line 558
   Ôöé
   Ôöé Warning: Undefined property: class@anonymous::$insert_id in D:\meowseo\tests\properties\Property14RedirectMatchingCorrectnessTest.php on line 558
   Ôöé
   Ôöé Warning: Undefined property: class@anonymous::$insert_id in D:\meowseo\tests\properties\Property14RedirectMatchingCorrectnessTest.php on line 558
   Ôöé
   Ôöé Warning: Undefined property: class@anonymous::$insert_id in D:\meowseo\tests\properties\Property14RedirectMatchingCorrectnessTest.php on line 558
   Ôöé
   Ôöé Warning: Undefined property: class@anonymous::$insert_id in D:\meowseo\tests\properties\Property14RedirectMatchingCorrectnessTest.php on line 558
   Ôöé
   Ôöé Warning: Undefined property: class@anonymous::$insert_id in D:\meowseo\tests\properties\Property14RedirectMatchingCorrectnessTest.php on line 558
   Ôöé
   Ôöé Warning: Undefined property: class@anonymous::$insert_id in D:\meowseo\tests\properties\Property14RedirectMatchingCorrectnessTest.php on line 558
   Ôöé
   Ôöé Warning: Undefined property: class@anonymous::$insert_id in D:\meowseo\tests\properties\Property14RedirectMatchingCorrectnessTest.php on line 558
   Ôöé
   Ôöé Warning: Undefined property: class@anonymous::$insert_id in D:\meowseo\tests\properties\Property14RedirectMatchingCorrectnessTest.php on line 558
   Ôöé
   Ôöé Warning: Undefined property: class@anonymous::$insert_id in D:\meowseo\tests\properties\Property14RedirectMatchingCorrectnessTest.php on line 558
   Ôöé
   Ôöé Warning: Undefined property: class@anonymous::$insert_id in D:\meowseo\tests\properties\Property14RedirectMatchingCorrectnessTest.php on line 558
   Ôöé
   Ôöé Warning: Undefined property: class@anonymous::$insert_id in D:\meowseo\tests\properties\Property14RedirectMatchingCorrectnessTest.php on line 558
   Ôöé
   Ôöé Warning: Undefined property: class@anonymous::$insert_id in D:\meowseo\tests\properties\Property14RedirectMatchingCorrectnessTest.php on line 558
   Ôöé
   Ôöé Warning: Undefined property: class@anonymous::$insert_id in D:\meowseo\tests\properties\Property14RedirectMatchingCorrectnessTest.php on line 558
   Ôöé
   Ôöé Warning: Undefined property: class@anonymous::$insert_id in D:\meowseo\tests\properties\Property14RedirectMatchingCorrectnessTest.php on line 558
   Ôöé
   Ôöé Warning: Undefined property: class@anonymous::$insert_id in D:\meowseo\tests\properties\Property14RedirectMatchingCorrectnessTest.php on line 558
   Ôöé
   Ôöé Warning: Undefined property: class@anonymous::$insert_id in D:\meowseo\tests\properties\Property14RedirectMatchingCorrectnessTest.php on line 558
   Ôöé
   Ôöé Warning: Undefined property: class@anonymous::$insert_id in D:\meowseo\tests\properties\Property14RedirectMatchingCorrectnessTest.php on line 558
   Ôöé
   Ôöé Warning: Undefined property: class@anonymous::$insert_id in D:\meowseo\tests\properties\Property14RedirectMatchingCorrectnessTest.php on line 558
   Ôöé
   Ôöé Warning: Undefined property: class@anonymous::$insert_id in D:\meowseo\tests\properties\Property14RedirectMatchingCorrectnessTest.php on line 558
   Ôöé
   Ôöé Warning: Undefined property: class@anonymous::$insert_id in D:\meowseo\tests\properties\Property14RedirectMatchingCorrectnessTest.php on line 558
   Ôöé
   Ôöé Warning: Undefined property: class@anonymous::$insert_id in D:\meowseo\tests\properties\Property14RedirectMatchingCorrectnessTest.php on line 558
   Ôöé
   Ôöé Warning: Undefined property: class@anonymous::$insert_id in D:\meowseo\tests\properties\Property14RedirectMatchingCorrectnessTest.php on line 558
   Ôöé
   Ôöé Warning: Undefined property: class@anonymous::$insert_id in D:\meowseo\tests\properties\Property14RedirectMatchingCorrectnessTest.php on line 558
   Ôöé
   Ôöé Warning: Undefined property: class@anonymous::$insert_id in D:\meowseo\tests\properties\Property14RedirectMatchingCorrectnessTest.php on line 558
   Ôöé
   Ôöé Warning: Undefined property: class@anonymous::$insert_id in D:\meowseo\tests\properties\Property14RedirectMatchingCorrectnessTest.php on line 558
   Ôöé
   Ôöé Warning: Undefined property: class@anonymous::$insert_id in D:\meowseo\tests\properties\Property14RedirectMatchingCorrectnessTest.php on line 558
   Ôöé
   Ôöé Warning: Undefined property: class@anonymous::$insert_id in D:\meowseo\tests\properties\Property14RedirectMatchingCorrectnessTest.php on line 558
   Ôöé
   Ôöé Warning: Undefined property: class@anonymous::$insert_id in D:\meowseo\tests\properties\Property14RedirectMatchingCorrectnessTest.php on line 558
   Ôöé
   Ôöé Warning: Undefined property: class@anonymous::$insert_id in D:\meowseo\tests\properties\Property14RedirectMatchingCorrectnessTest.php on line 558
   Ôöé
   Ôöé Warning: Undefined property: class@anonymous::$insert_id in D:\meowseo\tests\properties\Property14RedirectMatchingCorrectnessTest.php on line 558
   Ôöé
   Ôöé Warning: Undefined property: class@anonymous::$insert_id in D:\meowseo\tests\properties\Property14RedirectMatchingCorrectnessTest.php on line 558
   Ôöé
   Ôöé Warning: Undefined property: class@anonymous::$insert_id in D:\meowseo\tests\properties\Property14RedirectMatchingCorrectnessTest.php on line 558
   Ôöé
   Ôöé Warning: Undefined property: class@anonymous::$insert_id in D:\meowseo\tests\properties\Property14RedirectMatchingCorrectnessTest.php on line 558
   Ôöé
   Ôöé Warning: Undefined property: class@anonymous::$insert_id in D:\meowseo\tests\properties\Property14RedirectMatchingCorrectnessTest.php on line 558
   Ôöé
   Ôöé Warning: Undefined property: class@anonymous::$insert_id in D:\meowseo\tests\properties\Property14RedirectMatchingCorrectnessTest.php on line 558
   Ôöé
   Ôöé Warning: Undefined property: class@anonymous::$insert_id in D:\meowseo\tests\properties\Property14RedirectMatchingCorrectnessTest.php on line 558
   Ôöé
   Ôöé Warning: Undefined property: class@anonymous::$insert_id in D:\meowseo\tests\properties\Property14RedirectMatchingCorrectnessTest.php on line 558
   Ôöé
   Ôöé Warning: Undefined property: class@anonymous::$insert_id in D:\meowseo\tests\properties\Property14RedirectMatchingCorrectnessTest.php on line 558
   Ôöé
   Ôöé Warning: Undefined property: class@anonymous::$insert_id in D:\meowseo\tests\properties\Property14RedirectMatchingCorrectnessTest.php on line 558
   Ôöé
   Ôöé Warning: Undefined property: class@anonymous::$insert_id in D:\meowseo\tests\properties\Property14RedirectMatchingCorrectnessTest.php on line 558
   Ôöé
   Ôöé Warning: Undefined property: class@anonymous::$insert_id in D:\meowseo\tests\properties\Property14RedirectMatchingCorrectnessTest.php on line 558
   Ôöé
   Ôöé Warning: Undefined property: class@anonymous::$insert_id in D:\meowseo\tests\properties\Property14RedirectMatchingCorrectnessTest.php on line 558
   Ôöé
   Ôöé Warning: Undefined property: class@anonymous::$insert_id in D:\meowseo\tests\properties\Property14RedirectMatchingCorrectnessTest.php on line 558
   Ôöé
   Ôöé Warning: Undefined property: class@anonymous::$insert_id in D:\meowseo\tests\properties\Property14RedirectMatchingCorrectnessTest.php on line 558
   Ôöé
   Ôöé Warning: Undefined property: class@anonymous::$insert_id in D:\meowseo\tests\properties\Property14RedirectMatchingCorrectnessTest.php on line 558
   Ôöé
   Ôöé Warning: Undefined property: class@anonymous::$insert_id in D:\meowseo\tests\properties\Property14RedirectMatchingCorrectnessTest.php on line 558
   Ôöé
   Ôöé Warning: Undefined property: class@anonymous::$insert_id in D:\meowseo\tests\properties\Property14RedirectMatchingCorrectnessTest.php on line 558
   Ôöé
   Ôöé Warning: Undefined property: class@anonymous::$insert_id in D:\meowseo\tests\properties\Property14RedirectMatchingCorrectnessTest.php on line 558
   Ôöé
   Ôöé Warning: Undefined property: class@anonymous::$insert_id in D:\meowseo\tests\properties\Property14RedirectMatchingCorrectnessTest.php on line 558
   Ôöé
   Ôöé Warning: Undefined property: class@anonymous::$insert_id in D:\meowseo\tests\properties\Property14RedirectMatchingCorrectnessTest.php on line 558
   Ôöé
   Ôöé Warning: Undefined property: class@anonymous::$insert_id in D:\meowseo\tests\properties\Property14RedirectMatchingCorrectnessTest.php on line 558
   Ôöé
   Ôöé Warning: Undefined property: class@anonymous::$insert_id in D:\meowseo\tests\properties\Property14RedirectMatchingCorrectnessTest.php on line 558
   Ôöé
   Ôöé Warning: Undefined property: class@anonymous::$insert_id in D:\meowseo\tests\properties\Property14RedirectMatchingCorrectnessTest.php on line 558
   Ôöé
   Ôöé Warning: Undefined property: class@anonymous::$insert_id in D:\meowseo\tests\properties\Property14RedirectMatchingCorrectnessTest.php on line 558
   Ôöé
   Ôöé Warning: Undefined property: class@anonymous::$insert_id in D:\meowseo\tests\properties\Property14RedirectMatchingCorrectnessTest.php on line 558
   Ôöé
   Ôöé Warning: Undefined property: class@anonymous::$insert_id in D:\meowseo\tests\properties\Property14RedirectMatchingCorrectnessTest.php on line 558
   Ôöé
   Ôöé Warning: Undefined property: class@anonymous::$insert_id in D:\meowseo\tests\properties\Property14RedirectMatchingCorrectnessTest.php on line 558
   Ôöé
   Ôöé Warning: Undefined property: class@anonymous::$insert_id in D:\meowseo\tests\properties\Property14RedirectMatchingCorrectnessTest.php on line 558
   Ôöé
   Ôöé Warning: Undefined property: class@anonymous::$insert_id in D:\meowseo\tests\properties\Property14RedirectMatchingCorrectnessTest.php on line 558
   Ôöé
   Ôöé Warning: Undefined property: class@anonymous::$insert_id in D:\meowseo\tests\properties\Property14RedirectMatchingCorrectnessTest.php on line 558
   Ôöé
   Ôöé Warning: Undefined property: class@anonymous::$insert_id in D:\meowseo\tests\properties\Property14RedirectMatchingCorrectnessTest.php on line 558
   Ôöé
   Ôöé Warning: Undefined property: class@anonymous::$insert_id in D:\meowseo\tests\properties\Property14RedirectMatchingCorrectnessTest.php on line 558
   Ôöé
   Ôöé Warning: Undefined property: class@anonymous::$insert_id in D:\meowseo\tests\properties\Property14RedirectMatchingCorrectnessTest.php on line 558
   Ôöé
   Ôöé Warning: Undefined property: class@anonymous::$insert_id in D:\meowseo\tests\properties\Property14RedirectMatchingCorrectnessTest.php on line 558
   Ôöé
   Ôöé Warning: Undefined property: class@anonymous::$insert_id in D:\meowseo\tests\properties\Property14RedirectMatchingCorrectnessTest.php on line 558
   Ôöé
   Ôöé Warning: Undefined property: class@anonymous::$insert_id in D:\meowseo\tests\properties\Property14RedirectMatchingCorrectnessTest.php on line 558
   Ôöé
   Ôöé Warning: Undefined property: class@anonymous::$insert_id in D:\meowseo\tests\properties\Property14RedirectMatchingCorrectnessTest.php on line 558
   Ôöé
   Ôöé Warning: Undefined property: class@anonymous::$insert_id in D:\meowseo\tests\properties\Property14RedirectMatchingCorrectnessTest.php on line 558
   Ôöé
   Ôöé Warning: Undefined property: class@anonymous::$insert_id in D:\meowseo\tests\properties\Property14RedirectMatchingCorrectnessTest.php on line 558
   Ôöé
   Ôöé Warning: Undefined property: class@anonymous::$insert_id in D:\meowseo\tests\properties\Property14RedirectMatchingCorrectnessTest.php on line 558
   Ôöé
   Ôöé Warning: Undefined property: class@anonymous::$insert_id in D:\meowseo\tests\properties\Property14RedirectMatchingCorrectnessTest.php on line 558
   Ôöé
   Ôöé Warning: Undefined property: class@anonymous::$insert_id in D:\meowseo\tests\properties\Property14RedirectMatchingCorrectnessTest.php on line 558
   Ôöé
   Ôöé Warning: Undefined property: class@anonymous::$insert_id in D:\meowseo\tests\properties\Property14RedirectMatchingCorrectnessTest.php on line 558
   Ôöé
   Ôöé Warning: Undefined property: class@anonymous::$insert_id in D:\meowseo\tests\properties\Property14RedirectMatchingCorrectnessTest.php on line 558
   Ôöé
   Ôöé Warning: Undefined property: class@anonymous::$insert_id in D:\meowseo\tests\properties\Property14RedirectMatchingCorrectnessTest.php on line 558
   Ôöé
   Ôöé Warning: Undefined property: class@anonymous::$insert_id in D:\meowseo\tests\properties\Property14RedirectMatchingCorrectnessTest.php on line 558
   Ôöé
   Ôöé Warning: Undefined property: class@anonymous::$insert_id in D:\meowseo\tests\properties\Property14RedirectMatchingCorrectnessTest.php on line 558
   Ôöé
   Ôöé Warning: Undefined property: class@anonymous::$insert_id in D:\meowseo\tests\properties\Property14RedirectMatchingCorrectnessTest.php on line 558
   Ôöé
   Ôöé Warning: Undefined property: class@anonymous::$insert_id in D:\meowseo\tests\properties\Property14RedirectMatchingCorrectnessTest.php on line 558
   Ôöé
   Ôöé Warning: Undefined property: class@anonymous::$insert_id in D:\meowseo\tests\properties\Property14RedirectMatchingCorrectnessTest.php on line 558
   Ôöé
   Ôöé Warning: Undefined property: class@anonymous::$insert_id in D:\meowseo\tests\properties\Property14RedirectMatchingCorrectnessTest.php on line 558
   Ôöé
   Ôöé Warning: Undefined property: class@anonymous::$insert_id in D:\meowseo\tests\properties\Property14RedirectMatchingCorrectnessTest.php on line 558
   Ôöé
   Ôöé Warning: Undefined property: class@anonymous::$insert_id in D:\meowseo\tests\properties\Property14RedirectMatchingCorrectnessTest.php on line 558
   Ôöé
   Ôöé Warning: Undefined property: class@anonymous::$insert_id in D:\meowseo\tests\properties\Property14RedirectMatchingCorrectnessTest.php on line 558
   Ôöé
   Ôöé Warning: Undefined property: class@anonymous::$insert_id in D:\meowseo\tests\properties\Property14RedirectMatchingCorrectnessTest.php on line 558
   Ôöé
   Ôöé Warning: Undefined property: class@anonymous::$insert_id in D:\meowseo\tests\properties\Property14RedirectMatchingCorrectnessTest.php on line 558
   Ôöé
   Ôöé Warning: Undefined property: class@anonymous::$insert_id in D:\meowseo\tests\properties\Property14RedirectMatchingCorrectnessTest.php on line 558
   Ôöé
   Ôöé Warning: Undefined property: class@anonymous::$insert_id in D:\meowseo\tests\properties\Property14RedirectMatchingCorrectnessTest.php on line 558
   Ôöé
   Ôöé Warning: Undefined property: class@anonymous::$insert_id in D:\meowseo\tests\properties\Property14RedirectMatchingCorrectnessTest.php on line 558
   Ôöé
   Ôöé Warning: Undefined property: class@anonymous::$insert_id in D:\meowseo\tests\properties\Property14RedirectMatchingCorrectnessTest.php on line 558
   Ôöé
   Ôöé Warning: Undefined property: class@anonymous::$insert_id in D:\meowseo\tests\properties\Property14RedirectMatchingCorrectnessTest.php on line 558
   Ôöé
   Ôöé Warning: Undefined property: class@anonymous::$insert_id in D:\meowseo\tests\properties\Property14RedirectMatchingCorrectnessTest.php on line 558
   Ôöé
   Ôöé Warning: Undefined property: class@anonymous::$insert_id in D:\meowseo\tests\properties\Property14RedirectMatchingCorrectnessTest.php on line 558
   Ôöé
   Ôöé Warning: Undefined property: class@anonymous::$insert_id in D:\meowseo\tests\properties\Property14RedirectMatchingCorrectnessTest.php on line 558
   Ôöé
   Ôöé Warning: Undefined property: class@anonymous::$insert_id in D:\meowseo\tests\properties\Property14RedirectMatchingCorrectnessTest.php on line 558
   Ôöé
   Ôöé Warning: Undefined property: class@anonymous::$insert_id in D:\meowseo\tests\properties\Property14RedirectMatchingCorrectnessTest.php on line 558
   Ôöé
   Ôöé Warning: Undefined property: class@anonymous::$insert_id in D:\meowseo\tests\properties\Property14RedirectMatchingCorrectnessTest.php on line 558
   Ôöé
   Ôöé Warning: Undefined property: class@anonymous::$insert_id in D:\meowseo\tests\properties\Property14RedirectMatchingCorrectnessTest.php on line 558
   Ôöé
   Ôöé Warning: Undefined property: class@anonymous::$insert_id in D:\meowseo\tests\properties\Property14RedirectMatchingCorrectnessTest.php on line 558
   Ôöé
   Ôöé Warning: Undefined property: class@anonymous::$insert_id in D:\meowseo\tests\properties\Property14RedirectMatchingCorrectnessTest.php on line 558
   Ôöé
   Ôöé Warning: Undefined property: class@anonymous::$insert_id in D:\meowseo\tests\properties\Property14RedirectMatchingCorrectnessTest.php on line 558
   Ôöé
   Ôöé Warning: Undefined property: class@anonymous::$insert_id in D:\meowseo\tests\properties\Property14RedirectMatchingCorrectnessTest.php on line 558
   Ôöé
   Ôöé Warning: Undefined property: class@anonymous::$insert_id in D:\meowseo\tests\properties\Property14RedirectMatchingCorrectnessTest.php on line 558
   Ôöé
   Ôöé Warning: Undefined property: class@anonymous::$insert_id in D:\meowseo\tests\properties\Property14RedirectMatchingCorrectnessTest.php on line 558
   Ôöé
   Ôöé Warning: Undefined property: class@anonymous::$insert_id in D:\meowseo\tests\properties\Property14RedirectMatchingCorrectnessTest.php on line 558
   Ôöé
   Ôöé Warning: Undefined property: class@anonymous::$insert_id in D:\meowseo\tests\properties\Property14RedirectMatchingCorrectnessTest.php on line 558
   Ôöé
   Ôöé Warning: Undefined property: class@anonymous::$insert_id in D:\meowseo\tests\properties\Property14RedirectMatchingCorrectnessTest.php on line 558
   Ôöé
   Ôöé Warning: Undefined property: class@anonymous::$insert_id in D:\meowseo\tests\properties\Property14RedirectMatchingCorrectnessTest.php on line 558
   Ôöé
   Ôöé Warning: Undefined property: class@anonymous::$insert_id in D:\meowseo\tests\properties\Property14RedirectMatchingCorrectnessTest.php on line 558
   Ôöé
   Ôöé Warning: Undefined property: class@anonymous::$insert_id in D:\meowseo\tests\properties\Property14RedirectMatchingCorrectnessTest.php on line 558
   Ôöé
   Ôöé Warning: Undefined property: class@anonymous::$insert_id in D:\meowseo\tests\properties\Property14RedirectMatchingCorrectnessTest.php on line 558
   Ôöé
   Ôöé Warning: Undefined property: class@anonymous::$insert_id in D:\meowseo\tests\properties\Property14RedirectMatchingCorrectnessTest.php on line 558
   Ôöé
   Ôöé Warning: Undefined property: class@anonymous::$insert_id in D:\meowseo\tests\properties\Property14RedirectMatchingCorrectnessTest.php on line 558
   Ôöé
   Ôöé Warning: Undefined property: class@anonymous::$insert_id in D:\meowseo\tests\properties\Property14RedirectMatchingCorrectnessTest.php on line 558
   Ôöé
   Ôöé Warning: Undefined property: class@anonymous::$insert_id in D:\meowseo\tests\properties\Property14RedirectMatchingCorrectnessTest.php on line 558
   Ôöé
   Ôöé Warning: Undefined property: class@anonymous::$insert_id in D:\meowseo\tests\properties\Property14RedirectMatchingCorrectnessTest.php on line 558
   Ôöé
   Ôöé Warning: Undefined property: class@anonymous::$insert_id in D:\meowseo\tests\properties\Property14RedirectMatchingCorrectnessTest.php on line 558
   Ôöé
   Ôöé Warning: Undefined property: class@anonymous::$insert_id in D:\meowseo\tests\properties\Property14RedirectMatchingCorrectnessTest.php on line 558
   Ôöé
   Ôöé Warning: Undefined property: class@anonymous::$insert_id in D:\meowseo\tests\properties\Property14RedirectMatchingCorrectnessTest.php on line 558
   Ôöé
   Ôöé Warning: Undefined property: class@anonymous::$insert_id in D:\meowseo\tests\properties\Property14RedirectMatchingCorrectnessTest.php on line 558
   Ôöé
   Ôöé Warning: Undefined property: class@anonymous::$insert_id in D:\meowseo\tests\properties\Property14RedirectMatchingCorrectnessTest.php on line 558
   Ôöé
   Ôöé Warning: Undefined property: class@anonymous::$insert_id in D:\meowseo\tests\properties\Property14RedirectMatchingCorrectnessTest.php on line 558
   Ôöé
   Ôöé Warning: Undefined property: class@anonymous::$insert_id in D:\meowseo\tests\properties\Property14RedirectMatchingCorrectnessTest.php on line 558
   Ôöé
   Ôöé Warning: Undefined property: class@anonymous::$insert_id in D:\meowseo\tests\properties\Property14RedirectMatchingCorrectnessTest.php on line 558
   Ôöé
   Ôöé Warning: Undefined property: class@anonymous::$insert_id in D:\meowseo\tests\properties\Property14RedirectMatchingCorrectnessTest.php on line 558
   Ôöé
   Ôöé Warning: Undefined property: class@anonymous::$insert_id in D:\meowseo\tests\properties\Property14RedirectMatchingCorrectnessTest.php on line 558
   Ôöé
   Ôöé Warning: Undefined property: class@anonymous::$insert_id in D:\meowseo\tests\properties\Property14RedirectMatchingCorrectnessTest.php on line 558
   Ôöé
   Ôöé Warning: Undefined property: class@anonymous::$insert_id in D:\meowseo\tests\properties\Property14RedirectMatchingCorrectnessTest.php on line 558
   Ôöé
   Ôöé Warning: Undefined property: class@anonymous::$insert_id in D:\meowseo\tests\properties\Property14RedirectMatchingCorrectnessTest.php on line 558
   Ôöé
   Ôöé Warning: Undefined property: class@anonymous::$insert_id in D:\meowseo\tests\properties\Property14RedirectMatchingCorrectnessTest.php on line 558
   Ôöé
   Ôöé Warning: Undefined property: class@anonymous::$insert_id in D:\meowseo\tests\properties\Property14RedirectMatchingCorrectnessTest.php on line 558
   Ôöé
   Ôöé Warning: Undefined property: class@anonymous::$insert_id in D:\meowseo\tests\properties\Property14RedirectMatchingCorrectnessTest.php on line 558
   Ôöé
   Ôöé Warning: Undefined property: class@anonymous::$insert_id in D:\meowseo\tests\properties\Property14RedirectMatchingCorrectnessTest.php on line 558
   Ôöé
   Ôöé Warning: Undefined property: class@anonymous::$insert_id in D:\meowseo\tests\properties\Property14RedirectMatchingCorrectnessTest.php on line 558
   Ôöé
   Ôöé Warning: Undefined property: class@anonymous::$insert_id in D:\meowseo\tests\properties\Property14RedirectMatchingCorrectnessTest.php on line 558
   Ôöé
   Ôöé Warning: Undefined property: class@anonymous::$insert_id in D:\meowseo\tests\properties\Property14RedirectMatchingCorrectnessTest.php on line 558
   Ôöé
   Ôöé Warning: Undefined property: class@anonymous::$insert_id in D:\meowseo\tests\properties\Property14RedirectMatchingCorrectnessTest.php on line 558
   Ôöé
   Ôöé Warning: Undefined property: class@anonymous::$insert_id in D:\meowseo\tests\properties\Property14RedirectMatchingCorrectnessTest.php on line 558
   Ôöé
   Ôöé Warning: Undefined property: class@anonymous::$insert_id in D:\meowseo\tests\properties\Property14RedirectMatchingCorrectnessTest.php on line 558
   Ôöé
   Ôöé Warning: Undefined property: class@anonymous::$insert_id in D:\meowseo\tests\properties\Property14RedirectMatchingCorrectnessTest.php on line 558
   Ôöé
   Ôöé Warning: Undefined property: class@anonymous::$insert_id in D:\meowseo\tests\properties\Property14RedirectMatchingCorrectnessTest.php on line 558
   Ôöé
   Ôöé Warning: Undefined property: class@anonymous::$insert_id in D:\meowseo\tests\properties\Property14RedirectMatchingCorrectnessTest.php on line 558
   Ôöé
   Ôöé Warning: Undefined property: class@anonymous::$insert_id in D:\meowseo\tests\properties\Property14RedirectMatchingCorrectnessTest.php on line 558
   Ôöé
   Ôöé Warning: Undefined property: class@anonymous::$insert_id in D:\meowseo\tests\properties\Property14RedirectMatchingCorrectnessTest.php on line 558
   Ôöé
   Ôöé Warning: Undefined property: class@anonymous::$insert_id in D:\meowseo\tests\properties\Property14RedirectMatchingCorrectnessTest.php on line 558
   Ôöé
   Ôöé Warning: Undefined property: class@anonymous::$insert_id in D:\meowseo\tests\properties\Property14RedirectMatchingCorrectnessTest.php on line 558
   Ôöé
   Ôöé Warning: Undefined property: class@anonymous::$insert_id in D:\meowseo\tests\properties\Property14RedirectMatchingCorrectnessTest.php on line 558
   Ôöé
   Ôöé Warning: Undefined property: class@anonymous::$insert_id in D:\meowseo\tests\properties\Property14RedirectMatchingCorrectnessTest.php on line 558
   Ôöé
   Ôöé Warning: Undefined property: class@anonymous::$insert_id in D:\meowseo\tests\properties\Property14RedirectMatchingCorrectnessTest.php on line 558
   Ôöé
   Ôöé Warning: Undefined property: class@anonymous::$insert_id in D:\meowseo\tests\properties\Property14RedirectMatchingCorrectnessTest.php on line 558
   Ôöé
   Ôöé Warning: Undefined property: class@anonymous::$insert_id in D:\meowseo\tests\properties\Property14RedirectMatchingCorrectnessTest.php on line 558
   Ôöé
   Ôöé Warning: Undefined property: class@anonymous::$insert_id in D:\meowseo\tests\properties\Property14RedirectMatchingCorrectnessTest.php on line 558
   Ôöé
   Ôöé Warning: Undefined property: class@anonymous::$insert_id in D:\meowseo\tests\properties\Property14RedirectMatchingCorrectnessTest.php on line 558
   Ôöé
   Ôöé Warning: Undefined property: class@anonymous::$insert_id in D:\meowseo\tests\properties\Property14RedirectMatchingCorrectnessTest.php on line 558
   Ôöé
   Ôöé Warning: Undefined property: class@anonymous::$insert_id in D:\meowseo\tests\properties\Property14RedirectMatchingCorrectnessTest.php on line 558
   Ôöé
   Ôöé Warning: Undefined property: class@anonymous::$insert_id in D:\meowseo\tests\properties\Property14RedirectMatchingCorrectnessTest.php on line 558
   Ôöé
   Ôöé Warning: Undefined property: class@anonymous::$insert_id in D:\meowseo\tests\properties\Property14RedirectMatchingCorrectnessTest.php on line 558
   Ôöé
   Ôöé Warning: Undefined property: class@anonymous::$insert_id in D:\meowseo\tests\properties\Property14RedirectMatchingCorrectnessTest.php on line 558
   Ôöé
   Ôöé Warning: Undefined property: class@anonymous::$insert_id in D:\meowseo\tests\properties\Property14RedirectMatchingCorrectnessTest.php on line 558
   Ôöé
   Ôöé Warning: Undefined property: class@anonymous::$insert_id in D:\meowseo\tests\properties\Property14RedirectMatchingCorrectnessTest.php on line 558
   Ôöé
   Ôöé Warning: Undefined property: class@anonymous::$insert_id in D:\meowseo\tests\properties\Property14RedirectMatchingCorrectnessTest.php on line 558
   Ôöé
   Ôöé Warning: Undefined property: class@anonymous::$insert_id in D:\meowseo\tests\properties\Property14RedirectMatchingCorrectnessTest.php on line 558
   Ôöé
   Ôöé Warning: Undefined property: class@anonymous::$insert_id in D:\meowseo\tests\properties\Property14RedirectMatchingCorrectnessTest.php on line 558
   Ôöé
   Ôöé Warning: Undefined property: class@anonymous::$insert_id in D:\meowseo\tests\properties\Property14RedirectMatchingCorrectnessTest.php on line 558
   Ôöé
   Ôöé Warning: Undefined property: class@anonymous::$insert_id in D:\meowseo\tests\properties\Property14RedirectMatchingCorrectnessTest.php on line 558
   Ôöé
   Ôöé Warning: Undefined property: class@anonymous::$insert_id in D:\meowseo\tests\properties\Property14RedirectMatchingCorrectnessTest.php on line 558
   Ôöé
   Ôöé Warning: Undefined property: class@anonymous::$insert_id in D:\meowseo\tests\properties\Property14RedirectMatchingCorrectnessTest.php on line 558
   Ôöé
   Ôöé Warning: Undefined property: class@anonymous::$insert_id in D:\meowseo\tests\properties\Property14RedirectMatchingCorrectnessTest.php on line 558
   Ôöé
   Ôöé Warning: Undefined property: class@anonymous::$insert_id in D:\meowseo\tests\properties\Property14RedirectMatchingCorrectnessTest.php on line 558
   Ôöé
   Ôöé Warning: Undefined property: class@anonymous::$insert_id in D:\meowseo\tests\properties\Property14RedirectMatchingCorrectnessTest.php on line 558
   Ôöé
   Ôöé Warning: Undefined property: class@anonymous::$insert_id in D:\meowseo\tests\properties\Property14RedirectMatchingCorrectnessTest.php on line 558
   Ôöé
   Ôöé Warning: Undefined property: class@anonymous::$insert_id in D:\meowseo\tests\properties\Property14RedirectMatchingCorrectnessTest.php on line 558
   Ôöé
   Ôöé Warning: Undefined property: class@anonymous::$insert_id in D:\meowseo\tests\properties\Property14RedirectMatchingCorrectnessTest.php on line 558
   Ôöé
   Ôöé Warning: Undefined property: class@anonymous::$insert_id in D:\meowseo\tests\properties\Property14RedirectMatchingCorrectnessTest.php on line 558
   Ôöé
   Ôöé Warning: Undefined property: class@anonymous::$insert_id in D:\meowseo\tests\properties\Property14RedirectMatchingCorrectnessTest.php on line 558
   Ôöé
   Ôöé Warning: Undefined property: class@anonymous::$insert_id in D:\meowseo\tests\properties\Property14RedirectMatchingCorrectnessTest.php on line 558
   Ôöé
   Ôöé Warning: Undefined property: class@anonymous::$insert_id in D:\meowseo\tests\properties\Property14RedirectMatchingCorrectnessTest.php on line 558
   Ôöé
   Ôöé Warning: Undefined property: class@anonymous::$insert_id in D:\meowseo\tests\properties\Property14RedirectMatchingCorrectnessTest.php on line 558
   Ôöé
   Ôöé Warning: Undefined property: class@anonymous::$insert_id in D:\meowseo\tests\properties\Property14RedirectMatchingCorrectnessTest.php on line 558
   Ôöé
   Ôöé Warning: Undefined property: class@anonymous::$insert_id in D:\meowseo\tests\properties\Property14RedirectMatchingCorrectnessTest.php on line 558
   Ôöé
   Ôöé Warning: Undefined property: class@anonymous::$insert_id in D:\meowseo\tests\properties\Property14RedirectMatchingCorrectnessTest.php on line 558
   Ôöé
   Ôöé Warning: Undefined property: class@anonymous::$insert_id in D:\meowseo\tests\properties\Property14RedirectMatchingCorrectnessTest.php on line 558
   Ôöé
   Ôöé Warning: Undefined property: class@anonymous::$insert_id in D:\meowseo\tests\properties\Property14RedirectMatchingCorrectnessTest.php on line 558
   Ôöé
   Ôöé Warning: Undefined property: class@anonymous::$insert_id in D:\meowseo\tests\properties\Property14RedirectMatchingCorrectnessTest.php on line 558
   Ôöé
   Ôöé Warning: Undefined property: class@anonymous::$insert_id in D:\meowseo\tests\properties\Property14RedirectMatchingCorrectnessTest.php on line 558
   Ôöé
   Ôöé Warning: Undefined property: class@anonymous::$insert_id in D:\meowseo\tests\properties\Property14RedirectMatchingCorrectnessTest.php on line 558
   Ôöé
   Ôöé Warning: Undefined property: class@anonymous::$insert_id in D:\meowseo\tests\properties\Property14RedirectMatchingCorrectnessTest.php on line 558
   Ôöé
   Ôöé Warning: Undefined property: class@anonymous::$insert_id in D:\meowseo\tests\properties\Property14RedirectMatchingCorrectnessTest.php on line 558
   Ôöé
   Ôöé Warning: Undefined property: class@anonymous::$insert_id in D:\meowseo\tests\properties\Property14RedirectMatchingCorrectnessTest.php on line 558
   Ôöé
   Ôöé Warning: Undefined property: class@anonymous::$insert_id in D:\meowseo\tests\properties\Property14RedirectMatchingCorrectnessTest.php on line 558
   Ôöé
   Ôöé Warning: Undefined property: class@anonymous::$insert_id in D:\meowseo\tests\properties\Property14RedirectMatchingCorrectnessTest.php on line 558
   Ôöé
   Ôöé Warning: Undefined property: class@anonymous::$insert_id in D:\meowseo\tests\properties\Property14RedirectMatchingCorrectnessTest.php on line 558
   Ôöé
   Ôöé Warning: Undefined property: class@anonymous::$insert_id in D:\meowseo\tests\properties\Property14RedirectMatchingCorrectnessTest.php on line 558
   Ôöé
   Ôöé Warning: Undefined property: class@anonymous::$insert_id in D:\meowseo\tests\properties\Property14RedirectMatchingCorrectnessTest.php on line 558
   Ôöé
   Ôöé Warning: Undefined property: class@anonymous::$insert_id in D:\meowseo\tests\properties\Property14RedirectMatchingCorrectnessTest.php on line 558
   Ôöé
   Ôöé Warning: Undefined property: class@anonymous::$insert_id in D:\meowseo\tests\properties\Property14RedirectMatchingCorrectnessTest.php on line 558
   Ôöé
   Ôöé Warning: Undefined property: class@anonymous::$insert_id in D:\meowseo\tests\properties\Property14RedirectMatchingCorrectnessTest.php on line 558
   Ôöé
   Ôöé Warning: Undefined property: class@anonymous::$insert_id in D:\meowseo\tests\properties\Property14RedirectMatchingCorrectnessTest.php on line 558
   Ôöé
   Ôöé Warning: Undefined property: class@anonymous::$insert_id in D:\meowseo\tests\properties\Property14RedirectMatchingCorrectnessTest.php on line 558
   Ôöé
   Ôöé Warning: Undefined property: class@anonymous::$insert_id in D:\meowseo\tests\properties\Property14RedirectMatchingCorrectnessTest.php on line 558
   Ôöé
   Ôöé Warning: Undefined property: class@anonymous::$insert_id in D:\meowseo\tests\properties\Property14RedirectMatchingCorrectnessTest.php on line 558
   Ôöé
   Ôöé Warning: Undefined property: class@anonymous::$insert_id in D:\meowseo\tests\properties\Property14RedirectMatchingCorrectnessTest.php on line 558
   Ôöé
   Ôöé Warning: Undefined property: class@anonymous::$insert_id in D:\meowseo\tests\properties\Property14RedirectMatchingCorrectnessTest.php on line 558
   Ôöé
   Ôöé Warning: Undefined property: class@anonymous::$insert_id in D:\meowseo\tests\properties\Property14RedirectMatchingCorrectnessTest.php on line 558
   Ôöé
   Ôöé Warning: Undefined property: class@anonymous::$insert_id in D:\meowseo\tests\properties\Property14RedirectMatchingCorrectnessTest.php on line 558
   Ôöé
   Ôöé Warning: Undefined property: class@anonymous::$insert_id in D:\meowseo\tests\properties\Property14RedirectMatchingCorrectnessTest.php on line 558
   Ôöé
   Ôöé Warning: Undefined property: class@anonymous::$insert_id in D:\meowseo\tests\properties\Property14RedirectMatchingCorrectnessTest.php on line 558
   Ôöé
   Ôöé Warning: Undefined property: class@anonymous::$insert_id in D:\meowseo\tests\properties\Property14RedirectMatchingCorrectnessTest.php on line 558
   Ôöé
   Ôöé Warning: Undefined property: class@anonymous::$insert_id in D:\meowseo\tests\properties\Property14RedirectMatchingCorrectnessTest.php on line 558
   Ôöé
   Ôöé Warning: Undefined property: class@anonymous::$insert_id in D:\meowseo\tests\properties\Property14RedirectMatchingCorrectnessTest.php on line 558
   Ôöé
   Ôöé Warning: Undefined property: class@anonymous::$insert_id in D:\meowseo\tests\properties\Property14RedirectMatchingCorrectnessTest.php on line 558
   Ôöé
   Ôöé Warning: Undefined property: class@anonymous::$insert_id in D:\meowseo\tests\properties\Property14RedirectMatchingCorrectnessTest.php on line 558
   Ôöé
   Ôöé Warning: Undefined property: class@anonymous::$insert_id in D:\meowseo\tests\properties\Property14RedirectMatchingCorrectnessTest.php on line 558
   Ôöé
   Ôöé Warning: Undefined property: class@anonymous::$insert_id in D:\meowseo\tests\properties\Property14RedirectMatchingCorrectnessTest.php on line 558
   Ôöé
   Ôöé Warning: Undefined property: class@anonymous::$insert_id in D:\meowseo\tests\properties\Property14RedirectMatchingCorrectnessTest.php on line 558
   Ôöé
   Ôöé Warning: Undefined property: class@anonymous::$insert_id in D:\meowseo\tests\properties\Property14RedirectMatchingCorrectnessTest.php on line 558
   Ôöé
   Ôöé Warning: Undefined property: class@anonymous::$insert_id in D:\meowseo\tests\properties\Property14RedirectMatchingCorrectnessTest.php on line 558
   Ôöé
   Ôöé Warning: Undefined property: class@anonymous::$insert_id in D:\meowseo\tests\properties\Property14RedirectMatchingCorrectnessTest.php on line 558
   Ôöé
   Ôöé Warning: Undefined property: class@anonymous::$insert_id in D:\meowseo\tests\properties\Property14RedirectMatchingCorrectnessTest.php on line 558
   Ôöé
   Ôöé Warning: Undefined property: class@anonymous::$insert_id in D:\meowseo\tests\properties\Property14RedirectMatchingCorrectnessTest.php on line 558
   Ôöé
   Ôöé Warning: Undefined property: class@anonymous::$insert_id in D:\meowseo\tests\properties\Property14RedirectMatchingCorrectnessTest.php on line 558
   Ôöé
   Ôöé Warning: Undefined property: class@anonymous::$insert_id in D:\meowseo\tests\properties\Property14RedirectMatchingCorrectnessTest.php on line 558
   Ôöé
   Ôöé Warning: Undefined property: class@anonymous::$insert_id in D:\meowseo\tests\properties\Property14RedirectMatchingCorrectnessTest.php on line 558
   Ôöé
   Ôöé Warning: Undefined property: class@anonymous::$insert_id in D:\meowseo\tests\properties\Property14RedirectMatchingCorrectnessTest.php on line 558
   Ôöé
   Ôöé Warning: Undefined property: class@anonymous::$insert_id in D:\meowseo\tests\properties\Property14RedirectMatchingCorrectnessTest.php on line 558
   Ôöé
   Ôöé Warning: Undefined property: class@anonymous::$insert_id in D:\meowseo\tests\properties\Property14RedirectMatchingCorrectnessTest.php on line 558
   Ôöé
   Ôöé Warning: Undefined property: class@anonymous::$insert_id in D:\meowseo\tests\properties\Property14RedirectMatchingCorrectnessTest.php on line 558
   Ôöé
   Ôöé Warning: Undefined property: class@anonymous::$insert_id in D:\meowseo\tests\properties\Property14RedirectMatchingCorrectnessTest.php on line 558
   Ôöé
   Ôöé Warning: Undefined property: class@anonymous::$insert_id in D:\meowseo\tests\properties\Property14RedirectMatchingCorrectnessTest.php on line 558
   Ôöé
   Ôöé Warning: Undefined property: class@anonymous::$insert_id in D:\meowseo\tests\properties\Property14RedirectMatchingCorrectnessTest.php on line 558
   Ôöé
   Ôöé Warning: Undefined property: class@anonymous::$insert_id in D:\meowseo\tests\properties\Property14RedirectMatchingCorrectnessTest.php on line 558
   Ôöé
   Ôöé Warning: Undefined property: class@anonymous::$insert_id in D:\meowseo\tests\properties\Property14RedirectMatchingCorrectnessTest.php on line 558
   Ôöé
   Ôöé Warning: Undefined property: class@anonymous::$insert_id in D:\meowseo\tests\properties\Property14RedirectMatchingCorrectnessTest.php on line 558
   Ôöé
   Ôöé Warning: Undefined property: class@anonymous::$insert_id in D:\meowseo\tests\properties\Property14RedirectMatchingCorrectnessTest.php on line 558
   Ôöé
   Ôöé Warning: Undefined property: class@anonymous::$insert_id in D:\meowseo\tests\properties\Property14RedirectMatchingCorrectnessTest.php on line 558
   Ôöé
   Ôöé Warning: Undefined property: class@anonymous::$insert_id in D:\meowseo\tests\properties\Property14RedirectMatchingCorrectnessTest.php on line 558
   Ôöé
   Ôöé Warning: Undefined property: class@anonymous::$insert_id in D:\meowseo\tests\properties\Property14RedirectMatchingCorrectnessTest.php on line 558
   Ôöé
   Ôöé Warning: Undefined property: class@anonymous::$insert_id in D:\meowseo\tests\properties\Property14RedirectMatchingCorrectnessTest.php on line 558
   Ôöé
   Ôöé Warning: Undefined property: class@anonymous::$insert_id in D:\meowseo\tests\properties\Property14RedirectMatchingCorrectnessTest.php on line 558
   Ôöé
   Ôöé Warning: Undefined property: class@anonymous::$insert_id in D:\meowseo\tests\properties\Property14RedirectMatchingCorrectnessTest.php on line 558
   Ôöé
   Ôöé Warning: Undefined property: class@anonymous::$insert_id in D:\meowseo\tests\properties\Property14RedirectMatchingCorrectnessTest.php on line 558
   Ôöé
   Ôöé Warning: Undefined property: class@anonymous::$insert_id in D:\meowseo\tests\properties\Property14RedirectMatchingCorrectnessTest.php on line 558
   Ôöé
   Ôöé Warning: Undefined property: class@anonymous::$insert_id in D:\meowseo\tests\properties\Property14RedirectMatchingCorrectnessTest.php on line 558
   Ôöé
   Ôöé Warning: Undefined property: class@anonymous::$insert_id in D:\meowseo\tests\properties\Property14RedirectMatchingCorrectnessTest.php on line 558
   Ôöé

 Ô£ÿ Redirect matching case sensitive [1.32 ms]
   Ôöé
   Ôöé Lowercase URL should match
   Ôöé Failed asserting that null is not null.
   Ôöé
   Ôöé D:\meowseo\tests\properties\Property14RedirectMatchingCorrectnessTest.php:508
   Ôöé D:\meowseo\vendor\giorgiosironi\eris\src\Quantifier\Evaluation.php:52
   Ôöé D:\meowseo\vendor\giorgiosironi\eris\src\Quantifier\ForAll.php:171
   Ôöé D:\meowseo\vendor\giorgiosironi\eris\src\Quantifier\ForAll.php:194
   Ôöé D:\meowseo\tests\properties\Property14RedirectMatchingCorrectnessTest.php:491
   Ôöé

Property15_404Buffering (MeowSEO\Tests\Property15_404Buffering)
 Ô£ÿ 404 buffering prevents synchronous db writes [0.43 ms]
   Ôöé
   Ôöé Bucket should contain all hits
   Ôöé Failed asserting that actual size 10 matches expected size 1.
   Ôöé
   Ôöé D:\meowseo\tests\properties\Property15_404BufferingTest.php:130
   Ôöé D:\meowseo\vendor\giorgiosironi\eris\src\Quantifier\Evaluation.php:52
   Ôöé D:\meowseo\vendor\giorgiosironi\eris\src\Shrinker\Multiple.php:102
   Ôöé D:\meowseo\vendor\giorgiosironi\eris\src\Quantifier\ForAll.php:169
   Ôöé D:\meowseo\vendor\giorgiosironi\eris\src\Quantifier\Evaluation.php:57
   Ôöé D:\meowseo\vendor\giorgiosironi\eris\src\Quantifier\ForAll.php:171
   Ôöé D:\meowseo\vendor\giorgiosironi\eris\src\Quantifier\ForAll.php:194
   Ôöé D:\meowseo\tests\properties\Property15_404BufferingTest.php:89
   Ôöé

Property16_404Hit Count Preservation (MeowSEO\Tests\Property16_404HitCountPreservation)
 Ô£ÿ 404 flush preserves total hit counts [0.13 ms]
   Ôöé
   Ôöé Error: Call to undefined method class@anonymous::query()
   Ôöé
   Ôöé D:\meowseo\tests\properties\Property16_404HitCountPreservationTest.php:69
   Ôöé D:\meowseo\tests\properties\Property16_404HitCountPreservationTest.php:40
   Ôöé

 Ô£ÿ Hit counts incremented not overwritten [0.08 ms]
   Ôöé
   Ôöé Error: Call to undefined method class@anonymous::query()
   Ôöé
   Ôöé D:\meowseo\tests\properties\Property16_404HitCountPreservationTest.php:69
   Ôöé D:\meowseo\tests\properties\Property16_404HitCountPreservationTest.php:40
   Ôöé

 Ô£ÿ Multiple urls tracked independently [0.18 ms]
   Ôöé
   Ôöé Error: Call to undefined method class@anonymous::query()
   Ôöé
   Ôöé D:\meowseo\tests\properties\Property16_404HitCountPreservationTest.php:69
   Ôöé D:\meowseo\tests\properties\Property16_404HitCountPreservationTest.php:40
   Ôöé

 Ô£ÿ Last seen timestamp updated to most recent [0.08 ms]
   Ôöé
   Ôöé Error: Call to undefined method class@anonymous::query()
   Ôöé
   Ôöé D:\meowseo\tests\properties\Property16_404HitCountPreservationTest.php:69
   Ôöé D:\meowseo\tests\properties\Property16_404HitCountPreservationTest.php:40
   Ôöé

 Ô£ÿ Aggregated hits correctly summed [0.06 ms]
   Ôöé
   Ôöé Error: Call to undefined method class@anonymous::query()
   Ôöé
   Ôöé D:\meowseo\tests\properties\Property16_404HitCountPreservationTest.php:69
   Ôöé D:\meowseo\tests\properties\Property16_404HitCountPreservationTest.php:40
   Ôöé

 Ô£ÿ Hit count never decreases [0.06 ms]
   Ôöé
   Ôöé Error: Call to undefined method class@anonymous::query()
   Ôöé
   Ôöé D:\meowseo\tests\properties\Property16_404HitCountPreservationTest.php:69
   Ôöé D:\meowseo\tests\properties\Property16_404HitCountPreservationTest.php:40
   Ôöé

 Ô£ÿ Concurrent flushes preserve hit counts [0.07 ms]
   Ôöé
   Ôöé Error: Call to undefined method class@anonymous::query()
   Ôöé
   Ôöé D:\meowseo\tests\properties\Property16_404HitCountPreservationTest.php:69
   Ôöé D:\meowseo\tests\properties\Property16_404HitCountPreservationTest.php:40
   Ôöé

 Ô£ÿ First seen timestamp preserved [0.06 ms]
   Ôöé
   Ôöé Error: Call to undefined method class@anonymous::query()
   Ôöé
   Ôöé D:\meowseo\tests\properties\Property16_404HitCountPreservationTest.php:69
   Ôöé D:\meowseo\tests\properties\Property16_404HitCountPreservationTest.php:40
   Ôöé

Property17_GSCQueue Processing Limit (MeowSEO\Tests\Property17_GSCQueueProcessingLimit)
 Ô£ÿ Gsc queue processor respects 10 item limit [0.27 ms]
   Ôöé
   Ôöé Error: Call to undefined method class@anonymous::query()
   Ôöé
   Ôöé D:\meowseo\tests\properties\Property17_GSCQueueProcessingLimitTest.php:76
   Ôöé D:\meowseo\tests\properties\Property17_GSCQueueProcessingLimitTest.php:47
   Ôöé

 Ô£ÿ Queue returns exactly 10 when more available [0.23 ms]
   Ôöé
   Ôöé Error: Call to undefined method class@anonymous::query()
   Ôöé
   Ôöé D:\meowseo\tests\properties\Property17_GSCQueueProcessingLimitTest.php:76
   Ôöé D:\meowseo\tests\properties\Property17_GSCQueueProcessingLimitTest.php:47
   Ôöé

 Ô£ÿ Queue returns fewer than 10 when fewer available [0.17 ms]
   Ôöé
   Ôöé Error: Call to undefined method class@anonymous::query()
   Ôöé
   Ôöé D:\meowseo\tests\properties\Property17_GSCQueueProcessingLimitTest.php:76
   Ôöé D:\meowseo\tests\properties\Property17_GSCQueueProcessingLimitTest.php:47
   Ôöé

 Ô£ÿ Only pending entries fetched [0.17 ms]
   Ôöé
   Ôöé Error: Call to undefined method class@anonymous::query()
   Ôöé
   Ôöé D:\meowseo\tests\properties\Property17_GSCQueueProcessingLimitTest.php:76
   Ôöé D:\meowseo\tests\properties\Property17_GSCQueueProcessingLimitTest.php:47
   Ôöé

 Ô£ÿ Entries with future retry after not fetched [0.13 ms]
   Ôöé
   Ôöé Error: Call to undefined method class@anonymous::query()
   Ôöé
   Ôöé D:\meowseo\tests\properties\Property17_GSCQueueProcessingLimitTest.php:76
   Ôöé D:\meowseo\tests\properties\Property17_GSCQueueProcessingLimitTest.php:47
   Ôöé

 Ô£ÿ Queue entries ordered by creation time [0.12 ms]
   Ôöé
   Ôöé Error: Call to undefined method class@anonymous::query()
   Ôöé
   Ôöé D:\meowseo\tests\properties\Property17_GSCQueueProcessingLimitTest.php:76
   Ôöé D:\meowseo\tests\properties\Property17_GSCQueueProcessingLimitTest.php:47
   Ôöé

 Ô£ÿ Multiple consecutive fetches process all entries [0.12 ms]
   Ôöé
   Ôöé Error: Call to undefined method class@anonymous::query()
   Ôöé
   Ôöé D:\meowseo\tests\properties\Property17_GSCQueueProcessingLimitTest.php:76
   Ôöé D:\meowseo\tests\properties\Property17_GSCQueueProcessingLimitTest.php:47
   Ôöé

 Ô£ÿ Empty queue returns empty array [0.12 ms]
   Ôöé
   Ôöé Error: Call to undefined method class@anonymous::query()
   Ôöé
   Ôöé D:\meowseo\tests\properties\Property17_GSCQueueProcessingLimitTest.php:76
   Ôöé D:\meowseo\tests\properties\Property17_GSCQueueProcessingLimitTest.php:47
   Ôöé

 Ô£ÿ Limit parameter is respected [0.13 ms]
   Ôöé
   Ôöé Error: Call to undefined method class@anonymous::query()
   Ôöé
   Ôöé D:\meowseo\tests\properties\Property17_GSCQueueProcessingLimitTest.php:76
   Ôöé D:\meowseo\tests\properties\Property17_GSCQueueProcessingLimitTest.php:47
   Ôöé

Property18_GSCExponential Backoff (MeowSEO\Tests\Property18_GSCExponentialBackoff)
 Ô£ÿ Exponential backoff delay is correct [0.20 ms]
   Ôöé
   Ôöé Error: Call to undefined method class@anonymous::query()
   Ôöé
   Ôöé D:\meowseo\tests\properties\Property18_GSCExponentialBackoffTest.php:68
   Ôöé D:\meowseo\tests\properties\Property18_GSCExponentialBackoffTest.php:39
   Ôöé

 Ô£ÿ Backoff increases exponentially with attempts [0.15 ms]
   Ôöé
   Ôöé Error: Call to undefined method class@anonymous::query()
   Ôöé
   Ôöé D:\meowseo\tests\properties\Property18_GSCExponentialBackoffTest.php:68
   Ôöé D:\meowseo\tests\properties\Property18_GSCExponentialBackoffTest.php:39
   Ôöé

 Ô£ÿ Backoff formula produces correct values [0.09 ms]
   Ôöé
   Ôöé Error: Call to undefined method class@anonymous::query()
   Ôöé
   Ôöé D:\meowseo\tests\properties\Property18_GSCExponentialBackoffTest.php:68
   Ôöé D:\meowseo\tests\properties\Property18_GSCExponentialBackoffTest.php:39
   Ôöé

 Ô£ÿ Backoff prevents immediate retry [0.07 ms]
   Ôöé
   Ôöé Error: Call to undefined method class@anonymous::query()
   Ôöé
   Ôöé D:\meowseo\tests\properties\Property18_GSCExponentialBackoffTest.php:68
   Ôöé D:\meowseo\tests\properties\Property18_GSCExponentialBackoffTest.php:39
   Ôöé

 Ô£ÿ Backoff applied consistently [0.07 ms]
   Ôöé
   Ôöé Error: Call to undefined method class@anonymous::query()
   Ôöé
   Ôöé D:\meowseo\tests\properties\Property18_GSCExponentialBackoffTest.php:68
   Ôöé D:\meowseo\tests\properties\Property18_GSCExponentialBackoffTest.php:39
   Ôöé

 Ô£ÿ Backoff handles maximum attempts [0.06 ms]
   Ôöé
   Ôöé Error: Call to undefined method class@anonymous::query()
   Ôöé
   Ôöé D:\meowseo\tests\properties\Property18_GSCExponentialBackoffTest.php:68
   Ôöé D:\meowseo\tests\properties\Property18_GSCExponentialBackoffTest.php:39
   Ôöé

 Ô£ÿ Backoff delay is in seconds [0.06 ms]
   Ôöé
   Ôöé Error: Call to undefined method class@anonymous::query()
   Ôöé
   Ôöé D:\meowseo\tests\properties\Property18_GSCExponentialBackoffTest.php:68
   Ôöé D:\meowseo\tests\properties\Property18_GSCExponentialBackoffTest.php:39
   Ôöé

 Ô£ÿ Multiple rate limits accumulate backoff [0.06 ms]
   Ôöé
   Ôöé Error: Call to undefined method class@anonymous::query()
   Ôöé
   Ôöé D:\meowseo\tests\properties\Property18_GSCExponentialBackoffTest.php:68
   Ôöé D:\meowseo\tests\properties\Property18_GSCExponentialBackoffTest.php:39
   Ôöé

Property28Nonce Verification (MeowSEO\Tests\Property28NonceVerification)
 Ôå® Delete request with invalid nonce returns 403 [0.19 ms]
   Ôöé
   Ôöé Skipping due to Eris/WP_UnitTestCase compatibility issues
   Ôöé
   Ôöé D:\meowseo\tests\properties\Property28NonceVerificationTest.php:125
   Ôöé

 Ôå® Delete request without manage options returns 403 [0.11 ms]
   Ôöé
   Ôöé Skipping due to Eris/WP_UnitTestCase compatibility issues
   Ôöé
   Ôöé D:\meowseo\tests\properties\Property28NonceVerificationTest.php:191
   Ôöé

ERRORS!
Tests: 1380, Assertions: 138140, Errors: 31, Failures: 37, Skipped: 171, Incomplete: 1, Risky: 8.
